DDR Version 1.00 20150318
In
Channel a: DDR3 200MHz
Bus Width=32 Col=10 Bank=8 Row=15 CS=1 Die Bus-Width=16 Size=1024MB
Channel b: DDR3 200MHz
Bus Width=32 Col=10 Bank=8 Row=15 CS=1 Die Bus-Width=16 Size=1024MB
Memory OK
Memory OK
OUT


U-Boot 2014.10-RK3288-10-g65679f1 (Jul 20 2015 - 10:28:11)

CPU: rk3288
CPU's clock information:
    arm pll = 600000000HZ
    periph pll = 300000000HZ
    ddr pll = 200000000HZ
    codec pll = 594000000HZ
Board:	Rockchip platform Board
DRAM:  Found dram banks:1
Adding bank:0000000000000000(0000000080000000)
128 MiB
remotectl v0.1
storage init OK!
Using default environment

GetParam
check parameter success
failed to prepare fdt from boot!
power key: bank-0 pin-5
can't find dts node for ricoh619
pmic:act8846
Can't find dts node for fuel guage cw201x
SecureBootEn = 0, SecureBootLock = 0

#Boot ver: 2015-07-20#2.19
empty serial no.
checkKey
vbus = 0
board_fbt_key_pressed: ir_keycode = 0x0, frt = 0
no fuel gauge found
no fuel gauge found
read logo_on switch from dts [0]
no fuel gauge found
checkKey
vbus = 0
board_fbt_key_pressed: ir_keycode = 0x0, frt = 0
Hit any key to stop autoboot:  0 
load fdt from resouce.
Secure Boot state: 0
kernel   @ 0x02000000 (0x006921f8)
ramdisk  @ 0x05bf0000 (0x00125fa4)
bootrk: do_bootm_linux...
   Loading Device Tree to 05600000, end 0561b7d3 ... OK
Add bank:0000000000000000, 0000000080000000

Starting kernel ...

[    0.000000] Booting Linux on physical CPU 0x500
[    0.000000] Initializing cgroup subsys cpu
[    0.000000] Initializing cgroup subsys cpuacct
[    0.000000] Linux version 3.10.0 (ballack@ballack) (gcc version 4.6.x-google 20120106 (prerelease) (GCC) ) #2 SMP PREEMPT Wed May 3 11:34:57 CST 2017
[    0.000000] CPU: ARMv7 Processor [410fc0d1] revision 1 (ARMv7), cr=10c5387d
[    0.000000] CPU: PIPT / VIPT nonaliasing data cache, VIPT aliasing instruction cache
[    0.000000] Machine: Rockchip RK3288 (Flattened Device Tree), model: rockchip,rk3288
[    0.000000] rockchip_uboot_logo_setup: mem: 0x02000000@0x7dc00000, offset:0x01000000
[    0.000000] hdmi init vic is -1
[    0.000000] rockchip_uboot_mem_reserve: reserve 0x02000000@0x7dc00000 for uboot logo
[    0.000000] rockchip_ion_reserve
[    0.000000] ion heap(drm): base(0) size(0) align(0)
[    0.000000] ion heap(cma): base(0) size(28000000) align(0)
[    0.000000] ion heap(vmalloc): base(0) size(0) align(0)
[    0.000000] cma: CMA: reserved 640 MiB at 55c00000
[    0.000000] ion_reserve: cma reserved base 55c00000 size 671088640
[    0.000000] cma: CMA: reserved 16 MiB at 1f000000
[    0.000000] Memory policy: ECC disabled, Data cache writealloc
[    0.000000] PERCPU: Embedded 9 pages/cpu @c1ef4000 s13376 r8192 d15296 u36864
[    0.000000] Built 1 zonelists in Zone order, mobility grouping on.  Total pages: 523264
[    0.000000] Kernel command line: vmalloc=496M console=ttyS2 androidboot.selinux=permissive androidboot.hardware=rk30board androidboot.console=ttyS2 init=/init  mtdparts=rk29xxnand:0x00002000@0x00002000(uboot),0x00002000@0x00004000(misc),0x00008000@0x00006000(resource),0x00008000@0x0000e000(kernel),0x00010000@0x00016000(boot),0x00010000@0x00026000(recovery),0x0001a000@0x00036000(backup),0x00040000@0x00050000(cache),0x00002000@0x00090000(kpanic),0x00300000@0x00092000(system),0x00008000@0x00392000(metadata),0x00002000@0x0039A000(baseparamer),0x00200000@0x0039C000(userdata),0x00020000@0x0059C000(radical_update),-@0x005BC000(user) storagemedia=emmc uboot_logo=0x02000000@0x7dc00000:0x01000000 loader.timestamp=2015-07-20_10:28:11 hdmi.vic=-1
[    0.000000] PID hash table entries: 2048 (order: 1, 8192 bytes)
[    0.000000] Dentry cache hash table entries: 65536 (order: 6, 262144 bytes)
[    0.000000] Inode-cache hash table entries: 32768 (order: 5, 131072 bytes)
[    0.000000] allocated 4194304 bytes of page_cgroup
[    0.000000] please try 'cgroup_disable=memory' option if you don't want memory cgroups
[    0.000000] Memory: 2048MB = 2048MB total
[    0.000000] Memory: 1354984k/1354984k available, 742168k reserved, 884736K highmem
[    0.000000] Virtual kernel memory layout:
[    0.000000]     vector  : 0xffff0000 - 0xffff1000   (   4 kB)
[    0.000000]     fixmap  : 0xfff00000 - 0xfffe0000   ( 896 kB)
[    0.000000]     vmalloc : 0xe0800000 - 0xff000000   ( 488 MB)
[    0.000000]     lowmem  : 0xc0000000 - 0xe0000000   ( 512 MB)
[    0.000000]     pkmap   : 0xbfe00000 - 0xc0000000   (   2 MB)
[    0.000000]     modules : 0xbf000000 - 0xbfe00000   (  14 MB)
[    0.000000]       .text : 0xc0008000 - 0xc0b8d364   (11797 kB)
[    0.000000]       .init : 0xc0b8e000 - 0xc0be6440   ( 354 kB)
[    0.000000]       .data : 0xc0be8000 - 0xc0d79100   (1605 kB)
[    0.000000]        .bss : 0xc0d79100 - 0xc0e9a6fc   (1158 kB)
[    0.000000] SLUB: HWalign=64, Order=0-3, MinObjects=0, CPUs=4, Nodes=1
[    0.000000] Preemptible hierarchical RCU implementation.
[    0.000000] 	RCU dyntick-idle grace-period acceleration is enabled.
[    0.000000] NR_IRQS:16 nr_irqs:16 16
[    0.000000] rk_clk_tree_init start!
[    0.000000] rkclk: _rkclk_add_provider: fail to get ehci1phy_12m_div
[    0.000000] rkclk: rkclk_cache_parents: ehci1phy_12m_div clk_get error
[    0.000000] rk_get_uboot_display_flag: uboot_logo_on = 0
[    0.000000] rkclk_init_clks: cnt_parent = 7
[    0.000000] rkclk_init_clks: cnt_rate = 28
[    0.000000] rk3288 set GPLL BW 20 for HDMI!
[    0.000000] Architected cp15 timer(s) running at 24.00MHz (phys).
[    0.000000] Switching to timer-based delay loop
[    0.000000] sched_clock: ARM arch timer >56 bits at 24000kHz, resolution 41ns
[    0.000000] process version: 3
[    0.000000] channel:0, lkg:39
[    0.000000] target-temp:80
[    0.000000] channel:2, lkg:0
[    0.000000] channel:0, lkg:39
[    0.000000] channel:1, lkg:30
[    0.000000] sched_clock: 32 bits at 100 Hz, resolution 10000000ns, wraps every 4294967286ms
[    0.343851] Calibrating delay loop (skipped), value calculated using timer frequency.. 48.00 BogoMIPS (lpj=240000)
[    0.343866] pid_max: default: 32768 minimum: 301
[    0.343981] Security Framework initialized
[    0.343998] SELinux:  Initializing.
[    0.344069] Mount-cache hash table entries: 512
[    0.344709] Initializing cgroup subsys debug
[    0.344723] Initializing cgroup subsys memory
[    0.344751] Initializing cgroup subsys freezer
[    0.344780] CPU: Testing write buffer coherency: ok
[    0.345096] /cpus/cpu@0 missing clock-frequency property
[    0.345110] /cpus/cpu@1 missing clock-frequency property
[    0.345119] /cpus/cpu@2 missing clock-frequency property
[    0.345128] /cpus/cpu@3 missing clock-frequency property
[    0.345180] CPU0: thread -1, cpu 0, socket 5, mpidr 80000500
[    0.345230] Setting up static identity map for 0xc084e4f0 - 0xc084e548
[    0.347682] last_log: 0x1e900000 map to 0xe0804000 and copy to 0xe0886000, size 0x80000 early 0x181f (version 3.1)
[    0.422000] CPU1: Booted secondary processor
[    0.422033] CPU1: thread -1, cpu 1, socket 5, mpidr 80000501
[    0.441672] CPU2: Booted secondary processor
[    0.441695] CPU2: thread -1, cpu 2, socket 5, mpidr 80000502
[    0.461381] CPU3: Booted secondary processor
[    0.461404] CPU3: thread -1, cpu 3, socket 5, mpidr 80000503
[    0.461506] Brought up 4 CPUs
[    0.461533] SMP: Total of 4 processors activated (192.00 BogoMIPS).
[    0.461543] CPU: All CPU(s) started in SVC mode.
[    0.462277] devtmpfs: initialized
[    0.466565] VFP support v0.3: implementor 41 architecture 3 part 30 variant d rev 0
[    0.467653] pinctrl core: initialized pinctrl subsystem
[    0.467906] regulator-dummy: no parameters
[    0.492228] NET: Registered protocol family 16
[    0.494075] DMA: preallocated 256 KiB pool for atomic coherent allocations
[    0.494395] ion_snapshot: 0x1ea90000 map to 0xe0907000 and copy to 0xc0e75a0c (version 0.1)
[    0.494627] Registered FIQ tty driver
[    0.495021] fiq-debugger is disabled in device tree
[    0.495690] rockchip_get_bank_data:name=base start=0xff750000,end=0xff7500ff
[    0.495711] rockchip_get_bank_data:name=mux_bank0 start=0xff730084,end=0xff73008f
[    0.495729] rockchip_get_bank_data:name=pull_bank0 start=0xff730064,end=0xff73006f
[    0.495745] rockchip_get_bank_data:name=drv_bank0 start=0xff730070,end=0xff73007b
[    0.495834] rockchip_get_bank_data:name=/pinctrl@ff770000/gpio1@ff780000 start=0xff780000,end=0xff7800ff
[    0.495898] rockchip_get_bank_data:name=/pinctrl@ff770000/gpio2@ff790000 start=0xff790000,end=0xff7900ff
[    0.495959] rockchip_get_bank_data:name=/pinctrl@ff770000/gpio3@ff7a0000 start=0xff7a0000,end=0xff7a00ff
[    0.496020] rockchip_get_bank_data:name=/pinctrl@ff770000/gpio4@ff7b0000 start=0xff7b0000,end=0xff7b00ff
[    0.496080] rockchip_get_bank_data:name=/pinctrl@ff770000/gpio5@ff7c0000 start=0xff7c0000,end=0xff7c00ff
[    0.496142] rockchip_get_bank_data:name=/pinctrl@ff770000/gpio6@ff7d0000 start=0xff7d0000,end=0xff7d00ff
[    0.496201] rockchip_get_bank_data:name=/pinctrl@ff770000/gpio7@ff7e0000 start=0xff7e0000,end=0xff7e00ff
[    0.496264] rockchip_get_bank_data:name=/pinctrl@ff770000/gpio8@ff7f0000 start=0xff7f0000,end=0xff7f00ff
[    0.496331] rockchip_get_bank_data:name=/pinctrl@ff770000/gpio15@ff7f2000 start=0xff7f2000,end=0xff7f20ff
[    0.496395] rockchip_pinctrl_probe:name=RK3288-GPIO,type=3
[    0.496409] rockchip_pinctrl_probe:name=base start=0xff770000,end=0xff77013f
[    0.496421] rockchip_pinctrl_probe:name=pull start=0xff770140,end=0xff7701bf
[    0.496431] rockchip_pinctrl_probe:name=drv start=0xff7701c0,end=0xff77023f
[    0.497047] rockchip_interrupts_register:bank_num=7
[    0.498968] of_get_gpio_init_config:gpio[0] = 256, value = 0
[    0.498989] of_get_gpio_init_config:gpio[1] = 233, value = 0
[    0.499010] of_get_gpio_init_config:gpio[2] = 136, value = 0
[    0.499083] rockchip_pinctrl_probe:init ok
[    0.505285] rk_iommu ff900800.iep_mmu: (iep) Enter
[    0.505375] rk_iommu ff900800.iep_mmu: IOVMM: Created 0x3ffff000 B IOVMM from 0x10000000.
[    0.505389] rk_iommu ff900800.iep_mmu: (iep) Initialized
[    0.505560] rk_iommu ff950800.vip_mmu: (vip) Enter
[    0.505630] rk_iommu ff950800.vip_mmu: IOVMM: Created 0x3ffff000 B IOVMM from 0x10000000.
[    0.505642] rk_iommu ff950800.vip_mmu: (vip) Initialized
[    0.505814] rk_iommu ff930300.vopb_mmu: (vopb) Enter
[    0.505884] rk_iommu ff930300.vopb_mmu: IOVMM: Created 0x3ffff000 B IOVMM from 0x10000000.
[    0.505897] rk_iommu ff930300.vopb_mmu: (vopb) Initialized
[    0.506060] rk_iommu ff940300.vopl_mmu: (vopl) Enter
[    0.506134] rk_iommu ff940300.vopl_mmu: IOVMM: Created 0x3ffff000 B IOVMM from 0x10000000.
[    0.506146] rk_iommu ff940300.vopl_mmu: (vopl) Initialized
[    0.506336] rk_iommu ff9c0440.hevc_mmu: (hevc) Enter
[    0.506412] rk_iommu ff9c0440.hevc_mmu: IOVMM: Created 0x3ffff000 B IOVMM from 0x10000000.
[    0.506424] rk_iommu ff9c0440.hevc_mmu: (hevc) Initialized
[    0.506585] rk_iommu ff9a0800.vpu_mmu: (vpu) Enter
[    0.506660] rk_iommu ff9a0800.vpu_mmu: IOVMM: Created 0x3ffff000 B IOVMM from 0x10000000.
[    0.506672] rk_iommu ff9a0800.vpu_mmu: (vpu) Initialized
[    0.506845] rk_iommu ff914000.isp_mmu: (isp_mmu) Enter
[    0.506918] rk_iommu ff914000.isp_mmu: IOVMM: Created 0x3ffff000 B IOVMM from 0x10000000.
[    0.506930] rk_iommu ff914000.isp_mmu: (isp_mmu) Initialized
[    0.508666] hw-breakpoint: found 5 (+1 reserved) breakpoint and 4 watchpoint registers.
[    0.508679] hw-breakpoint: maximum watchpoint size is 4 bytes.
[    0.509262] rk3368_init_rockchip_pmu_ops: could not find pmu dt node
[    0.509286] DDR DEBUG: version 1.00 20150126 
[    0.509313] DDR DEBUG: Channel a: 
[    0.509321] DDR DEBUG: DDR3 Device
[    0.509334] DDR DEBUG: Bus Width=32 Col=10 Bank=8 Row=15 CS=1 Total Capability=1024MB
[    0.509343] DDR DEBUG: Channel b: 
[    0.509350] DDR DEBUG: DDR3 Device
[    0.509362] DDR DEBUG: Bus Width=32 Col=10 Bank=8 Row=15 CS=1 Total Capability=1024MB
[    0.509371] DDR DEBUG: addr=0xd83000
[    0.509381] DDR DEBUG: stride=9, size=256, halfcap=40000000
[    0.509390] DDR DEBUG: socAddr[0]=0xd83000, socAddr[1]=0xd83100
[    0.509400] DDR DEBUG: chAddr[0]=0xd83000, chAddr[1]=0xd83000
[    0.509411] DDR DEBUG: dtar[0]=0x301b0000, dtar[1]=0x301b0000
[    0.509466] DDR DEBUG: init success!!! freq=200MHz
[    0.509474] DDR DEBUG: Channel a: 
[    0.509487] DDR DEBUG: DTONE=0x1, DTERR=0x0, DTIERR=0x0, DTPASS=4,0, DGSL=1,1 extra clock, DGPS=180,90
[    0.509500] DDR DEBUG: DTONE=0x1, DTERR=0x0, DTIERR=0x0, DTPASS=4,0, DGSL=1,1 extra clock, DGPS=180,90
[    0.509513] DDR DEBUG: DTONE=0x1, DTERR=0x0, DTIERR=0x0, DTPASS=4,0, DGSL=1,1 extra clock, DGPS=180,90
[    0.509525] DDR DEBUG: DTONE=0x1, DTERR=0x0, DTIERR=0x0, DTPASS=4,0, DGSL=1,1 extra clock, DGPS=180,90
[    0.509537] DDR DEBUG: ZERR=0, ZDONE=0, ZPD=0x0, ZPU=0x0, OPD=0x0, OPU=0x0
[    0.509546] DDR DEBUG: DRV Pull-Up=0x19, DRV Pull-Dwn=0x19
[    0.509555] DDR DEBUG: ODT Pull-Up=0x2, ODT Pull-Dwn=0x2
[    0.509562] DDR DEBUG: Channel b: 
[    0.509574] DDR DEBUG: DTONE=0x1, DTERR=0x0, DTIERR=0x0, DTPASS=4,0, DGSL=1,1 extra clock, DGPS=180,90
[    0.509586] DDR DEBUG: DTONE=0x1, DTERR=0x0, DTIERR=0x0, DTPASS=4,0, DGSL=1,1 extra clock, DGPS=180,90
[    0.509598] DDR DEBUG: DTONE=0x1, DTERR=0x0, DTIERR=0x0, DTPASS=4,0, DGSL=1,1 extra clock, DGPS=180,90
[    0.509611] DDR DEBUG: DTONE=0x1, DTERR=0x0, DTIERR=0x0, DTPASS=4,0, DGSL=1,1 extra clock, DGPS=180,90
[    0.509621] DDR DEBUG: ZERR=0, ZDONE=0, ZPD=0x0, ZPU=0x0, OPD=0x0, OPU=0x0
[    0.509630] DDR DEBUG: DRV Pull-Up=0x19, DRV Pull-Dwn=0x19
[    0.509640] DDR DEBUG: ODT Pull-Up=0x2, ODT Pull-Dwn=0x2
[    0.534166] bio: create slab <bio-0> at 0
[    0.534659] Rockchip hdmi driver version 2.0
[    0.534659] .
[    0.535772] SCSI subsystem initialized
[    5@B974] usbcore: registered new interface driver hub
[    0.536061] usbcore: registered new device driver usb
[    0.538681] rockchip_i2c ff650000.i2c: i2c-0: Rockchip I2C adapter
[    0.539141] rockchip_i2c ff140000.i2c: i2c-1: Rockchip I2C adapter
[    0.539587] rockchip_i2c ff660000.i2c: i2c-2: Rockchip I2C adapter
[    0.539831] rockchip_i2c ff150000.i2c: i2c-3: Rockchip I2C adapter
[    0.540869] rockchip_i2c ff160000.i2c: i2c-4: Rockchip I2C adapter
[    0.540989] media: Linux media interface: v0.10
[    0.541032] Linux video capture interface: v2.00
[    0.541088] pps_core: LinuxPPS API ver. 1 registered
[    0.541098] pps_core: Software ver. 5.3.6 - Copyright 2005-2007 Rodolfo Giometti <giometti@linux.it>
[    0.541117] PTP clock support registered
[    0.541173] i2c-core: driver [bq24296] using legacy suspend method
[    0.541183] i2c-core: driver [bq24296] using legacy resume method
[    0.541863] ion_drm_heap_create: 0@0
[    0.541989] Rockchip ion module is successfully loaded (v1.1)
[    0.542147] Advanced Linux Sound Architecture Driver Initialized.
[    0.542552] Bluetooth: Core ver 2.16
[    0.542608] NET: Registered protocol family 31
[    0.542618] Bluetooth: HCI device and connection manager initializ 0.542646] Bluetooth: L2CAP socket layer initialized
[    0.542671] Bluetooth: SCO socket layer initialized
[    0.542905] cfg80211: Calling CRDA to update world regulatory domain
[    0.543605] act8846_i2c_probe,line=898
[    0.544582] act8846_parse_dt,line=746
[    0.545042] act8846_i2c_probe: act8846_pmic_hold=1
[    0.545063] act8846_i2c_probe: act8846_pmic_sleep=1
[    0.545078] act8846_i2c_probe: act8846_pmic_cpu_det_gpio=1
[    0.545093] act8846_i2c_probe: act8846_pmic_usb_hub_reset_gpio=1
[    0.547163] act_dcdc1: 1200 mV 
[    0.550140] vccio: 3300 mV 
[    0.552008] vdd_logic: 700 <--> 1500 mV at 1100 mV 
[    0.554983] act_dcdc4: 2000 mV 
[    0.556214] vccio_sd: 1800 <--> 3300 mV at 3300 mV 
[    0.558548] act_ldo2: 1050 mV 
[    0.560873] act_ldo3: 2800 mV 
[    0.563194] act_ldo4: 3300 mV 
[    0.565528] act_ldo5: 3300 mV 
[    0.567857] act_ldo6: 1100 mV 
[    0.570162] vcc_18: 1800 mV 
[    0.572466] act_ldo8: 1850 mV 
[    0.577239] vdd_arm: 712 <--> 1500 mV at 1000 mV 
[    0.581953] vdd_gpu: 712 <--> 1500 mV at 1000 mV 
[    0.582717] rk808_i2c_probe,line=1355
[    0.584055] The device is not rk808 -11
[    0.584138] rk808: probe of 0-001b failed with error -11
[    0.584216] i2c-core: driver [rk818] using legacy suspend method
[    0.584226] i2c-core: driver [rk818] using legacy resume method
[    0.585944] Switching to clocksource arch_sys_counter
[    0.609980] rga: Module initialized.
[    0.610687] rga2 ff920000.rga: rga ion client create success!
[    0.610855] rga: Driver loaded succesfully
[    0.611084] rk-fb rockchip-fb: rk fb ion client create success!
[    0.611097] rk-fb rockchip-fb: rockchip framebuffer driver probe
[    0.611432] rk-screen rk_screen.8: rockchip screen probe success
[    0.611659] rk32-lvds rk32-lvds: rk32 lvds driver probe success
[    0.612022] rk32-edp ff970000.edp: screen is not edp!
[    0.612043] rk32-edp: probe of ff970000.edp failed with error -22
[    0.612508] rk3288-lcdc lcdc0: can't find power_ctr node for lcdc0
[    0.612725] graphics fb0: rockchip framebuffer registerd:fb0
[    0.613024] graphics fb1: rockchip framebuffer registerd:fb1
[    0.613195] graphics fb2: rockchip framebuffer registerd:fb2
[    0.613358] graphics fb3: rockchip framebuffer registerd:fb3
[    0.613644] rk3288-lcdc lcdc0: lcdc0: dclk:74250000>>fps:60 
[    0.613680] rk3288-lcdc lcdc0: wakeup from standby!
[    0.625591] alloc_buffer:ion_phy_addr=0x55c00000
[    0.631370] fb0:phy:55c00000>>vir:e0991000>>len:0xb00000
[    0.631386] rk3288-lcdc lcdc0: lcdc0 probe ok, iommu disabled
[    0.632212] rockchip_set_mux:warning ignore bank num 15
[    0.632356] rockchip_set_mux:warning ignore bank num 15
[    0.632473] rockchip_set_mux:warning ignore bank num 15
[    0.632589] rockchip_set_mux:warning ignore bank num 15
[    0.632713] rockchip_set_mux:warning ignore bank num 15
[    0.632828] rockchip_set_mux:warning ignore bank num 15
[    0.633400] rockchip_set_mux:warning ignore bank num 15
[    0.633565] rockchip_set_mux:warning ignore bank num 15
[    0.634109] rockchip_set_mux:warning ignore bank num 15
[    0.634254] rockchip_set_mux:warning ignore bank num 15
[    0.634790] rockchip_set_mux:warning ignore bank num 15
[    0.634936] rockchip_set_mux:warning ignore bank num 15
[    0.635482] rockchip_set_mux:warning ignore bank num 15
[    0.635629] rockchip_set_mux:warning ignore bank num 15
[    0.637094] NET: Registered protocol family 2
[    0.637764] TCP established hash table entries: 4096 (order: 3, 32768 bytes)
[    0.637839] TCP bind hash table entries: 4096 (order: 3, 32768 bytes)
[    0.637912] TCP: Hash tables configured (established 4096 bind 4096)
[    0.637972] TCP: reno registered
[    0.637986] UDP hash table entries: 256 (order: 1, 8192 bytes)
[    0.638010] UDP-Lite hash table entries: 256 (order: 1, 8192 bytes)
[    0.638196] NET: Registered protocol family 1
[    0.638794] Unpacking initramfs...
[    0.701197] Freeing initrd memory: 1172K (c5bf0000 - c5d15000)
[    0.701951] hw perfevents: enabled with ARMv7 Cortex-A12 PMU driver, 7 counters available
[    0.702472] vcodec_service: probe device ff9a0000.vpu_service
[    0.702676] vcodec_service: No reset resource define
[    0.702846] vcodec_service: ff9a0000.vpu_service: power on
[    0.702934] vcodec_service: probe device ff9a0000.vpu_service
[    0.702948] vcodec_service: checking hw id 4831
[    0.703963] vcodec_service: ff9a0000.vpu_service: power off...
[    0.704007] vcodec_service: done
[    0.704016] vcodec_service: init success
[    0.704134] vcodec_service: probe device ff9c0000.hevc_service
[    0.704469] vcodec_service: ff9c0000.hevc_service: power on
[    0.704529] vcodec_service: probe device ff9c0000.hevc_service
[    0.704542] vcodec_service: checking hw id 6867
[    0.704798] vcodec_service: ff9c0000.hevc_service: power off...
[    0.704839] vcodec_service: dshell@firefly-rk3288:/ $ one
[    0.704847] vcodec_service: init success
[    0.704981] rknandbase v1.0 2014-03-31
[    0.705125] rknand: probe of ff400000.nandc failed with error -1
[    0.705237] rknand_driver:ret = 0 
[    0.706372] audit: initializing netlink socket (disabled)
[    0.706416] type=2000 audit(0.360:1): initialized
[    0.707246] bounce pool size: 64 pages
[    0.711877] fuse init (API version 7.22)
[    0.712241] msgmni has been set to 952
[    0.714118] Block layer SCSI generic (bsg) driver version 0.4 loaded (major 246)
[    0.714135] io scheduler noop registered
[    0.714145] io scheduler deadline registered
[    0.714229] io scheduler cfq registered (default)
[    0.715406] rockchip-hdmiv2 ff980000.hdmi: rockchip hdmiv2 probe sucess.
[    0.716080] IEP Driver loaded succesfully
[    0.716168] Module initialized.
[    0.716930] dma-pl330 ffb20000.pdma: Loaded driver for PL330 DMAC-2364208
[    0.716948] dma-pl330 ffb20000.pdma: 	DBUFF-64x8bytes Num_Chans-5 Num_Peri-6 Num_Events-10
[    0.718286] dma-pl330 ff250000.pdma: Loaded driver for PL330 DMAC-2364208
[    0.718303] dma-pl330 ff250000.pdma: 	DBUFF-128x8bytes Num_Chans-8 Num_Peri-20 Num_Events-16
[    0.718588] pwm-voltage-regulator pwm_regulator.22: unable to request PWM, trying legacy API
[    0.718602] pwm-voltage-regulator pwm_regulator.22: unable to request legacy PWM
[    0.718612] pwm_regulator_probe:error
[    0.718631] platform pwm_regulator.22: Driver pwm-voltage-regulator requests probe deferral
[    0.718836] rk_serial.c v1.8 2014-03-04
[    0.719068] ff180000.serial: ttyS0 at MMIO 0xff180000 (irq = 87) is a rk29_serial.0
[    0.719264] serial ff180000.serial: membase e0972000
[    0.719410] ff690000.serial: ttyS2 at MMIO 0xff690000 (irq = 89) is a rk29_serial.2
[    0.720967] console [ttyS2] enabled
[    0.721203] serial ff690000.serial: membase fed60000
[    0.723981] loop: module loaded
[    0.724333] zram: Created 1 device(s) ...
[    0.724421] i2c-core: driver [mpu6050B1] using legacy suspend method
[    0.724435] i2c-core: driver [mpu6050B1] using legacy resume method
[    0.724453] mpu_init: Probe name mpu6050B1
[    0.724609] ak8963_mod_init: Probe name ak8963_mod
[    0.725313] SCSI Media Changer driver v0.25 
[    0.725627] tun: Universal TUN/TAP device driver, 1.6
[    0.725641] tun: (C) 1999-2004 Max Krasnyansky <maxk@qualcomm.com>
[    0.725766] vmac_init.
[    0.726329] stmmac_probe_config_dt: Can not read property: pmu_regulator.
[    0.726346] stmmac_probe_config_dt: clock input/output? (input).
[    0.726360] stmmac_probe_config_dt: TX delay(0x30).
[    0.726371] stmmac_probe_config_dt: RX delay(0x20).
[    0.726422] stmmac_probe_config_dt: is rockchip,rk3288-gmac
[    0.726432] stmmc_pltfr_init:
[    0.726441] stmmc_pltfr_init: ERROR: Get power-gpio failed.
[    0.726464] gmac_phy_reset: ERROR: Request pin stmmc_pltfr_init failed.
[    0.726476] stmmc_pltfr_init: init for RGMII
[    0.726487] tx delay=0x30
[    0.726487] rx delay=0x20
[    0.726504] tx delay=0x30
[    0.726504] rx delay=0x20
[    0.726972] stmmac - user ID: 0x10, Synopsys ID: 0x35
[    0.726985]  Normal descriptors
[    0.726994]  Ring mode enabled
[    0.727005]  DMA HW capability register supported
[    0.727017]  RX Checksum Offload Engine supported (type 2)
[    0.727028]  TX Checksum insertion supported
[    0.727038]  Wake-Up On Lan supported
[    0.727076]  Enable RX Mitigation via HW Watchdog Timer
[    0.727534] PPP generic driver version 2.4.2
[    0.727702] PPP BSD Compression module registered
[    0.727716] PPP Deflate Compression module registered
[    0.727740] PPP MPPE Compression module registered
[    0.727753] NET: Registered protocol family 24
[    0.727788] SLIP: version 0.8.4-NET3.019-NEWTTY (dynamic channels, max=256) (6 bit encapsulation enabled).
[    0.727802] CSLIP: code copyright 1989 Regents of the University of California.
[    0.727815] Rockchip WiFi SYS interface (V1.00) ... 
[    0.727851] esp_mem_init enter date Apr 21 2017 11:54:06
[    0.727862] esp_mem_init VERSION [V2.5]
[    0.727905] esp_mem_init complete 
[    0.727993] usbcore: registered new interface driver catc
[    0.728036] usbcore: registered new interface driver kaweth
[    0.728050] pegasus: v0.9.3 (2013/04/25), Pegasus/Pegasus II USB Ethernet driver
[    0.728091] usbcore: registered new interface driver pegasus
[    0.728131] usbcore: registered new interface driver rtl8150
[    0.728177] usbcore: registered new interface driver r8152
[    0.728188] hso: drivers/net/usb/hso.c: Option Wireless
[    0.728255] usbcore: registered new interface driver hso
[    0.728302] usbcore: registered new interface driver asix
[    0.728343] usbcore: registered new interface driver ax88179_178a
[    0.728388] usbcore: registered new interface driver cdc_ether
[    0.728429] usbcore: registered new interface driver cdc_eem
[    0.728474] usbcore: registered new interface driver dm9601
[    0.728516] usbcore: registered new interface driver dm9620
[    0.728565] usbcore: registered new interface driver smsc75xx
[    0.728615] usbcore: registered new interface driver smsc95xx
[    0.728655] usbcore: registered new interface driver gl620a
[    0.728696] usbcore: registered new interface driver net1080
[    0.728741] usbcore: registered new interface driver plusb
[    0.728784] usbcore: registered new interface driver rndis_host
[    0.728825] usbcore: registered new interface driver cdc_subset
[    0.728866] usbcore: registered new interface driver zaurus
[    0.728908] usbcore: registered new interface driver MOSCHIP usb-ethernet driver
[    0.728974] usbcore: registered new interface driver int51x1
[    0.729016] usbcore: registered new interface driver kalmia
[    0.729057] usbcore: registered new interface driver ipheth
[    0.729110] usbcore: registered new interface driver sierra_net
[    0.729153] usbcore: registered new interface driver cx82310_eth
[    0.729203] usbcore: registered new interface driver cdc_ncm
[    0.729246] usbcore: registered new interface driver qmi_wwan
[    0.729288] usbcore: registered new interface driver cdc_mbim
[    0.729301] ehci_hcd: USB 2.0 'Enhanced' Host Controller (EHCI) Driver
[    0.731751] EHCI: ehci_rk_probe e1540000 e1540010
[    0.731771] rockchip_ehci_host ff500000.usb: EHCI Host Controller
[    0.731801] rockchip_ehci_host ff500000.usb: new USB bus registered, assigned bus number 1
[    0.732160] rockchip_ehci_host ff500000.usb: irq 56, io mem 0xff500000
[    0.743458] rockchip_ehci_host ff500000.usb: USB 2.0 started, EHCI 1.00
[    0.743551] usb usb1: New USB device found, idVendor=1d6b, idProduct=0002
[    0.743569] usb usb1: New USB device strings: Mfr=3, Product=2, SerialNumber=1
[    0.743584] usb usb1: Product: EHCI Host Controller
[    0.743598] usb usb1: Manufacturer: Linux 3.10.0 ehci_hcd
[    0.743611] usb usb1: SerialNumber: ff500000.usb
[    0.744099] hub 1-0:1.0: USB hub found
[    0.744126] hub 1-0:1.0: 1 port detected
[    0.744288] EHCI: ehci_rk_probe ok
[    0.744400] ohci_hcd: USB 1.1 'Open' Host Controller (OHCI) Driver
[    0.744601] usbcore: registered new interface driver cdc_acm
[    0.744614] cdc_acm: USB Abstract Control Model driver for USB modems and ISDN adapters
[    0.744674] usbcore: registered new interface driver usblp
[    0.744717] usbcore: registered new interface driver cdc_wdm
[    0.744777] usbcore: registered new interface driver usb-storage
[    0.744819] usbcore: registered new interface driver ums-alauda
[    0.744857] usbcore: registered new interface driver ums-cypress
[    0.744895] usbcore: registered new interface driver ums-datafab
[    0.744933] usbcore: registered new interface driver ums_eneub6250
[    0.744976] usbcore: registered new interface driver ums-freecom
[    0.745015] usbcore: registered new interface driver ums-isd200
[    0.745054] usbcore: registered new interface driver ums-jumpshot
[    0.745091] usbcore: registered new interface driver ums-karma
[    0.745130] usbcore: registered new interface driver ums-onetouch
[    0.745169] usbcore: registered new interface driver ums-sddr09
[    0.745207] usbcore: registered new interface driver ums-sddr55
[    0.745244] usbcore: registered new interface driver ums-usbat
[    0.745337] usbcore: registered new interface driver usbserial
[    0.745381] usbcore: registered new interface driver usbserial_generic
[    0.745413] usbserial: USB Serial support registered for generic
[    0.745455] usbcore: registered new interface driver option
[    0.745485] usbserial: USB Serial support registered for GSM modem (1-port)
[    0.745560] usbcore: registered new interface driver trancevibrator
[    0.745572] usb20_otg: version 3.10a 21-DEC-2012
[    0.745992] e1580040
[    0.746008] Core Release: 3.10a
[    0.746024] Setting default values for core params
[    0.746160] Using Buffer DMA mode
[    0.746172] Periodic Transfer Interrupt Enhancement - disabled
[    0.746183] Multiprocessor Interrupt Enhancement - disabled
[    0.746196] OTG VER PARAM: 0, OTG VER FLAG: 0
[    0.746207] ^^^^^^^^^^^^^^^^^Device Mode
[    0.746226] Dedicated Tx FIFOs mode
[    0.746246] pcd_init otg_dev = ddebbb00
[    0.844969] Using Buffer DMA mode
[    0.844984] Periodic Transfer Interrupt Enhancement - disabled
[    0.844995] Multiprocessor Interrupt Enhancement - disabled
[    0.845007] OTG VER PARAM: 0, OTG VER FLAG: 0
[    0.845018] ^^^^^^^^^^^^^^^^^Device Mode
[    0.845053] usb20_otg ff580000.usb: DWC OTG Controller
[    0.845083] usb20_otg ff580000.usb: new USB bus registered, assigned bus number 2
[    0.845122] usb20_otg ff580000.usb: irq 55, io mem 0x00000000
[    0.845180] usb usb2: New USB device found, idVendor=1d6b, idProduct=0002
[    0.845196] usb usb2: New USB device strings: Mfr=3, Product=2, SerialNumber=1
[    0.845211] usb usb2: Product: DWC OTG Controller
[    0.845223] usb usb2: Manufacturer: Linux 3.10.0 dwc_otg_hcd
[    0.845236] usb usb2: SerialNumber: ff580000.usb
[    0.845694] hub 2-0:1.0: USB hub found
[    0.845719] hub 2-0:1.0: 1 port detected
[    0.846026] usb20_host: version 3.10a 21-DEC-2012
[    0.848578] e1600040
[    0.848592] Core Release: 3.10a
[    0.848609] Setting default values for core params
[    0.848722] Using Buffer DMA mode
[    0.848734] Periodic Transfer Interrupt Enhancement - disabled
[    0.848745] Multiprocessor Interrupt Enhancement - disabled
[    0.848757] OTG VER PARAM: 0, OTG VER FLAG: 0
[    0.848767] ^^^^^^^^^^^^^^^^^^Host Mode
[    0.848797] usb20_host ff540000.usb: DWC OTG Controller
[    0.848830] usb20_host ff540000.usb: new USB bus registered, assigned bus number 3
[    0.848864] usb20_host ff540000.usb: irq 57, io mem 0x00000000
[    0.848958] Init: Power Port (0)
[    0.849018] usb usb3: New USB device found, idVendor=1d6b, idProduct=0002
[    0.849034] usb usb3: New USB device strings: Mfr=3, Product=2, SerialNumber=1
[    0.849049] usb usb3: Product: DWC OTG Controller
[    0.849061] usb usb3: Manufacturer: Linux 3.10.0 dwc_otg_hcd
[    0.849075] usb usb3: SerialNumber: ff540000.usb
[    0.849479] hub 3-0:1.0: USB hub found
[    0.849503] hub 3-0:1.0: 1 port detected
[    0.850247] usbcore: registered new interface driver xpad
[    0.850309] usbcore: registered new interface driver usb_acecad
[    0.850359] usbcore: registered new interface driver aiptek
[    0.850405] usbcore: registered new interface driver gtco
[    0.850452] usbcore: registered new interface driver hanwang
[    0.850497] usbcore: registered new interface driver kbtab
[    0.850549] usbcore: registered new interface driver wacom
[    0.850824] sensor_register_slave:mma8452,id=17
[    0.850839] sensor_register_slave:gs_mc3230,id=23
[    0.850850] gsensor_init
[    0.850860] sensor_register_slave:mpu6880_acc,id=24
[    0.850870] sensor_register_slave:mpu6500_acc,id=25
[    0.850882] sensor_register_slave:cm3217,id=48
[    0.850893] sensor_register_slave:cm3218,id=49
[    0.851104] .. rk pwm remotectl v1.1 init
[    0.851346] input: ff680000.pwm as /devices/ff680000.pwm/input/input0
[    0.853852] rtc_hym8563 0-0051: clock/calendar information is no longer guaranteed
[    0.856816] rtc_hym8563 0-0051: rtc core: registered hym8563 as rtc0
[    0.856874] i2c /dev entries driver
[    0.857566] IR NEC protocol handler initialized
[    0.857579] IR RC5(x) protocol handler initialized
[    0.857589] IR RC6 protocol handler initialized
[    0.857599] IR JVC protocol handler initialized
[    0.857609] IR Sony protocol handler initialized
[    0.857619] IR RC5 (streamzap) protocol handler initialized
[    0.857630] IR SANYO protocol handler initialized
[    0.857640] IR MCE Keyboard/mouse protocol handler initialized
[    0.857802] usbcore: registered new interface driver uvcvideo
[    0.857814] USB Video Class driver (1.1.1)
[    0.857827] CamSys driver version: v0.32.0,  CamSys head file version: v0.11.0
[    0.859269] D1:camsys_platform_probe(1300): 1-gpios-cifpower: gpio=236
[    0.859294] D1:camsys_platform_probe(1303): gpios-cifpower: gpio_request
[    0.859315] D1:camsys_platform_probe(1305): 1-gpios-cifpower: gpio_request=0
[    0.859336] D1:camsys_platform_probe(1314): gpios-cifpower: 236 high
[    0.859378] D1:camsys_mipiphy_probe_cb(115): compatible is rockchip,rk3288
[    0.859378] 
[    0.859453] D1:camsys_mipiphy_probe_cb(186): ff910000.isp mipi phy0 probe success(reg_phy: 0x0  reg_vir: 0x0  size: 0x0)
[    0.859605] D1:camsys_mipiphy_probe_cb(183): ff910000.isp mipi phy1 probe success(reg_phy: 0xff968000  reg_vir: 0xe14b8000  size: 0x4000)
[    0.860245] D1:camsys_platform_probe(1447): ff910000.isp memory:
[    0.860264] D1:camsys_platform_probe(1457):     Register memory (phy: 0xff910000 vir: 0xe1520000 size: 0x10000)
[    0.860281] D1:camsys_platform_probe(1452):     I2c memory (phy: 0x1deb2000 vir: 0xddeb2000 size: 0x1000)
[    0.860295] D1:camsys_init_ext_fsh_module(20): init external flash module
[    0.860307] D1:camsys_platform_probe(1472): Probe ff910000.isp device success 
[    0.860722] not find test_power_init dev node
[    0.860780] i2c-core: driver [bq27320] using legacy suspend method
[    0.860791] i2c-core: driver [bq27320] using legacy resume method
[    0.861127] rockchip_temp_probe,line=362
[    0.910735] tsadc ff280000.tsadc: initialized
[    0.911144] device-mapper: uevent: version 1.0.3
[    0.911395] device-mapper: ioctl: 4.24.0-ioctl (2013-01-15) initialised: dm-devel@redhat.com
[    0.911712] Bluetooth: HCI UART driver ver 2.2
[    0.911728] Bluetooth: HCI H4 protocol initialized
[    0.911740] Bluetooth: HCILL protocol initialized
[    0.911751] rtk_btusb: Realtek Bluetooth USB driver module init, version 2.21
[    0.911763] rtk_btusb: Register usb char device interface for BT driver
[    0.911952] usbcore: registered new interface driver rtk_btusb
[    0.915352] cpufreq version 1.0, suspend freq 1200 MHz
[    0.915548] cpuidle: using governor ladder
[    0.915561] cpuidle: using governor menu
[    0.915598] Synopsys Designware Multimedia Card Interface Driver
[    0.915610] MHSC version = Ver 2.00 2015-06-10
[    0.915899] dw cru_regsbase addr 0x1d8.
[    0.915912] dw cru_reset_offset val 3.
[    0.915928] dwmmc_rockchip ff0f0000.rksdmmc: Version ID is 270a
[    0.915972] dwmmc_rockchip ff0f0000.rksdmmc: failed to get hpclk_mmc
[    0.916292] dwmmc_rockchip ff0f0000.rksdmmc: Using internal DMA controller.
[    0.916454] dw_mci_init_slot: fmin=400000, fmax=100000000 [mmc0]
[    0.916589] 1358..dw_mci_set_ios:  no card. [mmc0]
[    0.930423] 1358..dw_mci_set_ios:  no card. [mmc0]
[    0.940354] dwc_otg_hcd_suspend, usb device mode
[    0.950129] rk_sdmmc: BOOT dw_mci_setup_bus: argue clk_mmc workaround out 800000Hz for init[mmc0]
[    0.950166] dwmmc_rockchip ff0f0000.rksdmmc: DW MMC controller at irq 67, 32 bit host data width, 256 deep fifo
[    0.950185] dwmmc_rockchip ff0f0000.rksdmmc: 1 slots initialized
[    0.950498] dw cru_regsbase addr 0x1d8.
[    0.950511] dw cru_reset_offset val 0.
[    0.950526] dwmmc_rockchip ff0c0000.rksdmmc: Version ID is 270a
[    0.950565] dwmmc_rockchip ff0c0000.rksdmmc: failed to get hpclk_mmc
[    0.951317] dwmmc_rockchip ff0c0000.rksdmmc: Using internal DMA controller.
[    0.951494] dw_mci_init_slot: fmin=300000, fmax=50000000 [mmc1]
[    0.952016] dwmmc_rockchip ff0c0000.rksdmmc: mmc1: No udbg pinctrl found!
[    0.952076] 1358..dw_mci_set_ios:  no card. [mmc1]
[    0.969778] 1358..dw_mci_set_ios:  no card. [mmc1]
[    0.982243] mmc0: BKOPS_EN bit is not set
[    0.984115] rk_sdmmc: BOOT Bus speed=0Hz,Bus width=8bits.[mmc0]
[    0.986396] mmc_host mmc0: Bus speed (slot 0) = 100000000Hz (slot req 100000000Hz, actual 100000000HZ div = 0)
[    0.986420] rk_sdmmc: BOOT dw_mci_setup_bus: argue clk_mmc workaround out normal clock [mmc0]
[    0.986440] [mmc0] tuning regsbase addr 0x218.
[    0.986997] [mmc0] Data transmission error !!!!  MINTSTS: [0x00000088]
[    0.987006] [mmc0] host was already tuning, Don't need to retry tune again ignore 0.
[    0.987035] dwmmc_rockchip ff0f0000.rksdmmc: Tuning error: cmd.error:0, data.error:-84
[    0.987059] [mmc0] Data transmission error !!!!  MINTSTS: [0x00002000]
[    0.987068] [mmc0] host was already tuning, Don't need to retry tune again ignore 0.
[    0.987087] dwmmc_rockchip ff0f0000.rksdmmc: data FIFO error (status=00002000)
[    0.987112] dwmmc_rockchip ff0f0000.rksdmmc: Tuning error: cmd.error:0, data.error:-5
[    0.987340] dwmmc_rockchip ff0f0000.rksdmmc: Good phase range 0-180 (17 len)
[    0.987353] dwmmc_rockchip ff0f0000.rksdmmc: Good phase range 214-282 (7 len)
[    0.987372] dwmmc_rockchip ff0f0000.rksdmmc: Best phase range 0-180 (17 len)
[    0.987383] dwmmc_rockchip ff0f0000.rksdmmc: Successfully tuned phase to 90
[    0.987428] mmc0: new HS200 MMC card at address 0001
[    0.987690] mmcblk0: mmc0:0001 AGND3R 14.5 GiB 
[    0.988009]      uboot: 0x000400000 -- 0x000800000 (4 MB)
[    0.988023]       misc: 0x000800000 -- 0x000c00000 (4 MB)
[    0.988032]   resource: 0x000c00000 -- 0x001c00000 (16 MB)
[    0.988040]     kernel: 0x001c00000 -- 0x002c00000 (16 MB)
[    0.988049]       boot: 0x002c00000 -- 0x004c00000 (32 MB)
[    0.988057]   recovery: 0x004c00000 -- 0x006c00000 (32 MB)
[    0.988066]     backup: 0x006c00000 -- 0x00a000000 (52 MB)
[    0.988074]      cache: 0x00a000000 -- 0x012000000 (128 MB)
[    0.988082]     kpanic: 0x012000000 -- 0x012400000 (4 MB)
[    0.988091]     system: 0x012400000 -- 0x072400000 (1536 MB)
[    0.988099]   metadata: 0x072400000 -- 0x073400000 (16 MB)
[    0.988108] baseparamer: 0x073400000 -- 0x073800000 (4 MB)
[    0.988116]   userdata: 0x073800000 -- 0x0b3800000 (1024 MB)
[    0.988124] radical_update: 0x0b3800000 -- 0x0b7800000 (64 MB)
[    0.988133]       user: 0x0b7800000 -- 0x3a3a00000 (11970 MB)
[    0.988164]  mmcblk0: p1 p2 p3 p4 p5 p6 p7 p8 p9 p10 p11 p12 p13 p14 p151358..dw_mci_set_ios:  no card. [mmc1]
[    0.989526] dwmmc_rockchip ff0c0000.rksdmmc: DW MMC controller at irq 64, 32 bit host data width, 256 deep fifo
[    0.989535] dwmmc_rockchip ff0c0000.rksdmmc: 1 slots initialized
[    0.989836] dw cru_regsbase addr 0x1d8.
[    0.989845] dw cru_reset_offset val 1.
[    0.989855] dwmmc_rockchip ff0d0000.rksdmmc: Version ID is 270a
[    0.989893] dwmmc_rockchip ff0d0000.rksdmmc: failed to get hpclk_mmc
[    0.990112] dwmmc_rockchip ff0d0000.rksdmmc: Using internal DMA controller.
[    0.990227] dw_mci_init_slot: fmin=200000, fmax=50000000 [mmc2]
[    0.990488] 1358..dw_mci_set_ios:  no card. [mmc2]
[    1.009139] 1358..dw_mci_set_ios:  no card. [mmc2]
[    1.028821] 1358..dw_mci_set_ios:  no card. [mmc2]
[    1.028849] dwmmc_rockchip ff0d0000.rksdmmc: DW MMC controller at irq 65, 32 bit host data width, 256 deep fifo
[    1.028862] dwmmc_rockchip ff0d0000.rksdmmc: 1 slots initialized
[    1.029126] leds-gpio leds.29: pins are not configured from the driver
[    1.029342] hidraw: raw HID events driver (C) Jiri Kosina
[    1.030821] usbcore: registered new interface driver usbhid
[    1.030831] usbhid: USB HID core driver
[    1.030946] ashmem: initialized
[    1.031065] logger: created 256K log 'log_main'
[    1.031165] logger: created 256K log 'log_events'
[    1.031258] logger: created 256K log 'log_radio'
[    1.031357] logger: created 256K log 'log_system'
[    1.032412] input: rk29-keypad as /devices/ff100000.adc/key.32/input/input1
[    1.033227] rockchip-pinctrl ff770000.pinctrl: pin gpio6-8 already requested by ff890000.rockchip-i2s; cannot claim for 2-0010
[    1.033244] rockchip-pinctrl ff770000.pinctrl: pin-200 (2-0010) status -22
[    1.033256] rockchip-pinctrl ff770000.pinctrl: could not request pin 200 on device rockchip-pinctrl
[    1.033268] ES8323 2-0010: Error applying setting, reverse things back
[    1.033561] es8323 probe i2c recv ok
[    1.034482] rockchip-spdif ff880000.rockchip-spdif: spdif ready.
[    1.035034] es8323_probe
[    1.035126] es8323_probe:register ISR (irq=194)
[    1.668767] ES8323 2-0010: ASoC: no dapm match for LINPUT1 --> NULL --> Left Line Mux
[    1.668780] ES8323 2-0010: ASoC: Failed to add route LINPUT1 -> NULL -> Left Line Mux
[    1.668790] ES8323 2-0010: ASoC: no dapm match for LINPUT2 --> NULL --> Left Line Mux
[    1.668797] ES8323 2-0010: ASoC: Failed to add route LINPUT2 -> NULL -> Left Line Mux
[    1.668806] ES8323 2-0010: ASoC: no dapm match for Left PGA Mux --> NULL --> Left Line Mux
[    1.668812] ES8323 2-0010: ASoC: Failed to add route Left PGA Mux -> NULL -> Left Line Mux
[    1.668821] ES8323 2-0010: ASoC: no dapm match for RINPUT1 --> NULL --> Right Line Mux
[    1.668828] ES8323 2-0010: ASoC: Failed to add route RINPUT1 -> NULL -> Right Line Mux
[    1.668835] ES8323 2-0010: ASoC: no dapm match for RINPUT2 --> NULL --> Right Line Mux
[    1.668842] ES8323 2-0010: ASoC: Failed to add route RINPUT2 -> NULL -> Right Line Mux
[    1.668850] ES8323 2-0010: ASoC: no dapm match for Right PGA Mux --> NULL --> Right Line Mux
[    1.668857] ES8323 2-0010: ASoC: Failed to add route Right PGA Mux -> NULL -> Right Line Mux
[    1.668865] ES8323 2-0010: ASoC: no dapm match for LINPUT1 --> LAMP --> Left PGA Mux
[    1.668872] ES8323 2-0010: ASoC: Failed to add route LINPUT1 -> LAMP -> Left PGA Mux
[    1.668880] ES8323 2-0010: ASoC: no dapm match for LINPUT2 --> LAMP --> Left PGA Mux
[    1.668887] ES8323 2-0010: ASoC: Failed to add route LINPUT2 -> LAMP -> Left PGA Mux
[    1.668895] ES8323 2-0010: ASoC: no dapm match for Differential Mux --> LAMP --> Left PGA Mux
[    1.668902] ES8323 2-0010: ASoC: Failed to add route Differential Mux -> LAMP -> Left PGA Mux
[    1.668910] ES8323 2-0010: ASoC: no dapm match for RINPUT1 --> RAMP --> Right PGA Mux
[    1.668917] ES8323 2-0010: ASoC: Failed to add route RINPUT1 -> RAMP -> Right PGA Mux
[    1.668925] ES8323 2-0010: ASoC: no dapm match for RINPUT2 --> RAMP --> Right PGA Mux
[    1.668932] ES8323 2-0010: ASoC: Failed to add route RINPUT2 -> RAMP -> Right PGA Mux
[    1.668940] ES8323 2-0010: ASoC: no dapm match for Differential Mux --> RAMP --> Right PGA Mux
[    1.668947] ES8323 2-0010: ASoC: Failed to add route Differential Mux -> RAMP -> Right PGA Mux
[    1.668955] ES8323 2-0010: ASoC: no dapm match for LINPUT1 --> LAMP --> Differential Mux
[    1.668963] ES8323 2-0010: ASoC: Failed to add route LINPUT1 -> LAMP -> Differential Mux
[    1.668971] ES8323 2-0010: ASoC: no dapm match for RINPUT1 --> RAMP --> Differential Mux
[    1.668977] ES8323 2-0010: ASoC: Failed to add route RINPUT1 -> RAMP -> Differential Mux
[    1.668985] ES8323 2-0010: ASoC: no dapm match for LINPUT2 --> LAMP --> Differential Mux
[    1.668992] ES8323 2-0010: ASoC: Failed to add route LINPUT2 -> LAMP -> Differential Mux
[    1.669000] ES8323 2-0010: ASoC: no dapm match for RINPUT2 --> RAMP --> Differential Mux
[    1.669006] ES8323 2-0010: ASoC: Failed to add route RINPUT2 -> RAMP -> Differential Mux
[    1.669025] ES8323 2-0010: ASoC: no dapm match for LINPUT1 --> LAMP --> Left Line Mux
[    1.669031] ES8323 2-0010: ASoC: Failed to add route LINPUT1 -> LAMP -> Left Line Mux
[    1.669039] ES8323 2-0010: ASoC: no dapm match for LINPUT2 --> LAMP --> Left Line Mux
[    1.669046] ES8323 2-0010: ASoC: Failed to add route LINPUT2 -> LAMP -> Left Line Mux
[    1.669054] ES8323 2-0010: ASoC: no dapm match for Left PGA Mux --> LAMP --> Left Line Mux
[    1.669060] ES8323 2-0010: ASoC: Failed to add route Left PGA Mux -> LAMP -> Left Line Mux
[    1.669068] ES8323 2-0010: ASoC: no dapm match for RINPUT1 --> RAMP --> Right Line Mux
[    1.669076] ES8323 2-0010: ASoC: Failed to add route RINPUT1 -> RAMP -> Right Line Mux
[    1.669083] ES8323 2-0010: ASoC: no dapm match for RINPUT2 --> RAMP --> Right Line Mux
[    1.669090] ES8323 2-0010: ASoC: Failed to add route RINPUT2 -> RAMP -> Right Line Mux
[    1.669098] ES8323 2-0010: ASoC: no dapm match for Right PGA Mux --> RAMP --> Right Line Mux
[    1.669105] ES8323 2-0010: ASoC: Failed to add route Right PGA Mux -> RAMP -> Right Line Mux
[    1.669231] ES8323 2-0010: ASoC: mux Right Line Mux has no paths
[    1.669243] ES8323 2-0010: ASoC: mux Left Line Mux has no paths
[    1.669252] ES8323 2-0010: ASoC: mux Right PGA Mux has no paths
[    1.669261] ES8323 2-0010: ASoC: mux Left PGA Mux has no paths
[    1.669279] ES8323 2-0010: ASoC: mux Differential Mux has no paths
[    1.675331] rockchip-es8323 rockchip-es8323.27:  ES8323 HiFi <-> ff890000.rockchip-i2s mapping ok
[    1.675938] u32 classifier
[    1.675945]     Actions configured
[    1.675956] Netfilter messages via NETLINK v0.30.
[    1.676007] nf_conntrack version 0.5.0 (16384 buckets, 65536 max)
[    1.676264] ctnetlink v0.93: registering with nfnetlink.
[    1.676324] NF_TPROXY: Transparent proxy support initialized, version 4.1.0
[    1.676331] NF_TPROXY: Copyright (c) 2006-2007 BalaBit IT Ltd.
[    1.676544] xt_time: kernel timezone is -0000
[    1.676696] ip_tables: (C) 2000-2006 Netfilter Core Team
[    1.676800] arp_tables: (C) 2002 David S. Miller
[    1.676833] TCP: cubic registered
[    1.676839] Initializing XFRM netlink socket
[    1.676995] NET: Registered protocol family 10
[    1.677420] mip6: Mobile IPv6
[    1.677445] ip6_tables: (C) 2000-2006 Netfilter Core Team
[    1.677537] sit: IPv6 over IPv4 tunneling driver
[    1.677794] NET: Registered protocol family 17
[    1.677813] NET: Registered protocol family 15
[    1.677855] Bridge firewalling registered
[    1.677866] Ebtables v2.0 registered
[    1.678018] Bluetooth: RFCOMM TTY layer initialized
[    1.678042] Bluetooth: RFCOMM socket layer initialized
[    1.678048] Bluetooth: RFCOMM ver 1.11
[    1.678055] Bluetooth: BNEP (Ethernet Emulation) ver 1.3
[    1.678060] Bluetooth: BNEP filters: protocol multicast
[    1.678069] Bluetooth: BNEP socket layer initialized
[    1.678075] Bluetooth: HIDP (Human Interface Emulation) ver 1.2
[    1.678085] Bluetooth: HIDP socket layer initialized
[    1.678113] l2tp_core: L2TP core driver, V2.0
[    1.678124] l2tp_ppp: PPPoL2TP kernel driver, V2.0
[    1.678130] [WLAN_RFKILL]: Enter rfkill_wlan_init
[    1.678332] [WLAN_RFKILL]: Enter rfkill_wlan_probe
[    1.678340] [WLAN_RFKILL]: can't find rockchip,grf property
[    1.678348] [WLAN_RFKILL]: wlan_platdata_parse_dt: wifi_chip_type = bcmwifi
[    1.678355] [WLAN_RFKILL]: wlan_platdata_parse_dt: enable wifi power control.
[    1.678361] [WLAN_RFKILL]: wlan_platdata_parse_dt: disable wifi io reference voltage control.
[    1.678369] [WLAN_RFKILL]: wlan_platdata_parse_dt: wifi power controled by gpio.
[    1.678386] [WLAN_RFKILL]: wlan_platdata_parse_dt: get property: WIFI,poweren_gpio = 156, flags = 0.
[    1.678404] [WLAN_RFKILL]: wlan_platdata_parse_dt: get property: WIFI,host_wake_irq = 158, flags = 0.
[    1.678411] [WLAN_RFKILL]: rfkill_wlan_probe: init gpio
[    1.678434] [WLAN_RFKILL]: rockchip_wifi_voltage_select: wifi & sdio reference voltage: 1.8V
[    1.678442] [WLAN_RFKILL]: Exit rfkill_wlan_probe
[    1.678479] [BT_RFKILL]: Enter rfkill_rk_init
[    1.678590] [BT_RFKILL]: bluetooth_platdata_parse_dt: get property: uart_rts_gpios = 147.
[    1.678603] [BT_RFKILL]: bluetooth_platdata_parse_dt: get property: BT,power_gpio = 155.
[    1.678615] [BT_RFKILL]: bluetooth_platdata_parse_dt: get property: BT,reset_gpio = 157.
[    1.678627] [BT_RFKILL]: bluetooth_platdata_parse_dt: get property: BT,wake_gpio = 154.
[    1.678638] [BT_RFKILL]: bluetooth_platdata_parse_dt: get property: BT,wake_host_irq = 159.
[    1.678676] [BT_RFKILL]: Request irq for bt wakeup host
[    1.678763] [BT_RFKILL]: ** disable irq
[    1.678840] [BT_RFKILL]: ap6335 device registered.
[    1.679466] rk3288_init_suspend
[    1.679478] rk3288_suspend_init enter
[    1.679661] rk3288_suspend_init: pm_ctrbits =200007
[    1.679696] gpio_get_dts_info suspend:4
[    1.679702] gpio_get_dts_info resume:4
[    1.679707] rockchip,pmic-suspend_gpios:14007a10 0 0 0 0 0 0 0 0 0 0 0 0 0 0 0 0 0 0 0 
[    1.679729] rockchip,pmic-resume_gpios:2007a11 0 0 0 0 0 0 0 0 0 0 0 0 0 0 0 0 0 0 0 
[    1.679846] clks_gating_suspend_init:clkgt info ok
[    1.679923] Registering SWP/SWPB emulation handler
[    1.679935] rockchip_uboot_mem_late_init: Freeing uboot logo memory: 0x02000000@0x7dc00000
[    1.682196] ddrfreq: verion 1.2 20140526
[    1.682209] ddrfreq: normal 456MHz video_1080p 0MHz video_4k 456MHz dualview 0MHz idle 0MHz suspend 200MHz reboot 456MHz
[    1.682216] ddrfreq: auto-freq=0
[    1.682220] ddrfreq: auto-freq-table[0] 240MHz
[    1.682225] ddrfreq: auto-freq-table[1] 324MHz
[    1.682230] ddrfreq: auto-freq-table[2] 456MHz
[    1.682235] ddrfreq: auto-freq-table[3] 528MHz
[    1.693215] act_ldo3: operation not allowed
[    1.693225] vga_edid_probe: turn on ldo3 done.
[    1.693476] act_ldo4: operation not allowed
[    1.693483] vga_edid_probe: turn on ldo done.
[    1.693728] act_ldo2: operation not allowed
[    1.693734] vga_edid_probe: turn on ldo2 done.
[    1.693976] act_ldo8: operation not allowed
[    1.693981] vga_edid_probe: turn on ldo done.
[    1.699022] unable to read EDID block.
[    1.733571] unable to read EDID block.
[    1.768120] unable to read EDID block.
[    1.768128] vga-ddc: read and parse edid failed errno:-5.
[    1.768134] vga_edid_probe: success. 10 
[    1.768239] firefly_vga_get_enable 180, 0
[    1.768245] firefly_vga_get_status 186
[    1.768251] firefly_vga_set_enable 159 enable:1
[    1.768269] firefly_vga_enable 130 start
[    1.768275] firefly_switch_fb 55 
[    1.768283] switch:en=1,lcdc_id=0,screen type=1,cur type=1
[    1.768302] regulator-dummy: disabling
[    1.776813] =======================================================
[    1.776821] ==== Launching Wi-Fi driver! (Powered by Rockchip) ====
[    1.776826] =======================================================
[    1.776831]  WiFi driver (Powered by Rockchip,Ver 5.10.WFD.OOB.64bit) init.
[    1.776873] dhd_module_init: in
[    1.776880] ======== bcm_wlan_set_plat_data ========
[    1.776885] [WLAN_RFKILL]: rockchip_wifi_get_oob_irq: Enter
[    1.776903] host_oob_irq: 196 
[    1.776907] host_oob_irq_flags=4
[    1.776911] dhd_wifi_platform_load: Enter
[    1.776924] pcd_pullup, is_on 0
[    1.776927] Power-up adapter 'DHD generic adapter'
[    1.776930]  - irq 196 [flags 4], firmware: (null), nvram: (null)
[    1.776934]  - bus type -1, bus num -1, slot num -1
[    1.776934] 
[    1.776951] wifi_platform_set_power = 1
[    1.776956] ======== PULL WL_REG_ON HIGH! ========
[    1.776961] [WLAN_RFKILL]: rockchip_wifi_power: 1
[    1.776966] [WLAN_RFKILL]: rockchip_wifi_ref_voltage: 1
[    1.776971] [WLAN_RFKILL]: rockchip_wifi_ref_voltage: wifi io reference voltage control is disabled.
[    1.776974] file system registered
[    1.777423] android_usb gadget: Mass Storage Function, version: 2009/09/11
[    1.777430] android_usb gadget: Number of LUNs=2
[    1.777436]  lun0: LUN: removable file: (no medium)
[    1.777442]  lun1: LUN: removable file: (no medium)
[    1.777564] android_usb gadget: android_usb ready
[    1.777635] sensor_init: Probe name sensors
[    1.777650] sensor-dev.c v1.4 add angle calculation support between two gsensors 2013-09-01
[    1.778171] rtc_hym8563 0-0051: setting system clock to 2011-01-01 12:00:01 UTC (1293883201)
[    1.783888] rockchip-spdif-card rockchip-spdif-card.25:  rk-hdmi-spdif-hifi <-> ff880000.rockchip-spdif mapping ok
[    1.784477] usbcore: registered new interface driver snd-usb-audio
[    1.784485] ALSA device list:
[    1.784489]   #0: RK_ES8323
[    1.784493]   #1: RK-SPDIF-CARD
[    1.784573] SysRq : HELP : loglevel(0-9) reboot(b) crash(c) terminate-all-tasks(e) memory-full-oom-kill(f) kill-all-tasks(i) thaw-filesystems(j) show-backtrace-all-active-cpus(l) show-memory-usage(m) nice-all-RT-tasks(n) poweroff(o) show-registers(p) show-all-timers(q) sync(s) show-task-states(t) unmount(u) show-blocked-tasks(w) dump-ftrace-buffer(z) 
[    1.784611] SysRq : HELP : loglevel(0-9) reboot(b) crash(c) terminate-all-tasks(e) memory-full-oom-kill(f) kill-all-tasks(i) thaw-filesystems(j) show-backtrace-all-active-cpus(l) show-memory-usage(m) nice-all-RT-tasks(n) poweroff(o) show-registers(p) show-all-timers(q) sync(s) show-task-states(t) unmount(u) show-blocked-tasks(w) dump-ftrace-buffer(z) 
[    1.784642] SysRq : HELP : loglevel(0-9) reboot(b) crash(c) terminate-all-tasks(e) memory-full-oom-kill(f) kill-all-tasks(i) thaw-filesystems(j) show-backtrace-all-active-cpus(l) show-memory-usage(m) nice-all-RT-tasks(n) poweroff(o) show-registers(p) show-all-timers(q) sync(s) show-task-states(t) unmount(u) show-blocked-tasks(w) dump-ftrace-buffer(z) 
[    1.784669] SysRq : HELP : loglevel(0-9) reboot(b) crash(c) terminate-all-tasks(e) memory-full-oom-kill(f) kill-all-tasks(i) thaw-filesystems(j) show-backtrace-all-active-cpus(l) show-memory-usage(m) nice-all-RT-tasks(n) poweroff(o) show-registers(p) show-all-timers(q) sync(s) show-task-states(t) unmount(u) show-blocked-tasks(w) dump-ftrace-buffer(z) 
[    1.784696] SysRq : HELP : loglevel(0-9) reboot(b) crash(c) terminate-all-tasks(e) memory-full-oom-kill(f) kill-all-tasks(i) thaw-filesystems(j) show-backtrace-all-active-cpus(l) show-memory-usage(m) nice-all-RT-tasks(n) poweroff(o) show-registers(p) show-all-timers(q) sync(s) show-task-states(t) unmount(u) show-blocked-tasks(w) dump-ftrace-buffer(z) 
[    1.784726] SysRq : HELP : loglevel(0-9) reboot(b) crash(c) terminate-all-tasks(e) memory-full-oom-kill(f) kill-all-tasks(i) thaw-filesystems(j) show-backtrace-all-active-cpus(l) show-memory-usage(m) nice-all-RT-tasks(n) poweroff(o) show-registers(p) show-all-timers(q) sync(s) show-task-states(t) unmount(u) show-blocked-tasks(w) dump-ftrace-buffer(z) 
[    1.784758] SysRq : HELP : loglevel(0-9) reboot(b) crash(c) terminate-all-tasks(e) memory-full-oom-kill(f) kill-all-tasks(i) thaw-filesystems(j) show-backtrace-all-active-cpus(l) show-memory-usage(m) nice-all-RT-tasks(n) poweroff(o) show-registers(p) show-all-timers(q) sync(s) show-task-states(t) unmount(u) show-blocked-tasks(w) dump-ftrace-buffer(z) 
[    1.785251] Freeing unused kernel memory: 352K (c0b8e000 - c0be6000)
[    1.884886] [WLAN_RFKILL]: wifi turn on power. 156
[    1.966377] type=1403 audit(1293883201.680:2): policy loaded auid=4294967295 ses=4294967295
[    1.987816] init: invalid gid 'trace'
[    2.022651] rk_fb_switch_screen: wait update_regs_wait timeout
[    2.022825] rk3288-lcdc lcdc0: lcdc0: dclk:148500000>>fps:60 
[    2.022882] VGA ENABLE
[    2.066681] init: /dev/hw_random not found
[    2.066736] keychord: using input dev ff680000.pwm for fevent
[    2.066748] keychord: using input dev rk29-keypad for fevent
[    2.070744] init: /dev/hw_random not found
[    2.071527] fs_mgr: Running /sbin/resize2fs on /dev/block/platform/ff0f0000.rksdmmc/by-name/system
[    2.072382] resize2fs: resize2fs 1.42.9 (28-Dec-2013)resize2fs: The filesystem is already 393216 blocks long.  Nothing to do!resize2fs: 
[    2.074915] EXT4-fs (mmcblk0p10): Ignoring removed nomblk_io_submit option
[    2.080941] EXT4-fs (mmcblk0p10): mounted filesystem with ordered data mode. Opts: nomblk_io_submit,errors=remount-ro
[    2.081034] fs_mgr: check_fs(): mount(/dev/block/platform/ff0f0000.rksdmmc/by-name/system,/system,ext4)=0
[    2.081741] fs_mgr: Running /sbin/e2fsck on /dev/block/platform/ff0f0000.rksdmmc/by-name/system
[    2.086518] e2fsck: e2fsck 1.42.9 (28-Dec-2013)
[    2.086564] e2fsck: system: clean, 1836/81984 files, 111633/393216 blocks
[    2.090130] EXT4-fs (mmcblk0p10): mounted filesystem with ordered data mode. Opts: noauto_da_alloc
[    2.090199] fs_mgr: __mount(source=/dev/block/platform/ff0f0000.rksdmmc/by-name/system,target=/system,type=ext4)=0
[    2.091544] wifi_platform_bus_enumerate device present 1
[    2.091558] ======== Card detection to detect SDIO card! ========
[    2.091568] mmc2:mmc host rescan start!
[    2.096790] EXT4-fs (mmcblk0p8): recovery complete
[    2.097090] EXT4-fs (mmcblk0p8): mounted filesystem with ordered data mode. Opts: noauto_da_alloc,discard
[    2.097150] fs_mgr: __mount(source=/dev/block/platform/ff0f0000.rksdmmc/by-name/cache,target=/cache,type=ext4)=0
[    2.097479] EXT4-fs (mmcblk0p11): Ignoring removed nomblk_io_submit option
[    2.100863] EXT4-fs (mmcblk0p11): recovery complete
[    2.100879] EXT4-fs (mmcblk0p11): mounted filesystem with ordered data mode. Opts: nomblk_io_submit,errors=remount-ro
[    2.100929] fs_mgr: check_fs(): mount(/dev/block/platform/ff0f0000.rksdmmc/by-name/metadata,/metadata,ext4)=0
[    2.101733] fs_mgr: Running /sbin/e2fsck on /dev/block/platform/ff0f0000.rksdmmc/by-name/metadata
[    2.105945] e2fsck: e2fsck 1.42.9 (28-Dec-2013)
[    2.105980] e2fsck: /dev/block/platform/ff0f0000.rksdmmc/by-name/metadata: clean, 11/1024 files, 1102/4096 blocks
[    2.109753] EXT4-fs (mmcblk0p11): mounted filesystem with ordered data mode. Opts: noauto_da_alloc,discard
[    2.109823] fs_mgr: __mount(source=/dev/block/platform/ff0f0000.rksdmmc/by-name/metadata,target=/metadata,type=ext4)=0
[    2.109865] fs_mgr: Running /system/bin/fsck.f2fs -f /dev/block/platform/ff0f0000.rksdmmc/by-name/userdata
[    2.110731] fsck.f2fs: executing /system/bin/fsck.f2fs failed: No such file or directory
[    2.110771] fsck.f2fs: fsck.f2fs terminated by exit(255)
[    2.111017] fs_mgr: __mount(source=/dev/block/platform/ff0f0000.rksdmmc/by-name/userdata,target=/data,type=f2fs)=-1
[    2.111393] EXT4-fs (mmcblk0p13): Ignoring removed nomblk_io_submit option
[    2.174205] EXT4-fs (mmcblk0p13): recovery complete
[    2.174479] EXT4-fs (mmcblk0p13): mounted filesystem with ordered data mode. Opts: nomblk_io_submit,errors=remount-ro
[    2.174562] fs_mgr: check_fs(): mount(/dev/block/platform/ff0f0000.rksdmmc/by-name/userdata,/data,ext4)=0
[    2.176128] fs_mgr: Running /sbin/e2fsck on /dev/block/platform/ff0f0000.rksdmmc/by-name/userdata
[    2.180808] e2fsck: e2fsck 1.42.9 (28-Dec-2013)
[    2.180846] e2fsck: /dev/block/platform/ff0f0000.rksdmmc/by-name/userdata: clean, 740/65536 files, 48703/262144 blocks
[    2.184640] EXT4-fs (mmcblk0p13): mounted filesystem with ordered data mode. Opts: noauto_da_alloc,discard,errors=panic
[    2.184704] fs_mgr: __mount(source=/dev/block/platform/ff0f0000.rksdmmc/by-name/userdata,target=/data,type=ext4)=0
[    2.184726] fs_mgr: mount_with_alternatives(): Mounted /dev/block/platform/ff0f0000.rksdmmc/by-name/userdata on /data with fs_type=ext4 instead of f2fs
[    2.197715] arm_release_ver of this mali_ko is 'r5p0-06rel0', rk_ko_ver is '12', built at '12:02:29', on 'Jul  6 2015'.
[    2.197804] mali ffa30000.gpu: Continuing without Mali clock control
[    2.197888] mali pd enabled
[    2.197903] clk enabled
[    2.197916] MALI_DVFS_STEP=4,div_dvfs=10
[    2.197926] mali_dvfs_infotbl[0].clock=198000,min_threshold=0,max_threshold=70
[    2.197935] mali_dvfs_infotbl[1].clock=297000,min_threshold=70,max_threshold=80
[    2.197945] mali_dvfs_infotbl[2].clock=417000,min_threshold=80,max_threshold=90
[    2.197954] mali_dvfs_infotbl[3].clock=480000,min_threshold=94,max_threshold=100
[    2.198047] turn on mali power
[    2.198060] kbase_platform_rk_init,register_reboot_notifier
[    2.198080] mali ffa30000.gpu: GPU identified as 0x0750 r0p0 status 1
[    2.198494] mali ffa30000.gpu: Probed as mali0
[    2.199556] rk29_ipp: version magic '3.0.8+ SMP preempt mod_unload ARMv7 ' should be '3.10.0 SMP preempt mod_unload ARMv7 p2v8 '
[    2.200170] rk29_ipp: version magic '3.0.36+ SMP preempt mod_unload ARMv7 ' should be '3.10.0 SMP preempt mod_unload ARMv7 p2v8 '
[    2.200749] rk29_ipp: version magic '3.0.101+ SMP preempt mod_unload ARMv7 ' should be '3.10.0 SMP preempt mod_unload ARMv7 p2v8 '
[    2.201522] zram0: detected capacity change from 0 to 533413888
[    2.247609] Adding 520908k swap on /dev/block/zram0.  Priority:-1 extents:1 across:520908k SS
[    2.272193] EXT4-fs (mmcblk0p13): Unrecognized mount option "background_gc=on" or missing value
[    2.280536] bat_cap: oldcap path is /sys/devices/ff100000.adc
[    2.280592] bat_cap: oldcap_path no exist
[    2.280767] binder: 150:150 transaction failed 29189, size 0-0
[    2.281303] init: Warning!  Service displayd needs a SELinux domain defined; please fix!
[    2.285121] init: property 'ro.serialno' doesn't exist while expanding '${ro.serialno}'
[    2.285152] init: cannot expand '${ro.serialno}' while writing to '/sys/class/android_usb/android0/iSerial'
[    2.285376] init: using deprecated syntax for specifying property 'ro.product.usbfactory', use ${name} instead
[    2.285870] rtk_btusb: btchr_open: BT usb char device is opening
[    2.285888] rtk_btusb: btchr_open: Failed to get hci dev[NULL]
[    2.285905] rtk_btusb: btchr_open: BT usb char device is opening
[    2.285916] rtk_btusb: btchr_open: Failed to get hci dev[NULL]
[    2.285938] rtk_btusb: btchr_open: BT usb char device is opening
[    2.285949] rtk_btusb: btchr_open: Failed to get hci dev[NULL]
[    2.285963] rtk_btusb: btchr_open: BT usb char device is opening
[    2.285970] rtk_btusb: btchr_open: Failed to get hci dev[NULL]
[    2.304281] init: cannot find '/system/bin/debuggerd64', disabling 'debuggerd64'
[    2.305884] init: cannot find '/system/bin/install-recovery.sh', disabling 'flash_recovery'
[    2.306343] init: cannot find '/system/bin/bplus_helper', disabling 'bplus_helper'
[    2.306565] init: Warning!  Service drmservice needs a SELinux domain defined; please fix!
[    2.306799] init: cannot find '/system/bin/akmd', disabling 'akmd'
[    2.308059] rk_sdmmc: BOOT dw_mci_setup_bus: argue clk_mmc workaround out 800000Hz for init[mmc2]
[    2.342834] mmc2: queuing unknown CIS tuple 0x80 (2 bytes)
[    2.344378] mmc2: queuing unknown CIS tuple 0x80 (3 bytes)
[    2.345911] mmc2: queuing unknown CIS tuple 0x80 (3 bytes)
[    2.348695] mmc2: queuing unknown CIS tuple 0x80 (7 bytes)
[    2.402188] mmc_host mmc2: Bus speed (slot 0) = 50000000Hz (slot req 50000000Hz, actual 50000000HZ div = 0)
[    2.402215] rk_sdmmc: BOOT dw_mci_setup_bus: argue clk_mmc workaround out normal clock [mmc2]
[    2.402281] rk_sdmmc: BOOT Bus speed=50000000Hz,Bus width=4bits.[mmc2]
[    2.406117] mmc2: queuing unknown CIS tuple 0x91 (3 bytes)
[    2.406143] mmc2: new high speed SDIO card at address 0001
[    2.406267] firefly_vga_get_enable 180, 1
[    2.406376] firefly_vga_get_status 186
[    2.407043] android_usb: already disabled
[    2.407860] firefly_vga_set_mode 203
[    2.407934] firefly_vga_set_enable 159 enable:1
[    2.409113] read descriptors
[    2.409131] read strings
[    2.409162] pcd_pullup, is_on 1
[    2.422810] dhd_bus_register: Enter
[    2.422822] bcmsdh_register: register client driver
[    2.422931] bcmsdh_sdmmc: bcmsdh_sdmmc_probe Enter
[    2.422999] bcmsdh_sdmmc: bcmsdh_sdmmc_probe Enter
[    2.423007] bus num (host idx)=2, slot num (rca)=1
[    2.423013] found adapter info 'DHD generic adapter'
[    2.423019] found adapter info 'DHD generic adapter'
[    2.423248] dhdsdio_probe: Enter
[    2.423255] dhdsdio_probe: venid 0x14e4 devid 0x0000
[    2.423261] dhdsdio_probe: allow device id 0, will check chip internals
[    2.423336] F1 signature read @0x18000000=0x16224335
[    2.430555] Function 0 CIS:
[    2.430565]     20 04 d0 02 35 43 21 02 0c 00 22 04 00 20 00 2b 
[    2.430584]     80 02 00 0b 80 03 02 00 11 80 03 1b 4c 06 80 07 
[    2.430603]     19 94 a1 a2 f7 55 c6 00 00 00 00 00 00 00 00 00 
[    2.430621]     00 00 00 00 00 00 00 00 00 00 00 00 00 00 00 00 
[    2.430638]     00 00 00 00 00 00 00 00 00 00 00 00 00 00 00 00 
[    2.430656]     00 00 00 00 00 00 00 00 00 00 00 00 00 00 00 00 
[    2.430673]     00 00 00 00 00 00 00 00 00 00 00 00 00 00 00 00 
[    2.430691]     00 00 00 00 00 00 00 00 00 00 00 00 00 00 00 00 
[    2.430708]     00 00 00 00 00 00 00 00 00 00 00 00 00 00 00 00 
[    2.430725]     00 00 00 00 00 00 00 00 00 00 00 00 00 00 00 00 
[    2.430743]     00 00 00 00 00 00 00 00 00 00 00 00 00 00 00 00 
[    2.430760]     00 00 00 00 00 00 00 00 00 00 00 00 00 00 00 00 
[    2.430778]     00 00 00 00 00 00 00 00 00 00 00 00 00 00 00 00 
[    2.430795]     00 00 00 00 ff 
[    2.437593] Function 1 CIS:
[    2.437603]     20 04 d0 02 35 43 21 02 0c 00 22 2a 01 00 00 00 
[    2.437623]     00 00 00 00 00 00 00 00 40 00 00 ff ff 80 00 00 
[    2.437642]     00 00 00 00 00 00 00 00 00 00 00 00 00 00 00 00 
[    2.437661]     00 00 00 00 00 00 ff 
[    2.444847] Function 2 CIS:
[    2.444857]     20 04 d0 02 35 43 21 02 0c 00 22 2a 01 01 00 00 
[    2.444877]     00 00 00 00 00 00 00 00 00 02 00 ff ff 80 00 00 
[    2.444895]     00 00 00 00 00 00 00 00 c8 00 00 00 00 00 00 00 
[    2.444912]     00 00 00 00 00 00 ff 
[    2.447114] F1 signature OK, socitype:0x1 chip:0x4339 rev:0x1 pkg:0x2
[    2.447433] DHD: dongle ram size is set to 786432(orig 786432) at 0x180000
[    2.447472] dhd_attach: Enter
[    2.447478] found adapter info 'DHD generic adapter'
[    2.447488] wifi_platform_get_mac_addr
[    2.447494] ======== bcm_wlan_get_mac_address ========
[    2.447499] [WLAN_RFKILL]: rockchip_wifi_mac_addr: enter.
[    2.447507] [WLAN_RFKILL]: falsh wifi_custom_mac_addr=[00:00:00:00:00:00]
[    2.447513] [WLAN_RFKILL]: This mac address is not valid, ignored...
[    2.447521] dhd_conf_set_chiprev: chip=0x4339, chiprev=1
[    2.447556] dhd_conf_set_conf_path_by_nv_path: config_path=/system/etc/firmware/config.txt
[    2.447854] wl_create_event_handler(): thread:wl_event_handler:b4 started
[    2.447858] tsk Enter, tsk = 0xdd7a149c
[    2.447986] dhd_attach(): thread:dhd_watchdog_thread:b5 started
[    2.448028] dhd_attach(): thread:dhd_dpc:b6 started
[    2.448037] dhd_dpc_thread: set dpc_cpucore 0 from config.txt
[    2.448065] dhd_attach(): thread:dhd_rxf:b7 started
[    2.448076] dhd_deferred_work_init: work queue initialized 
[    2.448082] dhd_tcpack_suppress_set: 0 -> 2
[    2.448089] _tdata_psh_info_pool_init 257: Enter
[    2.448095] dhdsdio_probe_malloc: Enter
[    2.448104] dhdsdio_probe_init: Enter
[    2.448158] dhdsdio_probe_init: Initial value for sd_divisor is 2
[    2.448165] dhdsdio_probe_init: Initial value for sd_mode is 2
[    2.448171] dhdsdio_probe_init: Initial value for sd_blocksize is 128
[    2.448264] Apply overflow WAR: 0x10 0x20 0xa0
[    2.448271] dhdsdio_probe_init: bus module (through bcmsdh API) does not support chaining
[    2.448277] dhdsdio_probe_init: set use_rxchain 1 from config.txt
[    2.448308] dhdsdio_probe: completed!!
[    2.455452] dhd_register_if: ifidx 0
[    2.455462] Dongle Host Driver, version 1.201.59.4 (r506368)
[    2.455462] Compiled in drivers/net/wireless/bcmdhd on May  3 2017 at 11:34:53
[    2.455972] dhd_get_stats: Enter
[    2.456002] Register interface [wlan0]  MAC: 94:a1:a2:f7:55:c6
[    2.456002] 
[    2.456012] dhd_prot_ioctl : bus is down. we have nothing to do
[    2.456018] dhd_net_bus_devreset: wl down failed
[    2.456023] dhd_os_wd_timer: Enter
[    2.456028] dhd_txflowcontrol: Enter
[    2.456034] dhd_bus_stop: Enter
[    2.456086] bcmsdh_oob_intr_unregister: Enter
[    2.456092] bcmsdh_oob_intr_unregister: irq is not registered
[    2.456099] dhdsdio_release_dongle: Enter bus->dhd dd6980a4 bus->dhd->dongle_reset 0 
[    2.456105] dhdsdio_clkctl: Enter
[    2.456109] dhdsdio_sdclk: Enter
[    2.456113] dhd_os_wd_timer: Enter
[    2.456119] dhdsdio_clkctl: 1 -> 0
[    2.456124] dhdsdio_release_dongle: Disconnected
[    2.456129] dhd_txglom_enable: Enter
[    2.456133] dhd_txglom_enable: enable 0
[    2.456138] dhd_bus_devreset:  WLAN OFF DONE
[    2.456171] wifi_platform_set_power = 0
[    2.456177] ======== PULL WL_REG_ON LOW! ========
[    2.456182] [WLAN_RFKILL]: rockchip_wifi_power: 0
[    2.514087] logd.auditd: start
[    2.563860] [WLAN_RFKILL]: wifi shut off power.
[    2.563873] [WLAN_RFKILL]: rockchip_wifi_ref_voltage: 0
[    2.563879] [WLAN_RFKILL]: rockchip_wifi_ref_voltage: wifi io reference voltage control is disabled.
[    2.563939] dhd_module_init: Exit err=0
[    2.721305] EHCI: rk_ehci_hcd_enable, disable host controller
[    2.819715] dwc_otg_hcd_enable, enable host controller
[    2.923438] Using Buffer DMA mode
[    2.923449] Periodic Transfer Interrupt Enhancement - disabled
[    2.923454] Multiprocessor Interrupt Enhancement - disabled
[    2.923460] OTG VER PARAM: 0, OTG VER FLAG: 0
[    2.923465] ^^^^^^^^^^^^^^^^^^Host Mode
[    2.967386] Init: Power Port (0)
[    2.967425] ff540000.usb resume, HPRT0:0x21401
[    3.105103] Indeed it is in host mode hprt0 = 00021501
[    3.265368] healthd: No charger supplies found
[    3.265383] healthd: No battery devices found
[    3.292043] usb 3-1: new high-speed USB device number 2 using usb20_host
[    3.292118] Indeed it is in host mode hprt0 = 00001101
[    3.358436] rk3288-lcdc lcdc0: blank mode:0
[    3.489051] usb 3-1: New USB device found, idVendor=1a40, idProduct=0101
[    3.489064] usb 3-1: New USB device strings: Mfr=0, Product=1, SerialNumber=0
[    3.489073] usb 3-1: Product: USB 2.0 Hub [MTT]
[    3.489511] hub 3-1:1.0: USB hub found
[    3.489602] hub 3-1:1.0: 4 ports detected
[    3.606913] ff540000.usb suspend, HPRT0:0x1485
[    4.642691] warning: `system_server' uses 32-bit capabilities (legacy support in use)
[    5.846679] D1:camsys_mipiphy_clkin_cb(34): camsys_marvin mipi phy clk in turn on
[    5.846691] D1:camsys_mipiphy_clkin_cb(34): camsys_marvin mipi phy clk in turn on
[    5.846698] D1:camsys_open(739): camsys_marvin(ddeab110) is opened!
[    5.846774] D1:camsys_extdev_register(243): Get RK30_PIN2_PB6(78) gpio(active: 0) for dev_id 0x2000000 success!
[    5.846785] D1:camsys_extdev_register(243): Get RK30_PIN2_PB7(79) gpio(active: 0) for dev_id 0x2000000 success!
[    5.846796] D1:camsys_extdev_register(243): Get RK30_PIN0_PB3(11) gpio(active: 1) for dev_id 0x2000000 success!
[    5.846821] rockchip_gpio_request:GPIO7-13
[    5.846831] rockchip_gpio_set:GPIO7-13 level = 1
[    5.846836] rockchip_gpio_direction_output:set GPIO7-13 level 1
[    5.846844] rk32_iomux_bit_op:GPIO7-13,reg=0x70,data=0xc000000,result=0x0
[    5.846852] rockchip_pmx_gpio_set_direction:gpio_direction for pin 237 as gpio7-13 to output,data=0x7600,result=0x7600
[    5.846859] D1:camsys_mrv_iomux_cb(90): marvin pinctrl select: isp_mipi_fl
[    5.846878] D1:camsys_extdev_register(268): Extdev(dev_id: 0x2000000  dev_name: OV13850) register success
[    5.851915] D1:camsys_mrv_clkin_cb(350): camsys_marvin clock(f: 210000000 Hz) in turn on
[    5.851926] D1:camsys_rk3288_cfg(267): Isp_SoftRst: 1
[    5.852031] D1:camsys_rk3288_cfg(267): Isp_SoftRst: 0
[    5.852058] D1:camsys_mrv_clkout_cb(392): camsys_marvin clock out(rate: 24000000Hz) turn on
[    5.853120] D1:camsys_sysctl_extdev(360): Sysctl 11 success, gpio(11) set 1
[    5.854184] D1:camsys_sysctl_extdev(364): Sysctl 8 success, gpio(79) set 1
[    5.855238] D1:camsys_sysctl_extdev(364): Sysctl 7 success, gpio(78) set 1
[    5.858466] E:camsys_i2c_write(78): i2c write dev(addr:0x20) failed!
[    5.859667] E:camsys_i2c_write(78): i2c write dev(addr:0x6c) failed!
[    5.859774] D1:camsys_sysctl_extdev(360): Sysctl 7 success, gpio(78) set 0
[    5.859788] D1:camsys_sysctl_extdev(360): Sysctl 8 success, gpio(79) set 0
[    5.859801] D1:camsys_sysctl_extdev(364): Sysctl 11 success, gpio(11) set 0
[    5.860897] D1:camsys_mrv_clkin_cb(374): camsys_marvin clock in turn off
[    5.860922] D1:camsys_mrv_clkout_cb(404): camsys_marvin clock out turn off
[    5.862976] D1:camsys_extdev_deregister(331): Extdev(dev_id: 0x2000000) is deregister success
[    5.862989] D1:camsys_irq_disconnect(664): All thread disconnect camsys_marvin irq success!
[    5.862999] D1:camsys_mipiphy_clkin_cb(36): camsys_marvin mipi phy clk in turn off
[    5.863005] D1:camsys_mipiphy_clkin_cb(36): camsys_marvin mipi phy clk in turn off
[    5.863011] D1:camsys_release(763): camsys_marvin(ddeab110) is closed
[    5.864608] type=1400 audit(1293883205.640:3): avc: denied { execute } for pid=489 comm="mediaserver" name="sh" dev="mmcblk0p10" ino=305 scontext=u:r:mediaserver:s0 tcontext=u:object_r:shell_exec:s0 tclass=file permissive=1
[    5.864762] type=1400 audit(1293883205.640:4): avc: denied { read open } for pid=489 comm="mediaserver" path="/system/bin/sh" dev="mmcblk0p10" ino=305 scontext=u:r:mediaserver:s0 tcontext=u:object_r:shell_exec:s0 tclass=file permissive=1
[    5.864837] type=1400 audit(1293883205.640:5): avc: denied { execute_no_trans } for pid=489 comm="mediaserver" path="/system/bin/sh" dev="mmcblk0p10" ino=305 scontext=u:r:mediaserver:s0 tcontext=u:object_r:shell_exec:s0 tclass=file permissive=1
[    5.866684] type=1400 audit(1293883205.640:6): avc: denied { getattr } for pid=489 comm="sh" path="/system/bin/toolbox" dev="mmcblk0p10" ino=318 scontext=u:r:mediaserver:s0 tcontext=u:object_r:toolbox_exec:s0 tclass=file permissive=1
[    5.866769] type=1400 audit(1293883205.640:7): avc: denied { execute } for pid=489 comm="sh" name="toolbox" dev="mmcblk0p10" ino=318 scontext=u:r:mediaserver:s0 tcontext=u:object_r:toolbox_exec:s0 tclass=file permissive=1
[    5.866833] type=1400 audit(1293883205.640:8): avc: denied { read open } for pid=489 comm="sh" path="/system/bin/toolbox" dev="mmcblk0p10" ino=318 scontext=u:r:mediaserver:s0 tcontext=u:object_r:toolbox_exec:s0 tclass=file permissive=1
[    5.866915] type=1400 audit(1293883205.640:9): avc: denied { execute_no_trans } for pid=489 comm="sh" path="/system/bin/toolbox" dev="mmcblk0p10" ino=318 scontext=u:r:mediaserver:s0 tcontext=u:object_r:toolbox_exec:s0 tclass=file permissive=1
[    8.578668] healthd: battery none chg=
[    8.635140] [otg id chg] last id -1 current id 1
[    8.723210] lowmemorykiller: lowmem_shrink: convert oom_adj to oom_score_adj:
[    8.723233] lowmemorykiller: oom_adj 0 => oom_score_adj 0
[    8.723241] lowmemorykiller: oom_adj 1 => oom_score_adj 58
[    8.723247] lowmemorykiller: oom_adj 2 => oom_score_adj 117
[    8.723253] lowmemorykiller: oom_adj 3 => oom_score_adj 176
[    8.723259] lowmemorykiller: oom_adj 9 => oom_score_adj 529
[    8.723266] lowmemorykiller: oom_adj 15 => oom_score_adj 1000
[    8.930803] es8323_mic_state_ctrl read: 0
[    8.930822] mic_state_switch 0
[    8.930829] hp_det = 0,insert hp
[    8.930835] hp mic use intern
[    9.059446] acc_open
[    9.059473] acc_release
[    9.163415] phy_power_on: enable = 1 
[    9.202815] Read the Ethernet MAC address from IDB:00:00:00:00:00:00
[    9.202847] eth0: device MAC address 2e:b0:c5:34:f0:e2
[    9.207290] libphy: stmmac: probed
[    9.207302] eth0: PHY ID 001cc915 at 0 IRQ 0 (stmmac-0:00) active
[    9.207309] eth0: PHY ID 001cc915 at 1 IRQ 0 (stmmac-0:01) active
[    9.523967] dwc_otg_hcd_resume, usb device mode
[    9.524113] dwc_otg_hcd_suspend, usb device mode
[    9.524179] ff540000.usb resume, HPRT0:0x1485
[    9.570111] ff540000.usb suspend, HPRT0:0x1485
[    9.638658] Current WiFi chip is AP6210.
[    9.638732] Current WiFi chip is AP6210.
[    9.643272] Current WiFi chip is AP6210.
[   10.033534] FAT-fs (mmcblk0p15): Volume was not properly unmounted. Some data may be corrupt. Please run fsck.
[   10.062275] dhd_open: Enter c583d800
[   10.062297] dhd_open: ifidx 0
[   10.062306] 
[   10.062306] Dongle Host Driver, version 1.201.59.4 (r506368)
[   10.062306] Compiled in drivers/net/wireless/bcmdhd on May  3 2017 at 11:34:53
[   10.062321] wl_android_wifi_on in 1
[   10.062327] wl_android_wifi_on in 2: g_wifi_on=0
[   10.062335] wifi_platform_set_power = 1
[   10.062340] ======== PULL WL_REG_ON HIGH! ========
[   10.062347] [WLAN_RFKILL]: rockchip_wifi_power: 1
[   10.062354] [WLAN_RFKILL]: rockchip_wifi_ref_voltage: 1
[   10.062360] [WLAN_RFKILL]: rockchip_wifi_ref_voltage: wifi io reference voltage control is disabled.
[   10.081172] init: no such service 'fuse_internal_sd'
[   10.170181] [WLAN_RFKILL]: wifi turn on power. 156
[   10.270861] pm policy 0 -> 1
[   10.376838] sdio_reset_comm():
[   10.379854] mmc_host mmc2: Bus speed (slot 0) = 50000000Hz (slot req 200000Hz, actual 200000HZ div = 125)
[   10.379873] rk_sdmmc: BOOT dw_mci_setup_bus: argue clk_mmc workaround out 400000Hz for init[mmc2]
[   10.398559] mmc2: queuing unknown CIS tuple 0x80 (2 bytes)
[   10.401506] mmc2: queuing unknown CIS tuple 0x80 (3 bytes)
[   10.404454] mmc2: queuing unknown CIS tuple 0x80 (3 bytes)
[   10.409797] mmc2: queuing unknown CIS tuple 0x80 (7 bytes)
[   10.523111] mmc_host mmc2: Bus speed (slot 0) = 50000000Hz (slot req 50000000Hz, actual 50000000HZ div = 0)
[   10.523154] rk_sdmmc: BOOT dw_mci_setup_bus: argue clk_mmc workaround out normal clock [mmc2]
[   10.523416] 
[   10.523416] 
[   10.523416] dhd_bus_devreset: == WLAN ON ==
[   10.523487] F1 signature read @0x18000000=0x16224335
[   10.530375] Function 0 CIS:
[   10.530386]     20 04 d0 02 35 43 21 02 0c 00 22 04 00 20 00 2b 
[   10.530407]     80 02 00 0b 80 03 02 00 11 80 03 1b 4c 06 80 07 
[   10.530428]     19 94 a1 a2 f7 55 c6 00 00 00 00 00 00 00 00 00 
[   10.530447]     00 00 00 00 00 00 00 00 00 00 00 00 00 00 00 00 
[   10.530465]     00 00 00 00 00 00 00 00 00 00 00 00 00 00 00 00 
[   10.530485]     00 00 00 00 00 00 00 00 00 00 00 00 00 00 00 00 
[   10.530504]     00 00 00 00 00 00 00 00 00 00 00 00 00 00 00 00 
[   10.530522]     00 00 00 00 00 00 00 00 00 00 00 00 00 00 00 00 
[   10.530541]     00 00 00 00 00 00 00 00 00 00 00 00 00 00 00 00 
[   10.530559]     00 00 00 00 00 00 00 00 00 00 00 00 00 00 00 00 
[   10.530578]     00 00 00 00 00 00 00 00 00 00 00 00 00 00 00 00 
[   10.530596]     00 00 00 00 00 00 00 00 00 00 00 00 00 00 00 00 
[   10.530615]     00 00 00 00 00 00 00 00 00 00 00 00 00 00 00 00 
[   10.530634]     00 00 00 00 ff 
[   10.544857] Function 1 CIS:
[   10.544867]     20 04 d0 02 35 43 21 02 0c 00 22 2a 01 00 00 00 
[   10.544888]     00 00 00 00 00 00 00 00 40 00 00 ff ff 80 00 00 
[   10.544907]     00 00 00 00 00 00 00 00 00 00 00 00 00 00 00 00 
[   10.544928]     00 00 00 00 00 00 ff 
[   10.558493] Function 2 CIS:
[   10.558504]     20 04 d0 02 35 43 21 02 0c 00 22 2a 01 01 00 00 
[   10.558525]     00 00 00 00 00 00 00 00 00 02 00 ff ff 80 00 00 
[   10.558544]     00 00 00 00 00 00 00 00 c8 00 00 00 00 00 00 00 
[   10.558563]     00 00 00 00 00 00 ff 
[   10.561327] F1 signature OK, socitype:0x1 chip:0x4339 rev:0x1 pkg:0x2
[   10.561632] DHD: dongle ram size is set to 786432(orig 786432) at 0x180000
[   10.561672] dhdsdio_probe_init: Enter
[   10.561717] dhdsdio_probe_init: Initial value for sd_divisor is 2
[   10.561725] dhdsdio_probe_init: Initial value for sd_mode is 2
[   10.561732] dhdsdio_probe_init: Initial value for sd_blocksize is 128
[   10.561815] Apply overflow WAR: 0x10 0x20 0xa0
[   10.561824] dhdsdio_probe_init: bus module (through bcmsdh API) does not support chaining
[   10.561831] dhdsdio_probe_init: set use_rxchain 1 from config.txt
[   10.561838] dhdsdio_download_firmware: firmware path=/system/etc/firmware/fw_bcm4329.bin, nvram path=/system/etc/firmware/nvram_AP6210.txt
[   10.561846] dhdsdio_clkctl: Enter
[   10.561851] dhdsdio_htclk: Enter
[   10.561883] CLKCTL: turned ON
[   10.561889] dhd_os_wd_timer: Enter
[   10.561895] dhdsdio_clkctl: 1 -> 3
[   10.562010] dhd_conf_read_config: Ignore config file /system/etc/firmware/config.txt
[   10.562024] dhd_conf_set_fw_name_by_chip: firmware_path=/system/etc/firmware/fw_bcm4339a0_ag.bin,nv_path=/system/etc/firmware/nvram_AP6335.txt
[   10.562033] Final fw_path=/system/etc/firmware/fw_bcm4339a0_ag.bin
[   10.562039] Final nv_path=/system/etc/firmware/nvram_AP6335.txt
[   10.562044] Final conf_path=/system/etc/firmware/config.txt
[   10.562424] dhdsdio_download_code_file: download firmware /system/etc/firmware/fw_bcm4339a0_ag.bin
[   10.563100] dhdsdio_membytes: write 2048 bytes at offset 0x00000000 in window 0x00180000
[   10.563322] dhdsdio_membytes: read 2048 bytes at offset 0x00000000 in window 0x00180000
[   10.563498] dhdsdio_download_code_file: Download, Upload and compare succeeded.
[   10.563552] dhdsdio_membytes: write 2048 bytes at offset 0x00000800 in window 0x00180000
[   10.563823] dhdsdio_membytes: read 2048 bytes at offset 0x00000800 in window 0x00180000
[   10.564007] dhdsdio_download_code_file: Download, Upload and compare succeeded.
[   10.564147] dhdsdio_membytes: write 2048 bytes at offset 0x00001000 in window 0x00180000
[   10.564355] dhdsdio_membytes: read 2048 bytes at offset 0x00001000 in window 0x00180000
[   10.564535] dhdsdio_download_code_file: Download, Upload and compare succeeded.
[   10.564595] dhdsdio_membytes: write 2048 bytes at offset 0x00001800 in window 0x00180000
[   10.564802] dhdsdio_membytes: read 2048 bytes at offset 0x00001800 in window 0x00180000
[   10.565519] dhdsdio_download_code_file: Download, Upload and compare succeeded.
[   10.565581] dhdsdio_membytes: write 2048 bytes at offset 0x00002000 in window 0x00180000
[   10.565897] dhdsdio_membytes: read 2048 bytes at offset 0x00002000 in window 0x00180000
[   10.566072] dhdsdio_download_code_file: Download, Upload and compare succeeded.
[   10.566130] dhdsdio_membytes: write 2048 bytes at offset 0x00002800 in window 0x00180000
[   10.566338] dhdsdio_membytes: read 2048 bytes at offset 0x00002800 in window 0x00180000
[   10.566509] dhdsdio_download_code_file: Download, Upload and compare succeeded.
[   10.566563] dhdsdio_membytes: write 2048 bytes at offset 0x00003000 in window 0x00180000
[   10.566770] dhdsdio_membytes: read 2048 bytes at offset 0x00003000 in window 0x00180000
[   10.566937] dhdsdio_download_code_file: Download, Upload and compare succeeded.
[   10.566989] dhdsdio_membytes: write 2048 bytes at offset 0x00003800 in window 0x00180000
[   10.567219] dhdsdio_membytes: read 2048 bytes at offset 0x00003800 in window 0x00180000
[   10.567405] dhdsdio_download_code_file: Download, Upload and compare succeeded.
[   10.585322] dhdsdio_membytes: write 2048 bytes at offset 0x00004000 in window 0x00180000
[   10.585547] dhdsdio_membytes: read 2048 bytes at offset 0x00004000 in window 0x00180000
[   10.585728] dhdsdio_download_code_file: Download, Upload and compare succeeded.
[   10.585784] dhdsdio_membytes: write 2048 bytes at offset 0x00004800 in window 0x00180000
[   10.586073] dhdsdio_membytes: read 2048 bytes at offset 0x00004800 in window 0x00180000
[   10.586251] dhdsdio_download_code_file: Download, Upload and compare succeeded.
[   10.586310] dhdsdio_membytes: write 2048 bytes at offset 0x00005000 in window 0x00180000
[   10.586525] dhdsdio_membytes: read 2048 bytes at offset 0x00005000 in window 0x00180000
[   10.586788] dhdsdio_download_code_file: Download, Upload and compare succeeded.
[   10.586856] dhdsdio_membytes: write 2048 bytes at offset 0x00005800 in window 0x00180000
[   10.587648] dhdsdio_membytes: read 2048 bytes at offset 0x00005800 in window 0x00180000
[   10.587833] dhdsdio_download_code_file: Download, Upload and compare succeeded.
[   10.587889] dhdsdio_membytes: write 2048 bytes at offset 0x00006000 in window 0x00180000
[   10.588112] dhdsdio_membytes: read 2048 bytes at offset 0x00006000 in window 0x00180000
[   10.588317] dhdsdio_download_code_file: Download, Upload and compare succeeded.
[   10.588377] dhdsdio_membytes: write 2048 bytes at offset 0x00006800 in window 0x00180000
[   10.588585] dhdsdio_membytes: read 2048 bytes at offset 0x00006800 in window 0x00180000
[   10.588995] dhdsdio_download_code_file: Download, Upload and compare succeeded.
[   10.589059] dhdsdio_membytes: write 2048 bytes at offset 0x00007000 in window 0x00180000
[   10.589610] dhdsdio_membytes: read 2048 bytes at offset 0x00007000 in window 0x00180000
[   10.592266] dhdsdio_download_code_file: Download, Upload and compare succeeded.
[   10.592330] dhdsdio_membytes: write 2048 bytes at offset 0x00007800 in window 0x00180000
[   10.592554] dhdsdio_membytes: read 2048 bytes at offset 0x00007800 in window 0x00180000
[   10.592730] dhdsdio_download_code_file: Download, Upload and compare succeeded.
[   10.592789] dhdsdio_membytes: write 2048 bytes at offset 0x00000000 in window 0x00188000
[   10.593002] dhdsdio_membytes: read 2048 bytes at offset 0x00000000 in window 0x00188000
[   10.593177] dhdsdio_download_code_file: Download, Upload and compare succeeded.
[   10.593232] dhdsdio_membytes: write 2048 bytes at offset 0x00000800 in window 0x00188000
[   10.593438] dhdsdio_membytes: read 2048 bytes at offset 0x00000800 in window 0x00188000
[   10.593672] dhdsdio_download_code_file: Download, Upload and compare succeeded.
[   10.593732] dhdsdio_membytes: write 2048 bytes at offset 0x00001000 in window 0x00188000
[   10.594044] dhdsdio_membytes: read 2048 bytes at offset 0x00001000 in window 0x00188000
[   10.594307] dhdsdio_download_code_file: Download, Upload and compare succeeded.
[   10.594371] dhdsdio_membytes: write 2048 bytes at offset 0x00001800 in window 0x00188000
[   10.596025] dhdsdio_membytes: read 2048 bytes at offset 0x00001800 in window 0x00188000
[   10.596215] dhdsdio_download_code_file: Download, Upload and compare succeeded.
[   10.596274] dhdsdio_membytes: write 2048 bytes at offset 0x00002000 in window 0x00188000
[   10.596493] dhdsdio_membytes: read 2048 bytes at offset 0x00002000 in window 0x00188000
[   10.596667] dhdsdio_download_code_file: Download, Upload and compare succeeded.
[   10.596722] dhdsdio_membytes: write 2048 bytes at offset 0x00002800 in window 0x00188000
[   10.596933] dhdsdio_membytes: read 2048 bytes at offset 0x00002800 in window 0x00188000
[   10.597103] dhdsdio_download_code_file: Download, Upload and compare succeeded.
[   10.597153] dhdsdio_membytes: write 2048 bytes at offset 0x00003000 in window 0x00188000
[   10.597364] dhdsdio_membytes: read 2048 bytes at offset 0x00003000 in window 0x00188000
[   10.597539] dhdsdio_download_code_file: Download, Upload and compare succeeded.
[   10.597588] dhdsdio_membytes: write 2048 bytes at offset 0x00003800 in window 0x00188000
[   10.597796] dhdsdio_membytes: read 2048 bytes at offset 0x00003800 in window 0x00188000
[   10.597964] dhdsdio_download_code_file: Download, Upload and compare succeeded.
[   10.598013] dhdsdio_membytes: write 2048 bytes at offset 0x00004000 in window 0x00188000
[   10.598247] dhdsdio_membytes: read 2048 bytes at offset 0x00004000 in window 0x00188000
[   10.598419] dhdsdio_download_code_file: Download, Upload and compare succeeded.
[   10.598471] dhdsdio_membytes: write 2048 bytes at offset 0x00004800 in window 0x00188000
[   10.598678] dhdsdio_membytes: read 2048 bytes at offset 0x00004800 in window 0x00188000
[   10.598849] dhdsdio_download_code_file: Download, Upload and compare succeeded.
[   10.598901] dhdsdio_membytes: write 2048 bytes at offset 0x00005000 in window 0x00188000
[   10.599108] dhdsdio_membytes: read 2048 bytes at offset 0x00005000 in window 0x00188000
[   10.599278] dhdsdio_download_code_file: Download, Upload and compare succeeded.
[   10.599329] dhdsdio_membytes: write 2048 bytes at offset 0x00005800 in window 0x00188000
[   10.599538] dhdsdio_membytes: read 2048 bytes at offset 0x00005800 in window 0x00188000
[   10.599712] dhdsdio_download_code_file: Download, Upload and compare succeeded.
[   10.599764] dhdsdio_membytes: write 2048 bytes at offset 0x00006000 in window 0x00188000
[   10.599975] dhdsdio_membytes: read 2048 bytes at offset 0x00006000 in window 0x00188000
[   10.600152] dhdsdio_download_code_file: Download, Upload and compare succeeded.
[   10.600206] dhdsdio_membytes: write 2048 bytes at offset 0x00006800 in window 0x00188000
[   10.600417] dhdsdio_membytes: read 2048 bytes at offset 0x00006800 in window 0x00188000
[   10.600701] dhdsdio_download_code_file: Download, Upload and compare succeeded.
[   10.600760] dhdsdio_membytes: write 2048 bytes at offset 0x00007000 in window 0x00188000
[   10.600974] dhdsdio_membytes: read 2048 bytes at offset 0x00007000 in window 0x00188000
[   10.601148] dhdsdio_download_code_file: Download, Upload and compare succeeded.
[   10.601200] dhdsdio_membytes: write 2048 bytes at offset 0x00007800 in window 0x00188000
[   10.601416] dhdsdio_membytes: read 2048 bytes at offset 0x00007800 in window 0x00188000
[   10.601598] dhdsdio_download_code_file: Download, Upload and compare succeeded.
[   10.601654] dhdsdio_membytes: write 2048 bytes at offset 0x00000000 in window 0x00190000
[   10.601879] dhdsdio_membytes: read 2048 bytes at offset 0x00000000 in window 0x00190000
[   10.602062] dhdsdio_download_code_file: Download, Upload and compare succeeded.
[   10.602117] dhdsdio_membytes: write 2048 bytes at offset 0x00000800 in window 0x00190000
[   10.602326] dhdsdio_membytes: read 2048 bytes at offset 0x00000800 in window 0x00190000
[   10.602498] dhdsdio_download_code_file: Download, Upload and compare succeeded.
[   10.602552] dhdsdio_membytes: write 2048 bytes at offset 0x00001000 in window 0x00190000
[   10.602766] dhdsdio_membytes: read 2048 bytes at offset 0x00001000 in window 0x00190000
[   10.602942] dhdsdio_download_code_file: Download, Upload and compare succeeded.
[   10.602999] dhdsdio_membytes: write 2048 bytes at offset 0x00001800 in window 0x00190000
[   10.603262] dhdsdio_membytes: read 2048 bytes at offset 0x00001800 in window 0x00190000
[   10.603440] dhdsdio_download_code_file: Download, Upload and compare succeeded.
[   10.606648] dhdsdio_membytes: write 2048 bytes at offset 0x00002000 in window 0x00190000
[   10.607028] dhdsdio_membytes: read 2048 bytes at offset 0x00002000 in window 0x00190000
[   10.607212] dhdsdio_download_code_file: Download, Upload and compare succeeded.
[   10.607280] dhdsdio_membytes: write 2048 bytes at offset 0x00002800 in window 0x00190000
[   10.607501] dhdsdio_membytes: read 2048 bytes at offset 0x00002800 in window 0x00190000
[   10.607684] dhdsdio_download_code_file: Download, Upload and compare succeeded.
[   10.607739] dhdsdio_membytes: write 2048 bytes at offset 0x00003000 in window 0x00190000
[   10.607949] dhdsdio_membytes: read 2048 bytes at offset 0x00003000 in window 0x00190000
[   10.608122] dhdsdio_download_code_file: Download, Upload and compare succeeded.
[   10.608176] dhdsdio_membytes: write 2048 bytes at offset 0x00003800 in window 0x00190000
[   10.608385] dhdsdio_membytes: read 2048 bytes at offset 0x00003800 in window 0x00190000
[   10.608683] dhdsdio_download_code_file: Download, Upload and compare succeeded.
[   10.608897] dhdsdio_membytes: write 2048 bytes at offset 0x00004000 in window 0x00190000
[   10.609330] dhdsdio_membytes: read 2048 bytes at offset 0x00004000 in window 0x00190000
[   10.609507] dhdsdio_download_code_file: Download, Upload and compare succeeded.
[   10.609562] dhdsdio_membytes: write 2048 bytes at offset 0x00004800 in window 0x00190000
[   10.609768] dhdsdio_membytes: read 2048 bytes at offset 0x00004800 in window 0x00190000
[   10.609938] dhdsdio_download_code_file: Download, Upload and compare succeeded.
[   10.609990] dhdsdio_membytes: write 2048 bytes at offset 0x00005000 in window 0x00190000
[   10.610200] dhdsdio_membytes: read 2048 bytes at offset 0x00005000 in window 0x00190000
[   10.610387] dhdsdio_download_code_file: Download, Upload and compare succeeded.
[   10.610446] dhdsdio_membytes: write 2048 bytes at offset 0x00005800 in window 0x00190000
[   10.610658] dhdsdio_membytes: read 2048 bytes at offset 0x00005800 in window 0x00190000
[   10.610835] dhdsdio_download_code_file: Download, Upload and compare succeeded.
[   10.610891] dhdsdio_membytes: write 2048 bytes at offset 0x00006000 in window 0x00190000
[   10.611400] dhdsdio_membytes: read 2048 bytes at offset 0x00006000 in window 0x00190000
[   10.611589] dhdsdio_download_code_file: Download, Upload and compare succeeded.
[   10.611645] dhdsdio_membytes: write 2048 bytes at offset 0x00006800 in window 0x00190000
[   10.611855] dhdsdio_membytes: read 2048 bytes at offset 0x00006800 in window 0x00190000
[   10.612023] dhdsdio_download_code_file: Download, Upload and compare succeeded.
[   10.612076] dhdsdio_membytes: write 2048 bytes at offset 0x00007000 in window 0x00190000
[   10.612400] dhdsdio_membytes: read 2048 bytes at offset 0x00007000 in window 0x00190000
[   10.612575] dhdsdio_download_code_file: Download, Upload and compare succeeded.
[   10.612626] dhdsdio_membytes: write 2048 bytes at offset 0x00007800 in window 0x00190000
[   10.612834] dhdsdio_membytes: read 2048 bytes at offset 0x00007800 in window 0x00190000
[   10.613015] dhdsdio_download_code_file: Download, Upload and compare succeeded.
[   10.613067] dhdsdio_membytes: write 2048 bytes at offset 0x00000000 in window 0x00198000
[   10.613441] dhdsdio_membytes: read 2048 bytes at offset 0x00000000 in window 0x00198000
[   10.613662] dhdsdio_download_code_file: Download, Upload and compare succeeded.
[   10.613713] dhdsdio_membytes: write 2048 bytes at offset 0x00000800 in window 0x00198000
[   10.613922] dhdsdio_membytes: read 2048 bytes at offset 0x00000800 in window 0x00198000
[   10.614096] dhdsdio_download_code_file: Download, Upload and compare succeeded.
[   10.623287] dhdsdio_membytes: write 2048 bytes at offset 0x00001000 in window 0x00198000
[   10.623577] dhdsdio_membytes: read 2048 bytes at offset 0x00001000 in window 0x00198000
[   10.623755] dhdsdio_download_code_file: Download, Upload and compare succeeded.
[   10.623809] dhdsdio_membytes: write 2048 bytes at offset 0x00001800 in window 0x00198000
[   10.624028] dhdsdio_membytes: read 2048 bytes at offset 0x00001800 in window 0x00198000
[   10.624237] dhdsdio_download_code_file: Download, Upload and compare succeeded.
[   10.624320] dhdsdio_membytes: write 2048 bytes at offset 0x00002000 in window 0x00198000
[   10.624529] dhdsdio_membytes: read 2048 bytes at offset 0x00002000 in window 0x00198000
[   10.624697] dhdsdio_download_code_file: Download, Upload and compare succeeded.
[   10.624853] dhdsdio_membytes: write 2048 bytes at offset 0x00002800 in window 0x00198000
[   10.625070] dhdsdio_membytes: read 2048 bytes at offset 0x00002800 in window 0x00198000
[   10.625248] dhdsdio_download_code_file: Download, Upload and compare succeeded.
[   10.625302] dhdsdio_membytes: write 2048 bytes at offset 0x00003000 in window 0x00198000
[   10.625515] dhdsdio_membytes: read 2048 bytes at offset 0x00003000 in window 0x00198000
[   10.627096] dhdsdio_download_code_file: Download, Upload and compare succeeded.
[   10.627156] dhdsdio_membytes: write 2048 bytes at offset 0x00003800 in window 0x00198000
[   10.627360] dhdsdio_membytes: read 2048 bytes at offset 0x00003800 in window 0x00198000
[   10.627528] dhdsdio_download_code_file: Download, Upload and compare succeeded.
[   10.627577] dhdsdio_membytes: write 2048 bytes at offset 0x00004000 in window 0x00198000
[   10.627939] dhdsdio_membytes: read 2048 bytes at offset 0x00004000 in window 0x00198000
[   10.628107] dhdsdio_download_code_file: Download, Upload and compare succeeded.
[   10.628157] dhdsdio_membytes: write 2048 bytes at offset 0x00004800 in window 0x00198000
[   10.628366] dhdsdio_membytes: read 2048 bytes at offset 0x00004800 in window 0x00198000
[   10.628531] dhdsdio_download_code_file: Download, Upload and compare succeeded.
[   10.628582] dhdsdio_membytes: write 2048 bytes at offset 0x00005000 in window 0x00198000
[   10.628949] dhdsdio_membytes: read 2048 bytes at offset 0x00005000 in window 0x00198000
[   10.629123] dhdsdio_download_code_file: Download, Upload and compare succeeded.
[   10.629174] dhdsdio_membytes: write 2048 bytes at offset 0x00005800 in window 0x00198000
[   10.629380] dhdsdio_membytes: read 2048 bytes at offset 0x00005800 in window 0x00198000
[   10.629548] dhdsdio_download_code_file: Download, Upload and compare succeeded.
[   10.629598] dhdsdio_membytes: write 2048 bytes at offset 0x00006000 in window 0x00198000
[   10.630020] dhdsdio_membytes: read 2048 bytes at offset 0x00006000 in window 0x00198000
[   10.630195] dhdsdio_download_code_file: Download, Upload and compare succeeded.
[   10.630248] dhdsdio_membytes: write 2048 bytes at offset 0x00006800 in window 0x00198000
[   10.630453] dhdsdio_membytes: read 2048 bytes at offset 0x00006800 in window 0x00198000
[   10.630635] dhdsdio_download_code_file: Download, Upload and compare succeeded.
[   10.630686] dhdsdio_membytes: write 2048 bytes at offset 0x00007000 in window 0x00198000
[   10.630892] dhdsdio_membytes: read 2048 bytes at offset 0x00007000 in window 0x00198000
[   10.631064] dhdsdio_download_code_file: Download, Upload and compare succeeded.
[   10.631116] dhdsdio_membytes: write 2048 bytes at offset 0x00007800 in window 0x00198000
[   10.631329] dhdsdio_membytes: read 2048 bytes at offset 0x00007800 in window 0x00198000
[   10.631496] dhdsdio_download_code_file: Download, Upload and compare succeeded.
[   10.631549] dhdsdio_membytes: write 2048 bytes at offset 0x00000000 in window 0x001a0000
[   10.631832] dhdsdio_membytes: read 2048 bytes at offset 0x00000000 in window 0x001a0000
[   10.632014] dhdsdio_download_code_file: Download, Upload and compare succeeded.
[   10.632070] dhdsdio_membytes: write 2048 bytes at offset 0x00000800 in window 0x001a0000
[   10.632273] dhdsdio_membytes: read 2048 bytes at offset 0x00000800 in window 0x001a0000
[   10.632450] dhdsdio_download_code_file: Download, Upload and compare succeeded.
[   10.632504] dhdsdio_membytes: write 2048 bytes at offset 0x00001000 in window 0x001a0000
[   10.632728] dhdsdio_membytes: read 2048 bytes at offset 0x00001000 in window 0x001a0000
[   10.632899] dhdsdio_download_code_file: Download, Upload and compare succeeded.
[   10.632953] dhdsdio_membytes: write 2048 bytes at offset 0x00001800 in window 0x001a0000
[   10.633161] dhdsdio_membytes: read 2048 bytes at offset 0x00001800 in window 0x001a0000
[   10.633542] dhdsdio_download_code_file: Download, Upload and compare succeeded.
[   10.633597] dhdsdio_membytes: write 2048 bytes at offset 0x00002000 in window 0x001a0000
[   10.633803] dhdsdio_membytes: read 2048 bytes at offset 0x00002000 in window 0x001a0000
[   10.633977] dhdsdio_download_code_file: Download, Upload and compare succeeded.
[   10.634030] dhdsdio_membytes: write 2048 bytes at offset 0x00002800 in window 0x001a0000
[   10.634267] dhdsdio_membytes: read 2048 bytes at offset 0x00002800 in window 0x001a0000
[   10.634432] dhdsdio_download_code_file: Download, Upload and compare succeeded.
[   10.634483] dhdsdio_membytes: write 2048 bytes at offset 0x00003000 in window 0x001a0000
[   10.634694] dhdsdio_membytes: read 2048 bytes at offset 0x00003000 in window 0x001a0000
[   10.634869] dhdsdio_download_code_file: Download, Upload and compare succeeded.
[   10.634925] dhdsdio_membytes: write 2048 bytes at offset 0x00003800 in window 0x001a0000
[   10.635140] dhdsdio_membytes: read 2048 bytes at offset 0x00003800 in window 0x001a0000
[   10.635313] dhdsdio_download_code_file: Download, Upload and compare succeeded.
[   10.635374] dhdsdio_membytes: write 2048 bytes at offset 0x00004000 in window 0x001a0000
[   10.635585] dhdsdio_membytes: read 2048 bytes at offset 0x00004000 in window 0x001a0000
[   10.635758] dhdsdio_download_code_file: Download, Upload and compare succeeded.
[   10.635812] dhdsdio_membytes: write 2048 bytes at offset 0x00004800 in window 0x001a0000
[   10.636022] dhdsdio_membytes: read 2048 bytes at offset 0x00004800 in window 0x001a0000
[   10.636192] dhdsdio_download_code_file: Download, Upload and compare succeeded.
