DDR Version 1.00 20150318
In
Channel a: DDR3 200MHz
Bus Width=32 Col=10 Bank=8 Row=15 CS=1 Die Bus-Width=16 Size=1024MB
Channel b: DDR3 200MHz
Bus Width=32 Col=10 Bank=8 Row=15 CS=1 Die Bus-Width=16 Size=1024MB
Memory OK
Memory OK
OUT


U-Boot 2014.10-RK3288-10-g65679f1 (Jul 20 2015 - 10:28:11)

CPU: rk3288
CPU's clock information:
    arm pll = 600000000HZ
    periph pll = 300000000HZ
    ddr pll = 200000000HZ
    codec pll = 594000000HZ
Board:	Rockchip platform Board
DRAM:  Found dram banks:1
Adding bank:0000000000000000(0000000080000000)
128 MiB
remotectl v0.1
storage init OK!
Using default environment

GetParam
check parameter success
failed to prepare fdt from boot!
power key: bank-0 pin-5
can't find dts node for ricoh619
pmic:act8846
Can't find dts node for fuel guage cw201x
SecureBootEn = 0, SecureBootLock = 0

#Boot ver: 2015-07-20#2.19
empty serial no.
checkKey
vbus = 0
board_fbt_key_pressed: ir_keycode = 0x0, frt = 0
no fuel gauge found
no fuel gauge found
read logo_on switch from dts [0]
no fuel gauge found
checkKey
vbus = 0
board_fbt_key_pressed: ir_keycode = 0x0, frt = 0
Hit any key to stop autoboot:  0 
load fdt from resouce.
Secure Boot state: 0
kernel   @ 0x02000000 (0x00692298)
ramdisk  @ 0x05bf0000 (0x00125fa4)
bootrk: do_bootm_linux...
   Loading Device Tree to 05600000, end 0561b7d3 ... OK
Add bank:0000000000000000, 0000000080000000

Starting kernel ...

[    0.000000] Booting Linux on physical CPU 0x500
[    0.000000] Initializing cgroup subsys cpu
[    0.000000] Initializing cgroup subsys cpuacct
[    0.000000] Linux version 3.10.0 (ballack@ballack) (gcc version 4.6.x-google 20120106 (prerelease) (GCC) ) #5 SMP PREEMPT Thu May 4 16:02:07 CST 2017
[    0.000000] CPU: ARMv7 Processor [410fc0d1] revision 1 (ARMv7), cr=10c5387d
[    0.000000] CPU: PIPT / VIPT nonaliasing data cache, VIPT aliasing instruction cache
[    0.000000] Machine: Rockchip RK3288 (Flattened Device Tree), model: rockchip,rk3288
[    0.000000] rockchip_uboot_logo_setup: mem: 0x02000000@0x7dc00000, offset:0x01000000
[    0.000000] hdmi init vic is -1
[    0.000000] rockchip_uboot_mem_reserve: reserve 0x02000000@0x7dc00000 for uboot logo
[    0.000000] rockchip_ion_reserve
[    0.000000] ion heap(drm): base(0) size(0) align(0)
[    0.000000] ion heap(cma): base(0) size(28000000) align(0)
[    0.000000] ion heap(vmalloc): base(0) size(0) align(0)
[    0.000000] cma: CMA: reserved 640 MiB at 55c00000
[    0.000000] ion_reserve: cma reserved base 55c00000 size 671088640
[    0.000000] cma: CMA: reserved 16 MiB at 1f000000
[    0.000000] Memory policy: ECC disabled, Data cache writealloc
[    0.000000] PERCPU: Embedded 9 pages/cpu @c1ef4000 s13376 r8192 d15296 u36864
[    0.000000] Built 1 zonelists in Zone order, mobility grouping on.  Total pages: 523264
[    0.000000] Kernel command line: vmalloc=496M console=ttyS2 androidboot.selinux=permissive androidboot.hardware=rk30board androidboot.console=ttyS2 init=/init  mtdparts=rk29xxnand:0x00002000@0x00002000(uboot),0x00002000@0x00004000(misc),0x00008000@0x00006000(resource),0x00008000@0x0000e000(kernel),0x00010000@0x00016000(boot),0x00010000@0x00026000(recovery),0x0001a000@0x00036000(backup),0x00040000@0x00050000(cache),0x00002000@0x00090000(kpanic),0x00300000@0x00092000(system),0x00008000@0x00392000(metadata),0x00002000@0x0039A000(baseparamer),0x00200000@0x0039C000(userdata),0x00020000@0x0059C000(radical_update),-@0x005BC000(user) storagemedia=emmc uboot_logo=0x02000000@0x7dc00000:0x01000000 loader.timestamp=2015-07-20_10:28:11 hdmi.vic=-1
[    0.000000] PID hash table entries: 2048 (order: 1, 8192 bytes)
[    0.000000] Dentry cache hash table entries: 65536 (order: 6, 262144 bytes)
[    0.000000] Inode-cache hash table entries: 32768 (order: 5, 131072 bytes)
[    0.000000] allocated 4194304 bytes of page_cgroup
[    0.000000] please try 'cgroup_disable=memory' option if you don't want memory cgroups
[    0.000000] Memory: 2048MB = 2048MB total
[    0.000000] Memory: 1354984k/1354984k available, 742168k reserved, 884736K highmem
[    0.000000] Virtual kernel memory layout:
[    0.000000]     vector  : 0xffff0000 - 0xffff1000   (   4 kB)
[    0.000000]     fixmap  : 0xfff00000 - 0xfffe0000   ( 896 kB)
[    0.000000]     vmalloc : 0xe0800000 - 0xff000000   ( 488 MB)
[    0.000000]     lowmem  : 0xc0000000 - 0xe0000000   ( 512 MB)
[    0.000000]     pkmap   : 0xbfe00000 - 0xc0000000   (   2 MB)
[    0.000000]     modules : 0xbf000000 - 0xbfe00000   (  14 MB)
[    0.000000]       .text : 0xc0008000 - 0xc0b8d364   (11797 kB)
[    0.000000]       .init : 0xc0b8e000 - 0xc0be6440   ( 354 kB)
[    0.000000]       .data : 0xc0be8000 - 0xc0d79100   (1605 kB)
[    0.000000]        .bss : 0xc0d79100 - 0xc0e9a6fc   (1158 kB)
[    0.000000] SLUB: HWalign=64, Order=0-3, MinObjects=0, CPUs=4, Nodes=1
[    0.000000] Preemptible hierarchical RCU implementation.
[    0.000000] 	RCU dyntick-idle grace-period acceleration is enabled.
[    0.000000] NR_IRQS:16 nr_irqs:16 16
[    0.000000] rk_clk_tree_init start!
[    0.000000] rkclk: _rkclk_add_provider: fail to get ehci1phy_12m_div
[    0.000000] rkclk: rkclk_cache_parents: ehci1phy_12m_div clk_get error
[    0.000000] rk_get_uboot_display_flag: uboot_logo_on = 0
[    0.000000] rkclk_init_clks: cnt_parent = 7
[    0.000000] rkclk_init_clks: cnt_rate = 28
[    0.000000] rk3288 set GPLL BW 20 for HDMI!
[    0.000000] Architected cp15 timer(s) running at 24.00MHz (phys).
[    0.000000] Switching to timer-based delay loop
[    0.000000] sched_clock: ARM arch timer >56 bits at 24000kHz, resolution 41ns
[    0.000000] process version: 3
[    0.000000] channel:0, lkg:39
[    0.000000] target-temp:80
[    0.000000] channel:2, lkg:0
[    0.000000] channel:0, lkg:39
[    0.000000] channel:1, lkg:30
[    0.000000] sched_clock: 32 bits at 100 Hz, resolution 10000000ns, wraps every 4294967286ms
[    0.342382] Calibrating delay loop (skipped), value calculated using timer frequency.. 48.00 BogoMIPS (lpj=240000)
[    0.342397] pid_max: default: 32768 minimum: 301
[    0.342511] Security Framework initialized
[    0.342526] SELinux:  Initializing.
[    0.342596] Mount-cache hash table entries: 512
[    0.343233] Initializing cgroup subsys debug
[    0.343247] Initializing cgroup subsys memory
[    0.343273] Initializing cgroup subsys freezer
[    0.343303] CPU: Testing write buffer coherency: ok
[    0.343615] /cpus/cpu@0 missing clock-frequency property
[    0.343629] /cpus/cpu@1 missing clock-frequency property
[    0.343638] /cpus/cpu@2 missing clock-frequency property
[    0.343648] /cpus/cpu@3 missing clock-frequency property
[    0.343700] CPU0: thread -1, cpu 0, socket 5, mpidr 80000500
[    0.343753] Setting up static identity map for 0xc084e598 - 0xc084e5f0
[    0.346035] last_log: 0x1e900000 map to 0xe0804000 and copy to 0xe0886000, size 0x80000 early 0x181f (version 3.1)
[    0.420536] CPU1: Booted secondary processor
[    0.420568] CPU1: thread -1, cpu 1, socket 5, mpidr 80000501
[    0.440213] CPU2: Booted secondary processor
[    0.440238] CPU2: thread -1, cpu 2, socket 5, mpidr 80000502
[    0.459919] CPU3: Booted secondary processor
[    0.459942] CPU3: thread -1, cpu 3, socket 5, mpidr 80000503
[    0.460044] Brought up 4 CPUs
[    0.460072] SMP: Total of 4 processors activated (192.00 BogoMIPS).
[    0.460081] CPU: All CPU(s) started in SVC mode.
[    0.460813] devtmpfs: initialized
[    0.465060] VFP support v0.3: implementor 41 architecture 3 part 30 variant d rev 0
[    0.466147] pinctrl core: initialized pinctrl subsystem
[    0.466398] regulator-dummy: no parameters
[    0.490523] NET: Registered protocol family 16
[    0.492382] DMA: preallocated 256 KiB pool for atomic coherent allocations
[    0.492701] ion_snapshot: 0x1ea90000 map to 0xe0907000 and copy to 0xc0e75a0c (version 0.1)
[    0.492932] Registered FIQ tty driver
[    0.493326] fiq-debugger is disabled in device tree
[    0.493993] rockchip_get_bank_data:name=base start=0xff750000,end=0xff7500ff
[    0.494014] rockchip_get_bank_data:name=mux_bank0 start=0xff730084,end=0xff73008f
[    0.494032] rockchip_get_bank_data:name=pull_bank0 start=0xff730064,end=0xff73006f
[    0.494048] rockchip_get_bank_data:name=drv_bank0 start=0xff730070,end=0xff73007b
[    0.494137] rockchip_get_bank_data:name=/pinctrl@ff770000/gpio1@ff780000 start=0xff780000,end=0xff7800ff
[    0.494202] rockchip_get_bank_data:name=/pinctrl@ff770000/gpio2@ff790000 start=0xff790000,end=0xff7900ff
[    0.494263] rockchip_get_bank_data:name=/pinctrl@ff770000/gpio3@ff7a0000 start=0xff7a0000,end=0xff7a00ff
[    0.494325] rockchip_get_bank_data:name=/pinctrl@ff770000/gpio4@ff7b0000 start=0xff7b0000,end=0xff7b00ff
[    0.494385] rockchip_get_bank_data:name=/pinctrl@ff770000/gpio5@ff7c0000 start=0xff7c0000,end=0xff7c00ff
[    0.494447] rockchip_get_bank_data:name=/pinctrl@ff770000/gpio6@ff7d0000 start=0xff7d0000,end=0xff7d00ff
[    0.494509] rockchip_get_bank_data:name=/pinctrl@ff770000/gpio7@ff7e0000 start=0xff7e0000,end=0xff7e00ff
[    0.494569] rockchip_get_bank_data:name=/pinctrl@ff770000/gpio8@ff7f0000 start=0xff7f0000,end=0xff7f00ff
[    0.494636] rockchip_get_bank_data:name=/pinctrl@ff770000/gpio15@ff7f2000 start=0xff7f2000,end=0xff7f20ff
[    0.494699] rockchip_pinctrl_probe:name=RK3288-GPIO,type=3
[    0.494712] rockchip_pinctrl_probe:name=base start=0xff770000,end=0xff77013f
[    0.494723] rockchip_pinctrl_probe:name=pull start=0xff770140,end=0xff7701bf
[    0.494734] rockchip_pinctrl_probe:name=drv start=0xff7701c0,end=0xff77023f
[    0.495343] rockchip_interrupts_register:bank_num=7
[    0.497280] of_get_gpio_init_config:gpio[0] = 256, value = 0
[    0.497301] of_get_gpio_init_config:gpio[1] = 233, value = 0
[    0.497321] of_get_gpio_init_config:gpio[2] = 136, value = 0
[    0.497396] rockchip_pinctrl_probe:init ok
[    0.503571] rk_iommu ff900800.iep_mmu: (iep) Enter
[    0.503659] rk_iommu ff900800.iep_mmu: IOVMM: Created 0x3ffff000 B IOVMM from 0x10000000.
[    0.503672] rk_iommu ff900800.iep_mmu: (iep) Initialized
[    0.503840] rk_iommu ff950800.vip_mmu: (vip) Enter
[    0.503909] rk_iommu ff950800.vip_mmu: IOVMM: Created 0x3ffff000 B IOVMM from 0x10000000.
[    0.503921] rk_iommu ff950800.vip_mmu: (vip) Initialized
[    0.504093] rk_iommu ff930300.vopb_mmu: (vopb) Enter
[    0.504163] rk_iommu ff930300.vopb_mmu: IOVMM: Created 0x3ffff000 B IOVMM from 0x10000000.
[    0.504175] rk_iommu ff930300.vopb_mmu: (vopb) Initialized
[    0.504341] rk_iommu ff940300.vopl_mmu: (vopl) Enter
[    0.504411] rk_iommu ff940300.vopl_mmu: IOVMM: Created 0x3ffff000 B IOVMM from 0x10000000.
[    0.504423] rk_iommu ff940300.vopl_mmu: (vopl) Initialized
[    0.504609] rk_iommu ff9c0440.hevc_mmu: (hevc) Enter
[    0.504685] rk_iommu ff9c0440.hevc_mmu: IOVMM: Created 0x3ffff000 B IOVMM from 0x10000000.
[    0.504697] rk_iommu ff9c0440.hevc_mmu: (hevc) Initialized
[    0.504857] rk_iommu ff9a0800.vpu_mmu: (vpu) Enter
[    0.504930] rk_iommu ff9a0800.vpu_mmu: IOVMM: Created 0x3ffff000 B IOVMM from 0x10000000.
[    0.504942] rk_iommu ff9a0800.vpu_mmu: (vpu) Initialized
[    0.505118] rk_iommu ff914000.isp_mmu: (isp_mmu) Enter
[    0.505191] rk_iommu ff914000.isp_mmu: IOVMM: Created 0x3ffff000 B IOVMM from 0x10000000.
[    0.505203] rk_iommu ff914000.isp_mmu: (isp_mmu) Initialized
[    0.506918] hw-breakpoint: found 5 (+1 reserved) breakpoint and 4 watchpoint registers.
[    0.506931] hw-breakpoint: maximum watchpoint size is 4 bytes.
[    0.507505] rk3368_init_rockchip_pmu_ops: could not find pmu dt node
[    0.507528] DDR DEBUG: version 1.00 20150126 
[    0.507556] DDR DEBUG: Channel a: 
[    0.507564] DDR DEBUG: DDR3 Device
[    0.507578] DDR DEBUG: Bus Width=32 Col=10 Bank=8 Row=15 CS=1 Total Capability=1024MB
[    0.507586] DDR DEBUG: Channel b: 
[    0.507593] DDR DEBUG: DDR3 Device
[    0.507606] DDR DEBUG: Bus Width=32 Col=10 Bank=8 Row=15 CS=1 Total Capability=1024MB
[    0.507615] DDR DEBUG: addr=0xd83000
[    0.507624] DDR DEBUG: stride=9, size=256, halfcap=40000000
[    0.507633] DDR DEBUG: socAddr[0]=0xd83000, socAddr[1]=0xd83100
[    0.507642] DDR DEBUG: chAddr[0]=0xd83000, chAddr[1]=0xd83000
[    0.507654] DDR DEBUG: dtar[0]=0x301b0000, dtar[1]=0x301b0000
[    0.507708] DDR DEBUG: init success!!! freq=200MHz
[    0.507717] DDR DEBUG: Channel a: 
[    0.507729] DDR DEBUG: DTONE=0x1, DTERR=0x0, DTIERR=0x0, DTPASS=4,0, DGSL=1,1 extra clock, DGPS=180,90
[    0.507741] DDR DEBUG: DTONE=0x1, DTERR=0x0, DTIERR=0x0, DTPASS=4,0, DGSL=1,1 extra clock, DGPS=180,90
[    0.507754] DDR DEBUG: DTONE=0x1, DTERR=0x0, DTIERR=0x0, DTPASS=4,0, DGSL=1,1 extra clock, DGPS=180,90
[    0.507766] DDR DEBUG: DTONE=0x1, DTERR=0x0, DTIERR=0x0, DTPASS=4,0, DGSL=1,1 extra clock, DGPS=180,90
[    0.507777] DDR DEBUG: ZERR=0, ZDONE=0, ZPD=0x0, ZPU=0x0, OPD=0x0, OPU=0x0
[    0.507787] DDR DEBUG: DRV Pull-Up=0x19, DRV Pull-Dwn=0x19
[    0.507796] DDR DEBUG: ODT Pull-Up=0x2, ODT Pull-Dwn=0x2
[    0.507803] DDR DEBUG: Channel b: 
[    0.507814] DDR DEBUG: DTONE=0x1, DTERR=0x0, DTIERR=0x0, DTPASS=4,0, DGSL=1,1 extra clock, DGPS=180,90
[    0.507826] DDR DEBUG: DTONE=0x1, DTERR=0x0, DTIERR=0x0, DTPASS=4,0, DGSL=1,1 extra clock, DGPS=180,90
[    0.507838] DDR DEBUG: DTONE=0x1, DTERR=0x0, DTIERR=0x0, DTPASS=4,0, DGSL=1,1 extra clock, DGPS=180,90
[    0.507851] DDR DEBUG: DTONE=0x1, DTERR=0x0, DTIERR=0x0, DTPASS=4,0, DGSL=1,1 extra clock, DGPS=180,90
[    0.507862] DDR DEBUG: ZERR=0, ZDONE=0, ZPD=0x0, ZPU=0x0, OPD=0x0, OPU=0x0
[    0.507871] DDR DEBUG: DRV Pull-Up=0x19, DRV Pull-Dwn=0x19
[    0.507879] DDR DEBUG: ODT Pull-Up=0x2, ODT Pull-Dwn=0x2
[    0.532164] bio: create slab <bio-0> at 0
[    0.532652] Rockchip hdmi driver version 2.0
[    0.532652] .
[    0.533759] SCSI subsystem initialized
[   0.533962] usbcore: registered new interface driver hub
[    0.534049] usbcore: registered new device driver usb
[    0.536655] rockchip_i2c ff650000.i2c: i2c-0: Rockchip I2C adapter
[    0.537113] rockchip_i2c ff140000.i2c: i2c-1: Rockchip I2C adapter
[    0.537557] rockchip_i2c ff660000.i2c: i2c-2: Rockchip I2C adapter
[    0.537811] rockchip_i2c ff150000.i2c: i2c-3: Rockchip I2C adapter
[    0.538793] rockchip_i2c ff160000.i2c: i2c-4: Rockchip I2C adapter
[    0.538910] media: Linux media interface: v0.10
[    0.538953] Linux video capture interface: v2.00
[    0.539009] pps_core: LinuxPPS API ver. 1 registered
[    0.539019] pps_core: Software ver. 5.3.6 - Copyright 2005-2007 Rodolfo Giometti <giometti@linux.it>
[    0.539039] PTP clock support registered
[    0.539099] i2c-core: driver [bq24296] using legacy suspend method
[    0.539108] i2c-core: driver [bq24296] using legacy resume method
[    0.539775] ion_drm_heap_create: 0@0
[    0.539909] Rockchip ion module is successfully loaded (v1.1)
[    0.540064] Advanced Linux Sound Architecture Driver Initialized.
[    0.540466] Bluetooth: Core ver 2.16
[    0.540523] NET: Registered protocol family 31
[    0.540533] Bluetooth: HCI device and connection manager initialized
40562] Bluetooth: L2CAP socket layer initialized
[    0.540588] Bluetooth: SCO socket layer initialized
[    0.540820] cfg80211: Calling CRDA to update world regulatory domain
[    0.541519] act8846_i2c_probe,line=898
[    0.542494] act8846_parse_dt,line=746
[    0.542964] act8846_i2c_probe: act8846_pmic_hold=1
[    0.542985] act8846_i2c_probe: act8846_pmic_sleep=1
[    0.543000] act8846_i2c_probe: act8846_pmic_cpu_det_gpio=1
[    0.543015] act8846_i2c_probe: act8846_pmic_usb_hub_reset_gpio=1
[    0.545086] act_dcdc1: 1200 mV 
[    0.548059] vccio: 3300 mV 
[    0.549940] vdd_logic: 700 <--> 1500 mV at 1100 mV 
[    0.552916] act_dcdc4: 2000 mV 
[    0.554151] vccio_sd: 1800 <--> 3300 mV at 3300 mV 
[    0.556482] act_ldo2: 1050 mV 
[    0.558808] act_ldo3: 2800 mV 
[    0.561127] act_ldo4: 3300 mV 
[    0.563456] act_ldo5: 3300 mV 
[    0.565787] act_ldo6: 1100 mV 
[    0.568091] vcc_18: 1800 mV 
[    0.570402] act_ldo8: 1850 mV 
[    0.575173] vdd_arm: 712 <--> 1500 mV at 1000 mV 
[    0.579884] vdd_gpu: 712 <--> 1500 mV at 1000 mV 
[    0.580631] rk808_i2c_probe,line=1355
[    0.581964] The device is not rk808 -11
[    0.582049] rk808: probe of 0-001b failed with error -11
[    0.582126] i2c-core: driver [rk818] using legacy suspend method
[    0.582136] i2c-core: driver [rk818] using legacy resume method
[    0.583822] Switching to clocksource arch_sys_counter
[    0.607838] rga: Module initialized.
[    0.608543] rga2 ff920000.rga: rga ion client create success!
[    0.608710] rga: Driver loaded succesfully
[    0.608926] rk-fb rockchip-fb: rk fb ion client create success!
[    0.608939] rk-fb rockchip-fb: rockchip framebuffer driver probe
[    0.609268] rk-screen rk_screen.8: rockchip screen probe success
[    0.609491] rk32-lvds rk32-lvds: rk32 lvds driver probe success
[    0.609841] rk32-edp ff970000.edp: screen is not edp!
[    0.609862] rk32-edp: probe of ff970000.edp failed with error -22
[    0.610321] rk3288-lcdc lcdc0: can't find power_ctr node for lcdc0
[    0.610533] graphics fb0: rockchip framebuffer registerd:fb0
[    0.610829] graphics fb1: rockchip framebuffer registerd:fb1
[    0.610996] graphics fb2: rockchip framebuffer registerd:fb2
[    0.611160] graphics fb3: rockchip framebuffer registerd:fb3
[    0.611444] rk3288-lcdc lcdc0: lcdc0: dclk:74250000>>fps:60 
[    0.611478] rk3288-lcdc lcdc0: wakeup from standby!
[    0.623381] alloc_buffer:ion_phy_addr=0x55c00000
[    0.629223] fb0:phy:55c00000>>vir:e0991000>>len:0xb00000
[    0.629240] rk3288-lcdc lcdc0: lcdc0 probe ok, iommu disabled
[    0.630061] rockchip_set_mux:warning ignore bank num 15
[    0.630204] rockchip_set_mux:warning ignore bank num 15
[    0.630321] rockchip_set_mux:warning ignore bank num 15
[    0.630437] rockchip_set_mux:warning ignore bank num 15
[    0.630563] rockchip_set_mux:warning ignore bank num 15
[    0.630676] rockchip_set_mux:warning ignore bank num 15
[    0.631241] rockchip_set_mux:warning ignore bank num 15
[    0.631402] rockchip_set_mux:warning ignore bank num 15
[    0.631938] rockchip_set_mux:warning ignore bank num 15
[    0.632084] rockchip_set_mux:warning ignore bank num 15
[    0.632614] rockchip_set_mux:warning ignore bank num 15
[    0.632758] rockchip_set_mux:warning ignore bank num 15
[    0.633324] rockchip_set_mux:warning ignore bank num 15
[    0.633479] rockchip_set_mux:warning ignore bank num 15
[    0.634890] NET: Registered protocol family 2
[    0.635556] TCP established hash table entries: 4096 (order: 3, 32768 bytes)
[    0.635631] TCP bind hash table entries: 4096 (order: 3, 32768 bytes)
[    0.635704] TCP: Hash tables configured (established 4096 bind 4096)
[    0.635762] TCP: reno registered
[    0.635779] UDP hash table entries: 256 (order: 1, 8192 bytes)
[    0.635802] UDP-Lite hash table entries: 256 (order: 1, 8192 bytes)
[    0.635994] NET: Registered protocol family 1
[    0.636572] Unpacking initramfs...
[    0.698853] Freeing initrd memory: 1172K (c5bf0000 - c5d15000)
[    0.699604] hw perfevents: enabled with ARMv7 Cortex-A12 PMU driver, 7 counters available
[    0.700120] vcodec_service: probe device ff9a0000.vpu_service
[    0.700322] vcodec_service: No reset resource define
[    0.700491] vcodec_service: ff9a0000.vpu_service: power on
[    0.700579] vcodec_service: probe device ff9a0000.vpu_service
[    0.700595] vcodec_service: checking hw id 4831
[    0.701623] vcodec_service: ff9a0000.vpu_service: power off...
[    0.701668] vcodec_service: done
[    0.701678] vcodec_service: init success
[    0.701739] vcodec_service: probe device ff9c0000.hevc_service
[    0.702117] vcodec_service: ff9c0000.hevc_service: power on
[    0.702182] vcodec_service: probe device ff9c0000.hevc_service
[    0.702196] vcodec_service: checking hw id 6867
[    0.702445] vcodec_service: ff9c0000.hevc_service: power off...
[    0.702485] vcodec_service: done
[    0.702493] vcodec_service: init success
[    0.702626] rknandbase v1.0 2014-03-31
[    0.702767] rknand: probe of ff400000.nandc failed with error -1
[    0.702874] rknand_driver:ret = 0 
[    0.704008] audit: initializing netlink socket (disabled)
[    0.704055] type=2000 audit(0.360:1): initialized
[    0.704884] bounce pool size: 64 pages
[    0.709446] fuse init (API version 7.22)
[    0.709824] msgmni has been set to 95shell@firefly-rk3288:/ $ 2
[    0.711582] Block layer SCSI generic (bsg) driver version 0.4 loaded (major 246)
[    0.711597] io scheduler noop registered
[    0.711607] io scheduler deadline registered
[    0.711690] io scheduler cfq registered (default)
[    0.712953] rockchip-hdmiv2 ff980000.hdmi: rockchip hdmiv2 probe sucess.
[    0.713651] IEP Driver loaded succesfully
[    0.713741] Module initialized.
[    0.714535] dma-pl330 ffb20000.pdma: Loaded driver for PL330 DMAC-2364208
[    0.714555] dma-pl330 ffb20000.pdma: 	DBUFF-64x8bytes Num_Chans-5 Num_Peri-6 Num_Events-10
[    0.715886] dma-pl330 ff250000.pdma: Loaded driver for PL330 DMAC-2364208
[    0.715904] dma-pl330 ff250000.pdma: 	DBUFF-128x8bytes Num_Chans-8 Num_Peri-20 Num_Events-16
[    0.716181] pwm-voltage-regulator pwm_regulator.22: unable to request PWM, trying legacy API
[    0.716196] pwm-voltage-regulator pwm_regulator.22: unable to request legacy PWM
[    0.716205] pwm_regulator_probe:error
[    0.716226] platform pwm_regulator.22: Driver pwm-voltage-regulator requests probe deferral
[    0.716418] rk_serial.c v1.8 2014-03-04
[    0.716644] ff180000.serial: ttyS0 at MMIO 0xff180000 (irq = 87) is a rk29_serial.0
[    0.716831] serial ff180000.serial: membase e0972000
[    0.716985] ff690000.serial: ttyS2 at MMIO 0xff690000 (irq = 89) is a rk29_serial.2
[    0.718568] console [ttyS2] enabled
[    0.718751] serial ff690000.serial: membase fed60000
[    0.721476] loop: module loaded
[    0.721883] zram: Created 1 device(s) ...
[    0.721968] i2c-core: driver [mpu6050B1] using legacy suspend method
[    0.721982] i2c-core: driver [mpu6050B1] using legacy resume method
[    0.721999] mpu_init: Probe name mpu6050B1
[    0.722149] ak8963_mod_init: Probe name ak8963_mod
[    0.722833] SCSI Media Changer driver v0.25 
[    0.723138] tun: Universal TUN/TAP device driver, 1.6
[    0.723150] tun: (C) 1999-2004 Max Krasnyansky <maxk@qualcomm.com>
[    0.723290] vmac_init.
[    0.723847] stmmac_probe_config_dt: Can not read property: pmu_regulator.
[    0.723862] stmmac_probe_config_dt: clock input/output? (input).
[    0.723876] stmmac_probe_config_dt: TX delay(0x30).
[    0.723887] stmmac_probe_config_dt: RX delay(0x20).
[    0.723935] stmmac_probe_config_dt: is rockchip,rk3288-gmac
[    0.723946] stmmc_pltfr_init:
[    0.723955] stmmc_pltfr_init: ERROR: Get power-gpio failed.
[    0.723978] gmac_phy_reset: ERROR: Request pin stmmc_pltfr_init failed.
[    0.723989] stmmc_pltfr_init: init for RGMII
[    0.724001] tx delay=0x30
[    0.724001] rx delay=0x20
[    0.724017] tx delay=0x30
[    0.724017] rx delay=0x20
[    0.724476] stmmac - user ID: 0x10, Synopsys ID: 0x35
[    0.724489]  Normal descriptors
[    0.724498]  Ring mode enabled
[    0.724509]  DMA HW capability register supported
[    0.724520]  RX Checksum Offload Engine supported (type 2)
[    0.724531]  TX Checksum insertion supported
[    0.724541]  Wake-Up On Lan supported
[    0.724579]  Enable RX Mitigation via HW Watchdog Timer
[    0.725042] PPP generic driver version 2.4.2
[    0.725199] PPP BSD Compression module registered
[    0.725213] PPP Deflate Compression module registered
[    0.725237] PPP MPPE Compression module registered
[    0.725250] NET: Registered protocol family 24
[    0.725284] SLIP: version 0.8.4-NET3.019-NEWTTY (dynamic channels, max=256) (6 bit encapsulation enabled).
[    0.725299] CSLIP: code copyright 1989 Regents of the University of California.
[    0.725313] Rockchip WiFi SYS interface (V1.00) ... 
[    0.725348] esp_mem_init enter date Apr 21 2017 11:54:06
[    0.725360] esp_mem_init VERSION [V2.5]
[    0.725403] esp_mem_init complete 
[    0.725496] usbcore: registered new interface driver catc
[    0.725540] usbcore: registered new interface driver kaweth
[    0.725554] pegasus: v0.9.3 (2013/04/25), Pegasus/Pegasus II USB Ethernet driver
[    0.725594] usbcore: registered new interface driver pegasus
[    0.725634] usbcore: registered new interface driver rtl8150
[    0.725674] usbcore: registered new interface driver r8152
[    0.725686] hso: drivers/net/usb/hso.c: Option Wireless
[    0.725756] usbcore: registered new interface driver hso
[    0.725806] usbcore: registered new interface driver asix
[    0.725848] usbcore: registered new interface driver ax88179_178a
[    0.725889] usbcore: registered new interface driver cdc_ether
[    0.725928] usbcore: registered new interface driver cdc_eem
[    0.725967] usbcore: registered new interface driver dm9601
[    0.726006] usbcore: registered new interface driver dm9620
[    0.726054] usbcore: registered new interface driver smsc75xx
[    0.726109] usbcore: registered new interface driver smsc95xx
[    0.726151] usbcore: registered new interface driver gl620a
[    0.726192] usbcore: registered new interface driver net1080
[    0.726233] usbcore: registered new interface driver plusb
[    0.726273] usbcore: registered new interface driver rndis_host
[    0.726313] usbcore: registered new interface driver cdc_subset
[    0.726352] usbcore: registered new interface driver zaurus
[    0.726398] usbcore: registered new interface driver MOSCHIP usb-ethernet driver
[    0.726463] usbcore: registered new interface driver int51x1
[    0.726504] usbcore: registered new interface driver kalmia
[    0.726545] usbcore: registered new interface driver ipheth
[    0.726590] usbcore: registered new interface driver sierra_net
[    0.726631] usbcore: registered new interface driver cx82310_eth
[    0.726681] usbcore: registered new interface driver cdc_ncm
[    0.726729] usbcore: registered new interface driver qmi_wwan
[    0.726771] usbcore: registered new interface driver cdc_mbim
[    0.726783] ehci_hcd: USB 2.0 'Enhanced' Host Controller (EHCI) Driver
[    0.729216] EHCI: ehci_rk_probe e1540000 e1540010
[    0.729236] rockchip_ehci_host ff500000.usb: EHCI Host Controller
[    0.729270] rockchip_ehci_host ff500000.usb: new USB bus registered, assigned bus number 1
[    0.729616] rockchip_ehci_host ff500000.usb: irq 56, io mem 0xff500000
[    0.741350] rockchip_ehci_host ff500000.usb: USB 2.0 started, EHCI 1.00
[    0.741443] usb usb1: New USB device found, idVendor=1d6b, idProduct=0002
[    0.741460] usb usb1: New USB device strings: Mfr=3, Product=2, SerialNumber=1
[    0.741475] usb usb1: Product: EHCI Host Controller
[    0.741488] usb usb1: Manufacturer: Linux 3.10.0 ehci_hcd
[    0.741501] usb usb1: SerialNumber: ff500000.usb
[    0.741994] hub 1-0:1.0: USB hub found
[    0.742022] hub 1-0:1.0: 1 port detected
[    0.742184] EHCI: ehci_rk_probe ok
[    0.742297] ohci_hcd: USB 1.1 'Open' Host Controller (OHCI) Driver
[    0.742506] usbcore: registered new interface driver cdc_acm
[    0.742519] cdc_acm: USB Abstract Control Model driver for USB modems and ISDN adapters
[    0.742579] usbcore: registered new interface driver usblp
[    0.742622] usbcore: registered new interface driver cdc_wdm
[    0.742681] usbcore: registered new interface driver usb-storage
[    0.742720] usbcore: registered new interface driver ums-alauda
[    0.742758] usbcore: registered new interface driver ums-cypress
[    0.742797] usbcore: registered new interface driver ums-datafab
[    0.742834] usbcore: registered new interface driver ums_eneub6250
[    0.742872] usbcore: registered new interface driver ums-freecom
[    0.742915] usbcore: registered new interface driver ums-isd200
[    0.742955] usbcore: registered new interface driver ums-jumpshot
[    0.742993] usbcore: registered new interface driver ums-karma
[    0.743031] usbcore: registered new interface driver ums-onetouch
[    0.743069] usbcore: registered new interface driver ums-sddr09
[    0.743107] usbcore: registered new interface driver ums-sddr55
[    0.743146] usbcore: registered new interface driver ums-usbat
[    0.743238] usbcore: registered new interface driver usbserial
[    0.743278] usbcore: registered new interface driver usbserial_generic
[    0.743316] usbserial: USB Serial support registered for generic
[    0.743358] usbcore: registered new interface driver option
[    0.743388] usbserial: USB Serial support registered for GSM modem (1-port)
[    0.743464] usbcore: registered new interface driver trancevibrator
[    0.743476] usb20_otg: version 3.10a 21-DEC-2012
[    0.743915] e1580040
[    0.743929] Core Release: 3.10a
[    0.743942] Setting default values for core params
[    0.744080] Using Buffer DMA mode
[    0.744093] Periodic Transfer Interrupt Enhancement - disabled
[    0.744104] Multiprocessor Interrupt Enhancement - disabled
[    0.744116] OTG VER PARAM: 0, OTG VER FLAG: 0
[    0.744127] ^^^^^^^^^^^^^^^^^Device Mode
[    0.744140] Dedicated Tx FIFOs mode
[    0.744160] pcd_init otg_dev = ddf2b900
[    0.842887] Using Buffer DMA mode
[    0.842904] Periodic Transfer Interrupt Enhancement - disabled
[    0.842915] Multiprocessor Interrupt Enhancement - disabled
[    0.842927] OTG VER PARAM: 0, OTG VER FLAG: 0
[    0.842937] ^^^^^^^^^^^^^^^^^Device Mode
[    0.842967] usb20_otg ff580000.usb: DWC OTG Controller
[    0.842996] usb20_otg ff580000.usb: new USB bus registered, assigned bus number 2
[    0.843031] usb20_otg ff580000.usb: irq 55, io mem 0x00000000
[    0.843089] usb usb2: New USB device found, idVendor=1d6b, idProduct=0002
[    0.843106] usb usb2: New USB device strings: Mfr=3, Product=2, SerialNumber=1
[    0.843120] usb usb2: Product: DWC OTG Controller
[    0.843133] usb usb2: Manufacturer: Linux 3.10.0 dwc_otg_hcd
[    0.843146] usb usb2: SerialNumber: ff580000.usb
[    0.843587] hub 2-0:1.0: USB hub found
[    0.843613] hub 2-0:1.0: 1 port detected
[    0.843909] usb20_host: version 3.10a 21-DEC-2012
[    0.846448] e1600040
[    0.846463] Core Release: 3.10a
[    0.846474] Setting default values for core params
[    0.846580] Using Buffer DMA mode
[    0.846592] Periodic Transfer Interrupt Enhancement - disabled
[    0.846602] Multiprocessor Interrupt Enhancement - disabled
[    0.846614] OTG VER PARAM: 0, OTG VER FLAG: 0
[    0.846624] ^^^^^^^^^^^^^^^^^^Host Mode
[    0.846651] usb20_host ff540000.usb: DWC OTG Controller
[    0.846677] usb20_host ff540000.usb: new USB bus registered, assigned bus number 3
[    0.846720] usb20_host ff540000.usb: irq 57, io mem 0x00000000
[    0.846813] Init: Power Port (0)
[    0.846875] usb usb3: New USB device found, idVendor=1d6b, idProduct=0002
[    0.846892] usb usb3: New USB device strings: Mfr=3, Product=2, SerialNumber=1
[    0.846906] usb usb3: Product: DWC OTG Controller
[    0.846919] usb usb3: Manufacturer: Linux 3.10.0 dwc_otg_hcd
[    0.846933] usb usb3: SerialNumber: ff540000.usb
[    0.847327] hub 3-0:1.0: USB hub found
[    0.847350] hub 3-0:1.0: 1 port detected
[    0.848071] usbcore: registered new interface driver xpad
[    0.848133] usbcore: registered new interface driver usb_acecad
[    0.848181] usbcore: registered new interface driver aiptek
[    0.848225] usbcore: registered new interface driver gtco
[    0.848271] usbcore: registered new interface driver hanwang
[    0.848316] usbcore: registered new interface driver kbtab
[    0.848367] usbcore: registered new interface driver wacom
[    0.848639] sensor_register_slave:mma8452,id=17
[    0.848656] sensor_register_slave:gs_mc3230,id=23
[    0.848666] gsensor_init
[    0.848677] sensor_register_slave:mpu6880_acc,id=24
[    0.848688] sensor_register_slave:mpu6500_acc,id=25
[    0.848699] sensor_register_slave:cm3217,id=48
[    0.848710] sensor_register_slave:cm3218,id=49
[    0.848918] .. rk pwm remotectl v1.1 init
[    0.849158] input: ff680000.pwm as /devices/ff680000.pwm/input/input0
[    0.851639] rtc_hym8563 0-0051: clock/calendar information is no longer guaranteed
[    0.854592] rtc_hym8563 0-0051: rtc core: registered hym8563 as rtc0
[    0.854653] i2c /dev entries driver
[    0.855320] IR NEC protocol handler initialized
[    0.855333] IR RC5(x) protocol handler initialized
[    0.855343] IR RC6 protocol handler initialized
[    0.855353] IR JVC protocol handler initialized
[    0.855363] IR Sony protocol handler initialized
[    0.855373] IR RC5 (streamzap) protocol handler initialized
[    0.855383] IR SANYO protocol handler initialized
[    0.855394] IR MCE Keyboard/mouse protocol handler initialized
[    0.855561] usbcore: registered new interface driver uvcvideo
[    0.855573] USB Video Class driver (1.1.1)
[    0.855586] CamSys driver version: v0.32.0,  CamSys head file version: v0.11.0
[    0.857076] D1:camsys_platform_probe(1300): 1-gpios-cifpower: gpio=236
[    0.857102] D1:camsys_platform_probe(1303): gpios-cifpower: gpio_request
[    0.857124] D1:camsys_platform_probe(1305): 1-gpios-cifpower: gpio_request=0
[    0.857145] D1:camsys_platform_probe(1314): gpios-cifpower: 236 high
[    0.857186] D1:camsys_mipiphy_probe_cb(115): compatible is rockchip,rk3288
[    0.857186] 
[    0.857260] D1:camsys_mipiphy_probe_cb(186): ff910000.isp mipi phy0 probe success(reg_phy: 0x0  reg_vir: 0x0  size: 0x0)
[    0.857410] D1:camsys_mipiphy_probe_cb(183): ff910000.isp mipi phy1 probe success(reg_phy: 0xff968000  reg_vir: 0xe14b8000  size: 0x4000)
[    0.858041] D1:camsys_platform_probe(1447): ff910000.isp memory:
[    0.858060] D1:camsys_platform_probe(1457):     Register memory (phy: 0xff910000 vir: 0xe1520000 size: 0x10000)
[    0.858077] D1:camsys_platform_probe(1452):     I2c memory (phy: 0x1dea8000 vir: 0xddea8000 size: 0x1000)
[    0.858092] D1:camsys_init_ext_fsh_module(20): init external flash module
[    0.858105] D1:camsys_platform_probe(1472): Probe ff910000.isp device success 
[    0.858527] not find test_power_init dev node
[    0.858586] i2c-core: driver [bq27320] using legacy suspend method
[    0.858598] i2c-core: driver [bq27320] using legacy resume method
[    0.858925] rockchip_temp_probe,line=362
[    0.908611] tsadc ff280000.tsadc: initialized
[    0.909006] device-mapper: uevent: version 1.0.3
[    0.909261] device-mapper: ioctl: 4.24.0-ioctl (2013-01-15) initialised: dm-devel@redhat.com
[    0.909576] Bluetooth: HCI UART driver ver 2.2
[    0.909592] Bluetooth: HCI H4 protocol initialized
[    0.909604] Bluetooth: HCILL protocol initialized
[    0.909616] rtk_btusb: Realtek Bluetooth USB driver module init, version 2.21
[    0.909628] rtk_btusb: Register usb char device interface for BT driver
[    0.909824] usbcore: registered new interface driver rtk_btusb
[    0.913172] cpufreq version 1.0, suspend freq 1200 MHz
[    0.913355] cpuidle: using governor ladder
[    0.913368] cpuidle: using governor menu
[    0.913402] Synopsys Designware Multimedia Card Interface Driver
[    0.913413] MHSC version = Ver 2.00 2015-06-10
[    0.913705] dw cru_regsbase addr 0x1d8.
[    0.913718] dw cru_reset_offset val 3.
[    0.913733] dwmmc_rockchip ff0f0000.rksdmmc: Version ID is 270a
[    0.913776] dwmmc_rockchip ff0f0000.rksdmmc: failed to get hpclk_mmc
[    0.914088] dwmmc_rockchip ff0f0000.rksdmmc: Using internal DMA controller.
[    0.914264] dw_mci_init_slot: fmin=400000, fmax=100000000 [mmc0]
[    0.914384] 1358..dw_mci_set_ios:  no card. [mmc0]
[    0.928306] 1358..dw_mci_set_ios:  no card. [mmc0]
[    0.938205] dwc_otg_hcd_suspend, usb device mode
[    0.948019] rk_sdmmc: BOOT dw_mci_setup_bus: argue clk_mmc workaround out 800000Hz for init[mmc0]
[    0.948042] dwmmc_rockchip ff0f0000.rksdmmc: DW MMC controller at irq 67, 32 bit host data width, 256 deep fifo
[    0.948061] dwmmc_rockchip ff0f0000.rksdmmc: 1 slots initialized
[    0.948366] dw cru_regsbase addr 0x1d8.
[    0.948379] dw cru_reset_offset val 0.
[    0.948394] dwmmc_rockchip ff0c0000.rksdmmc: Version ID is 270a
[    0.948434] dwmmc_rockchip ff0c0000.rksdmmc: failed to get hpclk_mmc
[    0.949171] dwmmc_rockchip ff0c0000.rksdmmc: Using internal DMA controller.
[    0.949315] dw_mci_init_slot: fmin=300000, fmax=50000000 [mmc1]
[    0.949773] dwmmc_rockchip ff0c0000.rksdmmc: mmc1: No udbg pinctrl found!
[    0.949849] 1358..dw_mci_set_ios:  no card. [mmc1]
[    0.967656] 1358..dw_mci_set_ios:  no card. [mmc1]
[    0.980118] mmc0: BKOPS_EN bit is not set
[    0.981990] rk_sdmmc: BOOT Bus speed=0Hz,Bus width=8bits.[mmc0]
[    0.984273] mmc_host mmc0: Bus speed (slot 0) = 100000000Hz (slot req 100000000Hz, actual 100000000HZ div = 0)
[    0.984297] rk_sdmmc: BOOT dw_mci_setup_bus: argue clk_mmc workaround out normal clock [mmc0]
[    0.984318] [mmc0] tuning regsbase addr 0x218.
[    0.984879] [mmc0] Data transmission error !!!!  MINTSTS: [0x00000088]
[    0.984890] [mmc0] host was already tuning, Don't need to retry tune again ignore 0.
[    0.984920] dwmmc_rockchip ff0f0000.rksdmmc: Tuning error: cmd.error:0, data.error:-84
[    0.985182] dwmmc_rockchip ff0f0000.rksdmmc: Good phase range 0-180 (17 len)
[    0.985194] dwmmc_rockchip ff0f0000.rksdmmc: Good phase range 203-282 (8 len)
[    0.985205] dwmmc_rockchip ff0f0000.rksdmmc: Best phase range 0-180 (17 len)
[    0.985215] dwmmc_rockchip ff0f0000.rksdmmc: Successfully tuned phase to 90
[    0.985256] mmc0: new HS200 MMC card at address 0001
[    0.985521] mmcblk0: mmc0:0001 AGND3R 14.5 GiB 
[    0.985847]      uboot: 0x000400000 -- 0x000800000 (4 MB)
[    0.985860]       misc: 0x000800000 -- 0x000c00000 (4 MB)
[    0.985869]   resource: 0x000c00000 -- 0x001c00000 (16 MB)
[    0.985878]     kernel: 0x001c00000 -- 0x002c00000 (16 MB)
[    0.985887]       boot: 0x002c00000 -- 0x004c00000 (32 MB)
[    0.985895]   recovery: 0x004c00000 -- 0x006c00000 (32 MB)
[    0.985904]     backup: 0x006c00000 -- 0x00a000000 (52 MB)
[    0.985913]      cache: 0x00a000000 -- 0x012000000 (128 MB)
[    0.985921]     kpanic: 0x012000000 -- 0x012400000 (4 MB)
[    0.985929]     system: 0x012400000 -- 0x072400000 (1536 MB)
[    0.985938]   metadata: 0x072400000 -- 0x073400000 (16 MB)
[    0.985947] baseparamer: 0x073400000 -- 0x073800000 (4 MB)
[    0.985955]   userdata: 0x073800000 -- 0x0b3800000 (1024 MB)
[    0.985964] radical_update: 0x0b3800000 -- 0x0b7800000 (64 MB)
[    0.985973]       user: 0x0b7800000 -- 0x3a3a00000 (11970 MB)
[    0.985999]  mmcblk0: p1 p2 p3 p4 p5 p6 p7 p8 p9 p10 p11 p12 p13 p14 p151358..dw_mci_set_ios:  no card. [mmc1]
[    0.987379] dwmmc_rockchip ff0c0000.rksdmmc: DW MMC controller at irq 64, 32 bit host data width, 256 deep fifo
[    0.987392] dwmmc_rockchip ff0c0000.rksdmmc: 1 slots initialized
[    0.987702] dw cru_regsbase addr 0x1d8.
[    0.987710] dw cru_reset_offset val 1.
[    0.987720] dwmmc_rockchip ff0d0000.rksdmmc: Version ID is 270a
[    0.987756] dwmmc_rockchip ff0d0000.rksdmmc: failed to get hpclk_mmc
[    0.987984] dwmmc_rockchip ff0d0000.rksdmmc: Using internal DMA controller.
[    0.988119] dw_mci_init_slot: fmin=200000, fmax=50000000 [mmc2]
[    0.988372] 1358..dw_mci_set_ios:  no card. [mmc2]
[    1.007016] 1358..dw_mci_set_ios:  no card. [mmc2]
[    1.026703] 1358..dw_mci_set_ios:  no card. [mmc2]
[    1.026739] dwmmc_rockchip ff0d0000.rksdmmc: DW MMC controller at irq 65, 32 bit host data width, 256 deep fifo
[    1.026752] dwmmc_rockchip ff0d0000.rksdmmc: 1 slots initialized
[    1.027012] leds-gpio leds.29: pins are not configured from the driver
[    1.027224] hidraw: raw HID events driver (C) Jiri Kosina
[    1.028708] usbcore: registered new interface driver usbhid
[    1.028717] usbhid: USB HID core driver
[    1.028834] ashmem: initialized
[    1.028954] logger: created 256K log 'log_main'
[    1.029048] logger: created 256K log 'log_events'
[    1.029138] logger: created 256K log 'log_radio'
[    1.029243] logger: created 256K log 'log_system'
[    1.030305] input: rk29-keypad as /devices/ff100000.adc/key.32/input/input1
[    1.031110] rockchip-pinctrl ff770000.pinctrl: pin gpio6-8 already requested by ff890000.rockchip-i2s; cannot claim for 2-0010
[    1.031126] rockchip-pinctrl ff770000.pinctrl: pin-200 (2-0010) status -22
[    1.031139] rockchip-pinctrl ff770000.pinctrl: could not request pin 200 on device rockchip-pinctrl
[    1.031150] ES8323 2-0010: Error applying setting, reverse things back
[    1.031443] es8323 probe i2c recv ok
[    1.032336] rockchip-spdif ff880000.rockchip-spdif: spdif ready.
[    1.032896] es8323_probe
[    1.032986] es8323_probe:register ISR (irq=194)
[    1.666652] ES8323 2-0010: ASoC: no dapm match for LINPUT1 --> NULL --> Left Line Mux
[    1.666665] ES8323 2-0010: ASoC: Failed to add route LINPUT1 -> NULL -> Left Line Mux
[    1.666675] ES8323 2-0010: ASoC: no dapm match for LINPUT2 --> NULL --> Left Line Mux
[    1.666683] ES8323 2-0010: ASoC: Failed to add route LINPUT2 -> NULL -> Left Line Mux
[    1.666691] ES8323 2-0010: ASoC: no dapm match for Left PGA Mux --> NULL --> Left Line Mux
[    1.666699] ES8323 2-0010: ASoC: Failed to add route Left PGA Mux -> NULL -> Left Line Mux
[    1.666708] ES8323 2-0010: ASoC: no dapm match for RINPUT1 --> NULL --> Right Line Mux
[    1.666716] ES8323 2-0010: ASoC: Failed to add route RINPUT1 -> NULL -> Right Line Mux
[    1.666724] ES8323 2-0010: ASoC: no dapm match for RINPUT2 --> NULL --> Right Line Mux
[    1.666731] ES8323 2-0010: ASoC: Failed to add route RINPUT2 -> NULL -> Right Line Mux
[    1.666740] ES8323 2-0010: ASoC: no dapm match for Right PGA Mux --> NULL --> Right Line Mux
[    1.666747] ES8323 2-0010: ASoC: Failed to add route Right PGA Mux -> NULL -> Right Line Mux
[    1.666756] ES8323 2-0010: ASoC: no dapm match for LINPUT1 --> LAMP --> Left PGA Mux
[    1.666763] ES8323 2-0010: ASoC: Failed to add route LINPUT1 -> LAMP -> Left PGA Mux
[    1.666771] ES8323 2-0010: ASoC: no dapm match for LINPUT2 --> LAMP --> Left PGA Mux
[    1.666778] ES8323 2-0010: ASoC: Failed to add route LINPUT2 -> LAMP -> Left PGA Mux
[    1.666786] ES8323 2-0010: ASoC: no dapm match for Differential Mux --> LAMP --> Left PGA Mux
[    1.666793] ES8323 2-0010: ASoC: Failed to add route Differential Mux -> LAMP -> Left PGA Mux
[    1.666803] ES8323 2-0010: ASoC: no dapm match for RINPUT1 --> RAMP --> Right PGA Mux
[    1.666809] ES8323 2-0010: ASoC: Failed to add route RINPUT1 -> RAMP -> Right PGA Mux
[    1.666817] ES8323 2-0010: ASoC: no dapm match for RINPUT2 --> RAMP --> Right PGA Mux
[    1.666824] ES8323 2-0010: ASoC: Failed to add route RINPUT2 -> RAMP -> Right PGA Mux
[    1.666832] ES8323 2-0010: ASoC: no dapm match for Differential Mux --> RAMP --> Right PGA Mux
[    1.666840] ES8323 2-0010: ASoC: Failed to add route Differential Mux -> RAMP -> Right PGA Mux
[    1.666848] ES8323 2-0010: ASoC: no dapm match for LINPUT1 --> LAMP --> Differential Mux
[    1.666856] ES8323 2-0010: ASoC: Failed to add route LINPUT1 -> LAMP -> Differential Mux
[    1.666864] ES8323 2-0010: ASoC: no dapm match for RINPUT1 --> RAMP --> Differential Mux
[    1.666871] ES8323 2-0010: ASoC: Failed to add route RINPUT1 -> RAMP -> Differential Mux
[    1.666879] ES8323 2-0010: ASoC: no dapm match for LINPUT2 --> LAMP --> Differential Mux
[    1.666886] ES8323 2-0010: ASoC: Failed to add route LINPUT2 -> LAMP -> Differential Mux
[    1.666894] ES8323 2-0010: ASoC: no dapm match for RINPUT2 --> RAMP --> Differential Mux
[    1.666900] ES8323 2-0010: ASoC: Failed to add route RINPUT2 -> RAMP -> Differential Mux
[    1.666918] ES8323 2-0010: ASoC: no dapm match for LINPUT1 --> LAMP --> Left Line Mux
[    1.666925] ES8323 2-0010: ASoC: Failed to add route LINPUT1 -> LAMP -> Left Line Mux
[    1.666933] ES8323 2-0010: ASoC: no dapm match for LINPUT2 --> LAMP --> Left Line Mux
[    1.666940] ES8323 2-0010: ASoC: Failed to add route LINPUT2 -> LAMP -> Left Line Mux
[    1.666948] ES8323 2-0010: ASoC: no dapm match for Left PGA Mux --> LAMP --> Left Line Mux
[    1.666955] ES8323 2-0010: ASoC: Failed to add route Left PGA Mux -> LAMP -> Left Line Mux
[    1.666964] ES8323 2-0010: ASoC: no dapm match for RINPUT1 --> RAMP --> Right Line Mux
[    1.666971] ES8323 2-0010: ASoC: Failed to add route RINPUT1 -> RAMP -> Right Line Mux
[    1.666979] ES8323 2-0010: ASoC: no dapm match for RINPUT2 --> RAMP --> Right Line Mux
[    1.666986] ES8323 2-0010: ASoC: Failed to add route RINPUT2 -> RAMP -> Right Line Mux
[    1.666993] ES8323 2-0010: ASoC: no dapm match for Right PGA Mux --> RAMP --> Right Line Mux
[    1.667000] ES8323 2-0010: ASoC: Failed to add route Right PGA Mux -> RAMP -> Right Line Mux
[    1.667126] ES8323 2-0010: ASoC: mux Right Line Mux has no paths
[    1.667137] ES8323 2-0010: ASoC: mux Left Line Mux has no paths
[    1.667146] ES8323 2-0010: ASoC: mux Right PGA Mux has no paths
[    1.667155] ES8323 2-0010: ASoC: mux Left PGA Mux has no paths
[    1.667174] ES8323 2-0010: ASoC: mux Differential Mux has no paths
[    1.673276] rockchip-es8323 rockchip-es8323.27:  ES8323 HiFi <-> ff890000.rockchip-i2s mapping ok
[    1.673911] u32 classifier
[    1.673920]     Actions configured
[    1.673929] Netfilter messages via NETLINK v0.30.
[    1.673979] nf_conntrack version 0.5.0 (16384 buckets, 65536 max)
[    1.674232] ctnetlink v0.93: registering with nfnetlink.
[    1.674293] NF_TPROXY: Transparent proxy support initialized, version 4.1.0
[    1.674299] NF_TPROXY: Copyright (c) 2006-2007 BalaBit IT Ltd.
[    1.674502] xt_time: kernel timezone is -0000
[    1.674655] ip_tables: (C) 2000-2006 Netfilter Core Team
[    1.674761] arp_tables: (C) 2002 David S. Miller
[    1.674792] TCP: cubic registered
[    1.674798] Initializing XFRM netlink socket
[    1.674954] NET: Registered protocol family 10
[    1.675353] mip6: Mobile IPv6
[    1.675377] ip6_tables: (C) 2000-2006 Netfilter Core Team
[    1.675468] sit: IPv6 over IPv4 tunneling driver
[    1.675732] NET: Registered protocol family 17
[    1.675753] NET: Registered protocol family 15
[    1.675793] Bridge firewalling registered
[    1.675802] Ebtables v2.0 registered
[    1.675943] Bluetooth: RFCOMM TTY layer initialized
[    1.675967] Bluetooth: RFCOMM socket layer initialized
[    1.675973] Bluetooth: RFCOMM ver 1.11
[    1.675979] Bluetooth: BNEP (Ethernet Emulation) ver 1.3
[    1.675984] Bluetooth: BNEP filters: protocol multicast
[    1.675993] Bluetooth: BNEP socket layer initialized
[    1.675999] Bluetooth: HIDP (Human Interface Emulation) ver 1.2
[    1.676008] Bluetooth: HIDP socket layer initialized
[    1.676032] l2tp_core: L2TP core driver, V2.0
[    1.676043] l2tp_ppp: PPPoL2TP kernel driver, V2.0
[    1.676049] [WLAN_RFKILL]: Enter rfkill_wlan_init
[    1.676277] [WLAN_RFKILL]: Enter rfkill_wlan_probe
[    1.676287] [WLAN_RFKILL]: can't find rockchip,grf property
[    1.676294] [WLAN_RFKILL]: wlan_platdata_parse_dt: wifi_chip_type = bcmwifi
[    1.676302] [WLAN_RFKILL]: wlan_platdata_parse_dt: enable wifi power control.
[    1.676309] [WLAN_RFKILL]: wlan_platdata_parse_dt: disable wifi io reference voltage control.
[    1.676315] [WLAN_RFKILL]: wlan_platdata_parse_dt: wifi power controled by gpio.
[    1.676334] [WLAN_RFKILL]: wlan_platdata_parse_dt: get property: WIFI,poweren_gpio = 156, flags = 0.
[    1.676350] [WLAN_RFKILL]: wlan_platdata_parse_dt: get property: WIFI,host_wake_irq = 158, flags = 0.
[    1.676357] [WLAN_RFKILL]: rfkill_wlan_probe: init gpio
[    1.676381] [WLAN_RFKILL]: rockchip_wifi_voltage_select: wifi & sdio reference voltage: 1.8V
[    1.676389] [WLAN_RFKILL]: Exit rfkill_wlan_probe
[    1.676426] [BT_RFKILL]: Enter rfkill_rk_init
[    1.676536] [BT_RFKILL]: bluetooth_platdata_parse_dt: get property: uart_rts_gpios = 147.
[    1.676549] [BT_RFKILL]: bluetooth_platdata_parse_dt: get property: BT,power_gpio = 155.
[    1.676561] [BT_RFKILL]: bluetooth_platdata_parse_dt: get property: BT,reset_gpio = 157.
[    1.676573] [BT_RFKILL]: bluetooth_platdata_parse_dt: get property: BT,wake_gpio = 154.
[    1.676584] [BT_RFKILL]: bluetooth_platdata_parse_dt: get property: BT,wake_host_irq = 159.
[    1.676637] [BT_RFKILL]: Request irq for bt wakeup host
[    1.676726] [BT_RFKILL]: ** disable irq
[    1.676790] [BT_RFKILL]: ap6335 device registered.
[    1.677411] rk3288_init_suspend
[    1.677423] rk3288_suspend_init enter
[    1.677614] rk3288_suspend_init: pm_ctrbits =200007
[    1.677642] gpio_get_dts_info suspend:4
[    1.677647] gpio_get_dts_info resume:4
[    1.677653] rockchip,pmic-suspend_gpios:14007a10 0 0 0 0 0 0 0 0 0 0 0 0 0 0 0 0 0 0 0 
[    1.677676] rockchip,pmic-resume_gpios:2007a11 0 0 0 0 0 0 0 0 0 0 0 0 0 0 0 0 0 0 0 
[    1.677792] clks_gating_suspend_init:clkgt info ok
[    1.677871] Registering SWP/SWPB emulation handler
[    1.677882] rockchip_uboot_mem_late_init: Freeing uboot logo memory: 0x02000000@0x7dc00000
[    1.680160] ddrfreq: verion 1.2 20140526
[    1.680173] ddrfreq: normal 456MHz video_1080p 0MHz video_4k 456MHz dualview 0MHz idle 0MHz suspend 200MHz reboot 456MHz
[    1.680180] ddrfreq: auto-freq=0
[    1.680185] ddrfreq: auto-freq-table[0] 240MHz
[    1.680190] ddrfreq: auto-freq-table[1] 324MHz
[    1.680194] ddrfreq: auto-freq-table[2] 456MHz
[    1.680200] ddrfreq: auto-freq-table[3] 528MHz
[    1.694136] act_ldo3: operation not allowed
[    1.694144] vga_edid_probe: turn on ldo3 done.
[    1.694386] act_ldo4: operation not allowed
[    1.694392] vga_edid_probe: turn on ldo done.
[    1.694632] act_ldo2: operation not allowed
[    1.694637] vga_edid_probe: turn on ldo2 done.
[    1.694876] act_ldo8: operation not allowed
[    1.694881] vga_edid_probe: turn on ldo done.
[    1.699923] unable to read EDID block.
[    1.734470] unable to read EDID block.
[    1.769020] unable to read EDID block.
[    1.769030] vga-ddc: read and parse edid failed errno:-5.
[    1.769035] vga_edid_probe: success. 10 
[    1.769137] firefly_vga_get_enable 180, 0
[    1.769143] firefly_vga_get_status 186
[    1.769149] firefly_vga_set_enable 159 enable:1
[    1.769165] firefly_vga_enable 130 start
[    1.769172] firefly_switch_fb 55 
[    1.769179] switch:en=1,lcdc_id=0,screen type=1,cur type=1
[    1.769196] regulator-dummy: disabling
[    1.774698] =======================================================
[    1.774705] ==== Launching Wi-Fi driver! (Powered by Rockchip) ====
[    1.774710] =======================================================
[    1.774715]  WiFi driver (Powered by Rockchip,Ver 5.10.WFD.OOB.64bit) init.
[    1.774761] dhd_module_init: in
[    1.774768] ======== bcm_wlan_set_plat_data ========
[    1.774773] [WLAN_RFKILL]: rockchip_wifi_get_oob_irq: Enter
[    1.774789] host_oob_irq: 196 
[    1.774794] host_oob_irq_flags=4
[    1.774798] dhd_wifi_platform_load: Enter
[    1.774811] pcd_pullup, is_on 0
[    1.774820] Power-up adapter 'DHD generic adapter'
[    1.774826]  - irq 196 [flags 4], firmware: (null), nvram: (null)
[    1.774832]  - bus type -1, bus num -1, slot num -1
[    1.774832] 
[    1.774843] file system registered
[    1.774853] wifi_platform_set_power = 1
[    1.774858] ======== PULL WL_REG_ON HIGH! ========
[    1.774863] [WLAN_RFKILL]: rockchip_wifi_power: 1
[    1.774869] [WLAN_RFKILL]: rockchip_wifi_ref_voltage: 1
[    1.774874] [WLAN_RFKILL]: rockchip_wifi_ref_voltage: wifi io reference voltage control is disabled.
[    1.775300] android_usb gadget: Mass Storage Function, version: 2009/09/11
[    1.775308] android_usb gadget: Number of LUNs=2
[    1.775314]  lun0: LUN: removable file: (no medium)
[    1.775320]  lun1: LUN: removable file: (no medium)
[    1.775438] android_usb gadget: android_usb ready
[    1.775507] sensor_init: Probe name sensors
[    1.775521] sensor-dev.c v1.4 add angle calculation support between two gsensors 2013-09-01
[    1.776042] rtc_hym8563 0-0051: setting system clock to 2011-01-01 12:00:01 UTC (1293883201)
[    1.781641] rockchip-spdif-card rockchip-spdif-card.25:  rk-hdmi-spdif-hifi <-> ff880000.rockchip-spdif mapping ok
[    1.782252] usbcore: registered new interface driver snd-usb-audio
[    1.782260] ALSA device list:
[    1.782264]   #0: RK_ES8323
[    1.782268]   #1: RK-SPDIF-CARD
[    1.782347] SysRq : HELP : loglevel(0-9) reboot(b) crash(c) terminate-all-tasks(e) memory-full-oom-kill(f) kill-all-tasks(i) thaw-filesystems(j) show-backtrace-all-active-cpus(l) show-memory-usage(m) nice-all-RT-tasks(n) poweroff(o) show-registers(p) show-all-timers(q) sync(s) show-task-states(t) unmount(u) show-blocked-tasks(w) dump-ftrace-buffer(z) 
[    1.782520] Freeing unused kernel memory: 352K (c0b8e000 - c0be6000)
[    1.882760] [WLAN_RFKILL]: wifi turn on power. 156
[    2.004202] type=1403 audit(1293883201.720:2): policy loaded auid=4294967295 ses=4294967295
[    2.020554] rk_fb_switch_screen: wait update_regs_wait timeout
[    2.020735] rk3288-lcdc lcdc0: lcdc0: dclk:148500000>>fps:60 
[    2.020799] VGA ENABLE
[    2.031119] init: invalid gid 'trace'
[    2.089416] wifi_platform_bus_enumerate device present 1
[    2.089436] ======== Card detection to detect SDIO card! ========
[    2.089444] mmc2:mmc host rescan start!
[    2.129763] init: /dev/hw_random not found
[    2.129826] keychord: using input dev ff680000.pwm for fevent
[    2.129842] keychord: using input dev rk29-keypad for fevent
[    2.134693] init: /dev/hw_random not found
[    2.135620] fs_mgr: Running /sbin/resize2fs on /dev/block/platform/ff0f0000.rksdmmc/by-name/system
[    2.136448] resize2fs: resize2fs 1.42.9 (28-Dec-2013)resize2fs: The filesystem is already 393216 blocks long.  Nothing to do!resize2fs: 
[    2.139000] EXT4-fs (mmcblk0p10): Ignoring removed nomblk_io_submit option
[    2.146132] EXT4-fs (mmcblk0p10): mounted filesystem with ordered data mode. Opts: nomblk_io_submit,errors=remount-ro
[    2.146228] fs_mgr: check_fs(): mount(/dev/block/platform/ff0f0000.rksdmmc/by-name/system,/system,ext4)=0
[    2.146919] fs_mgr: Running /sbin/e2fsck on /dev/block/platform/ff0f0000.rksdmmc/by-name/system
[    2.151742] e2fsck: e2fsck 1.42.9 (28-Dec-2013)
[    2.151792] e2fsck: system: clean, 1836/81984 files, 111633/393216 blocks
[    2.155381] EXT4-fs (mmcblk0p10): mounted filesystem with ordered data mode. Opts: noauto_da_alloc
[    2.155449] fs_mgr: __mount(source=/dev/block/platform/ff0f0000.rksdmmc/by-name/system,target=/system,type=ext4)=0
[    2.162080] EXT4-fs (mmcblk0p8): recovery complete
[    2.162388] EXT4-fs (mmcblk0p8): mounted filesystem with ordered data mode. Opts: noauto_da_alloc,discard
[    2.162444] fs_mgr: __mount(source=/dev/block/platform/ff0f0000.rksdmmc/by-name/cache,target=/cache,type=ext4)=0
[    2.162770] EXT4-fs (mmcblk0p11): Ignoring removed nomblk_io_submit option
[    2.166153] EXT4-fs (mmcblk0p11): recovery complete
[    2.166170] EXT4-fs (mmcblk0p11): mounted filesystem with ordered data mode. Opts: nomblk_io_submit,errors=remount-ro
[    2.166219] fs_mgr: check_fs(): mount(/dev/block/platform/ff0f0000.rksdmmc/by-name/metadata,/metadata,ext4)=0
[    2.166833] fs_mgr: Running /sbin/e2fsck on /dev/block/platform/ff0f0000.rksdmmc/by-name/metadata
[    2.170979] e2fsck: e2fsck 1.42.9 (28-Dec-2013)
[    2.171015] e2fsck: /dev/block/platform/ff0f0000.rksdmmc/by-name/metadata: clean, 11/1024 files, 1102/4096 blocks
[    2.174781] EXT4-fs (mmcblk0p11): mounted filesystem with ordered data mode. Opts: noauto_da_alloc,discard
[    2.174847] fs_mgr: __mount(source=/dev/block/platform/ff0f0000.rksdmmc/by-name/metadata,target=/metadata,type=ext4)=0
[    2.174892] fs_mgr: Running /system/bin/fsck.f2fs -f /dev/block/platform/ff0f0000.rksdmmc/by-name/userdata
[    2.175759] fsck.f2fs: executing /system/bin/fsck.f2fs failed: No such file or directory
[    2.175797] fsck.f2fs: fsck.f2fs terminated by exit(255)
[    2.176047] fs_mgr: __mount(source=/dev/block/platform/ff0f0000.rksdmmc/by-name/userdata,target=/data,type=f2fs)=-1
[    2.176405] EXT4-fs (mmcblk0p13): Ignoring removed nomblk_io_submit option
[    2.241212] EXT4-fs (mmcblk0p13): recovery complete
[    2.241521] EXT4-fs (mmcblk0p13): mounted filesystem with ordered data mode. Opts: nomblk_io_submit,errors=remount-ro
[    2.241604] fs_mgr: check_fs(): mount(/dev/block/platform/ff0f0000.rksdmmc/by-name/userdata,/data,ext4)=0
[    2.243239] fs_mgr: Running /sbin/e2fsck on /dev/block/platform/ff0f0000.rksdmmc/by-name/userdata
[    2.247790] e2fsck: e2fsck 1.42.9 (28-Dec-2013)
[    2.247829] e2fsck: /dev/block/platform/ff0f0000.rksdmmc/by-name/userdata: clean, 799/65536 files, 48922/262144 blocks
[    2.251665] EXT4-fs (mmcblk0p13): mounted filesystem with ordered data mode. Opts: noauto_da_alloc,discard,errors=panic
[    2.251729] fs_mgr: __mount(source=/dev/block/platform/ff0f0000.rksdmmc/by-name/userdata,target=/data,type=ext4)=0
[    2.251750] fs_mgr: mount_with_alternatives(): Mounted /dev/block/platform/ff0f0000.rksdmmc/by-name/userdata on /data with fs_type=ext4 instead of f2fs
[    2.264818] arm_release_ver of this mali_ko is 'r5p0-06rel0', rk_ko_ver is '12', built at '12:02:29', on 'Jul  6 2015'.
[    2.264907] mali ffa30000.gpu: Continuing without Mali clock control
[    2.264992] mali pd enabled
[    2.265007] clk enabled
[    2.265020] MALI_DVFS_STEP=4,div_dvfs=10
[    2.265031] mali_dvfs_infotbl[0].clock=198000,min_threshold=0,max_threshold=70
[    2.265040] mali_dvfs_infotbl[1].clock=297000,min_threshold=70,max_threshold=80
[    2.265050] mali_dvfs_infotbl[2].clock=417000,min_threshold=80,max_threshold=90
[    2.265059] mali_dvfs_infotbl[3].clock=480000,min_threshold=94,max_threshold=100
[    2.265153] turn on mali power
[    2.265165] kbase_platform_rk_init,register_reboot_notifier
[    2.265185] mali ffa30000.gpu: GPU identified as 0x0750 r0p0 status 1
[    2.265606] mali ffa30000.gpu: Probed as mali0
[    2.268150] rk29_ipp: version magic '3.0.8+ SMP preempt mod_unload ARMv7 ' should be '3.10.0 SMP preempt mod_unload ARMv7 p2v8 '
[    2.268765] rk29_ipp: version magic '3.0.36+ SMP preempt mod_unload ARMv7 ' should be '3.10.0 SMP preempt mod_unload ARMv7 p2v8 '
[    2.269334] rk29_ipp: version magic '3.0.101+ SMP preempt mod_unload ARMv7 ' should be '3.10.0 SMP preempt mod_unload ARMv7 p2v8 '
[    2.270116] zram0: detected capacity change from 0 to 533413888
[    2.305907] rk_sdmmc: BOOT dw_mci_setup_bus: argue clk_mmc workaround out 800000Hz for init[mmc2]
[    2.316189] Adding 520908k swap on /dev/block/zram0.  Priority:-1 extents:1 across:520908k SS
[    2.341783] EXT4-fs (mmcblk0p13): Unrecognized mount option "background_gc=on" or missing value
[    2.342291] mmc2: queuing unknown CIS tuple 0x80 (2 bytes)
[    2.343813] mmc2: queuing unknown CIS tuple 0x80 (3 bytes)
[    2.345334] mmc2: queuing unknown CIS tuple 0x80 (3 bytes)
[    2.348095] mmc2: queuing unknown CIS tuple 0x80 (7 bytes)
[    2.350100] bat_cap: oldcap path is /sys/devices/ff100000.adc
[    2.350154] bat_cap: oldcap_path no exist
[    2.350328] binder: 151:151 transaction failed 29189, size 0-0
[    2.350862] init: Warning!  Service displayd needs a SELinux domain defined; please fix!
[    2.354719] init: property 'ro.serialno' doesn't exist while expanding '${ro.serialno}'
[    2.354751] init: cannot expand '${ro.serialno}' while writing to '/sys/class/android_usb/android0/iSerial'
[    2.354974] init: using deprecated syntax for specifying property 'ro.product.usbfactory', use ${name} instead
[    2.355479] rtk_btusb: btchr_open: BT usb char device is opening
[    2.355495] rtk_btusb: btchr_open: Failed to get hci dev[NULL]
[    2.355512] rtk_btusb: btchr_open: BT usb char device is opening
[    2.355522] rtk_btusb: btchr_open: Failed to get hci dev[NULL]
[    2.355542] rtk_btusb: btchr_open: BT usb char device is opening
[    2.355554] rtk_btusb: btchr_open: Failed to get hci dev[NULL]
[    2.355570] rtk_btusb: btchr_open: BT usb char device is opening
[    2.355580] rtk_btusb: btchr_open: Failed to get hci dev[NULL]
[    2.362920] init: cannot find '/system/bin/debuggerd64', disabling 'debuggerd64'
[    2.364492] init: cannot find '/system/bin/install-recovery.sh', disabling 'flash_recovery'
[    2.364958] init: cannot find '/system/bin/bplus_helper', disabling 'bplus_helper'
[    2.365188] init: Warning!  Service drmservice needs a SELinux domain defined; please fix!
[    2.365426] init: cannot find '/system/bin/akmd', disabling 'akmd'
[    2.367002] android_usb: already disabled
[    2.369281] read descriptors
[    2.369295] read strings
[    2.369334] pcd_pullup, is_on 1
[    2.404588] mmc_host mmc2: Bus speed (slot 0) = 50000000Hz (slot req 50000000Hz, actual 50000000HZ div = 0)
[    2.404615] rk_sdmmc: BOOT dw_mci_setup_bus: argue clk_mmc workaround out normal clock [mmc2]
[    2.404680] rk_sdmmc: BOOT Bus speed=50000000Hz,Bus width=4bits.[mmc2]
[    2.407152] mmc2: queuing unknown CIS tuple 0x91 (3 bytes)
[    2.407179] mmc2: new high speed SDIO card at address 0001
[    2.423344] dhd_bus_register: Enter
[    2.423355] bcmsdh_register: register client driver
[    2.423451] bcmsdh_sdmmc: bcmsdh_sdmmc_probe Enter
[    2.423515] bcmsdh_sdmmc: bcmsdh_sdmmc_probe Enter
[    2.423524] bus num (host idx)=2, slot num (rca)=1
[    2.423531] found adapter info 'DHD generic adapter'
[    2.423536] found adapter info 'DHD generic adapter'
[    2.423760] dhdsdio_probe: Enter
[    2.423767] dhdsdio_probe: venid 0x14e4 devid 0x0000
[    2.423774] dhdsdio_probe: allow device id 0, will check chip internals
[    2.423846] F1 signature read @0x18000000=0x16224335
[    2.431046] Function 0 CIS:
[    2.431054]     20 04 d0 02 35 43 21 02 0c 00 22 04 00 20 00 2b 
[    2.431079]     80 02 00 0b 80 03 02 00 11 80 03 1b 4c 06 80 07 
[    2.431101]     19 94 a1 a2 f7 55 c6 00 00 00 00 00 00 00 00 00 
[    2.431123]     00 00 00 00 00 00 00 00 00 00 00 00 00 00 00 00 
[    2.431144]     00 00 00 00 00 00 00 00 00 00 00 00 00 00 00 00 
[    2.431165]     00 00 00 00 00 00 00 00 00 00 00 00 00 00 00 00 
[    2.431186]     00 00 00 00 00 00 00 00 00 00 00 00 00 00 00 00 
[    2.431207]     00 00 00 00 00 00 00 00 00 00 00 00 00 00 00 00 
[    2.431228]     00 00 00 00 00 00 00 00 00 00 00 00 00 00 00 00 
[    2.431248]     00 00 00 00 00 00 00 00 00 00 00 00 00 00 00 00 
[    2.431269]     00 00 00 00 00 00 00 00 00 00 00 00 00 00 00 00 
[    2.431290]     00 00 00 00 00 00 00 00 00 00 00 00 00 00 00 00 
[    2.431311]     00 00 00 00 00 00 00 00 00 00 00 00 00 00 00 00 
[    2.431332]     00 00 00 00 ff 
[    2.438576] Function 1 CIS:
[    2.438587]     20 04 d0 02 35 43 21 02 0c 00 22 2a 01 00 00 00 
[    2.438612]     00 00 00 00 00 00 00 00 40 00 00 ff ff 80 00 00 
[    2.438633]     00 00 00 00 00 00 00 00 00 00 00 00 00 00 00 00 
[    2.438655]     00 00 00 00 00 00 ff 
[    2.442935] firefly_vga_get_enable 180, 1
[    2.443018] firefly_vga_get_status 186
[    2.444124] firefly_vga_set_mode 203
[    2.444201] firefly_vga_set_enable 159 enable:1
[    2.447681] Function 2 CIS:
[    2.447693]     20 04 d0 02 35 43 21 02 0c 00 22 2a 01 01 00 00 
[    2.447726]     00 00 00 00 00 00 00 00 00 02 00 ff ff 80 00 00 
[    2.447748]     00 00 00 00 00 00 00 00 c8 00 00 00 00 00 00 00 
[    2.447772]     00 00 00 00 00 00 ff 
[    2.450407] F1 signature OK, socitype:0x1 chip:0x4339 rev:0x1 pkg:0x2
[    2.450824] DHD: dongle ram size is set to 786432(orig 786432) at 0x180000
[    2.450869] dhd_attach: Enter
[    2.450876] found adapter info 'DHD generic adapter'
[    2.450888] wifi_platform_get_mac_addr
[    2.450894] ======== bcm_wlan_get_mac_address ========
[    2.450901] [WLAN_RFKILL]: rockchip_wifi_mac_addr: enter.
[    2.450910] [WLAN_RFKILL]: falsh wifi_custom_mac_addr=[00:00:00:00:00:00]
[    2.450916] [WLAN_RFKILL]: This mac address is not valid, ignored...
[    2.450925] dhd_conf_set_chiprev: chip=0x4339, chiprev=1
[    2.450966] dhd_conf_set_conf_path_by_nv_path: config_path=/system/etc/firmware/config.txt
[    2.450995] CFG80211-TRACE) wl_cfg80211_attach :In
[    2.451003] CFG80211-DEBUG) wl_cfg80211_attach :func c5b40e08
[    2.451042] CFG80211-DEBUG) wl_setup_wiphy :Setting interface combinations for common mode
[    2.451053] CFG80211-DEBUG) wl_setup_wiphy :Registering custom regulatory)
[    2.451064] CFG80211-DEBUG) wl_setup_wiphy :Registering Vendor80211)
[    2.451250] CFG80211-DEBUG) wl_init_priv_mem :Enter 
[    2.451270] CFG80211-DEBUG) wl_create_event_handler :Enter 
[    2.451344] wl_create_event_handler(): thread:wl_event_handler:b0 started
[    2.451348] tsk Enter, tsk = 0xdd40149c
[    2.451359] CFG80211-DEBUG) wl_init_conf :Enter 
[    2.451367] CFG80211-DEBUG) wl_link_down :In
[    2.451374] CFG80211-DEBUG) wl_setup_rfkill :Enter 
[    2.451454] CFG80211-DEBUG) wl_cfg80211_netdev_notifier_call :Enter state = 5
[    2.451464] CFG80211-DEBUG) wl_cfg80211_netdev_notifier_call :Enter state = 1
[    2.451472] CFG80211-DEBUG) wl_cfg80211_netdev_notifier_call :Enter state = 5
[    2.451479] CFG80211-DEBUG) wl_cfg80211_netdev_notifier_call :Enter state = 5
[    2.451492] CFG80211-DEBUG) wl_rfkill_set :Enter 
[    2.451499] CFG80211-DEBUG) wl_rfkill_set :RF unblocked
[    2.451564] dhd_attach(): thread:dhd_watchdog_thread:b1 started
[    2.451613] dhd_attach(): thread:dhd_dpc:b2 started
[    2.451626] dhd_dpc_thread: set dpc_cpucore 0 from config.txt
[    2.451660] dhd_attach(): thread:dhd_rxf:b3 started
[    2.451672] dhd_deferred_work_init: work queue initialized 
[    2.451680] dhd_tcpack_suppress_set: 0 -> 2
[    2.451686] _tdata_psh_info_pool_init 257: Enter
[    2.451693] dhdsdio_probe_malloc: Enter
[    2.451703] dhdsdio_probe_init: Enter
[    2.451763] dhdsdio_probe_init: Initial value for sd_divisor is 2
[    2.451772] dhdsdio_probe_init: Initial value for sd_mode is 2
[    2.451779] dhdsdio_probe_init: Initial value for sd_blocksize is 128
[    2.451892] Apply overflow WAR: 0x10 0x20 0xa0
[    2.451901] dhdsdio_probe_init: bus module (through bcmsdh API) does not support chaining
[    2.451910] dhdsdio_probe_init: set use_rxchain 1 from config.txt
[    2.451954] dhdsdio_probe: completed!!
[    2.459273] dhd_register_if: ifidx 0
[    2.459282] dhd_register_if: net->netdev_ops = &dhd_ops_virt
[    2.459288] dhd_register_if: net->netdev_ops = &dhd_ops_pri
[    2.459294] dhd_register_if: pub.mac.octet is not null
[    2.459301] Dongle Host Driver, version 1.201.59.4 (r506368)
[    2.459301] Compiled in drivers/net/wireless/bcmdhd on May  3 2017 at 11:34:53
[    2.459327] CFG80211-DEBUG) wl_cfg80211_netdev_notifier_call :Enter state = 16
[    2.459639] CFG80211-DEBUG) wl_cfg80211_netdev_notifier_call :Enter state = 5
[    2.459657] dhd_get_stats: Enter
[    2.459689] Register interface [wlan0]  MAC: 94:a1:a2:f7:55:c6
[    2.459689] 
[    2.459700] dhd_prot_ioctl : bus is down. we have nothing to do
[    2.459707] dhd_net_bus_devreset: wl down failed
[    2.459714] dhd_os_wd_timer: Enter
[    2.459720] dhd_txflowcontrol: Enter
[    2.459726] dhd_bus_stop: Enter
[    2.459757] bcmsdh_oob_intr_unregister: Enter
[    2.459763] bcmsdh_oob_intr_unregister: irq is not registered
[    2.459771] dhdsdio_release_dongle: Enter bus->dhd dd4c00a4 bus->dhd->dongle_reset 0 
[    2.459778] dhdsdio_clkctl: Enter
[    2.459784] dhdsdio_sdclk: Enter
[    2.459789] dhd_os_wd_timer: Enter
[    2.459795] dhdsdio_clkctl: 1 -> 0
[    2.459802] dhdsdio_release_dongle: Disconnected
[    2.459807] dhd_txglom_enable: Enter
[    2.459812] dhd_txglom_enable: enable 0
[    2.459818] dhd_bus_devreset:  WLAN OFF DONE
[    2.459854] wifi_platform_set_power = 0
[    2.459861] ======== PULL WL_REG_ON LOW! ========
[    2.459867] [WLAN_RFKILL]: rockchip_wifi_power: 0
[    2.561730] [WLAN_RFKILL]: wifi shut off power.
[    2.561742] [WLAN_RFKILL]: rockchip_wifi_ref_voltage: 0
[    2.561748] [WLAN_RFKILL]: rockchip_wifi_ref_voltage: wifi io reference voltage control is disabled.
[    2.561806] dhd_module_init: Exit err=0
[    2.640760] logd.auditd: start
[    2.719193] EHCI: rk_ehci_hcd_enable, disable host controller
[    2.817570] dwc_otg_hcd_enable, enable host controller
[    2.930852] Using Buffer DMA mode
[    2.930864] Periodic Transfer Interrupt Enhancement - disabled
[    2.930869] Multiprocessor Interrupt Enhancement - disabled
[    2.930875] OTG VER PARAM: 0, OTG VER FLAG: 0
[    2.930880] ^^^^^^^^^^^^^^^^^^Host Mode
[    2.975092] Init: Power Port (0)
[    2.975139] ff540000.usb resume, HPRT0:0x21401
[    3.112822] Indeed it is in host mode hprt0 = 00021501
[    3.288804] rk3288-lcdc lcdc0: blank mode:0
[    3.289922] usb 3-1: new high-speed USB device number 2 using usb20_host
[    3.290011] Indeed it is in host mode hprt0 = 00001101
[    3.334894] healthd: No charger supplies found
[    3.334907] healthd: No battery devices found
[    3.487733] usb 3-1: New USB device found, idVendor=1a40, idProduct=0101
[    3.487746] usb 3-1: New USB device strings: Mfr=0, Product=1, SerialNumber=0
[    3.487753] usb 3-1: Product: USB 2.0 Hub [MTT]
[    3.488266] hub 3-1:1.0: USB hub found
[    3.488326] hub 3-1:1.0: 4 ports detected
[    3.604802] ff540000.usb suspend, HPRT0:0x1485
[    4.719083] warning: `system_server' uses 32-bit capabilities (legacy support in use)
[    5.844592] D1:camsys_mipiphy_clkin_cb(34): camsys_marvin mipi phy clk in turn on
[    5.844604] D1:camsys_mipiphy_clkin_cb(34): camsys_marvin mipi phy clk in turn on
[    5.844610] D1:camsys_open(739): camsys_marvin(debdd610) is opened!
[    5.844688] D1:camsys_extdev_register(243): Get RK30_PIN2_PB6(78) gpio(active: 0) for dev_id 0x2000000 success!
[    5.844700] D1:camsys_extdev_register(243): Get RK30_PIN2_PB7(79) gpio(active: 0) for dev_id 0x2000000 success!
[    5.844710] D1:camsys_extdev_register(243): Get RK30_PIN0_PB3(11) gpio(active: 1) for dev_id 0x2000000 success!
[    5.844734] rockchip_gpio_request:GPIO7-13
[    5.844743] rockchip_gpio_set:GPIO7-13 level = 1
[    5.844749] rockchip_gpio_direction_output:set GPIO7-13 level 1
[    5.844757] rk32_iomux_bit_op:GPIO7-13,reg=0x70,data=0xc000000,result=0x0
[    5.844765] rockchip_pmx_gpio_set_direction:gpio_direction for pin 237 as gpio7-13 to output,data=0x7600,result=0x7600
[    5.844772] D1:camsys_mrv_iomux_cb(90): marvin pinctrl select: isp_mipi_fl
[    5.844792] D1:camsys_extdev_register(268): Extdev(dev_id: 0x2000000  dev_name: OV13850) register success
[    5.849826] D1:camsys_mrv_clkin_cb(350): camsys_marvin clock(f: 210000000 Hz) in turn on
[    5.849836] D1:camsys_rk3288_cfg(267): Isp_SoftRst: 1
[    5.849941] D1:camsys_rk3288_cfg(267): Isp_SoftRst: 0
[    5.849965] D1:camsys_mrv_clkout_cb(392): camsys_marvin clock out(rate: 24000000Hz) turn on
[    5.851037] D1:camsys_sysctl_extdev(360): Sysctl 11 success, gpio(11) set 1
[    5.852108] D1:camsys_sysctl_extdev(364): Sysctl 8 success, gpio(79) set 1
[    5.853176] D1:camsys_sysctl_extdev(364): Sysctl 7 success, gpio(78) set 1
[    5.856415] E:camsys_i2c_write(78): i2c write dev(addr:0x20) failed!
[    5.857612] E:camsys_i2c_write(78): i2c write dev(addr:0x6c) failed!
[    5.857686] D1:camsys_sysctl_extdev(360): Sysctl 7 success, gpio(78) set 0
[    5.857697] D1:camsys_sysctl_extdev(360): Sysctl 8 success, gpio(79) set 0
[    5.857707] D1:camsys_sysctl_extdev(364): Sysctl 11 success, gpio(11) set 0
[    5.858790] D1:camsys_mrv_clkin_cb(374): camsys_marvin clock in turn off
[    5.858819] D1:camsys_mrv_clkout_cb(404): camsys_marvin clock out turn off
[    5.860871] D1:camsys_extdev_deregister(331): Extdev(dev_id: 0x2000000) is deregister success
[    5.860885] D1:camsys_irq_disconnect(664): All thread disconnect camsys_marvin irq success!
[    5.860895] D1:camsys_mipiphy_clkin_cb(36): camsys_marvin mipi phy clk in turn off
[    5.860901] D1:camsys_mipiphy_clkin_cb(36): camsys_marvin mipi phy clk in turn off
[    5.860907] D1:camsys_release(763): camsys_marvin(debdd610) is closed
[    5.862530] type=1400 audit(1293883205.640:3): avc: denied { execute } for pid=490 comm="mediaserver" name="sh" dev="mmcblk0p10" ino=305 scontext=u:r:mediaserver:s0 tcontext=u:object_r:shell_exec:s0 tclass=file permissive=1
[    5.862730] type=1400 audit(1293883205.640:4): avc: denied { read open } for pid=490 comm="mediaserver" path="/system/bin/sh" dev="mmcblk0p10" ino=305 scontext=u:r:mediaserver:s0 tcontext=u:object_r:shell_exec:s0 tclass=file permissive=1
[    5.862818] type=1400 audit(1293883205.640:5): avc: denied { execute_no_trans } for pid=490 comm="mediaserver" path="/system/bin/sh" dev="mmcblk0p10" ino=305 scontext=u:r:mediaserver:s0 tcontext=u:object_r:shell_exec:s0 tclass=file permissive=1
[    5.864748] type=1400 audit(1293883205.640:6): avc: denied { getattr } for pid=490 comm="sh" path="/system/bin/toolbox" dev="mmcblk0p10" ino=318 scontext=u:r:mediaserver:s0 tcontext=u:object_r:toolbox_exec:s0 tclass=file permissive=1
[    5.864843] type=1400 audit(1293883205.640:7): avc: denied { execute } for pid=490 comm="sh" name="toolbox" dev="mmcblk0p10" ino=318 scontext=u:r:mediaserver:s0 tcontext=u:object_r:toolbox_exec:s0 tclass=file permissive=1
[    5.864935] type=1400 audit(1293883205.640:8): avc: denied { read open } for pid=490 comm="sh" path="/system/bin/toolbox" dev="mmcblk0p10" ino=318 scontext=u:r:mediaserver:s0 tcontext=u:object_r:toolbox_exec:s0 tclass=file permissive=1
[    5.865003] type=1400 audit(1293883205.640:9): avc: denied { execute_no_trans } for pid=490 comm="sh" path="/system/bin/toolbox" dev="mmcblk0p10" ino=318 scontext=u:r:mediaserver:s0 tcontext=u:object_r:toolbox_exec:s0 tclass=file permissive=1
[    8.633018] [otg id chg] last id -1 current id 1
[    8.714362] healthd: battery none chg=
[    8.858747] lowmemorykiller: lowmem_shrink: convert oom_adj to oom_score_adj:
[    8.858769] lowmemorykiller: oom_adj 0 => oom_score_adj 0
[    8.858777] lowmemorykiller: oom_adj 1 => oom_score_adj 58
[    8.858783] lowmemorykiller: oom_adj 2 => oom_score_adj 117
[    8.858789] lowmemorykiller: oom_adj 3 => oom_score_adj 176
[    8.858796] lowmemorykiller: oom_adj 9 => oom_score_adj 529
[    8.858802] lowmemorykiller: oom_adj 15 => oom_score_adj 1000
[    8.928681] es8323_mic_state_ctrl read: 0
[    8.928699] mic_state_switch 0
[    8.928707] hp_det = 0,insert hp
[    8.928712] hp mic use intern
[    9.184664] acc_open
[    9.184694] acc_release
[    9.301454] CFG80211-DEBUG) wl_cfg80211_netdev_notifier_call :Enter state = 13
[    9.301475] phy_power_on: enable = 1 
[    9.340866] Read the Ethernet MAC address from IDB:00:00:00:00:00:00
[    9.340899] eth0: device MAC address 7a:4c:3b:ac:ba:2b
[    9.345017] libphy: stmmac: probed
[    9.345029] eth0: PHY ID 001cc915 at 0 IRQ 0 (stmmac-0:00) active
[    9.345036] eth0: PHY ID 001cc915 at 1 IRQ 0 (stmmac-0:01) active
[    9.355915] CFG80211-DEBUG) wl_cfg80211_netdev_notifier_call :Enter state = 1
[    9.648168] dwc_otg_hcd_resume, usb device mode
[    9.649247] dwc_otg_hcd_suspend, usb device mode
[    9.649328] ff540000.usb resume, HPRT0:0x1485
[    9.695908] ff540000.usb suspend, HPRT0:0x1485
[    9.776731] Current WiFi chip is AP6210.
[    9.776800] Current WiFi chip is AP6210.
[    9.779360] Current WiFi chip is AP6210.
[    9.857384] CFG80211-DEBUG) wl_cfg80211_mgmt_frame_register :frame_type: d0, reg: 1
[    9.857440] CFG80211-DEBUG) wl_cfg80211_mgmt_frame_register :frame_type: d0, reg: 1
[    9.857467] CFG80211-DEBUG) wl_cfg80211_mgmt_frame_register :frame_type: d0, reg: 1
[    9.857491] CFG80211-DEBUG) wl_cfg80211_mgmt_frame_register :frame_type: d0, reg: 1
[    9.857516] CFG80211-DEBUG) wl_cfg80211_mgmt_frame_register :frame_type: d0, reg: 1
[    9.857541] CFG80211-DEBUG) wl_cfg80211_mgmt_frame_register :frame_type: d0, reg: 1
[    9.857566] CFG80211-DEBUG) wl_cfg80211_mgmt_frame_register :frame_type: d0, reg: 1
[    9.857590] CFG80211-DEBUG) wl_cfg80211_mgmt_frame_register :frame_type: d0, reg: 1
[    9.857614] CFG80211-DEBUG) wl_cfg80211_mgmt_frame_register :frame_type: d0, reg: 1
[    9.857640] CFG80211-DEBUG) wl_cfg80211_mgmt_frame_register :frame_type: d0, reg: 1
[    9.857666] CFG80211-DEBUG) wl_cfg80211_mgmt_frame_register :frame_type: d0, reg: 1
[    9.857690] CFG80211-DEBUG) wl_cfg80211_mgmt_frame_register :frame_type: d0, reg: 1
[    9.857716] CFG80211-DEBUG) wl_cfg80211_mgmt_frame_register :frame_type: d0, reg: 1
[    9.857741] CFG80211-DEBUG) wl_cfg80211_mgmt_frame_register :frame_type: d0, reg: 1
[    9.857765] CFG80211-DEBUG) wl_cfg80211_mgmt_frame_register :frame_type: d0, reg: 1
[    9.857789] CFG80211-DEBUG) wl_cfg80211_mgmt_frame_register :frame_type: d0, reg: 1
[    9.857815] CFG80211-DEBUG) wl_cfg80211_mgmt_frame_register :frame_type: d0, reg: 1
[    9.857873] CFG80211-DEBUG) wl_cfg80211_netdev_notifier_call :Enter state = 13
[    9.857885] dhd_open: Enter c5843800
[    9.857894] dhd_open: ifidx 0
[    9.857901] 
[    9.857901] Dongle Host Driver, version 1.201.59.4 (r506368)
[    9.857901] Compiled in drivers/net/wireless/bcmdhd on May  3 2017 at 11:34:53
[    9.857914] wl_android_wifi_on in 1
[    9.857920] wl_android_wifi_on in 2: g_wifi_on=0
[    9.857926] wifi_platform_set_power = 1
[    9.857932] ======== PULL WL_REG_ON HIGH! ========
[    9.857938] [WLAN_RFKILL]: rockchip_wifi_power: 1
[    9.857945] [WLAN_RFKILL]: rockchip_wifi_ref_voltage: 1
[    9.857951] [WLAN_RFKILL]: rockchip_wifi_ref_voltage: wifi io reference voltage control is disabled.
[    9.961432] [WLAN_RFKILL]: wifi turn on power. 156
[   10.080544] FAT-fs (mmcblk0p15): Volume was not properly unmounted. Some data may be corrupt. Please run fsck.
[   10.168065] sdio_reset_comm():
[   10.171074] mmc_host mmc2: Bus speed (slot 0) = 50000000Hz (slot req 200000Hz, actual 200000HZ div = 125)
[   10.171093] rk_sdmmc: BOOT dw_mci_setup_bus: argue clk_mmc workaround out 400000Hz for init[mmc2]
[   10.198047] mmc2: queuing unknown CIS tuple 0x80 (2 bytes)
[   10.199143] init: no such service 'fuse_internal_sd'
[   10.201436] mmc2: queuing unknown CIS tuple 0x80 (3 bytes)
[   10.205104] mmc2: queuing unknown CIS tuple 0x80 (3 bytes)
[   10.212535] mmc2: queuing unknown CIS tuple 0x80 (7 bytes)
[   10.325110] mmc_host mmc2: Bus speed (slot 0) = 50000000Hz (slot req 50000000Hz, actual 50000000HZ div = 0)
[   10.325150] rk_sdmmc: BOOT dw_mci_setup_bus: argue clk_mmc workaround out normal clock [mmc2]
[   10.325385] 
[   10.325385] 
[   10.325385] dhd_bus_devreset: == WLAN ON ==
[   10.325448] F1 signature read @0x18000000=0x16224335
[   10.331349] Function 0 CIS:
[   10.331359]     20 04 d0 02 35 43 21 02 0c 00 22 04 00 20 00 2b 
[   10.331382]     80 02 00 0b 80 03 02 00 11 80 03 1b 4c 06 80 07 
[   10.331404]     19 94 a1 a2 f7 55 c6 00 00 00 00 00 00 00 00 00 
[   10.331426]     00 00 00 00 00 00 00 00 00 00 00 00 00 00 00 00 
[   10.331447]     00 00 00 00 00 00 00 00 00 00 00 00 00 00 00 00 
[   10.331468]     00 00 00 00 00 00 00 00 00 00 00 00 00 00 00 00 
[   10.331489]     00 00 00 00 00 00 00 00 00 00 00 00 00 00 00 00 
[   10.331510]     00 00 00 00 00 00 00 00 00 00 00 00 00 00 00 00 
[   10.331531]     00 00 00 00 00 00 00 00 00 00 00 00 00 00 00 00 
[   10.331552]     00 00 00 00 00 00 00 00 00 00 00 00 00 00 00 00 
[   10.331573]     00 00 00 00 00 00 00 00 00 00 00 00 00 00 00 00 
[   10.331594]     00 00 00 00 00 00 00 00 00 00 00 00 00 00 00 00 
[   10.331615]     00 00 00 00 00 00 00 00 00 00 00 00 00 00 00 00 
[   10.331636]     00 00 00 00 ff 
[   10.336957] Function 1 CIS:
[   10.336965]     20 04 d0 02 35 43 21 02 0c 00 22 2a 01 00 00 00 
[   10.336988]     00 00 00 00 00 00 00 00 40 00 00 ff ff 80 00 00 
[   10.337009]     00 00 00 00 00 00 00 00 00 00 00 00 00 00 00 00 
[   10.337031]     00 00 00 00 00 00 ff 
[   10.342443] Function 2 CIS:
[   10.342451]     20 04 d0 02 35 43 21 02 0c 00 22 2a 01 01 00 00 
[   10.342474]     00 00 00 00 00 00 00 00 00 02 00 ff ff 80 00 00 
[   10.342512]     00 00 00 00 00 00 00 00 c8 00 00 00 00 00 00 00 
[   10.342536]     00 00 00 00 00 00 ff 
[   10.344505] F1 signature OK, socitype:0x1 chip:0x4339 rev:0x1 pkg:0x2
[   10.344829] DHD: dongle ram size is set to 786432(orig 786432) at 0x180000
[   10.344867] dhdsdio_probe_init: Enter
[   10.344913] dhdsdio_probe_init: Initial value for sd_divisor is 2
[   10.344928] dhdsdio_probe_init: Initial value for sd_mode is 2
[   10.344944] dhdsdio_probe_init: Initial value for sd_blocksize is 128
[   10.345029] Apply overflow WAR: 0x10 0x20 0xa0
[   10.345037] dhdsdio_probe_init: bus module (through bcmsdh API) does not support chaining
[   10.345044] dhdsdio_probe_init: set use_rxchain 1 from config.txt
[   10.345052] dhdsdio_download_firmware: firmware path=/system/etc/firmware/fw_bcm4329.bin, nvram path=/system/etc/firmware/nvram_AP6210.txt
[   10.345061] dhdsdio_clkctl: Enter
[   10.345066] dhdsdio_htclk: Enter
[   10.345096] CLKCTL: turned ON
[   10.345102] dhd_os_wd_timer: Enter
[   10.345109] dhdsdio_clkctl: 1 -> 3
[   10.345329] dhd_conf_read_config: Ignore config file /system/etc/firmware/config.txt
[   10.345342] dhd_conf_set_fw_name_by_chip: firmware_path=/system/etc/firmware/fw_bcm4339a0_ag.bin,nv_path=/system/etc/firmware/nvram_AP6335.txt
[   10.345351] Final fw_path=/system/etc/firmware/fw_bcm4339a0_ag.bin
[   10.345357] Final nv_path=/system/etc/firmware/nvram_AP6335.txt
[   10.345363] Final conf_path=/system/etc/firmware/config.txt
[   10.345640] dhdsdio_download_code_file: download firmware /system/etc/firmware/fw_bcm4339a0_ag.bin
[   10.347686] dhdsdio_membytes: write 2048 bytes at offset 0x00000000 in window 0x00180000
[   10.347922] dhdsdio_membytes: read 2048 bytes at offset 0x00000000 in window 0x00180000
[   10.348101] dhdsdio_download_code_file: Download, Upload and compare succeeded.
[   10.348154] dhdsdio_membytes: write 2048 bytes at offset 0x00000800 in window 0x00180000
[   10.348360] dhdsdio_membytes: read 2048 bytes at offset 0x00000800 in window 0x00180000
[   10.348551] dhdsdio_download_code_file: Download, Upload and compare succeeded.
[   10.348651] dhdsdio_membytes: write 2048 bytes at offset 0x00001000 in window 0x00180000
[   10.348857] dhdsdio_membytes: read 2048 bytes at offset 0x00001000 in window 0x00180000
[   10.349048] dhdsdio_download_code_file: Download, Upload and compare succeeded.
[   10.349106] dhdsdio_membytes: write 2048 bytes at offset 0x00001800 in window 0x00180000
[   10.349317] dhdsdio_membytes: read 2048 bytes at offset 0x00001800 in window 0x00180000
[   10.349484] dhdsdio_download_code_file: Download, Upload and compare succeeded.
[   10.349536] dhdsdio_membytes: write 2048 bytes at offset 0x00002000 in window 0x00180000
[   10.349739] dhdsdio_membytes: read 2048 bytes at offset 0x00002000 in window 0x00180000
[   10.349907] dhdsdio_download_code_file: Download, Upload and compare succeeded.
[   10.349959] dhdsdio_membytes: write 2048 bytes at offset 0x00002800 in window 0x00180000
[   10.350163] dhdsdio_membytes: read 2048 bytes at offset 0x00002800 in window 0x00180000
[   10.350339] dhdsdio_download_code_file: Download, Upload and compare succeeded.
[   10.350393] dhdsdio_membytes: write 2048 bytes at offset 0x00003000 in window 0x00180000
[   10.350603] dhdsdio_membytes: read 2048 bytes at offset 0x00003000 in window 0x00180000
[   10.350771] dhdsdio_download_code_file: Download, Upload and compare succeeded.
[   10.350822] dhdsdio_membytes: write 2048 bytes at offset 0x00003800 in window 0x00180000
[   10.351026] dhdsdio_membytes: read 2048 bytes at offset 0x00003800 in window 0x00180000
[   10.351193] dhdsdio_download_code_file: Download, Upload and compare succeeded.
[   10.351409] dhdsdio_membytes: write 2048 bytes at offset 0x00004000 in window 0x00180000
[   10.351633] dhdsdio_membytes: read 2048 bytes at offset 0x00004000 in window 0x00180000
[   10.351797] dhdsdio_download_code_file: Download, Upload and compare succeeded.
[   10.351846] dhdsdio_membytes: write 2048 bytes at offset 0x00004800 in window 0x00180000
[   10.352050] dhdsdio_membytes: read 2048 bytes at offset 0x00004800 in window 0x00180000
[   10.352217] dhdsdio_download_code_file: Download, Upload and compare succeeded.
[   10.352265] dhdsdio_membytes: write 2048 bytes at offset 0x00005000 in window 0x00180000
[   10.352468] dhdsdio_membytes: read 2048 bytes at offset 0x00005000 in window 0x00180000
[   10.352632] dhdsdio_download_code_file: Download, Upload and compare succeeded.
[   10.352680] dhdsdio_membytes: write 2048 bytes at offset 0x00005800 in window 0x00180000
[   10.352882] dhdsdio_membytes: read 2048 bytes at offset 0x00005800 in window 0x00180000
[   10.353052] dhdsdio_download_code_file: Download, Upload and compare succeeded.
[   10.353100] dhdsdio_membytes: write 2048 bytes at offset 0x00006000 in window 0x00180000
[   10.353303] dhdsdio_membytes: read 2048 bytes at offset 0x00006000 in window 0x00180000
[   10.353473] dhdsdio_download_code_file: Download, Upload and compare succeeded.
[   10.353528] dhdsdio_membytes: write 2048 bytes at offset 0x00006800 in window 0x00180000
[   10.353742] dhdsdio_membytes: read 2048 bytes at offset 0x00006800 in window 0x00180000
[   10.353912] dhdsdio_download_code_file: Download, Upload and compare succeeded.
[   10.353965] dhdsdio_membytes: write 2048 bytes at offset 0x00007000 in window 0x00180000
[   10.354173] dhdsdio_membytes: read 2048 bytes at offset 0x00007000 in window 0x00180000
[   10.354342] dhdsdio_download_code_file: Download, Upload and compare succeeded.
[   10.354395] dhdsdio_membytes: write 2048 bytes at offset 0x00007800 in window 0x00180000
[   10.354601] dhdsdio_membytes: read 2048 bytes at offset 0x00007800 in window 0x00180000
[   10.354768] dhdsdio_download_code_file: Download, Upload and compare succeeded.
[   10.354819] dhdsdio_membytes: write 2048 bytes at offset 0x00000000 in window 0x00188000
[   10.355044] dhdsdio_membytes: read 2048 bytes at offset 0x00000000 in window 0x00188000
[   10.355209] dhdsdio_download_code_file: Download, Upload and compare succeeded.
[   10.355259] dhdsdio_membytes: write 2048 bytes at offset 0x00000800 in window 0x00188000
[   10.355506] dhdsdio_membytes: read 2048 bytes at offset 0x00000800 in window 0x00188000
[   10.355692] dhdsdio_download_code_file: Download, Upload and compare succeeded.
[   10.355751] dhdsdio_membytes: write 2048 bytes at offset 0x00001000 in window 0x00188000
[   10.355957] dhdsdio_membytes: read 2048 bytes at offset 0x00001000 in window 0x00188000
[   10.356124] dhdsdio_download_code_file: Download, Upload and compare succeeded.
[   10.356174] dhdsdio_membytes: write 2048 bytes at offset 0x00001800 in window 0x00188000
[   10.356377] dhdsdio_membytes: read 2048 bytes at offset 0x00001800 in window 0x00188000
[   10.356541] dhdsdio_download_code_file: Download, Upload and compare succeeded.
[   10.356592] dhdsdio_membytes: write 2048 bytes at offset 0x00002000 in window 0x00188000
[   10.356795] dhdsdio_membytes: read 2048 bytes at offset 0x00002000 in window 0x00188000
[   10.356960] dhdsdio_download_code_file: Download, Upload and compare succeeded.
[   10.357010] dhdsdio_membytes: write 2048 bytes at offset 0x00002800 in window 0x00188000
[   10.357211] dhdsdio_membytes: read 2048 bytes at offset 0x00002800 in window 0x00188000
[   10.357388] dhdsdio_download_code_file: Download, Upload and compare succeeded.
[   10.357449] dhdsdio_membytes: write 2048 bytes at offset 0x00003000 in window 0x00188000
[   10.357669] dhdsdio_membytes: read 2048 bytes at offset 0x00003000 in window 0x00188000
[   10.357839] dhdsdio_download_code_file: Download, Upload and compare succeeded.
[   10.357889] dhdsdio_membytes: write 2048 bytes at offset 0x00003800 in window 0x00188000
[   10.358096] dhdsdio_membytes: read 2048 bytes at offset 0x00003800 in window 0x00188000
[   10.358260] dhdsdio_download_code_file: Download, Upload and compare succeeded.
[   10.358311] dhdsdio_membytes: write 2048 bytes at offset 0x00004000 in window 0x00188000
[   10.358514] dhdsdio_membytes: read 2048 bytes at offset 0x00004000 in window 0x00188000
[   10.358678] dhdsdio_download_code_file: Download, Upload and compare succeeded.
[   10.358728] dhdsdio_membytes: write 2048 bytes at offset 0x00004800 in window 0x00188000
[   10.358931] dhdsdio_membytes: read 2048 bytes at offset 0x00004800 in window 0x00188000
[   10.359095] dhdsdio_download_code_file: Download, Upload and compare succeeded.
[   10.359145] dhdsdio_membytes: write 2048 bytes at offset 0x00005000 in window 0x00188000
[   10.359358] dhdsdio_membytes: read 2048 bytes at offset 0x00005000 in window 0x00188000
[   10.359533] dhdsdio_download_code_file: Download, Upload and compare succeeded.
[   10.359587] dhdsdio_membytes: write 2048 bytes at offset 0x00005800 in window 0x00188000
[   10.359793] dhdsdio_membytes: read 2048 bytes at offset 0x00005800 in window 0x00188000
[   10.359958] dhdsdio_download_code_file: Download, Upload and compare succeeded.
[   10.360011] dhdsdio_membytes: write 2048 bytes at offset 0x00006000 in window 0x00188000
[   10.360224] dhdsdio_membytes: read 2048 bytes at offset 0x00006000 in window 0x00188000
[   10.360421] dhdsdio_download_code_file: Download, Upload and compare succeeded.
[   10.360472] dhdsdio_membytes: write 2048 bytes at offset 0x00006800 in window 0x00188000
[   10.360673] dhdsdio_membytes: read 2048 bytes at offset 0x00006800 in window 0x00188000
[   10.360835] dhdsdio_download_code_file: Download, Upload and compare succeeded.
[   10.360884] dhdsdio_membytes: write 2048 bytes at offset 0x00007000 in window 0x00188000
[   10.361100] dhdsdio_membytes: read 2048 bytes at offset 0x00007000 in window 0x00188000
[   10.361268] dhdsdio_download_code_file: Download, Upload and compare succeeded.
[   10.361321] dhdsdio_membytes: write 2048 bytes at offset 0x00007800 in window 0x00188000
[   10.361544] dhdsdio_membytes: read 2048 bytes at offset 0x00007800 in window 0x00188000
[   10.361711] dhdsdio_download_code_file: Download, Upload and compare succeeded.
[   10.361761] dhdsdio_membytes: write 2048 bytes at offset 0x00000000 in window 0x00190000
[   10.361962] dhdsdio_membytes: read 2048 bytes at offset 0x00000000 in window 0x00190000
[   10.362124] dhdsdio_download_code_file: Download, Upload and compare succeeded.
[   10.362173] dhdsdio_membytes: write 2048 bytes at offset 0x00000800 in window 0x00190000
[   10.362372] dhdsdio_membytes: read 2048 bytes at offset 0x00000800 in window 0x00190000
[   10.362544] dhdsdio_download_code_file: Download, Upload and compare succeeded.
[   10.362594] dhdsdio_membytes: write 2048 bytes at offset 0x00001000 in window 0x00190000
[   10.362798] dhdsdio_membytes: read 2048 bytes at offset 0x00001000 in window 0x00190000
[   10.362963] dhdsdio_download_code_file: Download, Upload and compare succeeded.
[   10.363022] dhdsdio_membytes: write 2048 bytes at offset 0x00001800 in window 0x00190000
[   10.363246] dhdsdio_membytes: read 2048 bytes at offset 0x00001800 in window 0x00190000
[   10.363411] dhdsdio_download_code_file: Download, Upload and compare succeeded.
[   10.363460] dhdsdio_membytes: write 2048 bytes at offset 0x00002000 in window 0x00190000
[   10.363661] dhdsdio_membytes: read 2048 bytes at offset 0x00002000 in window 0x00190000
[   10.363839] dhdsdio_download_code_file: Download, Upload and compare succeeded.
[   10.363896] dhdsdio_membytes: write 2048 bytes at offset 0x00002800 in window 0x00190000
[   10.364103] dhdsdio_membytes: read 2048 bytes at offset 0x00002800 in window 0x00190000
[   10.364286] dhdsdio_download_code_file: Download, Upload and compare succeeded.
[   10.364339] dhdsdio_membytes: write 2048 bytes at offset 0x00003000 in window 0x00190000
[   10.364540] dhdsdio_membytes: read 2048 bytes at offset 0x00003000 in window 0x00190000
[   10.364703] dhdsdio_download_code_file: Download, Upload and compare succeeded.
[   10.364751] dhdsdio_membytes: write 2048 bytes at offset 0x00003800 in window 0x00190000
[   10.364955] dhdsdio_membytes: read 2048 bytes at offset 0x00003800 in window 0x00190000
[   10.365120] dhdsdio_download_code_file: Download, Upload and compare succeeded.
[   10.365295] dhdsdio_membytes: write 2048 bytes at offset 0x00004000 in window 0x00190000
[   10.365506] dhdsdio_membytes: read 2048 bytes at offset 0x00004000 in window 0x00190000
[   10.365678] dhdsdio_download_code_file: Download, Upload and compare succeeded.
[   10.365731] dhdsdio_membytes: write 2048 bytes at offset 0x00004800 in window 0x00190000
[   10.365937] dhdsdio_membytes: read 2048 bytes at offset 0x00004800 in window 0x00190000
[   10.366102] dhdsdio_download_code_file: Download, Upload and compare succeeded.
[   10.366153] dhdsdio_membytes: write 2048 bytes at offset 0x00005000 in window 0x00190000
[   10.366358] dhdsdio_membytes: read 2048 bytes at offset 0x00005000 in window 0x00190000
[   10.366523] dhdsdio_download_code_file: Download, Upload and compare succeeded.
[   10.366573] dhdsdio_membytes: write 2048 bytes at offset 0x00005800 in window 0x00190000
[   10.366776] dhdsdio_membytes: read 2048 bytes at offset 0x00005800 in window 0x00190000
[   10.366941] dhdsdio_download_code_file: Download, Upload and compare succeeded.
[   10.366991] dhdsdio_membytes: write 2048 bytes at offset 0x00006000 in window 0x00190000
[   10.367195] dhdsdio_membytes: read 2048 bytes at offset 0x00006000 in window 0x00190000
[   10.367386] dhdsdio_download_code_file: Download, Upload and compare succeeded.
[   10.367443] dhdsdio_membytes: write 2048 bytes at offset 0x00006800 in window 0x00190000
[   10.367659] dhdsdio_membytes: read 2048 bytes at offset 0x00006800 in window 0x00190000
[   10.367824] dhdsdio_download_code_file: Download, Upload and compare succeeded.
[   10.367874] dhdsdio_membytes: write 2048 bytes at offset 0x00007000 in window 0x00190000
[   10.368074] dhdsdio_membytes: read 2048 bytes at offset 0x00007000 in window 0x00190000
[   10.368236] dhdsdio_download_code_file: Download, Upload and compare succeeded.
[   10.368284] dhdsdio_membytes: write 2048 bytes at offset 0x00007800 in window 0x00190000
[   10.368520] dhdsdio_membytes: read 2048 bytes at offset 0x00007800 in window 0x00190000
[   10.368699] dhdsdio_download_code_file: Download, Upload and compare succeeded.
[   10.368754] dhdsdio_membytes: write 2048 bytes at offset 0x00000000 in window 0x00198000
[   10.368961] dhdsdio_membytes: read 2048 bytes at offset 0x00000000 in window 0x00198000
[   10.369126] dhdsdio_download_code_file: Download, Upload and compare succeeded.
[   10.369175] dhdsdio_membytes: write 2048 bytes at offset 0x00000800 in window 0x00198000
[   10.369380] dhdsdio_membytes: read 2048 bytes at offset 0x00000800 in window 0x00198000
[   10.369545] dhdsdio_download_code_file: Download, Upload and compare succeeded.
[   10.369595] dhdsdio_membytes: write 2048 bytes at offset 0x00001000 in window 0x00198000
[   10.369799] dhdsdio_membytes: read 2048 bytes at offset 0x00001000 in window 0x00198000
[   10.369963] dhdsdio_download_code_file: Download, Upload and compare succeeded.
[   10.370012] dhdsdio_membytes: write 2048 bytes at offset 0x00001800 in window 0x00198000
[   10.370215] dhdsdio_membytes: read 2048 bytes at offset 0x00001800 in window 0x00198000
[   10.370379] dhdsdio_download_code_file: Download, Upload and compare succeeded.
[   10.370437] dhdsdio_membytes: write 2048 bytes at offset 0x00002000 in window 0x00198000
[   10.370649] dhdsdio_membytes: read 2048 bytes at offset 0x00002000 in window 0x00198000
[   10.370816] dhdsdio_download_code_file: Download, Upload and compare succeeded.
[   10.370867] dhdsdio_membytes: write 2048 bytes at offset 0x00002800 in window 0x00198000
[   10.371073] dhdsdio_membytes: read 2048 bytes at offset 0x00002800 in window 0x00198000
[   10.371238] dhdsdio_download_code_file: Download, Upload and compare succeeded.
[   10.371294] dhdsdio_membytes: write 2048 bytes at offset 0x00003000 in window 0x00198000
[   10.371508] dhdsdio_membytes: read 2048 bytes at offset 0x00003000 in window 0x00198000
[   10.371684] dhdsdio_download_code_file: Download, Upload and compare succeeded.
[   10.371735] dhdsdio_membytes: write 2048 bytes at offset 0x00003800 in window 0x00198000
[   10.371939] dhdsdio_membytes: read 2048 bytes at offset 0x00003800 in window 0x00198000
[   10.372119] dhdsdio_download_code_file: Download, Upload and compare succeeded.
[   10.372170] dhdsdio_membytes: write 2048 bytes at offset 0x00004000 in window 0x00198000
[   10.372374] dhdsdio_membytes: read 2048 bytes at offset 0x00004000 in window 0x00198000
[   10.372538] dhdsdio_download_code_file: Download, Upload and compare succeeded.
[   10.372623] dhdsdio_membytes: write 2048 bytes at offset 0x00004800 in window 0x00198000
[   10.372828] dhdsdio_membytes: read 2048 bytes at offset 0x00004800 in window 0x00198000
[   10.372992] dhdsdio_download_code_file: Download, Upload and compare succeeded.
[   10.373043] dhdsdio_membytes: write 2048 bytes at offset 0x00005000 in window 0x00198000
[   10.373245] dhdsdio_membytes: read 2048 bytes at offset 0x00005000 in window 0x00198000
[   10.373411] dhdsdio_download_code_file: Download, Upload and compare succeeded.
[   10.373460] dhdsdio_membytes: write 2048 bytes at offset 0x00005800 in window 0x00198000
[   10.373662] dhdsdio_membytes: read 2048 bytes at offset 0x00005800 in window 0x00198000
[   10.373836] dhdsdio_download_code_file: Download, Upload and compare succeeded.
[   10.373887] dhdsdio_membytes: write 2048 bytes at offset 0x00006000 in window 0x00198000
[   10.374094] dhdsdio_membytes: read 2048 bytes at offset 0x00006000 in window 0x00198000
[   10.374262] dhdsdio_download_code_file: Download, Upload and compare succeeded.
[   10.374335] dhdsdio_membytes: write 2048 bytes at offset 0x00006800 in window 0x00198000
[   10.374551] dhdsdio_membytes: read 2048 bytes at offset 0x00006800 in window 0x00198000
[   10.374735] dhdsdio_download_code_file: Download, Upload and compare succeeded.
[   10.374789] dhdsdio_membytes: write 2048 bytes at offset 0x00007000 in window 0x00198000
[   10.375024] dhdsdio_membytes: read 2048 bytes at offset 0x00007000 in window 0x00198000
[   10.375193] dhdsdio_download_code_file: Download, Upload and compare succeeded.
[   10.375247] dhdsdio_membytes: write 2048 bytes at offset 0x00007800 in window 0x00198000
[   10.375450] dhdsdio_membytes: read 2048 bytes at offset 0x00007800 in window 0x00198000
[   10.375614] dhdsdio_download_code_file: Download, Upload and compare succeeded.
[   10.375666] dhdsdio_membytes: write 2048 bytes at offset 0x00000000 in window 0x001a0000
[   10.375872] dhdsdio_membytes: read 2048 bytes at offset 0x00000000 in window 0x001a0000
[   10.376040] dhdsdio_download_code_file: Download, Upload and compare succeeded.
[   10.376092] dhdsdio_membytes: write 2048 bytes at offset 0x00000800 in window 0x001a0000
[   10.376295] dhdsdio_membytes: read 2048 bytes at offset 0x00000800 in window 0x001a0000
[   10.376472] dhdsdio_download_code_file: Download, Upload and compare succeeded.
[   10.376531] dhdsdio_membytes: write 2048 bytes at offset 0x00001000 in window 0x001a0000
[   10.376749] dhdsdio_membytes: read 2048 bytes at offset 0x00001000 in window 0x001a0000
[   10.376921] dhdsdio_download_code_file: Download, Upload and compare succeeded.
[   10.376975] dhdsdio_membytes: write 2048 bytes at offset 0x00001800 in window 0x001a0000
[   10.377190] dhdsdio_membytes: read 2048 bytes at offset 0x00001800 in window 0x001a0000
[   10.377361] dhdsdio_download_code_file: Download, Upload and compare succeeded.
[   10.377418] dhdsdio_membytes: write 2048 bytes at offset 0x00002000 in window 0x001a0000
[   10.377631] dhdsdio_membytes: read 2048 bytes at offset 0x00002000 in window 0x001a0000
[   10.377802] dhdsdio_download_code_file: Download, Upload and compare succeeded.
[   10.377855] dhdsdio_membytes: write 2048 bytes at offset 0x00002800 in window 0x001a0000
[   10.378067] dhdsdio_membytes: read 2048 bytes at offset 0x00002800 in window 0x001a0000
[   10.378235] dhdsdio_download_code_file: Download, Upload and compare succeeded.
[   10.378290] dhdsdio_membytes: write 2048 bytes at offset 0x00003000 in window 0x001a0000
[   10.378502] dhdsdio_membytes: read 2048 bytes at offset 0x00003000 in window 0x001a0000
[   10.381097] dhdsdio_download_code_file: Download, Upload and compare succeeded.
[   10.382932] dhdsdio_membytes: write 2048 bytes at offset 0x00003800 in window 0x001a0000
