DDR Version 1.00 20150318
In
Channel a: DDR3 200MHz
Bus Width=32 Col=10 Bank=8 Row=15 CS=1 Die Bus-Width=16 Size=1024MB
Channel b: DDR3 200MHz
Bus Width=32 Col=10 Bank=8 Row=15 CS=1 Die Bus-Width=16 Size=1024MB
Memory OK
Memory OK
OUT


U-Boot 2014.10-RK3288-10-g65679f1 (Jul 20 2015 - 10:28:11)

CPU: rk3288
CPU's clock information:
    arm pll = 600000000HZ
    periph pll = 300000000HZ
    ddr pll = 200000000HZ
    codec pll = 594000000HZ
Board:	Rockchip platform Board
DRAM:  Found dram banks:1
Adding bank:0000000000000000(0000000080000000)
128 MiB
remotectl v0.1
storage init OK!
Using default environment

GetParam
check parameter success
failed to prepare fdt from boot!
power key: bank-0 pin-5
can't find dts node for ricoh619
pmic:act8846
Can't find dts node for fuel guage cw201x
SecureBootEn = 0, SecureBootLock = 0

#Boot ver: 2015-07-20#2.19
empty serial no.
checkKey
vbus = 1
board_fbt_key_pressed: ir_keycode = 0x0, frt = 0
no fuel gauge found
no fuel gauge found
read logo_on switch from dts [0]
no fuel gauge found
checkKey
vbus = 1
board_fbt_key_pressed: ir_keycode = 0x0, frt = 0
Hit any key to stop autoboot:  0 
load fdt from resouce.
Secure Boot state: 0
kernel   @ 0x02000000 (0x006921f8)
ramdisk  @ 0x05bf0000 (0x00125fa4)
bootrk: do_bootm_linux...
   Loading Device Tree to 05600000, end 0561b7d3 ... OK
Add bank:0000000000000000, 0000000080000000

Starting kernel ...

[    0.000000] Booting Linux on physical CPU 0x500
[    0.000000] Initializing cgroup subsys cpu
[    0.000000] Initializing cgroup subsys cpuacct
[    0.000000] Linux version 3.10.0 (ballack@ballack) (gcc version 4.6.x-google 20120106 (prerelease) (GCC) ) #3 SMP PREEMPT Wed May 3 17:16:21 CST 2017
[    0.000000] CPU: ARMv7 Processor [410fc0d1] revision 1 (ARMv7), cr=10c5387d
[    0.000000] CPU: PIPT / VIPT nonaliasing data cache, VIPT aliasing instruction cache
[    0.000000] Machine: Rockchip RK3288 (Flattened Device Tree), model: rockchip,rk3288
[    0.000000] rockchip_uboot_logo_setup: mem: 0x02000000@0x7dc00000, offset:0x01000000
[    0.000000] hdmi init vic is -1
[    0.000000] rockchip_uboot_mem_reserve: reserve 0x02000000@0x7dc00000 for uboot logo
[    0.000000] rockchip_ion_reserve
[    0.000000] ion heap(drm): base(0) size(0) align(0)
[    0.000000] ion heap(cma): base(0) size(28000000) align(0)
[    0.000000] ion heap(vmalloc): base(0) size(0) align(0)
[    0.000000] cma: CMA: reserved 640 MiB at 55c00000
[    0.000000] ion_reserve: cma reserved base 55c00000 size 671088640
[    0.000000] cma: CMA: reserved 16 MiB at 1f000000
[    0.000000] Memory policy: ECC disabled, Data cache writealloc
[    0.000000] PERCPU: Embedded 9 pages/cpu @c1ef4000 s13376 r8192 d15296 u36864
[    0.000000] Built 1 zonelists in Zone order, mobility grouping on.  Total pages: 523264
[    0.000000] Kernel command line: vmalloc=496M console=ttyS2 androidboot.selinux=permissive androidboot.hardware=rk30board androidboot.console=ttyS2 init=/init  mtdparts=rk29xxnand:0x00002000@0x00002000(uboot),0x00002000@0x00004000(misc),0x00008000@0x00006000(resource),0x00008000@0x0000e000(kernel),0x00010000@0x00016000(boot),0x00010000@0x00026000(recovery),0x0001a000@0x00036000(backup),0x00040000@0x00050000(cache),0x00002000@0x00090000(kpanic),0x00300000@0x00092000(system),0x00008000@0x00392000(metadata),0x00002000@0x0039A000(baseparamer),0x00200000@0x0039C000(userdata),0x00020000@0x0059C000(radical_update),-@0x005BC000(user) storagemedia=emmc uboot_logo=0x02000000@0x7dc00000:0x01000000 loader.timestamp=2015-07-20_10:28:11 hdmi.vic=-1
[    0.000000] PID hash table entries: 2048 (order: 1, 8192 bytes)
[    0.000000] Dentry cache hash table entries: 65536 (order: 6, 262144 bytes)
[    0.000000] Inode-cache hash table entries: 32768 (order: 5, 131072 bytes)
[    0.000000] allocated 4194304 bytes of page_cgroup
[    0.000000] please try 'cgroup_disable=memory' option if you don't want memory cgroups
[    0.000000] Memory: 2048MB = 2048MB total
[    0.000000] Memory: 1354984k/1354984k available, 742168k reserved, 884736K highmem
[    0.000000] Virtual kernel memory layout:
[    0.000000]     vector  : 0xffff0000 - 0xffff1000   (   4 kB)
[    0.000000]     fixmap  : 0xfff00000 - 0xfffe0000   ( 896 kB)
[    0.000000]     vmalloc : 0xe0800000 - 0xff000000   ( 488 MB)
[    0.000000]     lowmem  : 0xc0000000 - 0xe0000000   ( 512 MB)
[    0.000000]     pkmap   : 0xbfe00000 - 0xc0000000   (   2 MB)
[    0.000000]     modules : 0xbf000000 - 0xbfe00000   (  14 MB)
[    0.000000]       .text : 0xc0008000 - 0xc0b8d364   (11797 kB)
[    0.000000]       .init : 0xc0b8e000 - 0xc0be6440   ( 354 kB)
[    0.000000]       .data : 0xc0be8000 - 0xc0d79100   (1605 kB)
[    0.000000]        .bss : 0xc0d79100 - 0xc0e9a6fc   (1158 kB)
[    0.000000] SLUB: HWalign=64, Order=0-3, MinObjects=0, CPUs=4, Nodes=1
[    0.000000] Preemptible hierarchical RCU implementation.
[    0.000000] 	RCU dyntick-idle grace-period acceleration is enabled.
[    0.000000] NR_IRQS:16 nr_irqs:16 16
[    0.000000] rk_clk_tree_init start!
[    0.000000] rkclk: _rkclk_add_provider: fail to get ehci1phy_12m_div
[    0.000000] rkclk: rkclk_cache_parents: ehci1phy_12m_div clk_get error
[    0.000000] rk_get_uboot_display_flag: uboot_logo_on = 0
[    0.000000] rkclk_init_clks: cnt_parent = 7
[    0.000000] rkclk_init_clks: cnt_rate = 28
[    0.000000] rk3288 set GPLL BW 20 for HDMI!
[    0.000000] Architected cp15 timer(s) running at 24.00MHz (phys).
[    0.000000] Switching to timer-based delay loop
[    0.000000] sched_clock: ARM arch timer >56 bits at 24000kHz, resolution 41ns
[    0.000000] process version: 3
[    0.000000] channel:0, lkg:39
[    0.000000] target-temp:80
[    0.000000] channel:2, lkg:0
[    0.000000] channel:0, lkg:39
[    0.000000] channel:1, lkg:30
[    0.000000] sched_clock: 32 bits at 100 Hz, resolution 10000000ns, wraps every 4294967286ms
[    0.343913] Calibrating delay loop (skipped), value calculated using timer frequency.. 48.00 BogoMIPS (lpj=240000)
[    0.343928] pid_max: default: 32768 minimum: 301
[    0.344043] Security Framework initialized
[    0.344058] SELinux:  Initializing.
[    0.344129] Mount-cache hash table entries: 512
[    0.344769] Initializing cgroup subsys debug
[    0.344783] Initializing cgroup subsys memory
[    0.344810] Initializing cgroup subsys freezer
[    0.344840] CPU: Testing write buffer coherency: ok
[    0.345161] /cpus/cpu@0 missing clock-frequency property
[    0.345174] /cpus/cpu@1 missing clock-frequency property
[    0.345184] /cpus/cpu@2 missing clock-frequency property
[    0.345193] /cpus/cpu@3 missing clock-frequency property
[    0.345244] CPU0: thread -1, cpu 0, socket 5, mpidr 80000500
[    0.345296] Setting up static identity map for 0xc084e4f0 - 0xc084e548
[    0.347581] last_log: 0x1e900000 map to 0xe0804000 and copy to 0xe0886000, size 0x80000 early 0x181f (version 3.1)
[    0.422055] CPU1: Booted secondary processor
[    0.422087] CPU1: thread -1, cpu 1, socket 5, mpidr 80000501
[    0.441730] CPU2: Booted secondary processor
[    0.441753] CPU2: thread -1, cpu 2, socket 5, mpidr 80000502
[    0.461439] CPU3: Booted secondary processor
[    0.461462] CPU3: thread -1, cpu 3, socket 5, mpidr 80000503
[    0.461565] Brought up 4 CPUs
[    0.461593] SMP: Total of 4 processors activated (192.00 BogoMIPS).
[    0.461602] CPU: All CPU(s) started in SVC mode.
[    0.462336] devtmpfs: initialized
[    0.466635] VFP support v0.3: implementor 41 architecture 3 part 30 variant d rev 0
[    0.467721] pinctrl core: initialized pinctrl subsystem
[    0.467975] regulator-dummy: no parameters
[    0.492379] NET: Registered protocol family 16
[    0.494228] DMA: preallocated 256 KiB pool for atomic coherent allocations
[    0.494551] ion_snapshot: 0x1ea90000 map to 0xe0907000 and copy to 0xc0e75a0c (version 0.1)
[    0.494781] Registered FIQ tty driver
[    0.495183] fiq-debugger is disabled in device tree
[    0.495849] rockchip_get_bank_data:name=base start=0xff750000,end=0xff7500ff
[    0.495870] rockchip_get_bank_data:name=mux_bank0 start=0xff730084,end=0xff73008f
[    0.495887] rockchip_get_bank_data:name=pull_bank0 start=0xff730064,end=0xff73006f
[    0.495903] rockchip_get_bank_data:name=drv_bank0 start=0xff730070,end=0xff73007b
[    0.495993] rockchip_get_bank_data:name=/pinctrl@ff770000/gpio1@ff780000 start=0xff780000,end=0xff7800ff
[    0.496056] rockchip_get_bank_data:name=/pinctrl@ff770000/gpio2@ff790000 start=0xff790000,end=0xff7900ff
[    0.496116] rockchip_get_bank_data:name=/pinctrl@ff770000/gpio3@ff7a0000 start=0xff7a0000,end=0xff7a00ff
[    0.496178] rockchip_get_bank_data:name=/pinctrl@ff770000/gpio4@ff7b0000 start=0xff7b0000,end=0xff7b00ff
[    0.496238] rockchip_get_bank_data:name=/pinctrl@ff770000/gpio5@ff7c0000 start=0xff7c0000,end=0xff7c00ff
[    0.496299] rockchip_get_bank_data:name=/pinctrl@ff770000/gpio6@ff7d0000 start=0xff7d0000,end=0xff7d00ff
[    0.496359] rockchip_get_bank_data:name=/pinctrl@ff770000/gpio7@ff7e0000 start=0xff7e0000,end=0xff7e00ff
[    0.496420] rockchip_get_bank_data:name=/pinctrl@ff770000/gpio8@ff7f0000 start=0xff7f0000,end=0xff7f00ff
[    0.496487] rockchip_get_bank_data:name=/pinctrl@ff770000/gpio15@ff7f2000 start=0xff7f2000,end=0xff7f20ff
[    0.496550] rockchip_pinctrl_probe:name=RK3288-GPIO,type=3
[    0.496563] rockchip_pinctrl_probe:name=base start=0xff770000,end=0xff77013f
[    0.496575] rockchip_pinctrl_probe:name=pull start=0xff770140,end=0xff7701bf
[    0.496586] rockchip_pinctrl_probe:name=drv start=0xff7701c0,end=0xff77023f
[    0.497198] rockchip_interrupts_register:bank_num=7
[    0.499127] of_get_gpio_init_config:gpio[0] = 256, value = 0
[    0.499148] of_get_gpio_init_config:gpio[1] = 233, value = 0
[    0.499168] of_get_gpio_init_config:gpio[2] = 136, value = 0
[    0.499243] rockchip_pinctrl_probe:init ok
[    0.505452] rk_iommu ff900800.iep_mmu: (iep) Enter
[    0.505541] rk_iommu ff900800.iep_mmu: IOVMM: Created 0x3ffff000 B IOVMM from 0x10000000.
[    0.505555] rk_iommu ff900800.iep_mmu: (iep) Initialized
[    0.505724] rk_iommu ff950800.vip_mmu: (vip) Enter
[    0.505797] rk_iommu ff950800.vip_mmu: IOVMM: Created 0x3ffff000 B IOVMM from 0x10000000.
[    0.505809] rk_iommu ff950800.vip_mmu: (vip) Initialized
[    0.505981] rk_iommu ff930300.vopb_mmu: (vopb) Enter
[    0.506053] rk_iommu ff930300.vopb_mmu: IOVMM: Created 0x3ffff000 B IOVMM from 0x10000000.
[    0.506065] rk_iommu ff930300.vopb_mmu: (vopb) Initialized
[    0.506235] rk_iommu ff940300.vopl_mmu: (vopl) Enter
[    0.506309] rk_iommu ff940300.vopl_mmu: IOVMM: Created 0x3ffff000 B IOVMM from 0x10000000.
[    0.506322] rk_iommu ff940300.vopl_mmu: (vopl) Initialized
[    0.506510] rk_iommu ff9c0440.hevc_mmu: (hevc) Enter
[    0.506585] rk_iommu ff9c0440.hevc_mmu: IOVMM: Created 0x3ffff000 B IOVMM from 0x10000000.
[    0.506597] rk_iommu ff9c0440.hevc_mmu: (hevc) Initialized
[    0.506757] rk_iommu ff9a0800.vpu_mmu: (vpu) Enter
[    0.506829] rk_iommu ff9a0800.vpu_mmu: IOVMM: Created 0x3ffff000 B IOVMM from 0x10000000.
[    0.506842] rk_iommu ff9a0800.vpu_mmu: (vpu) Initialized
[    0.507019] rk_iommu ff914000.isp_mmu: (isp_mmu) Enter
[    0.507093] rk_iommu ff914000.isp_mmu: IOVMM: Created 0x3ffff000 B IOVMM from 0x10000000.
[    0.507105] rk_iommu ff914000.isp_mmu: (isp_mmu) Initialized
[    0.508845] hw-breakpoint: found 5 (+1 reserved) breakpoint and 4 watchpoint registers.
[    0.508858] hw-breakpoint: maximum watchpoint size is 4 bytes.
[    0.509425] rk3368_init_rockchip_pmu_ops: could not find pmu dt node
[    0.509447] DDR DEBUG: version 1.00 20150126 
[    0.509476] DDR DEBUG: Channel a: 
[    0.509485] DDR DEBUG: DDR3 Device
[    0.509498] DDR DEBUG: Bus Width=32 Col=10 Bank=8 Row=15 CS=1 Total Capability=1024MB
[    0.509507] DDR DEBUG: Channel b: 
[    0.509514] DDR DEBUG: DDR3 Device
[    0.509526] DDR DEBUG: Bus Width=32 Col=10 Bank=8 Row=15 CS=1 Total Capability=1024MB
[    0.509535] DDR DEBUG: addr=0xd83000
[    0.509544] DDR DEBUG: stride=9, size=256, halfcap=40000000
[    0.509553] DDR DEBUG: socAddr[0]=0xd83000, socAddr[1]=0xd83100
[    0.509563] DDR DEBUG: chAddr[0]=0xd83000, chAddr[1]=0xd83000
[    0.509574] DDR DEBUG: dtar[0]=0x301b0000, dtar[1]=0x301b0000
[    0.509628] DDR DEBUG: init success!!! freq=200MHz
[    0.509636] DDR DEBUG: Channel a: 
[    0.509649] DDR DEBUG: DTONE=0x1, DTERR=0x0, DTIERR=0x0, DTPASS=4,0, DGSL=1,1 extra clock, DGPS=180,90
[    0.509662] DDR DEBUG: DTONE=0x1, DTERR=0x0, DTIERR=0x0, DTPASS=4,0, DGSL=1,1 extra clock, DGPS=180,90
[    0.509675] DDR DEBUG: DTONE=0x1, DTERR=0x0, DTIERR=0x0, DTPASS=4,0, DGSL=1,1 extra clock, DGPS=180,90
[    0.509687] DDR DEBUG: DTONE=0x1, DTERR=0x0, DTIERR=0x0, DTPASS=4,0, DGSL=1,1 extra clock, DGPS=180,90
[    0.509699] DDR DEBUG: ZERR=0, ZDONE=0, ZPD=0x0, ZPU=0x0, OPD=0x0, OPU=0x0
[    0.509708] DDR DEBUG: DRV Pull-Up=0x19, DRV Pull-Dwn=0x19
[    0.509718] DDR DEBUG: ODT Pull-Up=0x2, ODT Pull-Dwn=0x2
[    0.509725] DDR DEBUG: Channel b: 
[    0.509736] DDR DEBUG: DTONE=0x1, DTERR=0x0, DTIERR=0x0, DTPASS=4,0, DGSL=1,1 extra clock, DGPS=180,90
[    0.509749] DDR DEBUG: DTONE=0x1, DTERR=0x0, DTIERR=0x0, DTPASS=4,0, DGSL=1,1 extra clock, DGPS=180,90
[    0.509761] DDR DEBUG: DTONE=0x1, DTERR=0x0, DTIERR=0x0, DTPASS=4,0, DGSL=1,1 extra clock, DGPS=180,90
[    0.509774] DDR DEBUG: DTONE=0x1, DTERR=0x0, DTIERR=0x0, DTPASS=4,0, DGSL=1,1 extra clock, DGPS=180,90
[    0.509784] DDR DEBUG: ZERR=0, ZDONE=0, ZPD=0x0, ZPU=0x0, OPD=0x0, OPU=0x0
[    0.509793] DDR DEBUG: DRV Pull-Up=0x19, DRV Pull-Dwn=0x19
[    0.509802] DDR DEBUG: ODT Pull-Up=0x2, ODT Pull-Dwn=0x2
[    0.534309] bio: create slab <bio-0> at 0
[    0.53.535928] SCSI subsystem initialized
[    0.536080] usbcore: registered new interface driver usbfs
[    0.536132] usbcore: registered new interface driver hub
[    0.536217] usbcore: registered new device driver usb
[    0.538858] rockchip_i2c ff650000.i2c: i2c-0: Rockchip I2C adapter
[    0.539320] rockchip_i2c ff140000.i2c: i2c-1: Rockchip I2C adapter
[    0.539766] rockchip_i2c ff660000.i2c: i2c-2: Rockchip I2C adapter
[    0.540048] rockchip_i2c ff150000.i2c: i2c-3: Rockchip I2C adapter
[    0.541037] rockchip_i2c ff160000.i2c: i2c-4: Rockchip I2C adapter
[    0.541158] media: Linux media interface: v0.10
[    0.541202] Linux video capture interface: v2.00
[    0.541257] pps_core: LinuxPPS API ver. 1 registered
[    0.541267] pps_core: Software ver. 5.3.6 - Copyright 2005-2007 Rodolfo Giometti <giometti@linux.it>
[    0.541287] PTP clock support registered
[    0.541344] i2c-core: driver [bq24296] using legacy suspend method
[    0.541354] i2c-core: driver [bq24296] using legacy resume method
[    0.542029] ion_drm_heap_create: 0@0
[    0.542160] Rockchip ion module is successfully loaded (v1.1)
[    0.542317] Advanced Linux Sound Architecture Driver Initialized.
[    0.542712] Bluetooth: Core ver 2.16
[    0.542767] NET: Registered protocol family 31
[    0.542777] Bluetooth: HCI device and connection manager initializ 0.542805] Bluetooth: L2CAP socket layer initialized
[    0.542831] Bluetooth: SCO socket layer initialized
[    0.543063] cfg80211: Calling CRDA to update world regulatory domain
[    0.543759] act8846_i2c_probe,line=898
[    0.544735] act8846_parse_dt,line=746
[    0.545201] act8846_i2c_probe: act8846_pmic_hold=1
[    0.545221] act8846_i2c_probe: act8846_pmic_sleep=1
[    0.545236] act8846_i2c_probe: act8846_pmic_cpu_det_gpio=1
[    0.545251] act8846_i2c_probe: act8846_pmic_usb_hub_reset_gpio=1
[    0.547322] act_dcdc1: 1200 mV 
[    0.550303] vccio: 3300 mV 
[    0.552166] vdd_logic: 700 <--> 1500 mV at 1100 mV 
[    0.555142] act_dcdc4: 2000 mV 
[    0.556375] vccio_sd: 1800 <--> 3300 mV at 3300 mV 
[    0.558708] act_ldo2: 1050 mV 
[    0.561023] act_ldo3: 2800 mV 
[    0.563344] act_ldo4: 3300 mV 
[    0.565675] act_ldo5: 3300 mV 
[    0.568009] act_ldo6: 1100 mV 
[    0.570317] vcc_18: 1800 mV 
[    0.572617] act_ldo8: 1850 mV 
[    0.577387] vdd_arm: 712 <--> 1500 mV at 1000 mV 
[    0.582102] vdd_gpu: 712 <--> 1500 mV at 1000 mV 
[    0.582867] rk808_i2c_probe,line=1355
[    0.584202] The device is not rk808 -11
[    0.584286] rk808: probe of 0-001b failed with error -11
[    0.584364] i2c-core: driver [rk818] using legacy suspend method
[    0.584374] i2c-core: driver [rk818] using legacy resume method
[    0.586058] Switching to clocksource arch_sys_counter
[    0.610146] rga: Module initialized.
[    0.610845] rga2 ff920000.rga: rga ion client create success!
[    0.611012] rga: Driver loaded succesfully
[    0.611230] rk-fb rockchip-fb: rk fb ion client create success!
[    0.611243] rk-fb rockchip-fb: rockchip framebuffer driver probe
[    0.611570] rk-screen rk_screen.8: rockchip screen probe success
[    0.611795] rk32-lvds rk32-lvds: rk32 lvds driver probe success
[    0.612151] rk32-edp ff970000.edp: screen is not edp!
[    0.612172] rk32-edp: probe of ff970000.edp failed with error -22
[    0.612633] rk3288-lcdc lcdc0: can't find power_ctr node for lcdc0
[    0.612843] graphics fb0: rockchip framebuffer registerd:fb0
[    0.613141] graphics fb1: rockchip framebuffer registerd:fb1
[    0.613308] graphics fb2: rockchip framebuffer registerd:fb2
[    0.613472] graphics fb3: rockchip framebuffer registerd:fb3
[    0.613757] rk3288-lcdc lcdc0: lcdc0: dclk:74250000>>fps:60 
[    0.613791] rk3288-lcdc lcdc0: wakeup from standby!
[    0.625699] alloc_buffer:ion_phy_addr=0x55c00000
[    0.631473] fb0:phy:55c00000>>vir:e0991000>>len:0xb00000
[    0.631490] rk3288-lcdc lcdc0: lcdc0 probe ok, iommu disabled
[    0.632322] rockchip_set_mux:warning ignore bank num 15
[    0.632468] rockchip_set_mux:warning ignore bank num 15
[    0.632585] rockchip_set_mux:warning ignore bank num 15
[    0.632703] rockchip_set_mux:warning ignore bank num 15
[    0.632830] rockchip_set_mux:warning ignore bank num 15
[    0.632945] rockchip_set_mux:warning ignore bank num 15
[    0.633514] rockchip_set_mux:warning ignore bank num 15
[    0.633678] rockchip_set_mux:warning ignore bank num 15
[    0.634217] rockchip_set_mux:warning ignore bank num 15
[    0.634363] rockchip_set_mux:warning ignore bank num 15
[    0.634893] rockchip_set_mux:warning ignore bank num 15
[    0.635040] rockchip_set_mux:warning ignore bank num 15
[    0.635713] rockchip_set_mux:warning ignore bank num 15
[    0.635874] rockchip_set_mux:warning ignore bank num 15
[    0.637311] NET: Registered protocol family 2
[    0.637697] rk_battery_charger_detect_cb , battery_charger_detect 1
[    0.637973] TCP established hash table entries: 4096 (order: 3, 32768 bytes)
[    0.638052] TCP bind hash table entries: 4096 (order: 3, 32768 bytes)
[    0.638126] TCP: Hash tables configured (established 4096 bind 4096)
[    0.638184] TCP: reno registered
[    0.638200] UDP hash table entries: 256 (order: 1, 8192 bytes)
[    0.638225] UDP-Lite hash table entries: 256 (order: 1, 8192 bytes)
[    0.638415] NET: Registered protocol family 1
[    0.639040] Unpacking initramfs...
[    0.701136] Freeing initrd memory: 1172K (c5bf0000 - c5d15000)
[    0.701896] hw perfevents: enabled with ARMv7 Cortex-A12 PMU driver, 7 counters available
[    0.702423] vcodec_service: probe device ff9a0000.vpu_service
[    0.702624] vcodec_service: No reset resource define
[    0.702790] vcodec_service: ff9a0000.vpu_service: power on
[    0.702876] vcodec_service: probe device ff9a0000.vpu_service
[    0.702890] vcodec_service: checking hw id 4831
[    0.703908] vcodec_service: ff9a0000.vpu_service: power off...
[    0.703953] vcodec_service: done
[    0.703961] vcodec_service: init success
[    0.704022] vcodec_service: probe device ff9c0000.hevc_service
[    0.704420] vcodec_service: ff9c0000.hevc_service: power on
[    0.704484] vcodec_service: probe device ff9c0000.hevc_service
[    0.704498] vcodec_service: checking hw id 6867
[    0.704754] vcodec_service: ff9c0000.hevc_service: power off...
[    0.704793] vcodec_service: done
[    0.704801] vcodec_service: init success
[    0.704936] rknandbase v1.0 2014-03-31
[    0.705072] rknand: probe of ff400000.nandc failed with error -1
[    0.705184] rknand_driver:ret = 0 
[    0.706324] audit: initializing netlink socket (disabled)
[    0.706367] type=2000 audit(0.360:1): initialized
[    0.707202] bounce pool size: 64 pages
[    0.711813] fuse init (API version 7.22)
[    0.712189] msgmni has been set to 952
[    0.714153] Block layer SCSI generic (bsg) driver version 0.4 loaded (major 246)
[    0.714171] io scheduler noop registered
[    0.714181] io scheduler deadline registered
[    0.714268] io scheduler cfq registered (default)
[    0.715458] rockchip-hdmiv2 ff980000.hdmi: rockchip hdmiv2 probe sucess.
[    0.716147] IEP Driver loaded succesfully
[    0.716238] Module initialized.
[    0.717037] dma-pl330 ffb20000.pdma: Loaded driver for PL330 DMAC-2364208
[    0.717056] dma-pl330 ffb20000.pdma: 	DBUFF-64x8bytes Num_Chans-5 Num_Peri-6 Num_Events-10
[    0.718392] dma-pl330 ff250000.pdma: Loaded driver for PL330 DMAC-2364208
[    0.718409] dma-pl330 ff250000.pdma: 	DBUFF-128x8bytes Num_Chans-8 Num_Peri-20 Num_Events-16
[    0.718701] pwm-voltage-regulator pwm_regulator.22: unable to request PWM, trying legacy API
[    0.718716] pwm-voltage-regulator pwm_regulator.22: unable to request legacy PWM
[    0.718725] pwm_regulator_probe:error
[    0.718747] platform pwm_regulator.22: Driver pwm-voltage-regulator requests probe deferral
[    0.718944] rk_serial.c v1.8 2014-03-04
[    0.719167] ff180000.serial: ttyS0 at MMIO 0xff180000 (irq = 87) is a rk29_serial.0
[    0.719357] serial ff180000.serial: membase e0972000
[    0.719501] ff690000.serial: ttyS2 at MMIO 0xff690000 (irq = 89) is a rk29_serial.2
[    0.721047] console [ttyS2] enabled
[    0.721236] serial ff690000.serial: membase fed60000
[    0.723984] loop: module loaded
[    0.724353] zram: Created 1 device(s) ...
[    0.724439] i2c-core: driver [mpu6050B1] using legacy suspend method
[    0.724452] i2c-core: driver [mpu6050B1] using legacy resume method
[    0.724469] mpu_init: Probe name mpu6050B1
[    0.724622] ak8963_mod_init: Probe name ak8963_mod
[    0.725333] SCSI Media Changer driver v0.25 
[    0.725657] tun: Universal TUN/TAP device driver, 1.6
[    0.725670] tun: (C) 1999-2004 Max Krasnyansky <maxk@qualcomm.com>
[    0.725800] vmac_init.
[    0.726371] stmmac_probe_config_dt: Can not read property: pmu_regulator.
[    0.726388] stmmac_probe_config_dt: clock input/output? (input).
[    0.726401] stmmac_probe_config_dt: TX delay(0x30).
[    0.726412] stmmac_probe_config_dt: RX delay(0x20).
[    0.726462] stmmac_probe_config_dt: is rockchip,rk3288-gmac
[    0.726473] stmmc_pltfr_init:
[    0.726481] stmmc_pltfr_init: ERROR: Get power-gpio failed.
[    0.726505] gmac_phy_reset: ERROR: Request pin stmmc_pltfr_init failed.
[    0.726517] stmmc_pltfr_init: init for RGMII
[    0.726528] tx delay=0x30
[    0.726528] rx delay=0x20
[    0.726545] tx delay=0x30
[    0.726545] rx delay=0x20
[    0.727012] stmmac - user ID: 0x10, Synopsys ID: 0x35
[    0.727024]  Normal descriptors
[    0.727033]  Ring mode enabled
[    0.727044]  DMA HW capability register supported
[    0.727056]  RX Checksum Offload Engine supported (type 2)
[    0.727066]  TX Checksum insertion supported
[    0.727075]  Wake-Up On Lan supported
[    0.727112]  Enable RX Mitigation via HW Watchdog Timer
[    0.727570] PPP generic driver version 2.4.2
[    0.727746] PPP BSD Compression module registered
[    0.727760] PPP Deflate Compression module registered
[    0.727784] PPP MPPE Compression module registered
[    0.727797] NET: Registered protocol family 24
[    0.727831] SLIP: version 0.8.4-NET3.019-NEWTTY (dynamic channels, max=256) (6 bit encapsulation enabled).
[    0.727845] CSLIP: code copyright 1989 Regents of the University of California.
[    0.727858] Rockchip WiFi SYS interface (V1.00) ... 
[    0.727896] esp_mem_init enter date Apr 21 2017 11:54:06
[    0.727907] esp_mem_init VERSION [V2.5]
[    0.727952] esp_mem_init complete 
[    0.728039] usbcore: registered new interface driver catc
[    0.728087] usbcore: registered new interface driver kaweth
[    0.728100] pegasus: v0.9.3 (2013/04/25), Pegasus/Pegasus II USB Ethernet driver
[    0.728143] usbcore: registered new interface driver pegasus
[    0.728183] usbcore: registered new interface driver rtl8150
[    0.728224] usbcore: registered new interface driver r8152
[    0.728235] hso: drivers/net/usb/hso.c: Option Wireless
[    0.728305] usbcore: registered new interface driver hso
[    0.728351] usbcore: registered new interface driver asix
[    0.728398] usbcore: registered new interface driver ax88179_178a
[    0.728439] usbcore: registered new interface driver cdc_ether
[    0.728480] usbcore: registered new interface driver cdc_eem
[    0.728520] usbcore: registered new interface driver dm9601
[    0.728559] usbcore: registered new interface driver dm9620
[    0.728607] usbcore: registered new interface driver smsc75xx
[    0.728660] usbcore: registered new interface driver smsc95xx
[    0.728703] ushell@firefly-rk3288:/ $ sbcore: registered new interface driver gl620a
[    0.728746] usbcore: registered new interface driver net1080
[    0.728787] usbcore: registered new interface driver plusb
[    0.728828] usbcore: registered new interface driver rndis_host
[    0.728868] usbcore: registered new interface driver cdc_subset
[    0.728907] usbcore: registered new interface driver zaurus
[    0.728950] usbcore: registered new interface driver MOSCHIP usb-ethernet driver
[    0.729018] usbcore: registered new interface driver int51x1
[    0.729060] usbcore: registered new interface driver kalmia
[    0.729102] usbcore: registered new interface driver ipheth
[    0.729145] usbcore: registered new interface driver sierra_net
[    0.729186] usbcore: registered new interface driver cx82310_eth
[    0.729236] usbcore: registered new interface driver cdc_ncm
[    0.729277] usbcore: registered new interface driver qmi_wwan
[    0.729325] usbcore: registered new interface driver cdc_mbim
[    0.729338] ehci_hcd: USB 2.0 'Enhanced' Host Controller (EHCI) Driver
[    0.731782] EHCI: ehci_rk_probe e1540000 e1540010
[    0.731801] rockchip_ehci_host ff500000.usb: EHCI Host Controller
[    0.731832] rockchip_ehci_host ff500000.usb: new USB bus registered, assigned bus number 1
[    0.732164] rockchip_ehci_host ff500000.usb: irq 56, io mem 0xff500000
[    0.743575] rockchip_ehci_host ff500000.usb: USB 2.0 started, EHCI 1.00
[    0.743667] usb usb1: New USB device found, idVendor=1d6b, idProduct=0002
[    0.743684] usb usb1: New USB device strings: Mfr=3, Product=2, SerialNumber=1
[    0.743699] usb usb1: Product: EHCI Host Controller
[    0.743712] usb usb1: Manufacturer: Linux 3.10.0 ehci_hcd
[    0.743725] usb usb1: SerialNumber: ff500000.usb
[    0.744204] hub 1-0:1.0: USB hub found
[    0.744231] hub 1-0:1.0: 1 port detected
[    0.744393] EHCI: ehci_rk_probe ok
[    0.744497] ohci_hcd: USB 1.1 'Open' Host Controller (OHCI) Driver
[    0.744705] usbcore: registered new interface driver cdc_acm
[    0.744717] cdc_acm: USB Abstract Control Model driver for USB modems and ISDN adapters
[    0.744769] usbcore: registered new interface driver usblp
[    0.744810] usbcore: registered new interface driver cdc_wdm
[    0.744870] usbcore: registered new interface driver usb-storage
[    0.744916] usbcore: registered new interface driver ums-alauda
[    0.744957] usbcore: registered new interface driver ums-cypress
[    0.744996] usbcore: registered new interface driver ums-datafab
[    0.745032] usbcore: registered new interface driver ums_eneub6250
[    0.745070] usbcore: registered new interface driver ums-freecom
[    0.745107] usbcore: registered new interface driver ums-isd200
[    0.745145] usbcore: registered new interface driver ums-jumpshot
[    0.745182] usbcore: registered new interface driver ums-karma
[    0.745220] usbcore: registered new interface driver ums-onetouch
[    0.745260] usbcore: registered new interface driver ums-sddr09
[    0.745298] usbcore: registered new interface driver ums-sddr55
[    0.745342] usbcore: registered new interface driver ums-usbat
[    0.745431] usbcore: registered new interface driver usbserial
[    0.745471] usbcore: registered new interface driver usbserial_generic
[    0.745504] usbserial: USB Serial support registered for generic
[    0.745543] usbcore: registered new interface driver option
[    0.745574] usbserial: USB Serial support registered for GSM modem (1-port)
[    0.745649] usbcore: registered new interface driver trancevibrator
[    0.745661] usb20_otg: version 3.10a 21-DEC-2012
[    0.746092] e1580040
[    0.746108] Core Release: 3.10a
[    0.746120] Setting default values for core params
[    0.746245] Using Buffer DMA mode
[    0.746257] Periodic Transfer Interrupt Enhancement - disabled
[    0.746268] Multiprocessor Interrupt Enhancement - disabled
[    0.746280] OTG VER PARAM: 0, OTG VER FLAG: 0
[    0.746291] ^^^^^^^^^^^^^^^^^Device Mode
[    0.746304] Dedicated Tx FIFOs mode
[    0.746323] pcd_init otg_dev = ddf2c180
[    0.844884] Using Buffer DMA mode
[    0.844900] Periodic Transfer Interrupt Enhancement - disabled
[    0.844911] Multiprocessor Interrupt Enhancement - disabled
[    0.844923] OTG VER PARAM: 0, OTG VER FLAG: 0
[    0.844933] ^^^^^^^^^^^^^^^^^Device Mode
[    0.844961] usb20_otg ff580000.usb: DWC OTG Controller
[    0.844991] usb20_otg ff580000.usb: new USB bus registered, assigned bus number 2
[    0.845024] usb20_otg ff580000.usb: irq 55, io mem 0x00000000
[    0.845083] usb usb2: New USB device found, idVendor=1d6b, idProduct=0002
[    0.845099] usb usb2: New USB device strings: Mfr=3, Product=2, SerialNumber=1
[    0.845114] usb usb2: Product: DWC OTG Controller
[    0.845126] usb usb2: Manufacturer: Linux 3.10.0 dwc_otg_hcd
[    0.845139] usb usb2: SerialNumber: ff580000.usb
[    0.845551] hub 2-0:1.0: USB hub found
[    0.845576] hub 2-0:1.0: 1 port detected
[    0.845874] usb20_host: version 3.10a 21-DEC-2012
[    0.848400] e1600040
[    0.848413] Core Release: 3.10a
[    0.848424] Setting default values for core params
[    0.848536] Using Buffer DMA mode
[    0.848547] Periodic Transfer Interrupt Enhancement - disabled
[    0.848558] Multiprocessor Interrupt Enhancement - disabled
[    0.848569] OTG VER PARAM: 0, OTG VER FLAG: 0
[    0.848579] ^^^^^^^^^^^^^^^^^^Host Mode
[    0.848610] usb20_host ff540000.usb: DWC OTG Controller
[    0.848638] usb20_host ff540000.usb: new USB bus registered, assigned bus number 3
[    0.848668] usb20_host ff540000.usb: irq 57, io mem 0x00000000
[    0.848760] Init: Power Port (0)
[    0.848818] usb usb3: New USB device found, idVendor=1d6b, idProduct=0002
[    0.848833] usb usb3: New USB device strings: Mfr=3, Product=2, SerialNumber=1
[    0.848848] usb usb3: Product: DWC OTG Controller
[    0.848861] usb usb3: Manufacturer: Linux 3.10.0 dwc_otg_hcd
[    0.848873] usb usb3: SerialNumber: ff540000.usb
[    0.849257] hub 3-0:1.0: USB hub found
[    0.849285] hub 3-0:1.0: 1 port detected
[    0.849967] usbcore: registered new interface driver xpad
[    0.850029] usbcore: registered new interface driver usb_acecad
[    0.850081] usbcore: registered new interface driver aiptek
[    0.850128] usbcore: registered new interface driver gtco
[    0.850175] usbcore: registered new interface driver hanwang
[    0.850224] usbcore: registered new interface driver kbtab
[    0.850280] usbcore: registered new interface driver wacom
[    0.850537] sensor_register_slave:mma8452,id=17
[    0.850552] sensor_register_slave:gs_mc3230,id=23
[    0.850562] gsensor_init
[    0.850573] sensor_register_slave:mpu6880_acc,id=24
[    0.850584] sensor_register_slave:mpu6500_acc,id=25
[    0.850595] sensor_register_slave:cm3217,id=48
[    0.850606] sensor_register_slave:cm3218,id=49
[    0.850816] .. rk pwm remotectl v1.1 init
[    0.851052] input: ff680000.pwm as /devices/ff680000.pwm/input/input0
[    0.853566] rtc_hym8563 0-0051: clock/calendar information is no longer guaranteed
[    0.856560] rtc_hym8563 0-0051: rtc core: registered hym8563 as rtc0
[    0.856624] i2c /dev entries driver
[    0.857312] IR NEC protocol handler initialized
[    0.857326] IR RC5(x) protocol handler initialized
[    0.857336] IR RC6 protocol handler initialized
[    0.857347] IR JVC protocol handler initialized
[    0.857356] IR Sony protocol handler initialized
[    0.857366] IR RC5 (streamzap) protocol handler initialized
[    0.857376] IR SANYO protocol handler initialized
[    0.857387] IR MCE Keyboard/mouse protocol handler initialized
[    0.857548] usbcore: registered new interface driver uvcvideo
[    0.857560] USB Video Class driver (1.1.1)
[    0.857574] CamSys driver version: v0.32.0,  CamSys head file version: v0.11.0
[    0.859022] D1:camsys_platform_probe(1300): 1-gpios-cifpower: gpio=236
[    0.859046] D1:camsys_platform_probe(1303): gpios-cifpower: gpio_request
[    0.859068] D1:camsys_platform_probe(1305): 1-gpios-cifpower: gpio_request=0
[    0.859089] D1:camsys_platform_probe(1314): gpios-cifpower: 236 high
[    0.859129] D1:camsys_mipiphy_probe_cb(115): compatible is rockchip,rk3288
[    0.859129] 
[    0.859203] D1:camsys_mipiphy_probe_cb(186): ff910000.isp mipi phy0 probe success(reg_phy: 0x0  reg_vir: 0x0  size: 0x0)
[    0.859352] D1:camsys_mipiphy_probe_cb(183): ff910000.isp mipi phy1 probe success(reg_phy: 0xff968000  reg_vir: 0xe14b8000  size: 0x4000)
[    0.860000] D1:camsys_platform_probe(1447): ff910000.isp memory:
[    0.860020] D1:camsys_platform_probe(1457):     Register memory (phy: 0xff910000 vir: 0xe1520000 size: 0x10000)
[    0.860036] D1:camsys_platform_probe(1452):     I2c memory (phy: 0x1df4f000 vir: 0xddf4f000 size: 0x1000)
[    0.860052] D1:camsys_init_ext_fsh_module(20): init external flash module
[    0.860064] D1:camsys_platform_probe(1472): Probe ff910000.isp device success 
[    0.860492] not find test_power_init dev node
[    0.860550] i2c-core: driver [bq27320] using legacy suspend method
[    0.860562] i2c-core: driver [bq27320] using legacy resume method
[    0.860889] rockchip_temp_probe,line=362
[    0.910860] tsadc ff280000.tsadc: initialized
[    0.911262] device-mapper: uevent: version 1.0.3
[    0.911516] device-mapper: ioctl: 4.24.0-ioctl (2013-01-15) initialised: dm-devel@redhat.com
[    0.911807] Bluetooth: HCI UART driver ver 2.2
[    0.911823] Bluetooth: HCI H4 protocol initialized
[    0.911835] Bluetooth: HCILL protocol initialized
[    0.911846] rtk_btusb: Realtek Bluetooth USB driver module init, version 2.21
[    0.911859] rtk_btusb: Register usb char device interface for BT driver
[    0.912051] usbcore: registered new interface driver rtk_btusb
[    0.915463] cpufreq version 1.0, suspend freq 1200 MHz
[    0.915655] cpuidle: using governor ladder
[    0.915668] cpuidle: using governor menu
[    0.915703] Synopsys Designware Multimedia Card Interface Driver
[    0.915715] MHSC version = Ver 2.00 2015-06-10
[    0.916009] dw cru_regsbase addr 0x1d8.
[    0.916021] dw cru_reset_offset val 3.
[    0.916037] dwmmc_rockchip ff0f0000.rksdmmc: Version ID is 270a
[    0.916081] dwmmc_rockchip ff0f0000.rksdmmc: failed to get hpclk_mmc
[    0.916401] dwmmc_rockchip ff0f0000.rksdmmc: Using internal DMA controller.
[    0.916568] dw_mci_init_slot: fmin=400000, fmax=100000000 [mmc0]
[    0.916690] 1358..dw_mci_set_ios:  no card. [mmc0]
[    0.930547] 1358..dw_mci_set_ios:  no card. [mmc0]
[    0.940458] dwc_otg_hcd_suspend, usb device mode
[    0.950249] rk_sdmmc: BOOT dw_mci_setup_bus: argue clk_mmc workaround out 800000Hz for init[mmc0]
[    0.950265] dwmmc_rockchip ff0f0000.rksdmmc: DW MMC controller at irq 67, 32 bit host data width, 256 deep fifo
[    0.950275] dwmmc_rockchip ff0f0000.rksdmmc: 1 slots initialized
[    0.950584] dw cru_regsbase addr 0x1d8.
[    0.950597] dw cru_reset_offset val 0.
[    0.950612] dwmmc_rockchip ff0c0000.rksdmmc: Version ID is 270a
[    0.950650] dwmmc_rockchip ff0c0000.rksdmmc: failed to get hpclk_mmc
[    0.951426] dwmmc_rockchip ff0c0000.rksdmmc: Using internal DMA controller.
[    0.951597] dw_mci_init_slot: fmin=300000, fmax=50000000 [mmc1]
[    0.952282] dwmmc_rockchip ff0c0000.rksdmmc: mmc1: No udbg pinctrl found!
[    0.952344] 1358..dw_mci_set_ios:  no card. [mmc1]
[    0.969886] 1358..dw_mci_set_ios:  no card. [mmc1]
[    0.982338] mmc0: BKOPS_EN bit is not set
[    0.984211] rk_sdmmc: BOOT Bus speed=0Hz,Bus width=8bits.[mmc0]
[    0.986492] mmc_host mmc0: Bus speed (slot 0) = 100000000Hz (slot req 100000000Hz, actual 100000000HZ div = 0)
[    0.986516] rk_sdmmc: BOOT dw_mci_setup_bus: argue clk_mmc workaround out normal clock [mmc0]
[    0.986538] [mmc0] tuning regsbase addr 0x218.
[    0.987126] [mmc0] Data transmission error !!!!  MINTSTS: [0x00000088]
[    0.987137] [mmc0] host was already tuning, Don't need to retry tune again ignore 0.
[    0.987166] dwmmc_rockchip ff0f0000.rksdmmc: Tuning error: cmd.error:0, data.error:-84
[    0.987422] dwmmc_rockchip ff0f0000.rksdmmc: Good phase range 0-180 (17 len)
[    0.987435] dwmmc_rockchip ff0f0000.rksdmmc: Good phase range 203-282 (8 len)
[    0.987445] dwmmc_rockchip ff0f0000.rksdmmc: Best phase range 0-180 (17 len)
[    0.987456] dwmmc_rockchip ff0f0000.rksdmmc: Successfully tuned phase to 90
[    0.987499] mmc0: new HS200 MMC card at address 0001
[    0.987769] mmcblk0: mmc0:0001 AGND3R 14.5 GiB 
[    0.988077]      uboot: 0x000400000 -- 0x000800000 (4 MB)
[    0.988090]       misc: 0x000800000 -- 0x000c00000 (4 MB)
[    0.988099]   resource: 0x000c00000 -- 0x001c00000 (16 MB)
[    0.988108]     kernel: 0x001c00000 -- 0x002c00000 (16 MB)
[    0.988117]       boot: 0x002c00000 -- 0x004c00000 (32 MB)
[    0.988126]   recovery: 0x004c00000 -- 0x006c00000 (32 MB)
[    0.988134]     backup: 0x006c00000 -- 0x00a000000 (52 MB)
[    0.988142]      cache: 0x00a000000 -- 0x012000000 (128 MB)
[    0.988151]     kpanic: 0x012000000 -- 0x012400000 (4 MB)
[    0.988159]     system: 0x012400000 -- 0x072400000 (1536 MB)
[    0.988168]   metadata: 0x072400000 -- 0x073400000 (16 MB)
[    0.988176] baseparamer: 0x073400000 -- 0x073800000 (4 MB)
[    0.988185]   userdata: 0x073800000 -- 0x0b3800000 (1024 MB)
[    0.988193] radical_update: 0x0b3800000 -- 0x0b7800000 (64 MB)
[    0.988203]       user: 0x0b7800000 -- 0x3a3a00000 (11970 MB)
[    0.988233]  mmcblk0: p1 p2 p3 p4 p5 p6 p7 p8 p9 p10 p11 p12 p13 p14 p151358..dw_mci_set_ios:  no card. [mmc1]
[    0.989622] dwmmc_rockchip ff0c0000.rksdmmc: DW MMC controller at irq 64, 32 bit host data width, 256 deep fifo
[    0.989634] dwmmc_rockchip ff0c0000.rksdmmc: 1 slots initialized
[    0.989933] dw cru_regsbase addr 0x1d8.
[    0.989941] dw cru_reset_offset val 1.
[    0.989951] dwmmc_rockchip ff0d0000.rksdmmc: Version ID is 270a
[    0.989988] dwmmc_rockchip ff0d0000.rksdmmc: failed to get hpclk_mmc
[    0.990213] dwmmc_rockchip ff0d0000.rksdmmc: Using internal DMA controller.
[    0.990338] dw_mci_init_slot: fmin=200000, fmax=50000000 [mmc2]
[    0.990585] 1358..dw_mci_set_ios:  no card. [mmc2]
[    1.009252] 1358..dw_mci_set_ios:  no card. [mmc2]
[    1.028937] 1358..dw_mci_set_ios:  no card. [mmc2]
[    1.028972] dwmmc_rockchip ff0d0000.rksdmmc: DW MMC controller at irq 65, 32 bit host data width, 256 deep fifo
[    1.028984] dwmmc_rockchip ff0d0000.rksdmmc: 1 slots initialized
[    1.029249] leds-gpio leds.29: pins are not configured from the driver
[    1.029466] hidraw: raw HID events driver (C) Jiri Kosina
[    1.030949] usbcore: registered new interface driver usbhid
[    1.030959] usbhid: USB HID core driver
[    1.031077] ashmem: initialized
[    1.031193] logger: created 256K log 'log_main'
[    1.031297] logger: created 256K log 'log_events'
[    1.031389] logger: created 256K log 'log_radio'
[    1.031495] logger: created 256K log 'log_system'
[    1.032550] input: rk29-keypad as /devices/ff100000.adc/key.32/input/input1
[    1.033365] rockchip-pinctrl ff770000.pinctrl: pin gpio6-8 already requested by ff890000.rockchip-i2s; cannot claim for 2-0010
[    1.033380] rockchip-pinctrl ff770000.pinctrl: pin-200 (2-0010) status -22
[    1.033392] rockchip-pinctrl ff770000.pinctrl: could not request pin 200 on device rockchip-pinctrl
[    1.033403] ES8323 2-0010: Error applying setting, reverse things back
[    1.033697] es8323 probe i2c recv ok
[    1.034628] rockchip-spdif ff880000.rockchip-spdif: spdif ready.
[    1.035196] es8323_probe
[    1.035292] es8323_probe:register ISR (irq=194)
[    1.333962] ***************vbus detect*****************
[    1.668876] ES8323 2-0010: ASoC: no dapm match for LINPUT1 --> NULL --> Left Line Mux
[    1.668887] ES8323 2-0010: ASoC: Failed to add route LINPUT1 -> NULL -> Left Line Mux
[    1.668897] ES8323 2-0010: ASoC: no dapm match for LINPUT2 --> NULL --> Left Line Mux
[    1.668904] ES8323 2-0010: ASoC: Failed to add route LINPUT2 -> NULL -> Left Line Mux
[    1.668913] ES8323 2-0010: ASoC: no dapm match for Left PGA Mux --> NULL --> Left Line Mux
[    1.668920] ES8323 2-0010: ASoC: Failed to add route Left PGA Mux -> NULL -> Left Line Mux
[    1.668929] ES8323 2-0010: ASoC: no dapm match for RINPUT1 --> NULL --> Right Line Mux
[    1.668937] ES8323 2-0010: ASoC: Failed to add route RINPUT1 -> NULL -> Right Line Mux
[    1.668945] ES8323 2-0010: ASoC: no dapm match for RINPUT2 --> NULL --> Right Line Mux
[    1.668951] ES8323 2-0010: ASoC: Failed to add route RINPUT2 -> NULL -> Right Line Mux
[    1.668959] ES8323 2-0010: ASoC: no dapm match for Right PGA Mux --> NULL --> Right Line Mux
[    1.668966] ES8323 2-0010: ASoC: Failed to add route Right PGA Mux -> NULL -> Right Line Mux
[    1.668975] ES8323 2-0010: ASoC: no dapm match for LINPUT1 --> LAMP --> Left PGA Mux
[    1.668981] ES8323 2-0010: ASoC: Failed to add route LINPUT1 -> LAMP -> Left PGA Mux
[    1.668989] ES8323 2-0010: ASoC: no dapm match for LINPUT2 --> LAMP --> Left PGA Mux
[    1.668996] ES8323 2-0010: ASoC: Failed to add route LINPUT2 -> LAMP -> Left PGA Mux
[    1.669004] ES8323 2-0010: ASoC: no dapm match for Differential Mux --> LAMP --> Left PGA Mux
[    1.669010] ES8323 2-0010: ASoC: Failed to add route Differential Mux -> LAMP -> Left PGA Mux
[    1.669018] ES8323 2-0010: ASoC: no dapm match for RINPUT1 --> RAMP --> Right PGA Mux
[    1.669025] ES8323 2-0010: ASoC: Failed to add route RINPUT1 -> RAMP -> Right PGA Mux
[    1.669033] ES8323 2-0010: ASoC: no dapm match for RINPUT2 --> RAMP --> Right PGA Mux
[    1.669039] ES8323 2-0010: ASoC: Failed to add route RINPUT2 -> RAMP -> Right PGA Mux
[    1.669047] ES8323 2-0010: ASoC: no dapm match for Differential Mux --> RAMP --> Right PGA Mux
[    1.669054] ES8323 2-0010: ASoC: Failed to add route Differential Mux -> RAMP -> Right PGA Mux
[    1.669062] ES8323 2-0010: ASoC: no dapm match for LINPUT1 --> LAMP --> Differential Mux
[    1.669069] ES8323 2-0010: ASoC: Failed to add route LINPUT1 -> LAMP -> Differential Mux
[    1.669077] ES8323 2-0010: ASoC: no dapm match for RINPUT1 --> RAMP --> Differential Mux
[    1.669084] ES8323 2-0010: ASoC: Failed to add route RINPUT1 -> RAMP -> Differential Mux
[    1.669092] ES8323 2-0010: ASoC: no dapm match for LINPUT2 --> LAMP --> Differential Mux
[    1.669099] ES8323 2-0010: ASoC: Failed to add route LINPUT2 -> LAMP -> Differential Mux
[    1.669107] ES8323 2-0010: ASoC: no dapm match for RINPUT2 --> RAMP --> Differential Mux
[    1.669114] ES8323 2-0010: ASoC: Failed to add route RINPUT2 -> RAMP -> Differential Mux
[    1.669135] ES8323 2-0010: ASoC: no dapm match for LINPUT1 --> LAMP --> Left Line Mux
[    1.669142] ES8323 2-0010: ASoC: Failed to add route LINPUT1 -> LAMP -> Left Line Mux
[    1.669150] ES8323 2-0010: ASoC: no dapm match for LINPUT2 --> LAMP --> Left Line Mux
[    1.669157] ES8323 2-0010: ASoC: Failed to add route LINPUT2 -> LAMP -> Left Line Mux
[    1.669164] ES8323 2-0010: ASoC: no dapm match for Left PGA Mux --> LAMP --> Left Line Mux
[    1.669171] ES8323 2-0010: ASoC: Failed to add route Left PGA Mux -> LAMP -> Left Line Mux
[    1.669179] ES8323 2-0010: ASoC: no dapm match for RINPUT1 --> RAMP --> Right Line Mux
[    1.669186] ES8323 2-0010: ASoC: Failed to add route RINPUT1 -> RAMP -> Right Line Mux
[    1.669194] ES8323 2-0010: ASoC: no dapm match for RINPUT2 --> RAMP --> Right Line Mux
[    1.669200] ES8323 2-0010: ASoC: Failed to add route RINPUT2 -> RAMP -> Right Line Mux
[    1.669208] ES8323 2-0010: ASoC: no dapm match for Right PGA Mux --> RAMP --> Right Line Mux
[    1.669215] ES8323 2-0010: ASoC: Failed to add route Right PGA Mux -> RAMP -> Right Line Mux
[    1.669353] ES8323 2-0010: ASoC: mux Right Line Mux has no paths
[    1.669365] ES8323 2-0010: ASoC: mux Left Line Mux has no paths
[    1.669375] ES8323 2-0010: ASoC: mux Right PGA Mux has no paths
[    1.669383] ES8323 2-0010: ASoC: mux Left PGA Mux has no paths
[    1.669401] ES8323 2-0010: ASoC: mux Differential Mux has no paths
[    1.675515] rockchip-es8323 rockchip-es8323.27:  ES8323 HiFi <-> ff890000.rockchip-i2s mapping ok
[    1.676116] u32 classifier
[    1.676123]     Actions configured
[    1.676133] Netfilter messages via NETLINK v0.30.
[    1.676184] nf_conntrack version 0.5.0 (16384 buckets, 65536 max)
[    1.676439] ctnetlink v0.93: registering with nfnetlink.
[    1.676502] NF_TPROXY: Transparent proxy support initialized, version 4.1.0
[    1.676509] NF_TPROXY: Copyright (c) 2006-2007 BalaBit IT Ltd.
[    1.676726] xt_time: kernel timezone is -0000
[    1.676876] ip_tables: (C) 2000-2006 Netfilter Core Team
[    1.676985] arp_tables: (C) 2002 David S. Miller
[    1.677019] TCP: cubic registered
[    1.677025] Initializing XFRM netlink socket
[    1.677187] NET: Registered protocol family 10
[    1.677594] mip6: Mobile IPv6
[    1.677618] ip6_tables: (C) 2000-2006 Netfilter Core Team
[    1.677717] sit: IPv6 over IPv4 tunneling driver
[    1.677982] NET: Registered protocol family 17
[    1.678003] NET: Registered protocol family 15
[    1.678048] Bridge firewalling registered
[    1.678059] Ebtables v2.0 registered
[    1.678208] Bluetooth: RFCOMM TTY layer initialized
[    1.678232] Bluetooth: RFCOMM socket layer initialized
[    1.678238] Bluetooth: RFCOMM ver 1.11
[    1.678244] Bluetooth: BNEP (Ethernet Emulation) ver 1.3
[    1.678249] Bluetooth: BNEP filters: protocol multicast
[    1.678258] Bluetooth: BNEP socket layer initialized
[    1.678264] Bluetooth: HIDP (Human Interface Emulation) ver 1.2
[    1.678273] Bluetooth: HIDP socket layer initialized
[    1.678299] l2tp_core: L2TP core driver, V2.0
[    1.678311] l2tp_ppp: PPPoL2TP kernel driver, V2.0
[    1.678316] [WLAN_RFKILL]: Enter rfkill_wlan_init
[    1.678531] [WLAN_RFKILL]: Enter rfkill_wlan_probe
[    1.678541] [WLAN_RFKILL]: can't find rockchip,grf property
[    1.678548] [WLAN_RFKILL]: wlan_platdata_parse_dt: wifi_chip_type = bcmwifi
[    1.678554] [WLAN_RFKILL]: wlan_platdata_parse_dt: enable wifi power control.
[    1.678562] [WLAN_RFKILL]: wlan_platdata_parse_dt: disable wifi io reference voltage control.
[    1.678569] [WLAN_RFKILL]: wlan_platdata_parse_dt: wifi power controled by gpio.
[    1.678584] [WLAN_RFKILL]: wlan_platdata_parse_dt: get property: WIFI,poweren_gpio = 156, flags = 0.
[    1.678601] [WLAN_RFKILL]: wlan_platdata_parse_dt: get property: WIFI,host_wake_irq = 158, flags = 0.
[    1.678608] [WLAN_RFKILL]: rfkill_wlan_probe: init gpio
[    1.678633] [WLAN_RFKILL]: rockchip_wifi_voltage_select: wifi & sdio reference voltage: 1.8V
[    1.678640] [WLAN_RFKILL]: Exit rfkill_wlan_probe
[    1.678675] [BT_RFKILL]: Enter rfkill_rk_init
[    1.678789] [BT_RFKILL]: bluetooth_platdata_parse_dt: get property: uart_rts_gpios = 147.
[    1.678803] [BT_RFKILL]: bluetooth_platdata_parse_dt: get property: BT,power_gpio = 155.
[    1.678814] [BT_RFKILL]: bluetooth_platdata_parse_dt: get property: BT,reset_gpio = 157.
[    1.678825] [BT_RFKILL]: bluetooth_platdata_parse_dt: get property: BT,wake_gpio = 154.
[    1.678836] [BT_RFKILL]: bluetooth_platdata_parse_dt: get property: BT,wake_host_irq = 159.
[    1.678876] [BT_RFKILL]: Request irq for bt wakeup host
[    1.678962] [BT_RFKILL]: ** disable irq
[    1.679029] [BT_RFKILL]: ap6335 device registered.
[    1.679645] rk3288_init_suspend
[    1.679656] rk3288_suspend_init enter
[    1.679850] rk3288_suspend_init: pm_ctrbits =200007
[    1.679878] gpio_get_dts_info suspend:4
[    1.679884] gpio_get_dts_info resume:4
[    1.679889] rockchip,pmic-suspend_gpios:14007a10 0 0 0 0 0 0 0 0 0 0 0 0 0 0 0 0 0 0 0 
[    1.679912] rockchip,pmic-resume_gpios:2007a11 0 0 0 0 0 0 0 0 0 0 0 0 0 0 0 0 0 0 0 
[    1.680026] clks_gating_suspend_init:clkgt info ok
[    1.680102] Registering SWP/SWPB emulation handler
[    1.680113] rockchip_uboot_mem_late_init: Freeing uboot logo memory: 0x02000000@0x7dc00000
[    1.682469] ddrfreq: verion 1.2 20140526
[    1.682482] ddrfreq: normal 456MHz video_1080p 0MHz video_4k 456MHz dualview 0MHz idle 0MHz suspend 200MHz reboot 456MHz
[    1.682489] ddrfreq: auto-freq=0
[    1.682493] ddrfreq: auto-freq-table[0] 240MHz
[    1.682498] ddrfreq: auto-freq-table[1] 324MHz
[    1.682503] ddrfreq: auto-freq-table[2] 456MHz
[    1.682508] ddrfreq: auto-freq-table[3] 528MHz
[    1.692903] act_ldo3: operation not allowed
[    1.692910] vga_edid_probe: turn on ldo3 done.
[    1.693158] act_ldo4: operation not allowed
[    1.693163] vga_edid_probe: turn on ldo done.
[    1.693404] act_ldo2: operation not allowed
[    1.693409] vga_edid_probe: turn on ldo2 done.
[    1.693657] act_ldo8: operation not allowed
[    1.693663] vga_edid_probe: turn on ldo done.
[    1.698707] unable to read EDID block.
[    1.733250] unable to read EDID block.
[    1.767795] unable to read EDID block.
[    1.767804] vga-ddc: read and parse edid failed errno:-5.
[    1.767810] vga_edid_probe: success. 10 
[    1.767909] firefly_vga_get_enable 180, 0
[    1.767914] firefly_vga_get_status 186
[    1.767920] firefly_vga_set_enable 159 enable:1
[    1.767934] firefly_vga_enable 130 start
[    1.767941] firefly_switch_fb 55 
[    1.767948] switch:en=1,lcdc_id=0,screen type=1,cur type=1
[    1.767968] regulator-dummy: disabling
[    1.768157] =======================================================
[    1.768165] ==== Launching Wi-Fi driver! (Powered by Rockchip) ====
[    1.768170] =======================================================
[    1.768175]  WiFi driver (Powered by Rockchip,Ver 5.10.WFD.OOB.64bit) init.
[    1.768223] dhd_module_init: in
[    1.768230] ======== bcm_wlan_set_plat_data ========
[    1.768235] [WLAN_RFKILL]: rockchip_wifi_get_oob_irq: Enter
[    1.768253] host_oob_irq: 196 
[    1.768257] host_oob_irq_flags=4
[    1.768261] dhd_wifi_platform_load: Enter
[    1.768274] pcd_pullup, is_on 0
[    1.768279] Power-up adapter 'DHD generic adapter'
[    1.768284]  - irq 196 [flags 4], firmware: (null), nvram: (null)
[    1.768288]  - bus type -1, bus num -1, slot num -1
[    1.768288] 
[    1.768305] wifi_platform_set_power = 1
[    1.768310] ======== PULL WL_REG_ON HIGH! ========
[    1.768315] [WLAN_RFKILL]: rockchip_wifi_power: 1
[    1.768321] [WLAN_RFKILL]: rockchip_wifi_ref_voltage: 1
[    1.768323] file system registered
[    1.768330] [WLAN_RFKILL]: rockchip_wifi_ref_voltage: wifi io reference voltage control is disabled.
[    1.768789] android_usb gadget: Mass Storage Function, version: 2009/09/11
[    1.768796] android_usb gadget: Number of LUNs=2
[    1.768802]  lun0: LUN: removable file: (no medium)
[    1.768808]  lun1: LUN: removable file: (no medium)
[    1.768929] android_usb gadget: android_usb ready
[    1.768998] sensor_init: Probe name sensors
[    1.769014] sensor-dev.c v1.4 add angle calculation support between two gsensors 2013-09-01
[    1.769536] rtc_hym8563 0-0051: setting system clock to 2011-01-01 12:00:01 UTC (1293883201)
[    1.775159] rockchip-spdif-card rockchip-spdif-card.25:  rk-hdmi-spdif-hifi <-> ff880000.rockchip-spdif mapping ok
[    1.775777] usbcore: registered new interface driver snd-usb-audio
[    1.775785] ALSA device list:
[    1.775789]   #0: RK_ES8323
[    1.775794]   #1: RK-SPDIF-CARD
[    1.776126] Freeing unused kernel memory: 352K (c0b8e000 - c0be6000)
[    1.875158] [WLAN_RFKILL]: wifi turn on power. 156
[    1.966527] type=1403 audit(1293883201.690:2): policy loaded auid=4294967295 ses=4294967295
[    1.988126] init: invalid gid 'trace'
[    2.022784] rk_fb_switch_screen: wait update_regs_wait timeout
[    2.022951] rk3288-lcdc lcdc0: lcdc0: dclk:148500000>>fps:60 
[    2.023006] VGA ENABLE
[    2.066975] init: /dev/hw_random not found
[    2.067030] keychord: using input dev ff680000.pwm for fevent
[    2.067042] keychord: using input dev rk29-keypad for fevent
[    2.071002] init: /dev/hw_random not found
[    2.071794] fs_mgr: Running /sbin/resize2fs on /dev/block/platform/ff0f0000.rksdmmc/by-name/system
[    2.072780] resize2fs: resize2fs 1.42.9 (28-Dec-2013)resize2fs: The filesystem is already 393216 blocks long.  Nothing to do!resize2fs: 
[    2.075363] EXT4-fs (mmcblk0p10): Ignoring removed nomblk_io_submit option
[    2.081815] wifi_platform_bus_enumerate device present 1
[    2.081827] ======== Card detection to detect SDIO card! ========
[    2.081835] mmc2:mmc host rescan start!
[    2.084150] EXT4-fs (mmcblk0p10): mounted filesystem with ordered data mode. Opts: nomblk_io_submit,errors=remount-ro
[    2.084250] fs_mgr: check_fs(): mount(/dev/block/platform/ff0f0000.rksdmmc/by-name/system,/system,ext4)=0
[    2.084961] fs_mgr: Running /sbin/e2fsck on /dev/block/platform/ff0f0000.rksdmmc/by-name/system
[    2.089735] e2fsck: e2fsck 1.42.9 (28-Dec-2013)
[    2.089782] e2fsck: system: clean, 1836/81984 files, 111633/393216 blocks
[    2.093404] EXT4-fs (mmcblk0p10): mounted filesystem with ordered data mode. Opts: noauto_da_alloc
[    2.093478] fs_mgr: __mount(source=/dev/block/platform/ff0f0000.rksdmmc/by-name/system,target=/system,type=ext4)=0
[    2.097288] EXT4-fs (mmcblk0p8): recovery complete
[    2.097307] EXT4-fs (mmcblk0p8): mounted filesystem with ordered data mode. Opts: noauto_da_alloc,discard
[    2.097360] fs_mgr: __mount(source=/dev/block/platform/ff0f0000.rksdmmc/by-name/cache,target=/cache,type=ext4)=0
[    2.097683] EXT4-fs (mmcblk0p11): Ignoring removed nomblk_io_submit option
[    2.101065] EXT4-fs (mmcblk0p11): recovery complete
[    2.101081] EXT4-fs (mmcblk0p11): mounted filesystem with ordered data mode. Opts: nomblk_io_submit,errors=remount-ro
[    2.101132] fs_mgr: check_fs(): mount(/dev/block/platform/ff0f0000.rksdmmc/by-name/metadata,/metadata,ext4)=0
[    2.101759] fs_mgr: Running /sbin/e2fsck on /dev/block/platform/ff0f0000.rksdmmc/by-name/metadata
[    2.105820] e2fsck: e2fsck 1.42.9 (28-Dec-2013)
[    2.105856] e2fsck: /dev/block/platform/ff0f0000.rksdmmc/by-name/metadata: clean, 11/1024 files, 1102/4096 blocks
[    2.109647] EXT4-fs (mmcblk0p11): mounted filesystem with ordered data mode. Opts: noauto_da_alloc,discard
[    2.109713] fs_mgr: __mount(source=/dev/block/platform/ff0f0000.rksdmmc/by-name/metadata,target=/metadata,type=ext4)=0
[    2.109756] fs_mgr: Running /system/bin/fsck.f2fs -f /dev/block/platform/ff0f0000.rksdmmc/by-name/userdata
[    2.110621] fsck.f2fs: executing /system/bin/fsck.f2fs failed: No such file or directory
[    2.110660] fsck.f2fs: fsck.f2fs terminated by exit(255)
[    2.110902] fs_mgr: __mount(source=/dev/block/platform/ff0f0000.rksdmmc/by-name/userdata,target=/data,type=f2fs)=-1
[    2.111269] EXT4-fs (mmcblk0p13): Ignoring removed nomblk_io_submit option
[    2.121508] EXT4-fs (mmcblk0p13): recovery complete
[    2.121815] EXT4-fs (mmcblk0p13): mounted filesystem with ordered data mode. Opts: nomblk_io_submit,errors=remount-ro
[    2.121894] fs_mgr: check_fs(): mount(/dev/block/platform/ff0f0000.rksdmmc/by-name/userdata,/data,ext4)=0
[    2.122630] fs_mgr: Running /sbin/e2fsck on /dev/block/platform/ff0f0000.rksdmmc/by-name/userdata
[    2.127135] e2fsck: e2fsck 1.42.9 (28-Dec-2013)
[    2.127172] e2fsck: /dev/block/platform/ff0f0000.rksdmmc/by-name/userdata: clean, 763/65536 files, 48871/262144 blocks
[    2.131026] EXT4-fs (mmcblk0p13): mounted filesystem with ordered data mode. Opts: noauto_da_alloc,discard,errors=panic
[    2.131089] fs_mgr: __mount(source=/dev/block/platform/ff0f0000.rksdmmc/by-name/userdata,target=/data,type=ext4)=0
[    2.131111] fs_mgr: mount_with_alternatives(): Mounted /dev/block/platform/ff0f0000.rksdmmc/by-name/userdata on /data with fs_type=ext4 instead of f2fs
[    2.144222] arm_release_ver of this mali_ko is 'r5p0-06rel0', rk_ko_ver is '12', built at '12:02:29', on 'Jul  6 2015'.
[    2.144309] mali ffa30000.gpu: Continuing without Mali clock control
[    2.144394] mali pd enabled
[    2.144409] clk enabled
[    2.144423] MALI_DVFS_STEP=4,div_dvfs=10
[    2.144432] mali_dvfs_infotbl[0].clock=198000,min_threshold=0,max_threshold=70
[    2.144442] mali_dvfs_infotbl[1].clock=297000,min_threshold=70,max_threshold=80
[    2.144451] mali_dvfs_infotbl[2].clock=417000,min_threshold=80,max_threshold=90
[    2.144461] mali_dvfs_infotbl[3].clock=480000,min_threshold=94,max_threshold=100
[    2.144560] turn on mali power
[    2.144573] kbase_platform_rk_init,register_reboot_notifier
[    2.144594] mali ffa30000.gpu: GPU identified as 0x0750 r0p0 status 1
[    2.145014] mali ffa30000.gpu: Probed as mali0
[    2.147543] rk29_ipp: version magic '3.0.8+ SMP preempt mod_unload ARMv7 ' should be '3.10.0 SMP preempt mod_unload ARMv7 p2v8 '
[    2.148168] rk29_ipp: version magic '3.0.36+ SMP preempt mod_unload ARMv7 ' should be '3.10.0 SMP preempt mod_unload ARMv7 p2v8 '
[    2.148744] rk29_ipp: version magic '3.0.101+ SMP preempt mod_unload ARMv7 ' should be '3.10.0 SMP preempt mod_unload ARMv7 p2v8 '
[    2.149515] zram0: detected capacity change from 0 to 533413888
[    2.195623] Adding 520908k swap on /dev/block/zram0.  Priority:-1 extents:1 across:520908k SS
[    2.220271] EXT4-fs (mmcblk0p13): Unrecognized mount option "background_gc=on" or missing value
[    2.228557] bat_cap: oldcap path is /sys/devices/ff100000.adc
[    2.228613] bat_cap: oldcap_path no exist
[    2.228786] binder: 151:151 transaction failed 29189, size 0-0
[    2.229320] init: Warning!  Service displayd needs a SELinux domain defined; please fix!
[    2.233194] init: property 'ro.serialno' doesn't exist while expanding '${ro.serialno}'
[    2.233226] init: cannot expand '${ro.serialno}' while writing to '/sys/class/android_usb/android0/iSerial'
[    2.233454] init: using deprecated syntax for specifying property 'ro.product.usbfactory', use ${name} instead
[    2.233967] rtk_btusb: btchr_open: BT usb char device is opening
[    2.233983] rtk_btusb: btchr_open: Failed to get hci dev[NULL]
[    2.233997] rtk_btusb: btchr_open: BT usb char device is opening
[    2.234008] rtk_btusb: btchr_open: Failed to get hci dev[NULL]
[    2.234028] rtk_btusb: btchr_open: BT usb char device is opening
[    2.234039] rtk_btusb: btchr_open: Failed to get hci dev[NULL]
[    2.234053] rtk_btusb: btchr_open: BT usb char device is opening
[    2.234063] rtk_btusb: btchr_open: Failed to get hci dev[NULL]
[    2.257638] init: cannot find '/system/bin/debuggerd64', disabling 'debuggerd64'
[    2.259290] init: cannot find '/system/bin/install-recovery.sh', disabling 'flash_recovery'
[    2.259775] init: cannot find '/system/bin/bplus_helper', disabling 'bplus_helper'
[    2.260000] init: Warning!  Service drmservice needs a SELinux domain defined; please fix!
[    2.260268] init: cannot find '/system/bin/akmd', disabling 'akmd'
[    2.261822] android_usb: already disabled
[    2.264098] read descriptors
[    2.264112] read strings
[    2.264152] pcd_pullup, is_on 1
[    2.298306] rk_sdmmc: BOOT dw_mci_setup_bus: argue clk_mmc workaround out 800000Hz for init[mmc2]
[    2.317974] **************soft reconnect**************
[    2.333120] mmc2: queuing unknown CIS tuple 0x80 (2 bytes)
[    2.334666] mmc2: queuing unknown CIS tuple 0x80 (3 bytes)
[    2.336195] mmc2: queuing unknown CIS tuple 0x80 (3 bytes)
[    2.338938] mmc2: queuing unknown CIS tuple 0x80 (7 bytes)
[    2.392205] mmc_host mmc2: Bus speed (slot 0) = 50000000Hz (slot req 50000000Hz, actual 50000000HZ div = 0)
[    2.392229] rk_sdmmc: BOOT dw_mci_setup_bus: argue clk_mmc workaround out normal clock [mmc2]
[    2.392287] rk_sdmmc: BOOT Bus speed=50000000Hz,Bus width=4bits.[mmc2]
[    2.394142] mmc2: queuing unknown CIS tuple 0x91 (3 bytes)
[    2.394163] mmc2: new high speed SDIO card at address 0001
[    2.410269] dhd_bus_register: Enter
[    2.410278] bcmsdh_register: register client driver
[    2.410371] bcmsdh_sdmmc: bcmsdh_sdmmc_probe Enter
[    2.410425] bcmsdh_sdmmc: bcmsdh_sdmmc_probe Enter
[    2.410431] bus num (host idx)=2, slot num (rca)=1
[    2.410437] found adapter info 'DHD generic adapter'
[    2.410441] found adapter info 'DHD generic adapter'
[    2.410598] dhdsdio_probe: Enter
[    2.410604] dhdsdio_probe: venid 0x14e4 devid 0x0000
[    2.410609] dhdsdio_probe: allow device id 0, will check chip internals
[    2.410664] F1 signature read @0x18000000=0x16224335
[    2.415427] Function 0 CIS:
[    2.415432]     20 04 d0 02 35 43 21 02 0c 00 22 04 00 20 00 2b 
[    2.415452]     80 02 00 0b 80 03 02 00 11 80 03 1b 4c 06 80 07 
[    2.415468]     19 94 a1 a2 f7 55 c6 00 00 00 00 00 00 00 00 00 
[    2.415485]     00 00 00 00 00 00 00 00 00 00 00 00 00 00 00 00 
[    2.415503]     00 00 00 00 00 00 00 00 00 00 00 00 00 00 00 00 
[    2.415519]     00 00 00 00 00 00 00 00 00 00 00 00 00 00 00 00 
[    2.415536]     00 00 00 00 00 00 00 00 00 00 00 00 00 00 00 00 
[    2.415553]     00 00 00 00 00 00 00 00 00 00 00 00 00 00 00 00 
[    2.415569]     00 00 00 00 00 00 00 00 00 00 00 00 00 00 00 00 
[    2.415586]     00 00 00 00 00 00 00 00 00 00 00 00 00 00 00 00 
[    2.415602]     00 00 00 00 00 00 00 00 00 00 00 00 00 00 00 00 
[    2.415619]     00 00 00 00 00 00 00 00 00 00 00 00 00 00 00 00 
[    2.415635]     00 00 00 00 00 00 00 00 00 00 00 00 00 00 00 00 
[    2.415652]     00 00 00 00 ff 
[    2.421939] Function 1 CIS:
[    2.421946]     20 04 d0 02 35 43 21 02 0c 00 22 2a 01 00 00 00 
[    2.421965]     00 00 00 00 00 00 00 00 40 00 00 ff ff 80 00 00 
[    2.421982]     00 00 00 00 00 00 00 00 00 00 00 00 00 00 00 00 
[    2.421999]     00 00 00 00 00 00 ff 
[    2.426743] Function 2 CIS:
[    2.426750]     20 04 d0 02 35 43 21 02 0c 00 22 2a 01 01 00 00 
[    2.426768]     00 00 00 00 00 00 00 00 00 02 00 ff ff 80 00 00 
[    2.426785]     00 00 00 00 00 00 00 00 c8 00 00 00 00 00 00 00 
[    2.426801]     00 00 00 00 00 00 ff 
[    2.429074] F1 signature OK, socitype:0x1 chip:0x4339 rev:0x1 pkg:0x2
[    2.429329] DHD: dongle ram size is set to 786432(orig 786432) at 0x180000
[    2.429361] dhd_attach: Enter
[    2.429367] found adapter info 'DHD generic adapter'
[    2.429376] wifi_platform_get_mac_addr
[    2.429381] ======== bcm_wlan_get_mac_address ========
[    2.429387] [WLAN_RFKILL]: rockchip_wifi_mac_addr: enter.
[    2.429394] [WLAN_RFKILL]: falsh wifi_custom_mac_addr=[00:00:00:00:00:00]
[    2.429399] [WLAN_RFKILL]: This mac address is not valid, ignored...
[    2.429406] dhd_conf_set_chiprev: chip=0x4339, chiprev=1
[    2.429440] dhd_conf_set_conf_path_by_nv_path: config_path=/system/etc/firmware/config.txt
[    2.429466] CFG80211-TRACE) wl_cfg80211_attach :In
[    2.429472] CFG80211-DEBUG) wl_cfg80211_attach :func c591b808
[    2.429506] CFG80211-DEBUG) wl_setup_wiphy :Setting interface combinations for common mode
[    2.429515] CFG80211-DEBUG) wl_setup_wiphy :Registering custom regulatory)
[    2.429524] CFG80211-DEBUG) wl_setup_wiphy :Registering Vendor80211)
[    2.429689] CFG80211-DEBUG) wl_init_priv_mem :Enter 
[    2.429703] CFG80211-DEBUG) wl_create_event_handler :Enter 
[    2.431230] wl_create_event_handler(): thread:wl_event_handler:ac started
[    2.431242] CFG80211-DEBUG) wl_init_conf :Enter 
[    2.431248] CFG80211-DEBUG) wl_link_down :In
[    2.431253] CFG80211-DEBUG) wl_setup_rfkill :Enter 
[    2.431460] tsk Enter, tsk = 0xdd6a149c
[    2.431488] CFG80211-DEBUG) wl_cfg80211_netdev_notifier_call :Enter 
[    2.431495] CFG80211-DEBUG) wl_cfg80211_netdev_notifier_call :Enter 
[    2.431501] CFG80211-DEBUG) wl_cfg80211_netdev_notifier_call :Enter 
[    2.431508] CFG80211-DEBUG) wl_cfg80211_netdev_notifier_call :Enter 
[    2.431518] CFG80211-DEBUG) wl_rfkill_set :Enter 
[    2.431523] CFG80211-DEBUG) wl_rfkill_set :RF unblocked
[    2.431580] dhd_attach(): thread:dhd_watchdog_thread:ad started
[    2.431615] dhd_attach(): thread:dhd_dpc:ae started
[    2.431648] dhd_dpc_thread: set dpc_cpucore 0 from config.txt
[    2.431679] dhd_attach(): thread:dhd_rxf:af started
[    2.431689] dhd_deferred_work_init: work queue initialized 
[    2.431697] dhd_tcpack_suppress_set: 0 -> 2
[    2.431704] _tdata_psh_info_pool_init 257: Enter
[    2.431713] dhdsdio_probe_malloc: Enter
[    2.431721] dhdsdio_probe_init: Enter
[    2.431785] dhdsdio_probe_init: Initial value for sd_divisor is 2
[    2.431792] dhdsdio_probe_init: Initial value for sd_mode is 2
[    2.431798] dhdsdio_probe_init: Initial value for sd_blocksize is 128
[    2.431892] Apply overflow WAR: 0x10 0x20 0xa0
[    2.431899] dhdsdio_probe_init: bus module (through bcmsdh API) does not support chaining
[    2.431905] dhdsdio_probe_init: set use_rxchain 1 from config.txt
[    2.431936] dhdsdio_probe: completed!!
[    2.440724] dhd_register_if: ifidx 0
[    2.440735] Dongle Host Driver, version 1.201.59.4 (r506368)
[    2.440735] Compiled in drivers/net/wireless/bcmdhd on May  3 2017 at 11:34:53
[    2.440761] CFG80211-DEBUG) wl_cfg80211_netdev_notifier_call :Enter 
[    2.441022] CFG80211-DEBUG) wl_cfg80211_netdev_notifier_call :Enter 
[    2.441038] dhd_get_stats: Enter
[    2.441059] Register interface [wlan0]  MAC: 94:a1:a2:f7:55:c6
[    2.441059] 
[    2.441067] dhd_prot_ioctl : bus is down. we have nothing to do
[    2.441072] dhd_net_bus_devreset: wl down failed
[    2.441077] dhd_os_wd_timer: Enter
[    2.441082] dhd_txflowcontrol: Enter
[    2.441088] dhd_bus_stop: Enter
[    2.441452] bcmsdh_oob_intr_unregister: Enter
[    2.441460] bcmsdh_oob_intr_unregister: irq is not registered
[    2.441467] dhdsdio_release_dongle: Enter bus->dhd dd6980a4 bus->dhd->dongle_reset 0 
[    2.441472] dhdsdio_clkctl: Enter
[    2.441476] dhdsdio_sdclk: Enter
[    2.441481] dhd_os_wd_timer: Enter
[    2.441486] dhdsdio_clkctl: 1 -> 0
[    2.441492] dhdsdio_release_dongle: Disconnected
[    2.441497] dhd_txglom_enable: Enter
[    2.441502] dhd_txglom_enable: enable 0
[    2.441507] dhd_bus_devreset:  WLAN OFF DONE
[    2.441546] wifi_platform_set_power = 0
[    2.441552] ======== PULL WL_REG_ON LOW! ========
[    2.441557] [WLAN_RFKILL]: rockchip_wifi_power: 0
[    2.497391] Using Buffer DMA mode
[    2.497404] Periodic Transfer Interrupt Enhancement - disabled
[    2.497408] Multiprocessor Interrupt Enhancement - disabled
[    2.497414] OTG VER PARAM: 0, OTG VER FLAG: 0
[    2.497419] ^^^^^^^^^^^^^^^^^Device Mode
[    2.497458] *******************soft connect!!!*******************
[    2.505708] firefly_vga_get_enable 180, 1
[    2.505789] firefly_vga_get_status 186
[    2.506818] firefly_vga_set_mode 203
[    2.506887] firefly_vga_set_enable 159 enable:1
[    2.544301] [WLAN_RFKILL]: wifi shut off power.
[    2.544315] [WLAN_RFKILL]: rockchip_wifi_ref_voltage: 0
[    2.544321] [WLAN_RFKILL]: rockchip_wifi_ref_voltage: wifi io reference voltage control is disabled.
[    2.544388] dhd_module_init: Exit err=0
[    2.621991] USB RESET
[    2.653110] logd.auditd: start
[    2.721406] EHCI: rk_ehci_hcd_enable, disable host controller
[    2.803434] android_work: sent uevent USB_STATE=CONNECTED
[    2.804623] android_usb gadget: high-speed config #1: android
[    2.804858] android_work: sent uevent USB_STATE=CONFIGURED
[    2.819811] dwc_otg_hcd_enable, enable host controller
[    2.939331] Using Buffer DMA mode
[    2.939344] Periodic Transfer Interrupt Enhancement - disabled
[    2.939349] Multiprocessor Interrupt Enhancement - disabled
[    2.939355] OTG VER PARAM: 0, OTG VER FLAG: 0
[    2.939360] ^^^^^^^^^^^^^^^^^^Host Mode
[    2.987169] Init: Power Port (0)
[    2.987211] ff540000.usb resume, HPRT0:0x21401
[    3.124890] Indeed it is in host mode hprt0 = 00021501
[    3.213411] healthd: No charger supplies found
[    3.213425] healthd: No battery devices found
[    3.275543] rk3288-lcdc lcdc0: blank mode:0
[    3.311843] usb 3-1: new high-speed USB device number 2 using usb20_host
[    3.311913] Indeed it is in host mode hprt0 = 00001101
[    3.508848] usb 3-1: New USB device found, idVendor=1a40, idProduct=0101
[    3.508861] usb 3-1: New USB device strings: Mfr=0, Product=1, SerialNumber=0
[    3.508868] usb 3-1: Product: USB 2.0 Hub [MTT]
[    3.509317] hub 3-1:1.0: USB hub found
[    3.509380] hub 3-1:1.0: 4 ports detected
[    3.626714] ff540000.usb suspend, HPRT0:0x1485
[    4.571658] warning: `system_server' uses 32-bit capabilities (legacy support in use)
[    5.815530] D1:camsys_mipiphy_clkin_cb(34): camsys_marvin mipi phy clk in turn on
[    5.815542] D1:camsys_mipiphy_clkin_cb(34): camsys_marvin mipi phy clk in turn on
[    5.815549] D1:camsys_open(739): camsys_marvin(deb6ae10) is opened!
[    5.815622] D1:camsys_extdev_register(243): Get RK30_PIN2_PB6(78) gpio(active: 0) for dev_id 0x2000000 success!
[    5.815633] D1:camsys_extdev_register(243): Get RK30_PIN2_PB7(79) gpio(active: 0) for dev_id 0x2000000 success!
[    5.815643] D1:camsys_extdev_register(243): Get RK30_PIN0_PB3(11) gpio(active: 1) for dev_id 0x2000000 success!
[    5.815668] rockchip_gpio_request:GPIO7-13
[    5.815677] rockchip_gpio_set:GPIO7-13 level = 1
[    5.815682] rockchip_gpio_direction_output:set GPIO7-13 level 1
[    5.815690] rk32_iomux_bit_op:GPIO7-13,reg=0x70,data=0xc000000,result=0x0
[    5.815698] rockchip_pmx_gpio_set_direction:gpio_direction for pin 237 as gpio7-13 to output,data=0x7600,result=0x7600
[    5.815705] D1:camsys_mrv_iomux_cb(90): marvin pinctrl select: isp_mipi_fl
[    5.815724] D1:camsys_extdev_register(268): Extdev(dev_id: 0x2000000  dev_name: OV13850) register success
[    5.820757] D1:camsys_mrv_clkin_cb(350): camsys_marvin clock(f: 210000000 Hz) in turn on
[    5.820764] D1:camsys_rk3288_cfg(267): Isp_SoftRst: 1
[    5.820869] D1:camsys_rk3288_cfg(267): Isp_SoftRst: 0
[    5.820892] D1:camsys_mrv_clkout_cb(392): camsys_marvin clock out(rate: 24000000Hz) turn on
[    5.821958] D1:camsys_sysctl_extdev(360): Sysctl 11 success, gpio(11) set 1
[    5.823011] D1:camsys_sysctl_extdev(364): Sysctl 8 success, gpio(79) set 1
[    5.824071] D1:camsys_sysctl_extdev(364): Sysctl 7 success, gpio(78) set 1
[    5.827284] E:camsys_i2c_write(78): i2c write dev(addr:0x20) failed!
[    5.828473] E:camsys_i2c_write(78): i2c write dev(addr:0x6c) failed!
[    5.828535] D1:camsys_sysctl_extdev(360): Sysctl 7 success, gpio(78) set 0
[    5.828546] D1:camsys_sysctl_extdev(360): Sysctl 8 success, gpio(79) set 0
[    5.828556] D1:camsys_sysctl_extdev(364): Sysctl 11 success, gpio(11) set 0
[    5.829639] D1:camsys_mrv_clkin_cb(374): camsys_marvin clock in turn off
[    5.829667] D1:camsys_mrv_clkout_cb(404): camsys_marvin clock out turn off
[    5.831716] D1:camsys_extdev_deregister(331): Extdev(dev_id: 0x2000000) is deregister success
[    5.831729] D1:camsys_irq_disconnect(664): All thread disconnect camsys_marvin irq success!
[    5.831738] D1:camsys_mipiphy_clkin_cb(36): camsys_marvin mipi phy clk in turn off
[    5.831744] D1:camsys_mipiphy_clkin_cb(36): camsys_marvin mipi phy clk in turn off
[    5.831750] D1:camsys_release(763): camsys_marvin(deb6ae10) is closed
[    5.833369] type=1400 audit(1293883205.620:3): avc: denied { execute } for pid=488 comm="mediaserver" name="sh" dev="mmcblk0p10" ino=305 scontext=u:r:mediaserver:s0 tcontext=u:object_r:shell_exec:s0 tclass=file permissive=1
[    5.833532] type=1400 audit(1293883205.620:4): avc: denied { read open } for pid=488 comm="mediaserver" path="/system/bin/sh" dev="mmcblk0p10" ino=305 scontext=u:r:mediaserver:s0 tcontext=u:object_r:shell_exec:s0 tclass=file permissive=1
[    5.833605] type=1400 audit(1293883205.620:5): avc: denied { execute_no_trans } for pid=488 comm="mediaserver" path="/system/bin/sh" dev="mmcblk0p10" ino=305 scontext=u:r:mediaserver:s0 tcontext=u:object_r:shell_exec:s0 tclass=file permissive=1
[    5.835362] type=1400 audit(1293883205.620:6): avc: denied { getattr } for pid=488 comm="sh" path="/system/bin/toolbox" dev="mmcblk0p10" ino=318 scontext=u:r:mediaserver:s0 tcontext=u:object_r:toolbox_exec:s0 tclass=file permissive=1
[    5.835450] type=1400 audit(1293883205.620:7): avc: denied { execute } for pid=488 comm="sh" name="toolbox" dev="mmcblk0p10" ino=318 scontext=u:r:mediaserver:s0 tcontext=u:object_r:toolbox_exec:s0 tclass=file permissive=1
[    5.835513] type=1400 audit(1293883205.620:8): avc: denied { read open } for pid=488 comm="sh" path="/system/bin/toolbox" dev="mmcblk0p10" ino=318 scontext=u:r:mediaserver:s0 tcontext=u:object_r:toolbox_exec:s0 tclass=file permissive=1
[    5.835578] type=1400 audit(1293883205.620:9): avc: denied { execute_no_trans } for pid=488 comm="sh" path="/system/bin/toolbox" dev="mmcblk0p10" ino=318 scontext=u:r:mediaserver:s0 tcontext=u:object_r:toolbox_exec:s0 tclass=file permissive=1
[    8.441138] healthd: battery none chg=
[    8.586257] lowmemorykiller: lowmem_shrink: convert oom_adj to oom_score_adj:
[    8.586279] lowmemorykiller: oom_adj 0 => oom_score_adj 0
[    8.586287] lowmemorykiller: oom_adj 1 => oom_score_adj 58
[    8.586293] lowmemorykiller: oom_adj 2 => oom_score_adj 117
[    8.586300] lowmemorykiller: oom_adj 3 => oom_score_adj 176
[    8.586306] lowmemorykiller: oom_adj 9 => oom_score_adj 529
[    8.586312] lowmemorykiller: oom_adj 15 => oom_score_adj 1000
[    8.635254] [otg id chg] last id -1 current id 1
[    8.928762] acc_open
[    8.928786] acc_release
[    8.931840] es8323_mic_state_ctrl read: 0
[    8.931853] mic_state_switch 0
[    8.931859] hp_det = 0,insert hp
[    8.931863] hp mic use intern
[    9.023709] CFG80211-DEBUG) wl_cfg80211_netdev_notifier_call :Enter 
[    9.023730] phy_power_on: enable = 1 
[    9.063127] Read the Ethernet MAC address from IDB:00:00:00:00:00:00
[    9.063163] eth0: device MAC address e6:78:72:4f:b0:24
[    9.067159] libphy: stmmac: probed
[    9.067169] eth0: PHY ID 001cc915 at 0 IRQ 0 (stmmac-0:00) active
[    9.067176] eth0: PHY ID 001cc915 at 1 IRQ 0 (stmmac-0:01) active
[    9.077961] CFG80211-DEBUG) wl_cfg80211_netdev_notifier_call :Enter 
[    9.372898] dwc_otg_hcd_resume, usb device mode
[    9.373037] dwc_otg_hcd_suspend, usb device mode
[    9.373110] ff540000.usb resume, HPRT0:0x1485
[    9.422973] ff540000.usb suspend, HPRT0:0x1485
[    9.543804] Current WiFi chip is AP6210.
[    9.543896] Current WiFi chip is AP6210.
[    9.547685] Current WiFi chip is AP6210.
[    9.836580] FAT-fs (mmcblk0p15): Volume was not properly unmounted. Some data may be corrupt. Please run fsck.
[    9.873949] CFG80211-DEBUG) wl_cfg80211_mgmt_frame_register :frame_type: d0, reg: 1
[    9.880845] CFG80211-DEBUG) wl_cfg80211_mgmt_frame_register :frame_type: d0, reg: 1
[    9.880882] CFG80211-DEBUG) wl_cfg80211_mgmt_frame_register :frame_type: d0, reg: 1
[    9.880906] CFG80211-DEBUG) wl_cfg80211_mgmt_frame_register :frame_type: d0, reg: 1
[    9.880929] CFG80211-DEBUG) wl_cfg80211_mgmt_frame_register :frame_type: d0, reg: 1
[    9.880952] CFG80211-DEBUG) wl_cfg80211_mgmt_frame_register :frame_type: d0, reg: 1
[    9.880975] CFG80211-DEBUG) wl_cfg80211_mgmt_frame_register :frame_type: d0, reg: 1
[    9.880995] CFG80211-DEBUG) wl_cfg80211_mgmt_frame_register :frame_type: d0, reg: 1
[    9.881018] CFG80211-DEBUG) wl_cfg80211_mgmt_frame_register :frame_type: d0, reg: 1
[    9.881041] CFG80211-DEBUG) wl_cfg80211_mgmt_frame_register :frame_type: d0, reg: 1
[    9.881064] CFG80211-DEBUG) wl_cfg80211_mgmt_frame_register :frame_type: d0, reg: 1
[    9.881087] CFG80211-DEBUG) wl_cfg80211_mgmt_frame_register :frame_type: d0, reg: 1
[    9.881110] CFG80211-DEBUG) wl_cfg80211_mgmt_frame_register :frame_type: d0, reg: 1
[    9.881132] CFG80211-DEBUG) wl_cfg80211_mgmt_frame_register :frame_type: d0, reg: 1
[    9.881156] CFG80211-DEBUG) wl_cfg80211_mgmt_frame_register :frame_type: d0, reg: 1
[    9.881180] CFG80211-DEBUG) wl_cfg80211_mgmt_frame_register :frame_type: d0, reg: 1
[    9.881203] CFG80211-DEBUG) wl_cfg80211_mgmt_frame_register :frame_type: d0, reg: 1
[    9.881327] CFG80211-DEBUG) wl_cfg80211_netdev_notifier_call :Enter 
[    9.881339] dhd_open: Enter c584f000
[    9.881347] dhd_open: ifidx 0
[    9.881352] 
[    9.881352] Dongle Host Driver, version 1.201.59.4 (r506368)
[    9.881352] Compiled in drivers/net/wireless/bcmdhd on May  3 2017 at 11:34:53
[    9.881364] wl_android_wifi_on in 1
[    9.881370] wl_android_wifi_on in 2: g_wifi_on=0
[    9.881375] wifi_platform_set_power = 1
[    9.881380] ======== PULL WL_REG_ON HIGH! ========
[    9.881385] [WLAN_RFKILL]: rockchip_wifi_power: 1
[    9.881391] [WLAN_RFKILL]: rockchip_wifi_ref_voltage: 1
[    9.881397] [WLAN_RFKILL]: rockchip_wifi_ref_voltage: wifi io reference voltage control is disabled.
[    9.895863] init: no such service 'fuse_internal_sd'
[    9.952053] pm policy 0 -> 1
[    9.983672] [WLAN_RFKILL]: wifi turn on power. 156
[   10.189992] sdio_reset_comm():
[   10.194873] mmc_host mmc2: Bus speed (slot 0) = 50000000Hz (slot req 200000Hz, actual 200000HZ div = 125)
[   10.194893] rk_sdmmc: BOOT dw_mci_setup_bus: argue clk_mmc workaround out 400000Hz for init[mmc2]
[   10.215226] mmc2: queuing unknown CIS tuple 0x80 (2 bytes)
[   10.218297] mmc2: queuing unknown CIS tuple 0x80 (3 bytes)
[   10.221492] mmc2: queuing unknown CIS tuple 0x80 (3 bytes)
[   10.231810] mmc2: queuing unknown CIS tuple 0x80 (7 bytes)
[   10.358801] mmc_host mmc2: Bus speed (slot 0) = 50000000Hz (slot req 50000000Hz, actual 50000000HZ div = 0)
[   10.358845] rk_sdmmc: BOOT dw_mci_setup_bus: argue clk_mmc workaround out normal clock [mmc2]
[   10.366712] 
[   10.366712] 
[   10.366712] dhd_bus_devreset: == WLAN ON ==
[   10.366792] F1 signature read @0x18000000=0x16224335
[   10.372602] Function 0 CIS:
[   10.372613]     20 04 d0 02 35 43 21 02 0c 00 22 04 00 20 00 2b 
[   10.372632]     80 02 00 0b 80 03 02 00 11 80 03 1b 4c 06 80 07 
[   10.372649]     19 94 a1 a2 f7 55 c6 00 00 00 00 00 00 00 00 00 
[   10.372666]     00 00 00 00 00 00 00 00 00 00 00 00 00 00 00 00 
[   10.372683]     00 00 00 00 00 00 00 00 00 00 00 00 00 00 00 00 
[   10.372699]     00 00 00 00 00 00 00 00 00 00 00 00 00 00 00 00 
[   10.372716]     00 00 00 00 00 00 00 00 00 00 00 00 00 00 00 00 
[   10.372732]     00 00 00 00 00 00 00 00 00 00 00 00 00 00 00 00 
[   10.372749]     00 00 00 00 00 00 00 00 00 00 00 00 00 00 00 00 
[   10.372766]     00 00 00 00 00 00 00 00 00 00 00 00 00 00 00 00 
[   10.372782]     00 00 00 00 00 00 00 00 00 00 00 00 00 00 00 00 
[   10.372799]     00 00 00 00 00 00 00 00 00 00 00 00 00 00 00 00 
[   10.372816]     00 00 00 00 00 00 00 00 00 00 00 00 00 00 00 00 
[   10.372832]     00 00 00 00 ff 
[   10.378433] Function 1 CIS:
[   10.378443]     20 04 d0 02 35 43 21 02 0c 00 22 2a 01 00 00 00 
[   10.378462]     00 00 00 00 00 00 00 00 40 00 00 ff ff 80 00 00 
[   10.378479]     00 00 00 00 00 00 00 00 00 00 00 00 00 00 00 00 
[   10.378496]     00 00 00 00 00 00 ff 
[   10.386071] Function 2 CIS:
[   10.386081]     20 04 d0 02 35 43 21 02 0c 00 22 2a 01 01 00 00 
[   10.386100]     00 00 00 00 00 00 00 00 00 02 00 ff ff 80 00 00 
[   10.386118]     00 00 00 00 00 00 00 00 c8 00 00 00 00 00 00 00 
[   10.386136]     00 00 00 00 00 00 ff 
[   10.389718] F1 signature OK, socitype:0x1 chip:0x4339 rev:0x1 pkg:0x2
[   10.390231] DHD: dongle ram size is set to 786432(orig 786432) at 0x180000
[   10.390356] dhdsdio_probe_init: Enter
[   10.390407] dhdsdio_probe_init: Initial value for sd_divisor is 2
[   10.390415] dhdsdio_probe_init: Initial value for sd_mode is 2
[   10.390421] dhdsdio_probe_init: Initial value for sd_blocksize is 128
[   10.390529] Apply overflow WAR: 0x10 0x20 0xa0
[   10.390537] dhdsdio_probe_init: bus module (through bcmsdh API) does not support chaining
[   10.390544] dhdsdio_probe_init: set use_rxchain 1 from config.txt
[   10.390552] dhdsdio_download_firmware: firmware path=/system/etc/firmware/fw_bcm4329.bin, nvram path=/system/etc/firmware/nvram_AP6210.txt
[   10.390559] dhdsdio_clkctl: Enter
[   10.390563] dhdsdio_htclk: Enter
[   10.390596] CLKCTL: turned ON
[   10.390601] dhd_os_wd_timer: Enter
[   10.390608] dhdsdio_clkctl: 1 -> 3
[   10.390723] dhd_conf_read_config: Ignore config file /system/etc/firmware/config.txt
[   10.390734] dhd_conf_set_fw_name_by_chip: firmware_path=/system/etc/firmware/fw_bcm4339a0_ag.bin,nv_path=/system/etc/firmware/nvram_AP6335.txt
[   10.390742] Final fw_path=/system/etc/firmware/fw_bcm4339a0_ag.bin
[   10.390746] Final nv_path=/system/etc/firmware/nvram_AP6335.txt
[   10.390751] Final conf_path=/system/etc/firmware/config.txt
[   10.391035] dhdsdio_download_code_file: download firmware /system/etc/firmware/fw_bcm4339a0_ag.bin
[   10.398549] dhdsdio_membytes: write 2048 bytes at offset 0x00000000 in window 0x00180000
[   10.398791] dhdsdio_membytes: read 2048 bytes at offset 0x00000000 in window 0x00180000
[   10.398972] dhdsdio_download_code_file: Download, Upload and compare succeeded.
[   10.399032] dhdsdio_membytes: write 2048 bytes at offset 0x00000800 in window 0x00180000
[   10.399264] dhdsdio_membytes: read 2048 bytes at offset 0x00000800 in window 0x00180000
[   10.399637] dhdsdio_download_code_file: Download, Upload and compare succeeded.
[   10.399854] dhdsdio_membytes: write 2048 bytes at offset 0x00001000 in window 0x00180000
[   10.400570] dhdsdio_membytes: read 2048 bytes at offset 0x00001000 in window 0x00180000
[   10.400857] dhdsdio_download_code_file: Download, Upload and compare succeeded.
[   10.400970] dhdsdio_membytes: write 2048 bytes at offset 0x00001800 in window 0x00180000
[   10.403815] dhdsdio_membytes: read 2048 bytes at offset 0x00001800 in window 0x00180000
[   10.404837] dhdsdio_download_code_file: Download, Upload and compare succeeded.
[   10.404898] dhdsdio_membytes: write 2048 bytes at offset 0x00002000 in window 0x00180000
[   10.405140] dhdsdio_membytes: read 2048 bytes at offset 0x00002000 in window 0x00180000
[   10.405312] dhdsdio_download_code_file: Download, Upload and compare succeeded.
[   10.405369] dhdsdio_membytes: write 2048 bytes at offset 0x00002800 in window 0x00180000
[   10.405594] dhdsdio_membytes: read 2048 bytes at offset 0x00002800 in window 0x00180000
[   10.405765] dhdsdio_download_code_file: Download, Upload and compare succeeded.
[   10.405819] dhdsdio_membytes: write 2048 bytes at offset 0x00003000 in window 0x00180000
[   10.406038] dhdsdio_membytes: read 2048 bytes at offset 0x00003000 in window 0x00180000
[   10.406207] dhdsdio_download_code_file: Download, Upload and compare succeeded.
[   10.406267] dhdsdio_membytes: write 2048 bytes at offset 0x00003800 in window 0x00180000
[   10.408401] dhdsdio_membytes: read 2048 bytes at offset 0x00003800 in window 0x00180000
[   10.408877] dhdsdio_download_code_file: Download, Upload and compare succeeded.
[   10.409197] dhdsdio_membytes: write 2048 bytes at offset 0x00004000 in window 0x00180000
[   10.409411] dhdsdio_membytes: read 2048 bytes at offset 0x00004000 in window 0x00180000
[   10.409581] dhdsdio_download_code_file: Download, Upload and compare succeeded.
[   10.409649] dhdsdio_membytes: write 2048 bytes at offset 0x00004800 in window 0x00180000
[   10.409855] dhdsdio_membytes: read 2048 bytes at offset 0x00004800 in window 0x00180000
[   10.410018] dhdsdio_download_code_file: Download, Upload and compare succeeded.
[   10.410073] dhdsdio_membytes: write 2048 bytes at offset 0x00005000 in window 0x00180000
[   10.410302] dhdsdio_membytes: read 2048 bytes at offset 0x00005000 in window 0x00180000
[   10.410482] dhdsdio_download_code_file: Download, Upload and compare succeeded.
[   10.410540] dhdsdio_membytes: write 2048 bytes at offset 0x00005800 in window 0x00180000
[   10.410755] dhdsdio_membytes: read 2048 bytes at offset 0x00005800 in window 0x00180000
[   10.410921] dhdsdio_download_code_file: Download, Upload and compare succeeded.
[   10.410972] dhdsdio_membytes: write 2048 bytes at offset 0x00006000 in window 0x00180000
[   10.411199] dhdsdio_membytes: read 2048 bytes at offset 0x00006000 in window 0x00180000
[   10.411376] dhdsdio_download_code_file: Download, Upload and compare succeeded.
[   10.411430] dhdsdio_membytes: write 2048 bytes at offset 0x00006800 in window 0x00180000
[   10.411642] dhdsdio_membytes: read 2048 bytes at offset 0x00006800 in window 0x00180000
[   10.411807] dhdsdio_download_code_file: Download, Upload and compare succeeded.
[   10.411857] dhdsdio_membytes: write 2048 bytes at offset 0x00007000 in window 0x00180000
[   10.412067] dhdsdio_membytes: read 2048 bytes at offset 0x00007000 in window 0x00180000
[   10.412233] dhdsdio_download_code_file: Download, Upload and compare succeeded.
[   10.412284] dhdsdio_membytes: write 2048 bytes at offset 0x00007800 in window 0x00180000
[   10.412495] dhdsdio_membytes: read 2048 bytes at offset 0x00007800 in window 0x00180000
[   10.412660] dhdsdio_download_code_file: Download, Upload and compare succeeded.
[   10.412711] dhdsdio_membytes: write 2048 bytes at offset 0x00000000 in window 0x00188000
[   10.412921] dhdsdio_membytes: read 2048 bytes at offset 0x00000000 in window 0x00188000
[   10.413085] dhdsdio_download_code_file: Download, Upload and compare succeeded.
[   10.413136] dhdsdio_membytes: write 2048 bytes at offset 0x00000800 in window 0x00188000
[   10.413396] dhdsdio_membytes: read 2048 bytes at offset 0x00000800 in window 0x00188000
[   10.413586] dhdsdio_download_code_file: Download, Upload and compare succeeded.
[   10.413645] dhdsdio_membytes: write 2048 bytes at offset 0x00001000 in window 0x00188000
[   10.413864] dhdsdio_membytes: read 2048 bytes at offset 0x00001000 in window 0x00188000
[   10.414035] dhdsdio_download_code_file: Download, Upload and compare succeeded.
[   10.414099] dhdsdio_membytes: write 2048 bytes at offset 0x00001800 in window 0x00188000
[   10.414321] dhdsdio_membytes: read 2048 bytes at offset 0x00001800 in window 0x00188000
[   10.414499] dhdsdio_download_code_file: Download, Upload and compare succeeded.
[   10.414553] dhdsdio_membytes: write 2048 bytes at offset 0x00002000 in window 0x00188000
[   10.414772] dhdsdio_membytes: read 2048 bytes at offset 0x00002000 in window 0x00188000
[   10.414939] dhdsdio_download_code_file: Download, Upload and compare succeeded.
[   10.414991] dhdsdio_membytes: write 2048 bytes at offset 0x00002800 in window 0x00188000
[   10.415205] dhdsdio_membytes: read 2048 bytes at offset 0x00002800 in window 0x00188000
[   10.415372] dhdsdio_download_code_file: Download, Upload and compare succeeded.
[   10.415424] dhdsdio_membytes: write 2048 bytes at offset 0x00003000 in window 0x00188000
[   10.415638] dhdsdio_membytes: read 2048 bytes at offset 0x00003000 in window 0x00188000
[   10.415814] dhdsdio_download_code_file: Download, Upload and compare succeeded.
[   10.415873] dhdsdio_membytes: write 2048 bytes at offset 0x00003800 in window 0x00188000
[   10.416092] dhdsdio_membytes: read 2048 bytes at offset 0x00003800 in window 0x00188000
[   10.416270] dhdsdio_download_code_file: Download, Upload and compare succeeded.
[   10.416351] dhdsdio_membytes: write 2048 bytes at offset 0x00004000 in window 0x00188000
[   10.416648] dhdsdio_membytes: read 2048 bytes at offset 0x00004000 in window 0x00188000
[   10.416813] dhdsdio_download_code_file: Download, Upload and compare succeeded.
[   10.416868] dhdsdio_membytes: write 2048 bytes at offset 0x00004800 in window 0x00188000
[   10.417090] dhdsdio_membytes: read 2048 bytes at offset 0x00004800 in window 0x00188000
[   10.417256] dhdsdio_download_code_file: Download, Upload and compare succeeded.
[   10.417311] dhdsdio_membytes: write 2048 bytes at offset 0x00005000 in window 0x00188000
[   10.417523] dhdsdio_membytes: read 2048 bytes at offset 0x00005000 in window 0x00188000
[   10.417694] dhdsdio_download_code_file: Download, Upload and compare succeeded.
[   10.417747] dhdsdio_membytes: write 2048 bytes at offset 0x00005800 in window 0x00188000
[   10.417955] dhdsdio_membytes: read 2048 bytes at offset 0x00005800 in window 0x00188000
[   10.418301] dhdsdio_download_code_file: Download, Upload and compare succeeded.
[   10.418356] dhdsdio_membytes: write 2048 bytes at offset 0x00006000 in window 0x00188000
[   10.419013] dhdsdio_membytes: read 2048 bytes at offset 0x00006000 in window 0x00188000
[   10.419196] dhdsdio_download_code_file: Download, Upload and compare succeeded.
[   10.419258] dhdsdio_membytes: write 2048 bytes at offset 0x00006800 in window 0x00188000
[   10.419476] dhdsdio_membytes: read 2048 bytes at offset 0x00006800 in window 0x00188000
[   10.419644] dhdsdio_download_code_file: Download, Upload and compare succeeded.
[   10.419702] dhdsdio_membytes: write 2048 bytes at offset 0x00007000 in window 0x00188000
[   10.419913] dhdsdio_membytes: read 2048 bytes at offset 0x00007000 in window 0x00188000
[   10.420105] dhdsdio_download_code_file: Download, Upload and compare succeeded.
[   10.420164] dhdsdio_membytes: write 2048 bytes at offset 0x00007800 in window 0x00188000
[   10.420366] dhdsdio_membytes: read 2048 bytes at offset 0x00007800 in window 0x00188000
[   10.420547] dhdsdio_download_code_file: Download, Upload and compare succeeded.
[   10.420599] dhdsdio_membytes: write 2048 bytes at offset 0x00000000 in window 0x00190000
[   10.420809] dhdsdio_membytes: read 2048 bytes at offset 0x00000000 in window 0x00190000
[   10.421028] dhdsdio_download_code_file: Download, Upload and compare succeeded.
[   10.421085] dhdsdio_membytes: write 2048 bytes at offset 0x00000800 in window 0x00190000
[   10.421292] dhdsdio_membytes: read 2048 bytes at offset 0x00000800 in window 0x00190000
[   10.421462] dhdsdio_download_code_file: Download, Upload and compare succeeded.
[   10.421515] dhdsdio_membytes: write 2048 bytes at offset 0x00001000 in window 0x00190000
[   10.421723] dhdsdio_membytes: read 2048 bytes at offset 0x00001000 in window 0x00190000
[   10.421892] dhdsdio_download_code_file: Download, Upload and compare succeeded.
[   10.422000] dhdsdio_membytes: write 2048 bytes at offset 0x00001800 in window 0x00190000
[   10.422212] dhdsdio_membytes: read 2048 bytes at offset 0x00001800 in window 0x00190000
[   10.422380] dhdsdio_download_code_file: Download, Upload and compare succeeded.
[   10.422434] dhdsdio_membytes: write 2048 bytes at offset 0x00002000 in window 0x00190000
[   10.422643] dhdsdio_membytes: read 2048 bytes at offset 0x00002000 in window 0x00190000
[   10.422809] dhdsdio_download_code_file: Download, Upload and compare succeeded.
[   10.422868] dhdsdio_membytes: write 2048 bytes at offset 0x00002800 in window 0x00190000
[   10.423082] dhdsdio_membytes: read 2048 bytes at offset 0x00002800 in window 0x00190000
[   10.423247] dhdsdio_download_code_file: Download, Upload and compare succeeded.
[   10.423301] dhdsdio_membytes: write 2048 bytes at offset 0x00003000 in window 0x00190000
[   10.423505] dhdsdio_membytes: read 2048 bytes at offset 0x00003000 in window 0x00190000
[   10.423670] dhdsdio_download_code_file: Download, Upload and compare succeeded.
[   10.423719] dhdsdio_membytes: write 2048 bytes at offset 0x00003800 in window 0x00190000
[   10.423931] dhdsdio_membytes: read 2048 bytes at offset 0x00003800 in window 0x00190000
[   10.424100] dhdsdio_download_code_file: Download, Upload and compare succeeded.
[   10.424270] dhdsdio_membytes: write 2048 bytes at offset 0x00004000 in window 0x00190000
[   10.424475] dhdsdio_membytes: read 2048 bytes at offset 0x00004000 in window 0x00190000
[   10.424641] dhdsdio_download_code_file: Download, Upload and compare succeeded.
[   10.424694] dhdsdio_membytes: write 2048 bytes at offset 0x00004800 in window 0x00190000
[   10.424892] dhdsdio_membytes: read 2048 bytes at offset 0x00004800 in window 0x00190000
[   10.425077] dhdsdio_download_code_file: Download, Upload and compare succeeded.
[   10.425140] dhdsdio_membytes: write 2048 bytes at offset 0x00005000 in window 0x00190000
[   10.425359] dhdsdio_membytes: read 2048 bytes at offset 0x00005000 in window 0x00190000
[   10.425529] dhdsdio_download_code_file: Download, Upload and compare succeeded.
[   10.425582] dhdsdio_membytes: write 2048 bytes at offset 0x00005800 in window 0x00190000
[   10.425803] dhdsdio_membytes: read 2048 bytes at offset 0x00005800 in window 0x00190000
[   10.425973] dhdsdio_download_code_file: Download, Upload and compare succeeded.
[   10.426026] dhdsdio_membytes: write 2048 bytes at offset 0x00006000 in window 0x00190000
[   10.426296] dhdsdio_membytes: read 2048 bytes at offset 0x00006000 in window 0x00190000
[   10.426468] dhdsdio_download_code_file: Download, Upload and compare succeeded.
[   10.426525] dhdsdio_membytes: write 2048 bytes at offset 0x00006800 in window 0x00190000
[   10.426741] dhdsdio_membytes: read 2048 bytes at offset 0x00006800 in window 0x00190000
[   10.426908] dhdsdio_download_code_file: Download, Upload and compare succeeded.
[   10.426961] dhdsdio_membytes: write 2048 bytes at offset 0x00007000 in window 0x00190000
[   10.427177] dhdsdio_membytes: read 2048 bytes at offset 0x00007000 in window 0x00190000
[   10.427357] dhdsdio_download_code_file: Download, Upload and compare succeeded.
[   10.427414] dhdsdio_membytes: write 2048 bytes at offset 0x00007800 in window 0x00190000
[   10.427631] dhdsdio_membytes: read 2048 bytes at offset 0x00007800 in window 0x00190000
[   10.427800] dhdsdio_download_code_file: Download, Upload and compare succeeded.
[   10.427855] dhdsdio_membytes: write 2048 bytes at offset 0x00000000 in window 0x00198000
[   10.428073] dhdsdio_membytes: read 2048 bytes at offset 0x00000000 in window 0x00198000
[   10.428241] dhdsdio_download_code_file: Download, Upload and compare succeeded.
[   10.428296] dhdsdio_membytes: write 2048 bytes at offset 0x00000800 in window 0x00198000
[   10.428512] dhdsdio_membytes: read 2048 bytes at offset 0x00000800 in window 0x00198000
[   10.428682] dhdsdio_download_code_file: Download, Upload and compare succeeded.
[   10.428735] dhdsdio_membytes: write 2048 bytes at offset 0x00001000 in window 0x00198000
[   10.428957] dhdsdio_membytes: read 2048 bytes at offset 0x00001000 in window 0x00198000
[   10.429126] dhdsdio_download_code_file: Download, Upload and compare succeeded.
[   10.429181] dhdsdio_membytes: write 2048 bytes at offset 0x00001800 in window 0x00198000
[   10.429399] dhdsdio_membytes: read 2048 bytes at offset 0x00001800 in window 0x00198000
[   10.429568] dhdsdio_download_code_file: Download, Upload and compare succeeded.
[   10.429622] dhdsdio_membytes: write 2048 bytes at offset 0x00002000 in window 0x00198000
[   10.429972] dhdsdio_membytes: read 2048 bytes at offset 0x00002000 in window 0x00198000
[   10.430205] dhdsdio_download_code_file: Download, Upload and compare succeeded.
[   10.430268] dhdsdio_membytes: write 2048 bytes at offset 0x00002800 in window 0x00198000
[   10.430490] dhdsdio_membytes: read 2048 bytes at offset 0x00002800 in window 0x00198000
[   10.430655] dhdsdio_download_code_file: Download, Upload and compare succeeded.
[   10.430721] dhdsdio_membytes: write 2048 bytes at offset 0x00003000 in window 0x00198000
[   10.430943] dhdsdio_membytes: read 2048 bytes at offset 0x00003000 in window 0x00198000
[   10.431110] dhdsdio_download_code_file: Download, Upload and compare succeeded.
[   10.431163] dhdsdio_membytes: write 2048 bytes at offset 0x00003800 in window 0x00198000
[   10.431378] dhdsdio_membytes: read 2048 bytes at offset 0x00003800 in window 0x00198000
[   10.431542] dhdsdio_download_code_file: Download, Upload and compare succeeded.
[   10.431594] dhdsdio_membytes: write 2048 bytes at offset 0x00004000 in window 0x00198000
[   10.431806] dhdsdio_membytes: read 2048 bytes at offset 0x00004000 in window 0x00198000
[   10.431979] dhdsdio_download_code_file: Download, Upload and compare succeeded.
[   10.432034] dhdsdio_membytes: write 2048 bytes at offset 0x00004800 in window 0x00198000
[   10.432249] dhdsdio_membytes: read 2048 bytes at offset 0x00004800 in window 0x00198000
[   10.432415] dhdsdio_download_code_file: Download, Upload and compare succeeded.
[   10.432705] dhdsdio_membytes: write 2048 bytes at offset 0x00005000 in window 0x00198000
[   10.432923] dhdsdio_membytes: read 2048 bytes at offset 0x00005000 in window 0x00198000
[   10.433090] dhdsdio_download_code_file: Download, Upload and compare succeeded.
[   10.433152] dhdsdio_membytes: write 2048 bytes at offset 0x00005800 in window 0x00198000
[   10.433368] dhdsdio_membytes: read 2048 bytes at offset 0x00005800 in window 0x00198000
[   10.433651] dhdsdio_download_code_file: Download, Upload and compare succeeded.
[   10.433771] dhdsdio_membytes: write 2048 bytes at offset 0x00006000 in window 0x00198000
[   10.433986] dhdsdio_membytes: read 2048 bytes at offset 0x00006000 in window 0x00198000
[   10.434149] dhdsdio_download_code_file: Download, Upload and compare succeeded.
[   10.434197] dhdsdio_membytes: write 2048 bytes at offset 0x00006800 in window 0x00198000
[   10.434425] dhdsdio_membytes: read 2048 bytes at offset 0x00006800 in window 0x00198000
[   10.434601] dhdsdio_download_code_file: Download, Upload and compare succeeded.
[   10.434657] dhdsdio_membytes: write 2048 bytes at offset 0x00007000 in window 0x00198000
[   10.434872] dhdsdio_membytes: read 2048 bytes at offset 0x00007000 in window 0x00198000
[   10.435047] dhdsdio_download_code_file: Download, Upload and compare succeeded.
[   10.435104] dhdsdio_membytes: write 2048 bytes at offset 0x00007800 in window 0x00198000
[   10.435325] dhdsdio_membytes: read 2048 bytes at offset 0x00007800 in window 0x00198000
[   10.435492] dhdsdio_download_code_file: Download, Upload and compare succeeded.
[   10.435551] dhdsdio_membytes: write 2048 bytes at offset 0x00000000 in window 0x001a0000
[   10.435773] dhdsdio_membytes: read 2048 bytes at offset 0x00000000 in window 0x001a0000
[   10.435964] dhdsdio_download_code_file: Download, Upload and compare succeeded.
[   10.436070] dhdsdio_membytes: write 2048 bytes at offset 0x00000800 in window 0x001a0000
[   10.436298] dhdsdio_membytes: read 2048 bytes at offset 0x00000800 in window 0x001a0000
[   10.436796] dhdsdio_download_code_file: Download, Upload and compare succeeded.
[   10.436859] dhdsdio_membytes: write 2048 bytes at offset 0x00001000 in window 0x001a0000
[   10.437086] dhdsdio_membytes: read 2048 bytes at offset 0x00001000 in window 0x001a0000
[   10.437306] dhdsdio_download_code_file: Download, Upload and compare succeeded.
[   10.437360] dhdsdio_membytes: write 2048 bytes at offset 0x00001800 in window 0x001a0000
[   10.437617] dhdsdio_membytes: read 2048 bytes at offset 0x00001800 in window 0x001a0000
[   10.437793] dhdsdio_download_code_file: Download, Upload and compare succeeded.
[   10.437897] dhdsdio_membytes: write 2048 bytes at offset 0x00002000 in window 0x001a0000
[   10.438147] dhdsdio_membytes: read 2048 bytes at offset 0x00002000 in window 0x001a0000
[   10.438353] dhdsdio_download_code_file: Download, Upload and compare succeeded.
[   10.438409] dhdsdio_membytes: write 2048 bytes at offset 0x00002800 in window 0x001a0000
[   10.438899] dhdsdio_membytes: read 2048 bytes at offset 0x00002800 in window 0x001a0000
[   10.439074] dhdsdio_download_code_file: Download, Upload and compare succeeded.
[   10.439137] dhdsdio_membytes: write 2048 bytes at offset 0x00003000 in window 0x001a0000
[   10.439351] dhdsdio_membytes: read 2048 bytes at offset 0x00003000 in window 0x001a0000
[   10.439517] dhdsdio_download_code_file: Download, Upload and compare succeeded.
