DDR Version 1.00 20150318
In
Channel a: DDR3 200MHz
Bus Width=32 Col=10 Bank=8 Row=15 CS=1 Die Bus-Width=16 Size=1024MB
Channel b: DDR3 200MHz
Bus Width=32 Col=10 Bank=8 Row=15 CS=1 Die Bus-Width=16 Size=1024MB
Memory OK
Memory OK
OUT


U-Boot 2014.10-RK3288-10-g65679f1 (Jul 20 2015 - 10:28:11)

CPU: rk3288
CPU's clock information:
    arm pll = 600000000HZ
    periph pll = 300000000HZ
    ddr pll = 200000000HZ
    codec pll = 594000000HZ
Board:	Rockchip platform Board
DRAM:  Found dram banks:1
Adding bank:0000000000000000(0000000080000000)
128 MiB
remotectl v0.1
storage init OK!
Using default environment

GetParam
check parameter success
failed to prepare fdt from boot!
power key: bank-0 pin-5
can't find dts node for ricoh619
pmic:act8846
Can't find dts node for fuel guage cw201x
SecureBootEn = 0, SecureBootLock = 0

#Boot ver: 2015-07-20#2.19
empty serial no.
checkKey
vbus = 0
board_fbt_key_pressed: ir_keycode = 0x0, frt = 0
no fuel gauge found
no fuel gauge found
read logo_on switch from dts [0]
no fuel gauge found
checkKey
vbus = 0
board_fbt_key_pressed: ir_keycode = 0x0, frt = 0
Hit any key to stop autoboot:  0 
load fdt from resouce.
Secure Boot state: 0
kernel   @ 0x02000000 (0x00692298)
ramdisk  @ 0x05bf0000 (0x00125fa4)
bootrk: do_bootm_linux...
   Loading Device Tree to 05600000, end 0561b7d3 ... OK
Add bank:0000000000000000, 0000000080000000

Starting kernel ...

[    0.000000] Booting Linux on physical CPU 0x500
[    0.000000] Initializing cgroup subsys cpu
[    0.000000] Initializing cgroup subsys cpuacct
[    0.000000] Linux version 3.10.0 (ballack@ballack) (gcc version 4.6.x-google 20120106 (prerelease) (GCC) ) #5 SMP PREEMPT Thu May 4 16:02:07 CST 2017
[    0.000000] CPU: ARMv7 Processor [410fc0d1] revision 1 (ARMv7), cr=10c5387d
[    0.000000] CPU: PIPT / VIPT nonaliasing data cache, VIPT aliasing instruction cache
[    0.000000] Machine: Rockchip RK3288 (Flattened Device Tree), model: rockchip,rk3288
[    0.000000] rockchip_uboot_logo_setup: mem: 0x02000000@0x7dc00000, offset:0x01000000
[    0.000000] hdmi init vic is -1
[    0.000000] rockchip_uboot_mem_reserve: reserve 0x02000000@0x7dc00000 for uboot logo
[    0.000000] rockchip_ion_reserve
[    0.000000] ion heap(drm): base(0) size(0) align(0)
[    0.000000] ion heap(cma): base(0) size(28000000) align(0)
[    0.000000] ion heap(vmalloc): base(0) size(0) align(0)
[    0.000000] cma: CMA: reserved 640 MiB at 55c00000
[    0.000000] ion_reserve: cma reserved base 55c00000 size 671088640
[    0.000000] cma: CMA: reserved 16 MiB at 1f000000
[    0.000000] Memory policy: ECC disabled, Data cache writealloc
[    0.000000] PERCPU: Embedded 9 pages/cpu @c1ef4000 s13376 r8192 d15296 u36864
[    0.000000] Built 1 zonelists in Zone order, mobility grouping on.  Total pages: 523264
[    0.000000] Kernel command line: vmalloc=496M console=ttyS2 androidboot.selinux=permissive androidboot.hardware=rk30board androidboot.console=ttyS2 init=/init  mtdparts=rk29xxnand:0x00002000@0x00002000(uboot),0x00002000@0x00004000(misc),0x00008000@0x00006000(resource),0x00008000@0x0000e000(kernel),0x00010000@0x00016000(boot),0x00010000@0x00026000(recovery),0x0001a000@0x00036000(backup),0x00040000@0x00050000(cache),0x00002000@0x00090000(kpanic),0x00300000@0x00092000(system),0x00008000@0x00392000(metadata),0x00002000@0x0039A000(baseparamer),0x00200000@0x0039C000(userdata),0x00020000@0x0059C000(radical_update),-@0x005BC000(user) storagemedia=emmc uboot_logo=0x02000000@0x7dc00000:0x01000000 loader.timestamp=2015-07-20_10:28:11 hdmi.vic=-1
[    0.000000] PID hash table entries: 2048 (order: 1, 8192 bytes)
[    0.000000] Dentry cache hash table entries: 65536 (order: 6, 262144 bytes)
[    0.000000] Inode-cache hash table entries: 32768 (order: 5, 131072 bytes)
[    0.000000] allocated 4194304 bytes of page_cgroup
[    0.000000] please try 'cgroup_disable=memory' option if you don't want memory cgroups
[    0.000000] Memory: 2048MB = 2048MB total
[    0.000000] Memory: 1354984k/1354984k available, 742168k reserved, 884736K highmem
[    0.000000] Virtual kernel memory layout:
[    0.000000]     vector  : 0xffff0000 - 0xffff1000   (   4 kB)
[    0.000000]     fixmap  : 0xfff00000 - 0xfffe0000   ( 896 kB)
[    0.000000]     vmalloc : 0xe0800000 - 0xff000000   ( 488 MB)
[    0.000000]     lowmem  : 0xc0000000 - 0xe0000000   ( 512 MB)
[    0.000000]     pkmap   : 0xbfe00000 - 0xc0000000   (   2 MB)
[    0.000000]     modules : 0xbf000000 - 0xbfe00000   (  14 MB)
[    0.000000]       .text : 0xc0008000 - 0xc0b8d364   (11797 kB)
[    0.000000]       .init : 0xc0b8e000 - 0xc0be6440   ( 354 kB)
[    0.000000]       .data : 0xc0be8000 - 0xc0d79100   (1605 kB)
[    0.000000]        .bss : 0xc0d79100 - 0xc0e9a6fc   (1158 kB)
[    0.000000] SLUB: HWalign=64, Order=0-3, MinObjects=0, CPUs=4, Nodes=1
[    0.000000] Preemptible hierarchical RCU implementation.
[    0.000000] 	RCU dyntick-idle grace-period acceleration is enabled.
[    0.000000] NR_IRQS:16 nr_irqs:16 16
[    0.000000] rk_clk_tree_init start!
[    0.000000] rkclk: _rkclk_add_provider: fail to get ehci1phy_12m_div
[    0.000000] rkclk: rkclk_cache_parents: ehci1phy_12m_div clk_get error
[    0.000000] rk_get_uboot_display_flag: uboot_logo_on = 0
[    0.000000] rkclk_init_clks: cnt_parent = 7
[    0.000000] rkclk_init_clks: cnt_rate = 28
[    0.000000] rk3288 set GPLL BW 20 for HDMI!
[    0.000000] Architected cp15 timer(s) running at 24.00MHz (phys).
[    0.000000] Switching to timer-based delay loop
[    0.000000] sched_clock: ARM arch timer >56 bits at 24000kHz, resolution 41ns
[    0.000000] process version: 3
[    0.000000] channel:0, lkg:39
[    0.000000] target-temp:80
[    0.000000] channel:2, lkg:0
[    0.000000] channel:0, lkg:39
[    0.000000] channel:1, lkg:30
[    0.000000] sched_clock: 32 bits at 100 Hz, resolution 10000000ns, wraps every 4294967286ms
[    0.344229] Calibrating delay loop (skipped), value calculated using timer frequency.. 48.00 BogoMIPS (lpj=240000)
[    0.344244] pid_max: default: 32768 minimum: 301
[    0.344359] Security Framework initialized
[    0.344374] SELinux:  Initializing.
[    0.344447] Mount-cache hash table entries: 512
[    0.345086] Initializing cgroup subsys debug
[    0.345102] Initializing cgroup subsys memory
[    0.345128] Initializing cgroup subsys freezer
[    0.345156] CPU: Testing write buffer coherency: ok
[    0.345471] /cpus/cpu@0 missing clock-frequency property
[    0.345485] /cpus/cpu@1 missing clock-frequency property
[    0.345494] /cpus/cpu@2 missing clock-frequency property
[    0.345504] /cpus/cpu@3 missing clock-frequency property
[    0.345558] CPU0: thread -1, cpu 0, socket 5, mpidr 80000500
[    0.345608] Setting up static identity map for 0xc084e598 - 0xc084e5f0
[    0.348038] last_log: 0x1e900000 map to 0xe0804000 and copy to 0xe0886000, size 0x80000 early 0x181f (version 3.1)
[    0.422383] CPU1: Booted secondary processor
[    0.422415] CPU1: thread -1, cpu 1, socket 5, mpidr 80000501
[    0.442054] CPU2: Booted secondary processor
[    0.442078] CPU2: thread -1, cpu 2, socket 5, mpidr 80000502
[    0.461765] CPU3: Booted secondary processor
[    0.461789] CPU3: thread -1, cpu 3, socket 5, mpidr 80000503
[    0.461889] Brought up 4 CPUs
[    0.461917] SMP: Total of 4 processors activated (192.00 BogoMIPS).
[    0.461926] CPU: All CPU(s) started in SVC mode.
[    0.462650] devtmpfs: initialized
[    0.466919] VFP support v0.3: implementor 41 architecture 3 part 30 variant d rev 0
[    0.467997] pinctrl core: initialized pinctrl subsystem
[    0.468250] regulator-dummy: no parameters
[    0.492433] NET: Registered protocol family 16
[    0.494287] DMA: preallocated 256 KiB pool for atomic coherent allocations
[    0.494604] ion_snapshot: 0x1ea90000 map to 0xe0907000 and copy to 0xc0e75a0c (version 0.1)
[    0.494835] Registered FIQ tty driver
[    0.495229] fiq-debugger is disabled in device tree
[    0.495897] rockchip_get_bank_data:name=base start=0xff750000,end=0xff7500ff
[    0.495918] rockchip_get_bank_data:name=mux_bank0 start=0xff730084,end=0xff73008f
[    0.495935] rockchip_get_bank_data:name=pull_bank0 start=0xff730064,end=0xff73006f
[    0.495952] rockchip_get_bank_data:name=drv_bank0 start=0xff730070,end=0xff73007b
[    0.496044] rockchip_get_bank_data:name=/pinctrl@ff770000/gpio1@ff780000 start=0xff780000,end=0xff7800ff
[    0.496108] rockchip_get_bank_data:name=/pinctrl@ff770000/gpio2@ff790000 start=0xff790000,end=0xff7900ff
[    0.496168] rockchip_get_bank_data:name=/pinctrl@ff770000/gpio3@ff7a0000 start=0xff7a0000,end=0xff7a00ff
[    0.496229] rockchip_get_bank_data:name=/pinctrl@ff770000/gpio4@ff7b0000 start=0xff7b0000,end=0xff7b00ff
[    0.496290] rockchip_get_bank_data:name=/pinctrl@ff770000/gpio5@ff7c0000 start=0xff7c0000,end=0xff7c00ff
[    0.496351] rockchip_get_bank_data:name=/pinctrl@ff770000/gpio6@ff7d0000 start=0xff7d0000,end=0xff7d00ff
[    0.496413] rockchip_get_bank_data:name=/pinctrl@ff770000/gpio7@ff7e0000 start=0xff7e0000,end=0xff7e00ff
[    0.496475] rockchip_get_bank_data:name=/pinctrl@ff770000/gpio8@ff7f0000 start=0xff7f0000,end=0xff7f00ff
[    0.496542] rockchip_get_bank_data:name=/pinctrl@ff770000/gpio15@ff7f2000 start=0xff7f2000,end=0xff7f20ff
[    0.496606] rockchip_pinctrl_probe:name=RK3288-GPIO,type=3
[    0.496619] rockchip_pinctrl_probe:name=base start=0xff770000,end=0xff77013f
[    0.496631] rockchip_pinctrl_probe:name=pull start=0xff770140,end=0xff7701bf
[    0.496642] rockchip_pinctrl_probe:name=drv start=0xff7701c0,end=0xff77023f
[    0.497256] rockchip_interrupts_register:bank_num=7
[    0.499246] of_get_gpio_init_config:gpio[0] = 256, value = 0
[    0.499267] of_get_gpio_init_config:gpio[1] = 233, value = 0
[    0.499287] of_get_gpio_init_config:gpio[2] = 136, value = 0
[    0.499362] rockchip_pinctrl_probe:init ok
[    0.505549] rk_iommu ff900800.iep_mmu: (iep) Enter
[    0.505634] rk_iommu ff900800.iep_mmu: IOVMM: Created 0x3ffff000 B IOVMM from 0x10000000.
[    0.505647] rk_iommu ff900800.iep_mmu: (iep) Initialized
[    0.505817] rk_iommu ff950800.vip_mmu: (vip) Enter
[    0.505890] rk_iommu ff950800.vip_mmu: IOVMM: Created 0x3ffff000 B IOVMM from 0x10000000.
[    0.505902] rk_iommu ff950800.vip_mmu: (vip) Initialized
[    0.506074] rk_iommu ff930300.vopb_mmu: (vopb) Enter
[    0.506143] rk_iommu ff930300.vopb_mmu: IOVMM: Created 0x3ffff000 B IOVMM from 0x10000000.
[    0.506156] rk_iommu ff930300.vopb_mmu: (vopb) Initialized
[    0.506322] rk_iommu ff940300.vopl_mmu: (vopl) Enter
[    0.506395] rk_iommu ff940300.vopl_mmu: IOVMM: Created 0x3ffff000 B IOVMM from 0x10000000.
[    0.506408] rk_iommu ff940300.vopl_mmu: (vopl) Initialized
[    0.506594] rk_iommu ff9c0440.hevc_mmu: (hevc) Enter
[    0.506670] rk_iommu ff9c0440.hevc_mmu: IOVMM: Created 0x3ffff000 B IOVMM from 0x10000000.
[    0.506682] rk_iommu ff9c0440.hevc_mmu: (hevc) Initialized
[    0.506841] rk_iommu ff9a0800.vpu_mmu: (vpu) Enter
[    0.506914] rk_iommu ff9a0800.vpu_mmu: IOVMM: Created 0x3ffff000 B IOVMM from 0x10000000.
[    0.506926] rk_iommu ff9a0800.vpu_mmu: (vpu) Initialized
[    0.507100] rk_iommu ff914000.isp_mmu: (isp_mmu) Enter
[    0.507172] rk_iommu ff914000.isp_mmu: IOVMM: Created 0x3ffff000 B IOVMM from 0x10000000.
[    0.507184] rk_iommu ff914000.isp_mmu: (isp_mmu) Initialized
[    0.508911] hw-breakpoint: found 5 (+1 reserved) breakpoint and 4 watchpoint registers.
[    0.508923] hw-breakpoint: maximum watchpoint size is 4 bytes.
[    0.509499] rk3368_init_rockchip_pmu_ops: could not find pmu dt node
[    0.509522] DDR DEBUG: version 1.00 20150126 
[    0.509549] DDR DEBUG: Channel a: 
[    0.509557] DDR DEBUG: DDR3 Device
[    0.509570] DDR DEBUG: Bus Width=32 Col=10 Bank=8 Row=15 CS=1 Total Capability=1024MB
[    0.509579] DDR DEBUG: Channel b: 
[    0.509586] DDR DEBUG: DDR3 Device
[    0.509598] DDR DEBUG: Bus Width=32 Col=10 Bank=8 Row=15 CS=1 Total Capability=1024MB
[    0.509607] DDR DEBUG: addr=0xd83000
[    0.509617] DDR DEBUG: stride=9, size=256, halfcap=40000000
[    0.509625] DDR DEBUG: socAddr[0]=0xd83000, socAddr[1]=0xd83100
[    0.509635] DDR DEBUG: chAddr[0]=0xd83000, chAddr[1]=0xd83000
[    0.509646] DDR DEBUG: dtar[0]=0x301b0000, dtar[1]=0x301b0000
[    0.509700] DDR DEBUG: init success!!! freq=200MHz
[    0.509709] DDR DEBUG: Channel a: 
[    0.509722] DDR DEBUG: DTONE=0x1, DTERR=0x0, DTIERR=0x0, DTPASS=4,0, DGSL=1,1 extra clock, DGPS=180,90
[    0.509735] DDR DEBUG: DTONE=0x1, DTERR=0x0, DTIERR=0x0, DTPASS=4,0, DGSL=1,1 extra clock, DGPS=180,90
[    0.509747] DDR DEBUG: DTONE=0x1, DTERR=0x0, DTIERR=0x0, DTPASS=4,0, DGSL=1,1 extra clock, DGPS=180,90
[    0.509759] DDR DEBUG: DTONE=0x1, DTERR=0x0, DTIERR=0x0, DTPASS=4,0, DGSL=1,1 extra clock, DGPS=180,90
[    0.509771] DDR DEBUG: ZERR=0, ZDONE=0, ZPD=0x0, ZPU=0x0, OPD=0x0, OPU=0x0
[    0.509780] DDR DEBUG: DRV Pull-Up=0x19, DRV Pull-Dwn=0x19
[    0.509789] DDR DEBUG: ODT Pull-Up=0x2, ODT Pull-Dwn=0x2
[    0.509797] DDR DEBUG: Channel b: 
[    0.509808] DDR DEBUG: DTONE=0x1, DTERR=0x0, DTIERR=0x0, DTPASS=4,0, DGSL=1,1 extra clock, DGPS=180,90
[    0.509821] DDR DEBUG: DTONE=0x1, DTERR=0x0, DTIERR=0x0, DTPASS=4,0, DGSL=1,1 extra clock, DGPS=180,90
[    0.509833] DDR DEBUG: DTONE=0x1, DTERR=0x0, DTIERR=0x0, DTPASS=4,0, DGSL=1,1 extra clock, DGPS=180,90
[    0.509845] DDR DEBUG: DTONE=0x1, DTERR=0x0, DTIERR=0x0, DTPASS=4,0, DGSL=1,1 extra clock, DGPS=180,90
[    0.509856] DDR DEBUG: ZERR=0, ZDONE=0, ZPD=0x0, ZPU=0x0, OPD=0x0, OPU=0x0
[    0.509865] DDR DEBUG: DRV Pull-Up=0x19, DRV Pull-Dwn=0x19
[    0.509874] DDR DEBUG: ODT Pull-Up=0x2, ODT Pull-Dwn=0x2
[    0.534223] bio: create slab <bio-0> at 0
[    0.534725] Rockchip hdmi driver version 2.0
[    0.534725] .
[    0.535831] SCSI subsystem initialized
[    0536034] usbcore: registered new interface driver hub
[    0.536121] usbcore: registered new device driver usb
[    0.538726] rockchip_i2c ff650000.i2c: i2c-0: Rockchip I2C adapter
[    0.539186] rockchip_i2c ff140000.i2c: i2c-1: Rockchip I2C adapter
[    0.539632] rockchip_i2c ff660000.i2c: i2c-2: Rockchip I2C adapter
[    0.539886] rockchip_i2c ff150000.i2c: i2c-3: Rockchip I2C adapter
[    0.540928] rockchip_i2c ff160000.i2c: i2c-4: Rockchip I2C adapter
[    0.541042] media: Linux media interface: v0.10
[    0.541086] Linux video capture interface: v2.00
[    0.541143] pps_core: LinuxPPS API ver. 1 registered
[    0.541153] pps_core: Software ver. 5.3.6 - Copyright 2005-2007 Rodolfo Giometti <giometti@linux.it>
[    0.541172] PTP clock support registered
[    0.541230] i2c-core: driver [bq24296] using legacy suspend method
[    0.541239] i2c-core: driver [bq24296] using legacy resume method
[    0.541910] ion_drm_heap_create: 0@0
[    0.542040] Rockchip ion module is successfully loaded (v1.1)
[    0.542195] Advanced Linux Sound Architecture Driver Initialized.
[    0.542598] Bluetooth: Core ver 2.16
[    0.542656] NET: Registered protocol family 31
[    0.542666] Bluetooth: HCI device and connection manager initialized.542694] Bluetooth: L2CAP socket layer initialized
[    0.542720] Bluetooth: SCO socket layer initialized
[    0.542953] cfg80211: Calling CRDA to update world regulatory domain
[    0.543659] act8846_i2c_probe,line=898
[    0.544633] act8846_parse_dt,line=746
[    0.545104] act8846_i2c_probe: act8846_pmic_hold=1
[    0.545125] act8846_i2c_probe: act8846_pmic_sleep=1
[    0.545141] act8846_i2c_probe: act8846_pmic_cpu_det_gpio=1
[    0.545155] act8846_i2c_probe: act8846_pmic_usb_hub_reset_gpio=1
[    0.547223] act_dcdc1: 1200 mV 
[    0.550195] vccio: 3300 mV 
[    0.552060] vdd_logic: 700 <--> 1500 mV at 1100 mV 
[    0.555037] act_dcdc4: 2000 mV 
[    0.556268] vccio_sd: 1800 <--> 3300 mV at 3300 mV 
[    0.558595] act_ldo2: 1050 mV 
[    0.560910] act_ldo3: 2800 mV 
[    0.563233] act_ldo4: 3300 mV 
[    0.565561] act_ldo5: 3300 mV 
[    0.567895] act_ldo6: 1100 mV 
[    0.570205] vcc_18: 1800 mV 
[    0.572512] act_ldo8: 1850 mV 
[    0.577284] vdd_arm: 712 <--> 1500 mV at 1000 mV 
[    0.581994] vdd_gpu: 712 <--> 1500 mV at 1000 mV 
[    0.582749] rk808_i2c_probe,line=1355
[    0.584081] The device is not rk808 -11
[    0.584166] rk808: probe of 0-001b failed with error -11
[    0.584241] i2c-core: driver [rk818] using legacy suspend method
[    0.584251] i2c-core: driver [rk818] using legacy resume method
[    0.585957] Switching to clocksource arch_sys_counter
[    0.609903] rga: Module initialized.
[    0.610605] rga2 ff920000.rga: rga ion client create success!
[    0.610774] rga: Driver loaded succesfully
[    0.610989] rk-fb rockchip-fb: rk fb ion client create success!
[    0.611002] rk-fb rockchip-fb: rockchip framebuffer driver probe
[    0.611331] rk-screen rk_screen.8: rockchip screen probe success
[    0.611557] rk32-lvds rk32-lvds: rk32 lvds driver probe success
[    0.611913] rk32-edp ff970000.edp: screen is not edp!
[    0.611934] rk32-edp: probe of ff970000.edp failed with error -22
[    0.612397] rk3288-lcdc lcdc0: can't find power_ctr node for lcdc0
[    0.612612] graphics fb0: rockchip framebuffer registerd:fb0
[    0.612912] graphics fb1: rockchip framebuffer registerd:fb1
[    0.613080] graphics fb2: rockchip framebuffer registerd:fb2
[    0.613242] graphics fb3: rockchip framebuffer registerd:fb3
[    0.613532] rk3288-lcdc lcdc0: lcdc0: dclk:74250000>>fps:60 
[    0.613566] rk3288-lcdc lcdc0: wakeup from standby!
[    0.625410] alloc_buffer:ion_phy_addr=0x55c00000
[    0.631251] fb0:phy:55c00000>>vir:e0991000>>len:0xb00000
[    0.631267] rk3288-lcdc lcdc0: lcdc0 probe ok, iommu disabled
[    0.632090] rockchip_set_mux:warning ignore bank num 15
[    0.632235] rockchip_set_mux:warning ignore bank num 15
[    0.632352] rockchip_set_mux:warning ignore bank num 15
[    0.632469] rockchip_set_mux:warning ignore bank num 15
[    0.632593] rockchip_set_mux:warning ignore bank num 15
[    0.632709] rockchip_set_mux:warning ignore bank num 15
[    0.633283] rockchip_set_mux:warning ignore bank num 15
[    0.633448] rockchip_set_mux:warning ignore bank num 15
[    0.633991] rockchip_set_mux:warning ignore bank num 15
[    0.634139] rockchip_set_mux:warning ignore bank num 15
[    0.634677] rockchip_set_mux:warning ignore bank num 15
[    0.634824] rockchip_set_mux:warning ignore bank num 15
[    0.635370] rockchip_set_mux:warning ignore bank num 15
[    0.635517] rockchip_set_mux:warning ignore bank num 15
[    0.637009] NET: Registered protocol family 2
[    0.637682] TCP established hash table entries: 4096 (order: 3, 32768 bytes)
[    0.637758] TCP bind hash table entries: 4096 (order: 3, 32768 bytes)
[    0.637830] TCP: Hash tables configured (established 4096 bind 4096)
[    0.637889] TCP: reno registered
[    0.637903] UDP hash table entries: 256 (order: 1, 8192 bytes)
[    0.637926] UDP-Lite hash table entries: 256 (order: 1, 8192 bytes)
[    0.638119] NET: Registered protocol family 1
[    0.638697] Unpacking initramfs...
[    0.700964] Freeing initrd memory: 1172K (c5bf0000 - c5d15000)
[    0.701714] hw perfevents: enabled with ARMv7 Cortex-A12 PMU driver, 7 counters available
[    0.702242] vcodec_service: probe device ff9a0000.vpu_service
[    0.702442] vcodec_service: No reset resource define
[    0.702610] vcodec_service: ff9a0000.vpu_service: power on
[    0.702699] vcodec_service: probe device ff9a0000.vpu_service
[    0.702713] vcodec_service: checking hw id 4831
[    0.703746] vcodec_service: ff9a0000.vpu_service: power off...
[    0.703792] vcodec_service: done
[    0.703800] vcodec_service: init success
[    0.703864] vcodec_service: probe device ff9c0000.hevc_service
[    0.704256] vcodec_service: ff9c0000.hevc_service: power on
[    0.704320] vcodec_service: probe device ff9c0000.hevc_service
[    0.704334] vcodec_service: checking hw id 6867
[    0.704587] vcodec_service: ff9c0000.hevc_service: power off...
[    0.704629] vcodec_service: done
[    0.704638] vcodec_service: init success
[    0.704767] rknandbase v1.0 2014-03-31
[    0.704909] rknand: probe of ff400000.nandc failed with error -1
[    0.705018] rknand_driver:ret = 0 
[    0.706145] audit: initializing netlink socket (disabled)
[    0.706190] type=2000 audit(0.360:1): initialized
[    0.707031] bounce pool size: 64 pages
[    0.711642] fuse init (API version 7.22)
[    0.712006] msgmni has been set to 952
[    0.713845] Block layer SCSI generic (bsg) driver version 0.4 loaded (major 246)
[    0.713861] io scheduler noop registered
[    0.713871] io scheduler deadline registered
[    0.713999] io scheduler cfq registered (default)
[    0.715176] rockchip-hdmiv2 ff980000.hdmi: rockchip hdmiv2 probe sucess.
[    0.715851] IEP Driver loaded succesfully
[    0.715940] Module initialized.
[    0.716695] dma-pl330 ffb20000.pdma: Loaded driver for PL330 DMAC-2364208
[    0.716712] dma-pl330 ffb20000.pdma: 	DBUFF-64x8bytes Num_Chans-5 Num_Peri-6 Num_Events-10
[    0.718043] dma-pl330 ff250000.pdma: Loaded driver for PL330 DMAC-2364208
[    0.718059] dma-pl330 ff250000.pdma: 	DBUFF-128x8bytes Num_Chans-8 Num_Peri-20 Num_Events-16
[    0.718346] pwm-voltage-regulator pwm_regulator.22: unable to request PWM, trying legacy API
[    0.718360] pwm-voltage-regulator pwm_regulator.22: unable to request legacy PWM
[    0.718370] pwm_regulator_probe:error
[    0.718390] platform pwm_regulator.22: Driver pwm-voltage-regulator requests probe deferral
[    0.718591] rk_serial.c v1.8 2014-03-04
[    0.718825] ff180000.serial: ttyS0 at MMIO 0xff180000 (irq = 87) is a rk29_serial.0
[    0.719019] serial ff180000.serial: membase e0972000
[    0.719165] ff690000.serial: ttyS2 at MMIO 0xff690000 (irq = 89) is a rk29_serial.2
[    0.720735] console [ttyS2] enabled
[    0.720968] serial ff690000.serial: membase fed60000
[    0.723667] loop: module loaded
[    0.724048] zram: Created 1 device(s) ...
[    0.724136] i2c-core: driver [mpu6050B1] using legacy suspend method
[    0.724149] i2c-core: driver [mpu6050B1] using legacy resume method
[    0.724166] mpu_init: Probe name mpu6050B1
[    0.724324] ak8963_mod_init: Probe name ak8963_mod
[    0.724999] SCSI Media Changer driver v0.25 
[    0.725311] tun: Universal TUN/TAP device driver, 1.6
[    0.725324] tun: (C) 1999-2004 Max Krasnyansky <maxk@qualcomm.com>
[    0.725449] vmac_init.
[    0.726007] stmmac_probe_config_dt: Can not read property: pmu_regulator.
[    0.726024] stmmac_probe_config_dt: clock input/output? (input).
[    0.726038] stmmac_probe_config_dt: TX delay(0x30).
[    0.726050] stmmac_probe_config_dt: RX delay(0x20).
[    0.726097] stmmac_probe_config_dt: is rockchip,rk3288-gmac
[    0.726108] stmmc_pltfr_init:
[    0.726117] stmmc_pltfr_init: ERROR: Get power-gpio failed.
[    0.726140] gmac_phy_reset: ERROR: Request pin stmmc_pltfr_init failed.
[    0.726151] stmmc_pltfr_init: init for RGMII
[    0.726162] tx delay=0x30
[    0.726162] rx delay=0x20
[    0.726178] tx delay=0x30
[    0.726178] rx delay=0x20
[    0.726651] stmmac - user ID: 0x10, Synopsys ID: 0x35
[    0.726663]  Normal descriptors
[    0.726672]  Ring mode enabled
[    0.726684]  DMA HW capability register supported
[    0.726695]  RX Checksum Offload Engine supported (type 2)
[    0.726706]  TX Checksum insertion supported
[    0.726715]  Wake-Up On Lan supported
[    0.726752]  Enable RX Mitigation via HW Watchdog Timer
[    0.727194] PPP generic driver version 2.4.2
[    0.727364] PPP BSD Compression module registered
[    0.727378] PPP Deflate Compression module registered
[    0.727399] PPP MPPE Compression module registered
[    0.727413] NET: Registered protocol family 24
[    0.727448] SLIP: version 0.8.4-NET3.019-NEWTTY (dynamic channels, max=256) (6 bit encapsulation enabled).
[    0.727462] CSLIP: code copyright 1989 Regents of the University of California.
[    0.727475] Rockchip WiFi SYS interface (V1.00) ... 
[    0.727512] esp_mem_init enter date Apr 21 2017 11:54:06
[    0.727523] esp_mem_init VERSION [V2.5]
[    0.727569] esp_mem_init complete 
[    0.727669] usbcore: registered new interface driver catc
[    0.727711] usbcore: registered new interface driver kaweth
[    0.727724] pegasus: v0.9.3 (2013/04/25), Pegasus/Pegasus II USB Ethernet driver
[    0.727789] usbcore: registered new interface driver pegasus
[    0.727832] usbcore: registered new interface driver rtl8150
[    0.727878] usbcore: registered new interface driver r8152
[    0.727890] hso: drivers/net/usb/hso.c: Option Wireless
[    0.727960] usbcore: registered new interface driver hso
[    0.728007] usbcore: registered new interface driver asix
[    0.728049] usbcore: registered new interface driver ax88179_178a
[    0.728094] usbcore: registered new interface driver cdc_ether
[    0.728134] usbcore: registered new interface driver cdc_eem
[    0.728177] usbcore: registered new interface driver dm9601
[    0.728217] usbcore: registered new interface driver dm9620
[    0.728266] usbcore: registered new interface driver smsc75xx
[    0.728315] usbcore: registered new interface driver smsc95xx
[    0.728355] usbcore: registered new interface driver gl620a
[    0.728395] usbcore: registered new interface driver net1080
[    0.728441] usbcore: registered new interface driver plusb
[    0.728484] usbcore: registered new interface driver rndis_host
[    0.728525] usbcore: registered new interface driver cdc_subset
[    0.728563] usbcore: registered new interface driver zaurus
[    0.728604] usbcore: registered new interface driver MOSCHIP usb-ethernet driver
[    0.728669] usbcore: registered new interface driver int51x1
[    0.728710] usbcore: registered new interface driver kalmia
[    0.728751] usbcore: registered new interface driver ipheth
[    0.728802] usbcore: registered new interface driver sierra_net
[    0.728844] usbcore: registered new interface driver cx82310_eth
[    0.728894] usbcore: registered new interface driver cdc_ncm
[    0.728936] usbcore: registered new interface driver qmi_wwan
[    0.728977] usbcore: registered new interface driver cdc_mbim
[    0.728990] ehci_hcd: USB 2.0 'Enhanced' Host Controller (EHCI) Driver
[    0.731442] EHCI: ehci_rk_probe e1540000 e1540010
[    0.731461] rockchip_ehci_host ff500000.usb: EHCI Host Controller
[    0.731492] rockchip_ehci_host ff500000.usb: new USB bus registered, assigned bus number 1
[    0.731853] rockchip_ehci_host ff500000.usb: irq 56, io mem 0xff500000
[    0.743474] rockchip_ehci_host ff500000.usb: USB 2.0 started, EHCI 1.00
[    0.743567] usb usb1: New USB device found, idVendor=1d6b, idProduct=0002
[    0.743584] usb usb1: New USB device strings: Mfr=3, Product=2, SerialNumber=1
[    0.743599] usb usb1: Product: EHCI Host Controller
[    0.743613] usb usb1: Manufacturer: Linux 3.10.0 ehci_hcd
[    0.743626] usb usb1: SerialNumber: ff500000.usb
[    0.744128] hub 1-0:1.0: USB hub found
[    0.744169] hub 1-0:1.0: 1 port detected
[    0.744331] EHCI: ehci_rk_probe ok
[    0.744441] ohci_hcd: USB 1.1 'Open' Host Controller (OHCI) Driver
[    0.744644] usbcore: registered new interface driver cdc_acm
[    0.744657] cdc_acm: USB Abstract Control Model driver for USB modems and ISDN adapters
[    0.744717] usbcore: registered new interface driver usblp
[    0.744761] usbcore: registered new interface driver cdc_wdm
[    0.744820] usbcore: registered new interface driver usb-storage
[    0.744860] usbcore: registered new interface driver ums-alauda
[    0.744897] usbcore: registered new interface driver ums-cypress
[    0.744935] usbcore: registered new interface driver ums-datafab
[    0.744971] usbcore: registered new interface driver ums_eneub6250
[    0.745013] usbcore: registered new interface driver ums-freecom
[    0.745054] usbcore: registered new interface driver ums-isd200
[    0.745091] usbcore: registered new interface driver ums-jumpshot
[    0.745129] usbcore: registered new interface driver ums-karma
[    0.745167] usbcore: registered new interface driver ums-onetouch
[    0.745207] usbcore: registered new interface driver ums-sddr09
[    0.745245] usbcore: registered new interface driver ums-sddr55
[    0.745283] usbcore: registered new interface driver ums-usbat
[    0.745376] usbcore: registered new interface driver usbserial
[    0.745421] usbcore: registered new interface driver usbserial_generic
[    0.745454] usbserial: USB Serial support registered for generic
[    0.745495] usbcore: registered new interface driver option
[    0.745526] usbserial: USB Serial support registered for GSM modem (1-port)
[    0.745602] usbcore: registered new interface driver trancevibrator
[    0.745614] usb20_otg: version 3.10a 21-DEC-2012
[    0.746035] e1580040
[    0.746050] Core Release: 3.10a
[    0.746066] Setting default values for core params
[    0.746207] Using Buffer DMA mode
[    0.746218] Periodic Transfer Interrupt Enhancement - disabled
[    0.746230] Multiprocessor Interrupt Enhancement - disabled
[    0.746241] OTG VER PARAM: 0, OTG VER FLAG: 0
[    0.746252] ^^^^^^^^^^^^^^^^^Device Mode
[    0.746270] Dedicated Tx FIFOs mode
[    0.746291] pcd_init otg_dev = ddea4b00
[    0.845022] Using Buffer DMA mode
[    0.845037] Periodic Transfer Interrupt Enhancement - disabled
[    0.845048] Multiprocessor Interrupt Enhancement - disabled
[    0.845060] OTG VER PARAM: 0, OTG VER FLAG: 0
[    0.845070] ^^^^^^^^^^^^^^^^^Device Mode
[    0.845110] usb20_otg ff580000.usb: DWC OTG Controller
[    0.845140] usb20_otg ff580000.usb: new USB bus registered, assigned bus number 2
[    0.845180] usb20_otg ff580000.usb: irq 55, io mem 0x00000000
[    0.845240] usb usb2: New USB device found, idVendor=1d6b, idProduct=0002
[    0.845257] usb usb2: New USB device strings: Mfr=3, Product=2, SerialNumber=1
[    0.845271] usb usb2: Product: DWC OTG Controller
[    0.845285] usb usb2: Manufacturer: Linux 3.10.0 dwc_otg_hcd
[    0.845297] usb usb2: SerialNumber: ff580000.usb
[    0.845765] hub 2-0:1.0: USB hub found
[    0.845790] hub 2-0:1.0: 1 port detected
[    0.846085] usb20_host: version 3.10a 21-DEC-2012
[    0.848632] e1600040
[    0.848647] Core Release: 3.10a
[    0.848664] Setting default values for core params
[    0.848778] Using Buffer DMA mode
[    0.848790] Periodic Transfer Interrupt Enhancement - disabled
[    0.848801] Multiprocessor Interrupt Enhancement - disabled
[    0.848812] OTG VER PARAM: 0, OTG VER FLAG: 0
[    0.848822] ^^^^^^^^^^^^^^^^^^Host Mode
[    0.848851] usb20_host ff540000.usb: DWC OTG Controller
[    0.848878] usb20_host ff540000.usb: new USB bus registered, assigned bus number 3
[    0.848913] usb20_host ff540000.usb: irq 57, io mem 0x00000000
[    0.849006] Init: Power Port (0)
[    0.849066] usb usb3: New USB device found, idVendor=1d6b, idProduct=0002
[    0.849083] usb usb3: New USB device strings: Mfr=3, Product=2, SerialNumber=1
[    0.849097] usb usb3: Product: DWC OTG Controller
[    0.849110] usb usb3: Manufacturer: Linux 3.10.0 dwc_otg_hcd
[    0.849123] usb usb3: SerialNumber: ff540000.usb
[    0.849525] hub 3-0:1.0: USB hub found
[    0.849548] hub 3-0:1.0: 1 port detected
[    0.850283] usbcore: registered new interface driver xpad
[    0.850345] usbcore: registered new interface driver usb_acecad
[    0.850394] usbcore: registered new interface driver aiptek
[    0.850440] usbcore: registered new interface driver gtco
[    0.850487] usbcore: registered new interface driver hanwang
[    0.850532] usbcore: registered new interface driver kbtab
[    0.850584] usbcore: registered new interface driver wacom
[    0.850853] sensor_register_slave:mma8452,id=17
[    0.850869] sensor_register_slave:gs_mc3230,id=23
[    0.850880] gsensor_init
[    0.850890] sensor_register_slave:mpu6880_acc,id=24
[    0.850901] sensor_register_slave:mpu6500_acc,id=25
[    0.850913] sensor_register_slave:cm3217,id=48
[    0.850924] sensor_register_slave:cm3218,id=49
[    0.851135] .. rk pwm remotectl v1.1 init
[    0.851379] input: ff680000.pwm as /devices/ff680000.pwm/input/input0
[    0.853911] rtc_hym8563 0-0051: clock/calendar information is no longer guaranteed
[    0.856885] rtc_hym8563 0-0051: rtc core: registered hym8563 as rtc0
[    0.856944] i2c /dev entries driver
[    0.857655] IR NEC protocol handler initialized
[    0.857669] IR RC5(x) protocol handler initialized
[    0.857679] IR RC6 protocol handler initialized
[    0.857689] IR JVC protocol handler initialized
[    0.857699] IR Sony protocol handler initialized
[    0.857710] IR RC5 (streamzap) protocol handler initialized
[    0.857720] IR SANYO protocol handler initialized
[    0.857730] IR MCE Keyboard/mouse protocol handler initialized
[    0.857892] usbcore: registered new interface driver uvcvideo
[    0.857905] USB Video Class driver (1.1.1)
[    0.857918] CamSys driver version: v0.32.0,  CamSys head file version: v0.11.0
[    0.859391] D1:camsys_platform_probe(1300): 1-gpios-cifpower: gpio=236
[    0.859416] D1:camsys_platform_probe(1303): gpios-cifpower: gpio_request
[    0.859437] D1:camsys_platform_probe(1305): 1-gpios-cifpower: gpio_request=0
[    0.859459] D1:camsys_platform_probe(1314): gpios-cifpower: 236 high
[    0.859501] D1:camsys_mipiphy_probe_cb(115): compatible is rockchip,rk3288
[    0.859501] 
[    0.859575] D1:camsys_mipiphy_probe_cb(186): ff910000.isp mipi phy0 probe success(reg_phy: 0x0  reg_vir: 0x0  size: 0x0)
[    0.859724] D1:camsys_mipiphy_probe_cb(183): ff910000.isp mipi phy1 probe success(reg_phy: 0xff968000  reg_vir: 0xe14b8000  size: 0x4000)
[    0.860366] D1:camsys_platform_probe(1447): ff910000.isp memory:
[    0.860386] D1:camsys_platform_probe(1457):     Register memory (phy: 0xff910000 vir: 0xe1520000 size: 0x10000)
[    0.860403] D1:camsys_platform_probe(1452):     I2c memory (phy: 0x1deb3000 vir: 0xddeb3000 size: 0x1000)
[    0.860418] D1:camsys_init_ext_fsh_module(20): init external flash module
[    0.860431] D1:camsys_platform_probe(1472): Probe ff910000.isp device success 
[    0.860852] not find test_power_init dev node
[    0.860909] i2c-core: driver [bq27320] using legacy suspend method
[    0.860922] i2c-core: driver [bq27320] using legacy resume method
[    0.861248] rockchip_temp_probe,line=362
[    0.920588] tsadc ff280000.tsadc: initialized
[    0.920989] device-mapper: uevent: version 1.0.3
[    0.921243] device-mapper: ioctl: 4.24.0-ioctl (2013-01-15) initialised: dm-devel@redhat.com
[    0.921540] Bluetooth: HCI UART driver ver 2.2
[    0.921557] Bluetooth: HCI H4 protocol initialized
[    0.921569] Bluetooth: HCILL protocol initialized
[    0.921580] rtk_btusb: Realtek Bluetooth USB driver module init, version 2.21
[    0.921592] rtk_btusb: Register usb char device interface for BT driver
[    0.921779] usbcore: registered new interface driver rtk_btusb
[    0.925178] cpufreq version 1.0, suspend freq 1200 MHz
[    0.925368] cpuidle: using governor ladder
[    0.925382] cpuidle: using governor menu
[    0.925417] Synopsys Designware Multimedia Card Interface Driver
[    0.925429] MHSC version = Ver 2.00 2015-06-10
[    0.925717] dw cru_regsbase addr 0x1d8.
[    0.925730] dw cru_reset_offset val 3.
[    0.925746] dwmmc_rockchip ff0f0000.rksdmmc: Version ID is 270a
[    0.925790] dwmmc_rockchip ff0f0000.rksdmmc: failed to get hpclk_mmc
[    0.926104] dwmmc_rockchip ff0f0000.rksdmmc: Using internal DMA controller.
[    0.926273] dw_mci_init_slot: fmin=400000, fmax=100000000 [mmc0]
[    0.926410] 1358..dw_mci_set_ios:  no card. [mmc0]
[    0.940280] 1358..dw_mci_set_ios:  no card. [mmc0]
[    0.940359] dwc_otg_hcd_suspend, usb device mode
[    0.959987] rk_sdmmc: BOOT dw_mci_setup_bus: argue clk_mmc workaround out 800000Hz for init[mmc0]
[    0.960001] dwmmc_rockchip ff0f0000.rksdmmc: DW MMC controller at irq 67, 32 bit host data width, 256 deep fifo
[    0.960017] dwmmc_rockchip ff0f0000.rksdmmc: 1 slots initialized
[    0.960328] dw cru_regsbase addr 0x1d8.
[    0.960341] dw cru_reset_offset val 0.
[    0.960356] dwmmc_rockchip ff0c0000.rksdmmc: Version ID is 270a
[    0.960393] dwmmc_rockchip ff0c0000.rksdmmc: failed to get hpclk_mmc
[    0.961184] dwmmc_rockchip ff0c0000.rksdmmc: Using internal DMA controller.
[    0.961355] dw_mci_init_slot: fmin=300000, fmax=50000000 [mmc1]
[    0.961874] dwmmc_rockchip ff0c0000.rksdmmc: mmc1: No udbg pinctrl found!
[    0.961941] 1358..dw_mci_set_ios:  no card. [mmc1]
[    0.979631] 1358..dw_mci_set_ios:  no card. [mmc1]
[    0.992085] mmc0: BKOPS_EN bit is not set
[    0.993959] rk_sdmmc: BOOT Bus speed=0Hz,Bus width=8bits.[mmc0]
[    0.996238] mmc_host mmc0: Bus speed (slot 0) = 100000000Hz (slot req 100000000Hz, actual 100000000HZ div = 0)
[    0.996261] rk_sdmmc: BOOT dw_mci_setup_bus: argue clk_mmc workaround out normal clock [mmc0]
[    0.996283] [mmc0] tuning regsbase addr 0x218.
[    0.996831] [mmc0] Data transmission error !!!!  MINTSTS: [0x00000088]
[    0.996841] [mmc0] host was already tuning, Don't need to retry tune again ignore 0.
[    0.996871] dwmmc_rockchip ff0f0000.rksdmmc: Tuning error: cmd.error:0, data.error:-84
[    0.996894] [mmc0] Data transmission error !!!!  MINTSTS: [0x00002000]
[    0.996903] [mmc0] host was already tuning, Don't need to retry tune again ignore 0.
[    0.996923] dwmmc_rockchip ff0f0000.rksdmmc: data FIFO error (status=00002000)
[    0.996950] dwmmc_rockchip ff0f0000.rksdmmc: Tuning error: cmd.error:0, data.error:-5
[    0.997176] dwmmc_rockchip ff0f0000.rksdmmc: Good phase range 0-180 (17 len)
[    0.997189] dwmmc_rockchip ff0f0000.rksdmmc: Good phase range 214-282 (7 len)
[    0.997200] dwmmc_rockchip ff0f0000.rksdmmc: Best phase range 0-180 (17 len)
[    0.997210] dwmmc_rockchip ff0f0000.rksdmmc: Successfully tuned phase to 90
[    0.997253] mmc0: new HS200 MMC card at address 0001
[    0.997519] mmcblk0: mmc0:0001 AGND3R 14.5 GiB 
[    0.997839]      uboot: 0x000400000 -- 0x000800000 (4 MB)
[    0.997853]       misc: 0x000800000 -- 0x000c00000 (4 MB)
[    0.997862]   resource: 0x000c00000 -- 0x001c00000 (16 MB)
[    0.997871]     kernel: 0x001c00000 -- 0x002c00000 (16 MB)
[    0.997879]       boot: 0x002c00000 -- 0x004c00000 (32 MB)
[    0.997888]   recovery: 0x004c00000 -- 0x006c00000 (32 MB)
[    0.997896]     backup: 0x006c00000 -- 0x00a000000 (52 MB)
[    0.997904]      cache: 0x00a000000 -- 0x012000000 (128 MB)
[    0.997913]     kpanic: 0x012000000 -- 0x012400000 (4 MB)
[    0.997922]     system: 0x012400000 -- 0x072400000 (1536 MB)
[    0.997930]   metadata: 0x072400000 -- 0x073400000 (16 MB)
[    0.997939] baseparamer: 0x073400000 -- 0x073800000 (4 MB)
[    0.997947]   userdata: 0x073800000 -- 0x0b3800000 (1024 MB)
[    0.997956] radical_update: 0x0b3800000 -- 0x0b7800000 (64 MB)
[    0.997965]       user: 0x0b7800000 -- 0x3a3a00000 (11970 MB)
[    0.997995]  mmcblk0: p1 p2 p3 p4 p5 p6 p7 p8 p9 p10 p11 p12 p13 p14 p151358..dw_mci_set_ios:  no card. [mmc1]
[    0.999361] dwmmc_rockchip ff0c0000.rksdmmc: DW MMC controller at irq 64, 32 bit host data width, 256 deep fifo
[    0.999375] dwmmc_rockchip ff0c0000.rksdmmc: 1 slots initialized
[    0.999683] dw cru_regsbase addr 0x1d8.
[    0.999692] dw cru_reset_offset val 1.
[    0.999703] dwmmc_rockchip ff0d0000.rksdmmc: Version ID is 270a
[    0.999742] dwmmc_rockchip ff0d0000.rksdmmc: failed to get hpclk_mmc
[    0.999967] dwmmc_rockchip ff0d0000.rksdmmc: Using internal DMA controller.
[    1.000096] dw_mci_init_slot: fmin=200000, fmax=50000000 [mmc2]
[    1.000359] 1358..dw_mci_set_ios:  no card. [mmc2]
[    1.018984] 1358..dw_mci_set_ios:  no card. [mmc2]
[    1.038684] 1358..dw_mci_set_ios:  no card. [mmc2]
[    1.038696] dwmmc_rockchip ff0d0000.rksdmmc: DW MMC controller at irq 65, 32 bit host data width, 256 deep fifo
[    1.038709] dwmmc_rockchip ff0d0000.rksdmmc: 1 slots initialized
[    1.038967] leds-gpio leds.29: pins are not configured from the driver
[    1.039180] hidraw: raw HID events driver (C) Jiri Kosina
[    1.040649] usbcore: registered new interface driver usbhid
[    1.040659] usbhid: USB HID core driver
[    1.040778] ashmem: initialized
[    1.040895] logger: created 256K log 'log_main'
[    1.040988] logger: created 256K log 'log_events'
[    1.041087] logger: created 256K log 'log_radio'
[    1.041187] logger: created 256K log 'log_system'
[    1.042238] input: rk29-keypad as /devices/ff100000.adc/key.32/input/input1
[    1.043048] rockchip-pinctrl ff770000.pinctrl: pin gpio6-8 already requested by ff890000.rockchip-i2s; cannot claim for 2-0010
[    1.043063] rockchip-pinctrl ff770000.pinctrl: pin-200 (2-0010) status -22
[    1.043075] rockchip-pinctrl ff770000.pinctrl: could not request pin 200 on device rockchip-pinctrl
[    1.043086] ES8323 2-0010: Error applying setting, reverse things back
[    1.043378] es8323 probe i2c recv ok
[    1.044279] rockchip-spdif ff880000.rockchip-spdif: spdif ready.
[    1.044827] es8323_probe
[    1.044918] es8323_probe:register ISR (irq=194)
[    1.678630] ES8323 2-0010: ASoC: no dapm match for LINPUT1 --> NULL --> Left Line Mux
[    1.678641] ES8323 2-0010: ASoC: Failed to add route LINPUT1 -> NULL -> Left Line Mux
[    1.678651] ES8323 2-0010: ASoC: no dapm match for LINPUT2 --> NULL --> Left Line Mux
[    1.678659] ES8323 2-0010: ASoC: Failed to add route LINPUT2 -> NULL -> Left Line Mux
[    1.678668] ES8323 2-0010: ASoC: no dapm match for Left PGA Mux --> NULL --> Left Line Mux
[    1.678676] ES8323 2-0010: ASoC: Failed to add route Left PGA Mux -> NULL -> Left Line Mux
[    1.678685] ES8323 2-0010: ASoC: no dapm match for RINPUT1 --> NULL --> Right Line Mux
[    1.678693] ES8323 2-0010: ASoC: Failed to add route RINPUT1 -> NULL -> Right Line Mux
[    1.678702] ES8323 2-0010: ASoC: no dapm match for RINPUT2 --> NULL --> Right Line Mux
[    1.678709] ES8323 2-0010: ASoC: Failed to add route RINPUT2 -> NULL -> Right Line Mux
[    1.678717] ES8323 2-0010: ASoC: no dapm match for Right PGA Mux --> NULL --> Right Line Mux
[    1.678725] ES8323 2-0010: ASoC: Failed to add route Right PGA Mux -> NULL -> Right Line Mux
[    1.678733] ES8323 2-0010: ASoC: no dapm match for LINPUT1 --> LAMP --> Left PGA Mux
[    1.678740] ES8323 2-0010: ASoC: Failed to add route LINPUT1 -> LAMP -> Left PGA Mux
[    1.678747] ES8323 2-0010: ASoC: no dapm match for LINPUT2 --> LAMP --> Left PGA Mux
[    1.678754] ES8323 2-0010: ASoC: Failed to add route LINPUT2 -> LAMP -> Left PGA Mux
[    1.678762] ES8323 2-0010: ASoC: no dapm match for Differential Mux --> LAMP --> Left PGA Mux
[    1.678769] ES8323 2-0010: ASoC: Failed to add route Differential Mux -> LAMP -> Left PGA Mux
[    1.678778] ES8323 2-0010: ASoC: no dapm match for RINPUT1 --> RAMP --> Right PGA Mux
[    1.678785] ES8323 2-0010: ASoC: Failed to add route RINPUT1 -> RAMP -> Right PGA Mux
[    1.678793] ES8323 2-0010: ASoC: no dapm match for RINPUT2 --> RAMP --> Right PGA Mux
[    1.678799] ES8323 2-0010: ASoC: Failed to add route RINPUT2 -> RAMP -> Right PGA Mux
[    1.678807] ES8323 2-0010: ASoC: no dapm match for Differential Mux --> RAMP --> Right PGA Mux
[    1.678815] ES8323 2-0010: ASoC: Failed to add route Differential Mux -> RAMP -> Right PGA Mux
[    1.678823] ES8323 2-0010: ASoC: no dapm match for LINPUT1 --> LAMP --> Differential Mux
[    1.678830] ES8323 2-0010: ASoC: Failed to add route LINPUT1 -> LAMP -> Differential Mux
[    1.678838] ES8323 2-0010: ASoC: no dapm match for RINPUT1 --> RAMP --> Differential Mux
[    1.678848] ES8323 2-0010: ASoC: Failed to add route RINPUT1 -> RAMP -> Differential Mux
[    1.678857] ES8323 2-0010: ASoC: no dapm match for LINPUT2 --> LAMP --> Differential Mux
[    1.678863] ES8323 2-0010: ASoC: Failed to add route LINPUT2 -> LAMP -> Differential Mux
[    1.678871] ES8323 2-0010: ASoC: no dapm match for RINPUT2 --> RAMP --> Differential Mux
[    1.678879] ES8323 2-0010: ASoC: Failed to add route RINPUT2 -> RAMP -> Differential Mux
[    1.678898] ES8323 2-0010: ASoC: no dapm match for LINPUT1 --> LAMP --> Left Line Mux
[    1.678905] ES8323 2-0010: ASoC: Failed to add route LINPUT1 -> LAMP -> Left Line Mux
[    1.678914] ES8323 2-0010: ASoC: no dapm match for LINPUT2 --> LAMP --> Left Line Mux
[    1.678922] ES8323 2-0010: ASoC: Failed to add route LINPUT2 -> LAMP -> Left Line Mux
[    1.678939] ES8323 2-0010: ASoC: no dapm match for Left PGA Mux --> LAMP --> Left Line Mux
[    1.678947] ES8323 2-0010: ASoC: Failed to add route Left PGA Mux -> LAMP -> Left Line Mux
[    1.678956] ES8323 2-0010: ASoC: no dapm match for RINPUT1 --> RAMP --> Right Line Mux
[    1.678964] ES8323 2-0010: ASoC: Failed to add route RINPUT1 -> RAMP -> Right Line Mux
[    1.678973] ES8323 2-0010: ASoC: no dapm match for RINPUT2 --> RAMP --> Right Line Mux
[    1.678980] ES8323 2-0010: ASoC: Failed to add route RINPUT2 -> RAMP -> Right Line Mux
[    1.678989] ES8323 2-0010: ASoC: no dapm match for Right PGA Mux --> RAMP --> Right Line Mux
[    1.678996] ES8323 2-0010: ASoC: Failed to add route Right PGA Mux -> RAMP -> Right Line Mux
[    1.679131] ES8323 2-0010: ASoC: mux Right Line Mux has no paths
[    1.679142] ES8323 2-0010: ASoC: mux Left Line Mux has no paths
[    1.679151] ES8323 2-0010: ASoC: mux Right PGA Mux has no paths
[    1.679160] ES8323 2-0010: ASoC: mux Left PGA Mux has no paths
[    1.679178] ES8323 2-0010: ASoC: mux Differential Mux has no paths
[    1.685309] rockchip-es8323 rockchip-es8323.27:  ES8323 HiFi <-> ff890000.rockchip-i2s mapping ok
[    1.685901] u32 classifier
[    1.685907]     Actions configured
[    1.685917] Netfilter messages via NETLINK v0.30.
[    1.685969] nf_conntrack version 0.5.0 (16384 buckets, 65536 max)
[    1.686219] ctnetlink v0.93: registering with nfnetlink.
[    1.686282] NF_TPROXY: Transparent proxy support initialized, version 4.1.0
[    1.686288] NF_TPROXY: Copyright (c) 2006-2007 BalaBit IT Ltd.
[    1.686500] xt_time: kernel timezone is -0000
[    1.686659] ip_tables: (C) 2000-2006 Netfilter Core Team
[    1.686759] arp_tables: (C) 2002 David S. Miller
[    1.686788] TCP: cubic registered
[    1.686794] Initializing XFRM netlink socket
[    1.686949] NET: Registered protocol family 10
[    1.687379] mip6: Mobile IPv6
[    1.687401] ip6_tables: (C) 2000-2006 Netfilter Core Team
[    1.687494] sit: IPv6 over IPv4 tunneling driver
[    1.687760] NET: Registered protocol family 17
[    1.687782] NET: Registered protocol family 15
[    1.687823] Bridge firewalling registered
[    1.687833] Ebtables v2.0 registered
[    1.687988] Bluetooth: RFCOMM TTY layer initialized
[    1.688012] Bluetooth: RFCOMM socket layer initialized
[    1.688018] Bluetooth: RFCOMM ver 1.11
[    1.688024] Bluetooth: BNEP (Ethernet Emulation) ver 1.3
[    1.688030] Bluetooth: BNEP filters: protocol multicast
[    1.688039] Bluetooth: BNEP socket layer initialized
[    1.688045] Bluetooth: HIDP (Human Interface Emulation) ver 1.2
[    1.688053] Bluetooth: HIDP socket layer initialized
[    1.688075] l2tp_core: L2TP core driver, V2.0
[    1.688105] l2tp_ppp: PPPoL2TP kernel driver, V2.0
[    1.688111] [WLAN_RFKILL]: Enter rfkill_wlan_init
[    1.688282] [WLAN_RFKILL]: Enter rfkill_wlan_probe
[    1.688292] [WLAN_RFKILL]: can't find rockchip,grf property
[    1.688299] [WLAN_RFKILL]: wlan_platdata_parse_dt: wifi_chip_type = bcmwifi
[    1.688307] [WLAN_RFKILL]: wlan_platdata_parse_dt: enable wifi power control.
[    1.688313] [WLAN_RFKILL]: wlan_platdata_parse_dt: disable wifi io reference voltage control.
[    1.688321] [WLAN_RFKILL]: wlan_platdata_parse_dt: wifi power controled by gpio.
[    1.688339] [WLAN_RFKILL]: wlan_platdata_parse_dt: get property: WIFI,poweren_gpio = 156, flags = 0.
[    1.688356] [WLAN_RFKILL]: wlan_platdata_parse_dt: get property: WIFI,host_wake_irq = 158, flags = 0.
[    1.688363] [WLAN_RFKILL]: rfkill_wlan_probe: init gpio
[    1.688389] [WLAN_RFKILL]: rockchip_wifi_voltage_select: wifi & sdio reference voltage: 1.8V
[    1.688396] [WLAN_RFKILL]: Exit rfkill_wlan_probe
[    1.688432] [BT_RFKILL]: Enter rfkill_rk_init
[    1.688543] [BT_RFKILL]: bluetooth_platdata_parse_dt: get property: uart_rts_gpios = 147.
[    1.688556] [BT_RFKILL]: bluetooth_platdata_parse_dt: get property: BT,power_gpio = 155.
[    1.688568] [BT_RFKILL]: bluetooth_platdata_parse_dt: get property: BT,reset_gpio = 157.
[    1.688580] [BT_RFKILL]: bluetooth_platdata_parse_dt: get property: BT,wake_gpio = 154.
[    1.688591] [BT_RFKILL]: bluetooth_platdata_parse_dt: get property: BT,wake_host_irq = 159.
[    1.688636] [BT_RFKILL]: Request irq for bt wakeup host
[    1.688728] [BT_RFKILL]: ** disable irq
[    1.688793] [BT_RFKILL]: ap6335 device registered.
[    1.689402] rk3288_init_suspend
[    1.689414] rk3288_suspend_init enter
[    1.689600] rk3288_suspend_init: pm_ctrbits =200007
[    1.689628] gpio_get_dts_info suspend:4
[    1.689633] gpio_get_dts_info resume:4
[    1.689639] rockchip,pmic-suspend_gpios:14007a10 0 0 0 0 0 0 0 0 0 0 0 0 0 0 0 0 0 0 0 
[    1.689662] rockchip,pmic-resume_gpios:2007a11 0 0 0 0 0 0 0 0 0 0 0 0 0 0 0 0 0 0 0 
[    1.689779] clks_gating_suspend_init:clkgt info ok
[    1.689856] Registering SWP/SWPB emulation handler
[    1.689866] rockchip_uboot_mem_late_init: Freeing uboot logo memory: 0x02000000@0x7dc00000
[    1.692213] ddrfreq: verion 1.2 20140526
[    1.692226] ddrfreq: normal 456MHz video_1080p 0MHz video_4k 456MHz dualview 0MHz idle 0MHz suspend 200MHz reboot 456MHz
[    1.692232] ddrfreq: auto-freq=0
[    1.692238] ddrfreq: auto-freq-table[0] 240MHz
[    1.692243] ddrfreq: auto-freq-table[1] 324MHz
[    1.692247] ddrfreq: auto-freq-table[2] 456MHz
[    1.692252] ddrfreq: auto-freq-table[3] 528MHz
[    1.695998] act_ldo3: operation not allowed
[    1.696006] vga_edid_probe: turn on ldo3 done.
[    1.696253] act_ldo4: operation not allowed
[    1.696259] vga_edid_probe: turn on ldo done.
[    1.696502] act_ldo2: operation not allowed
[    1.696508] vga_edid_probe: turn on ldo2 done.
[    1.696749] act_ldo8: operation not allowed
[    1.696755] vga_edid_probe: turn on ldo done.
[    1.701809] unable to read EDID block.
[    1.736359] unable to read EDID block.
[    1.770908] unable to read EDID block.
[    1.770918] vga-ddc: read and parse edid failed errno:-5.
[    1.770923] vga_edid_probe: success. 10 
[    1.771033] firefly_vga_get_enable 180, 0
[    1.771040] firefly_vga_get_status 186
[    1.771046] firefly_vga_set_enable 159 enable:1
[    1.771063] firefly_vga_enable 130 start
[    1.771070] firefly_switch_fb 55 
[    1.771077] switch:en=1,lcdc_id=0,screen type=1,cur type=1
[    1.771098] regulator-dummy: disabling
[    1.776844] =======================================================
[    1.776852] ==== Launching Wi-Fi driver! (Powered by Rockchip) ====
[    1.776857] =======================================================
[    1.776862]  WiFi driver (Powered by Rockchip,Ver 5.10.WFD.OOB.64bit) init.
[    1.776908] dhd_module_init: in
[    1.776915] ======== bcm_wlan_set_plat_data ========
[    1.776920] [WLAN_RFKILL]: rockchip_wifi_get_oob_irq: Enter
[    1.776939] host_oob_irq: 196 
[    1.776943] host_oob_irq_flags=4
[    1.776947] dhd_wifi_platform_load: Enter
[    1.776960] pcd_pullup, is_on 0
[    1.776963] Power-up adapter 'DHD generic adapter'
[    1.776966]  - irq 196 [flags 4], firmware: (null), nvram: (null)
[    1.776970]  - bus type -1, bus num -1, slot num -1
[    1.776970] 
[    1.776987] wifi_platform_set_power = 1
[    1.776992] ======== PULL WL_REG_ON HIGH! ========
[    1.776997] [WLAN_RFKILL]: rockchip_wifi_power: 1
[    1.777003] [WLAN_RFKILL]: rockchip_wifi_ref_voltage: 1
[    1.777006] file system registered
[    1.777011] [WLAN_RFKILL]: rockchip_wifi_ref_voltage: wifi io reference voltage control is disabled.
[    1.777469] android_usb gadget: Mass Storage Function, version: 2009/09/11
[    1.777477] android_usb gadget: Number of LUNs=2
[    1.777484]  lun0: LUN: removable file: (no medium)
[    1.777488]  lun1: LUN: removable file: (no medium)
[    1.777610] android_usb gadget: android_usb ready
[    1.777682] sensor_init: Probe name sensors
[    1.777696] sensor-dev.c v1.4 add angle calculation support between two gsensors 2013-09-01
[    1.778219] rtc_hym8563 0-0051: setting system clock to 2011-01-01 12:00:01 UTC (1293883201)
[    1.783903] rockchip-spdif-card rockchip-spdif-card.25:  rk-hdmi-spdif-hifi <-> ff880000.rockchip-spdif mapping ok
[    1.784532] usbcore: registered new interface driver snd-usb-audio
[    1.784539] ALSA device list:
[    1.784544]   #0: RK_ES8323
[    1.784548]   #1: RK-SPDIF-CARD
[    1.784937] Freeing unused kernel memory: 352K (c0b8e000 - c0be6000)
[    1.884893] [WLAN_RFKILL]: wifi turn on power. 156
[    1.996546] type=1403 audit(1293883201.710:2): policy loaded auid=4294967295 ses=4294967295
[    2.022681] rk_fb_switch_screen: wait update_regs_wait timeout
[    2.022868] rk3288-lcdc lcdc0: lcdc0: dclk:148500000>>fps:60 
[    2.022935] VGA ENABLE
[    2.023422] init: invalid gid 'trace'
[    2.091561] wifi_platform_bus_enumerate device present 1
[    2.091581] ======== Card detection to detect SDIO card! ========
[    2.091594] mmc2:mmc host rescan start!
[    2.122039] init: /dev/hw_random not found
[    2.122101] keychord: using input dev ff680000.pwm for fevent
[    2.122116] keychord: using input dev rk29-keypad for fevent
[    2.127011] init: /dev/hw_random not found
[    2.127964] fs_mgr: Running /sbin/resize2fs on /dev/block/platform/ff0f0000.rksdmmc/by-name/system
[    2.128770] resize2fs: resize2fs 1.42.9 (28-Dec-2013)resize2fs: The filesystem is already 393216 blocks long.  Nothing to do!resize2fs: 
[    2.131706] EXT4-fs (mmcblk0p10): Ignoring removed nomblk_io_submit option
[    2.138849] EXT4-fs (mmcblk0p10): mounted filesystem with ordered data mode. Opts: nomblk_io_submit,errors=remount-ro
[    2.138943] fs_mgr: check_fs(): mount(/dev/block/platform/ff0f0000.rksdmmc/by-name/system,/system,ext4)=0
[    2.139636] fs_mgr: Running /sbin/e2fsck on /dev/block/platform/ff0f0000.rksdmmc/by-name/system
[    2.144491] e2fsck: e2fsck 1.42.9 (28-Dec-2013)
[    2.144542] e2fsck: system: clean, 1836/81984 files, 111633/393216 blocks
[    2.148179] EXT4-fs (mmcblk0p10): mounted filesystem with ordered data mode. Opts: noauto_da_alloc
[    2.148255] fs_mgr: __mount(source=/dev/block/platform/ff0f0000.rksdmmc/by-name/system,target=/system,type=ext4)=0
[    2.154910] EXT4-fs (mmcblk0p8): recovery complete
[    2.155212] EXT4-fs (mmcblk0p8): mounted filesystem with ordered data mode. Opts: noauto_da_alloc,discard
[    2.155271] fs_mgr: __mount(source=/dev/block/platform/ff0f0000.rksdmmc/by-name/cache,target=/cache,type=ext4)=0
[    2.155610] EXT4-fs (mmcblk0p11): Ignoring removed nomblk_io_submit option
[    2.159031] EXT4-fs (mmcblk0p11): recovery complete
[    2.159049] EXT4-fs (mmcblk0p11): mounted filesystem with ordered data mode. Opts: nomblk_io_submit,errors=remount-ro
[    2.159097] fs_mgr: check_fs(): mount(/dev/block/platform/ff0f0000.rksdmmc/by-name/metadata,/metadata,ext4)=0
[    2.159768] fs_mgr: Running /sbin/e2fsck on /dev/block/platform/ff0f0000.rksdmmc/by-name/metadata
[    2.163887] e2fsck: e2fsck 1.42.9 (28-Dec-2013)
[    2.163922] e2fsck: /dev/block/platform/ff0f0000.rksdmmc/by-name/metadata: clean, 11/1024 files, 1102/4096 blocks
[    2.167727] EXT4-fs (mmcblk0p11): mounted filesystem with ordered data mode. Opts: noauto_da_alloc,discard
[    2.167796] fs_mgr: __mount(source=/dev/block/platform/ff0f0000.rksdmmc/by-name/metadata,target=/metadata,type=ext4)=0
[    2.167841] fs_mgr: Running /system/bin/fsck.f2fs -f /dev/block/platform/ff0f0000.rksdmmc/by-name/userdata
[    2.168677] fsck.f2fs: executing /system/bin/fsck.f2fs failed: No such file or directory
[    2.168717] fsck.f2fs: fsck.f2fs terminated by exit(255)
[    2.168959] fs_mgr: __mount(source=/dev/block/platform/ff0f0000.rksdmmc/by-name/userdata,target=/data,type=f2fs)=-1
[    2.169324] EXT4-fs (mmcblk0p13): Ignoring removed nomblk_io_submit option
[    2.236270] EXT4-fs (mmcblk0p13): recovery complete
[    2.236574] EXT4-fs (mmcblk0p13): mounted filesystem with ordered data mode. Opts: nomblk_io_submit,errors=remount-ro
[    2.236658] fs_mgr: check_fs(): mount(/dev/block/platform/ff0f0000.rksdmmc/by-name/userdata,/data,ext4)=0
[    2.238348] fs_mgr: Running /sbin/e2fsck on /dev/block/platform/ff0f0000.rksdmmc/by-name/userdata
[    2.242959] e2fsck: e2fsck 1.42.9 (28-Dec-2013)
[    2.242996] e2fsck: /dev/block/platform/ff0f0000.rksdmmc/by-name/userdata: clean, 826/65536 files, 48975/262144 blocks
[    2.246866] EXT4-fs (mmcblk0p13): mounted filesystem with ordered data mode. Opts: noauto_da_alloc,discard,errors=panic
[    2.246930] fs_mgr: __mount(source=/dev/block/platform/ff0f0000.rksdmmc/by-name/userdata,target=/data,type=ext4)=0
[    2.246952] fs_mgr: mount_with_alternatives(): Mounted /dev/block/platform/ff0f0000.rksdmmc/by-name/userdata on /data with fs_type=ext4 instead of f2fs
[    2.259984] arm_release_ver of this mali_ko is 'r5p0-06rel0', rk_ko_ver is '12', built at '12:02:29', on 'Jul  6 2015'.
[    2.260072] mali ffa30000.gpu: Continuing without Mali clock control
[    2.260157] mali pd enabled
[    2.260173] clk enabled
[    2.260187] MALI_DVFS_STEP=4,div_dvfs=10
[    2.260197] mali_dvfs_infotbl[0].clock=198000,min_threshold=0,max_threshold=70
[    2.260207] mali_dvfs_infotbl[1].clock=297000,min_threshold=70,max_threshold=80
[    2.260216] mali_dvfs_infotbl[2].clock=417000,min_threshold=80,max_threshold=90
[    2.260225] mali_dvfs_infotbl[3].clock=480000,min_threshold=94,max_threshold=100
[    2.260328] turn on mali power
[    2.260340] kbase_platform_rk_init,register_reboot_notifier
[    2.260359] mali ffa30000.gpu: GPU identified as 0x0750 r0p0 status 1
[    2.260773] mali ffa30000.gpu: Probed as mali0
[    2.263293] rk29_ipp: version magic '3.0.8+ SMP preempt mod_unload ARMv7 ' should be '3.10.0 SMP preempt mod_unload ARMv7 p2v8 '
[    2.263912] rk29_ipp: version magic '3.0.36+ SMP preempt mod_unload ARMv7 ' should be '3.10.0 SMP preempt mod_unload ARMv7 p2v8 '
[    2.264485] rk29_ipp: version magic '3.0.101+ SMP preempt mod_unload ARMv7 ' should be '3.10.0 SMP preempt mod_unload ARMv7 p2v8 '
[    2.265244] zram0: detected capacity change from 0 to 533413888
[    2.308039] rk_sdmmc: BOOT dw_mci_setup_bus: argue clk_mmc workaround out 800000Hz for init[mmc2]
[    2.311291] Adding 520908k swap on /dev/block/zram0.  Priority:-1 extents:1 across:520908k SS
[    2.336369] EXT4-fs (mmcblk0p13): Unrecognized mount option "background_gc=on" or missing value
[    2.343255] mmc2: queuing unknown CIS tuple 0x80 (2 bytes)
[    2.344835] bat_cap: oldcap path is /sys/devices/ff100000.adc
[    2.344843] mmc2: queuing unknown CIS tuple 0x80 (3 bytes)
[    2.344896] bat_cap: oldcap_path no exist
[    2.345073] binder: 151:151 transaction failed 29189, size 0-0
[    2.345580] init: Warning!  Service displayd needs a SELinux domain defined; please fix!
[    2.346412] mmc2: queuing unknown CIS tuple 0x80 (3 bytes)
[    2.349266] mmc2: queuing unknown CIS tuple 0x80 (7 bytes)
[    2.349535] init: property 'ro.serialno' doesn't exist while expanding '${ro.serialno}'
[    2.349561] init: cannot expand '${ro.serialno}' while writing to '/sys/class/android_usb/android0/iSerial'
[    2.349776] init: using deprecated syntax for specifying property 'ro.product.usbfactory', use ${name} instead
[    2.350246] rtk_btusb: btchr_open: BT usb char device is opening
[    2.350261] rtk_btusb: btchr_open: Failed to get hci dev[NULL]
[    2.350277] rtk_btusb: btchr_open: BT usb char device is opening
[    2.350287] rtk_btusb: btchr_open: Failed to get hci dev[NULL]
[    2.350308] rtk_btusb: btchr_open: BT usb char device is opening
[    2.350319] rtk_btusb: btchr_open: Failed to get hci dev[NULL]
[    2.350334] rtk_btusb: btchr_open: BT usb char device is opening
[    2.350344] rtk_btusb: btchr_open: Failed to get hci dev[NULL]
[    2.378165] init: cannot find '/system/bin/debuggerd64', disabling 'debuggerd64'
[    2.379784] init: cannot find '/system/bin/install-recovery.sh', disabling 'flash_recovery'
[    2.380246] init: cannot find '/system/bin/bplus_helper', disabling 'bplus_helper'
[    2.380487] init: Warning!  Service drmservice needs a SELinux domain defined; please fix!
[    2.380738] init: cannot find '/system/bin/akmd', disabling 'akmd'
[    2.382295] android_usb: already disabled
[    2.384931] read descriptors
[    2.384958] read strings
[    2.384993] pcd_pullup, is_on 1
[    2.403945] mmc_host mmc2: Bus speed (slot 0) = 50000000Hz (slot req 50000000Hz, actual 50000000HZ div = 0)
[    2.403971] rk_sdmmc: BOOT dw_mci_setup_bus: argue clk_mmc workaround out normal clock [mmc2]
[    2.404035] rk_sdmmc: BOOT Bus speed=50000000Hz,Bus width=4bits.[mmc2]
[    2.406573] mmc2: queuing unknown CIS tuple 0x91 (3 bytes)
[    2.406601] mmc2: new high speed SDIO card at address 0001
[    2.422790] dhd_bus_register: Enter
[    2.422802] bcmsdh_register: register client driver
[    2.422896] bcmsdh_sdmmc: bcmsdh_sdmmc_probe Enter
[    2.422961] bcmsdh_sdmmc: bcmsdh_sdmmc_probe Enter
[    2.422969] bus num (host idx)=2, slot num (rca)=1
[    2.422976] found adapter info 'DHD generic adapter'
[    2.422982] found adapter info 'DHD generic adapter'
[    2.423209] dhdsdio_probe: Enter
[    2.423216] dhdsdio_probe: venid 0x14e4 devid 0x0000
[    2.423222] dhdsdio_probe: allow device id 0, will check chip internals
[    2.423296] F1 signature read @0x18000000=0x16224335
[    2.430682] Function 0 CIS:
[    2.430691]     20 04 d0 02 35 43 21 02 0c 00 22 04 00 20 00 2b 
[    2.430714]     80 02 00 0b 80 03 02 00 11 80 03 1b 4c 06 80 07 
[    2.430736]     19 94 a1 a2 f7 55 c6 00 00 00 00 00 00 00 00 00 
[    2.430758]     00 00 00 00 00 00 00 00 00 00 00 00 00 00 00 00 
[    2.430797]     00 00 00 00 00 00 00 00 00 00 00 00 00 00 00 00 
[    2.430818]     00 00 00 00 00 00 00 00 00 00 00 00 00 00 00 00 
[    2.430840]     00 00 00 00 00 00 00 00 00 00 00 00 00 00 00 00 
[    2.430861]     00 00 00 00 00 00 00 00 00 00 00 00 00 00 00 00 
[    2.430882]     00 00 00 00 00 00 00 00 00 00 00 00 00 00 00 00 
[    2.430903]     00 00 00 00 00 00 00 00 00 00 00 00 00 00 00 00 
[    2.430924]     00 00 00 00 00 00 00 00 00 00 00 00 00 00 00 00 
[    2.430945]     00 00 00 00 00 00 00 00 00 00 00 00 00 00 00 00 
[    2.430966]     00 00 00 00 00 00 00 00 00 00 00 00 00 00 00 00 
[    2.430987]     00 00 00 00 ff 
[    2.438178] Function 1 CIS:
[    2.438188]     20 04 d0 02 35 43 21 02 0c 00 22 2a 01 00 00 00 
[    2.438212]     00 00 00 00 00 00 00 00 40 00 00 ff ff 80 00 00 
[    2.438234]     00 00 00 00 00 00 00 00 00 00 00 00 00 00 00 00 
[    2.438258]     00 00 00 00 00 00 ff 
[    2.445404] Function 2 CIS:
[    2.445412]     20 04 d0 02 35 43 21 02 0c 00 22 2a 01 01 00 00 
[    2.445435]     00 00 00 00 00 00 00 00 00 02 00 ff ff 80 00 00 
[    2.445456]     00 00 00 00 00 00 00 00 c8 00 00 00 00 00 00 00 
[    2.445477]     00 00 00 00 00 00 ff 
[    2.447952] F1 signature OK, socitype:0x1 chip:0x4339 rev:0x1 pkg:0x2
[    2.448329] DHD: dongle ram size is set to 786432(orig 786432) at 0x180000
[    2.448373] dhd_attach: Enter
[    2.448380] found adapter info 'DHD generic adapter'
[    2.448392] wifi_platform_get_mac_addr
[    2.448399] ======== bcm_wlan_get_mac_address ========
[    2.448405] [WLAN_RFKILL]: rockchip_wifi_mac_addr: enter.
[    2.448414] [WLAN_RFKILL]: falsh wifi_custom_mac_addr=[00:00:00:00:00:00]
[    2.448420] [WLAN_RFKILL]: This mac address is not valid, ignored...
[    2.448430] dhd_conf_set_chiprev: chip=0x4339, chiprev=1
[    2.448470] dhd_conf_set_conf_path_by_nv_path: config_path=/system/etc/firmware/config.txt
[    2.448500] CFG80211-TRACE) wl_cfg80211_attach :In
[    2.448507] CFG80211-DEBUG) wl_cfg80211_attach :func dd5ec208
[    2.448542] CFG80211-DEBUG) wl_setup_wiphy :Setting interface combinations for common mode
[    2.448553] CFG80211-DEBUG) wl_setup_wiphy :Registering custom regulatory)
[    2.448562] CFG80211-DEBUG) wl_setup_wiphy :Registering Vendor80211)
[    2.448758] CFG80211-DEBUG) wl_init_priv_mem :Enter 
[    2.448780] CFG80211-DEBUG) wl_create_event_handler :Enter 
[    2.448961] wl_create_event_handler(): thread:wl_event_handler:ac started
[    2.448965] tsk Enter, tsk = 0xdd72149c
[    2.448977] CFG80211-DEBUG) wl_init_conf :Enter 
[    2.448984] CFG80211-DEBUG) wl_link_down :In
[    2.448990] CFG80211-DEBUG) wl_setup_rfkill :Enter 
[    2.449063] CFG80211-DEBUG) wl_cfg80211_netdev_notifier_call :Enter state = 5
[    2.449073] CFG80211-DEBUG) wl_cfg80211_netdev_notifier_call :Enter state = 1
[    2.449081] CFG80211-DEBUG) wl_cfg80211_netdev_notifier_call :Enter state = 5
[    2.449088] CFG80211-DEBUG) wl_cfg80211_netdev_notifier_call :Enter state = 5
[    2.449100] CFG80211-DEBUG) wl_rfkill_set :Enter 
[    2.449107] CFG80211-DEBUG) wl_rfkill_set :RF unblocked
[    2.449167] dhd_attach(): thread:dhd_watchdog_thread:ad started
[    2.449219] dhd_attach(): thread:dhd_dpc:ae started
[    2.449232] dhd_dpc_thread: set dpc_cpucore 0 from config.txt
[    2.449266] dhd_attach(): thread:dhd_rxf:af started
[    2.449277] dhd_deferred_work_init: work queue initialized 
[    2.449284] dhd_tcpack_suppress_set: 0 -> 2
[    2.449291] _tdata_psh_info_pool_init 257: Enter
[    2.449298] dhdsdio_probe_malloc: Enter
[    2.449307] dhdsdio_probe_init: Enter
[    2.449371] dhdsdio_probe_init: Initial value for sd_divisor is 2
[    2.449382] dhdsdio_probe_init: Initial value for sd_mode is 2
[    2.449391] dhdsdio_probe_init: Initial value for sd_blocksize is 128
[    2.449526] Apply overflow WAR: 0x10 0x20 0xa0
[    2.449536] dhdsdio_probe_init: bus module (through bcmsdh API) does not support chaining
[    2.449543] dhdsdio_probe_init: set use_rxchain 1 from config.txt
[    2.449579] dhdsdio_probe: completed!!
[    2.456912] dhd_register_if: ifidx 0
[    2.456922] dhd_register_if: net->netdev_ops = &dhd_ops_virt
[    2.456928] dhd_register_if: net->netdev_ops = &dhd_ops_pri
[    2.456933] dhd_register_if: pub.mac.octet is not null
[    2.456940] Dongle Host Driver, version 1.201.59.4 (r506368)
[    2.456940] Compiled in drivers/net/wireless/bcmdhd on May  3 2017 at 11:34:53
[    2.456965] CFG80211-DEBUG) wl_cfg80211_netdev_notifier_call :Enter state = 16
[    2.457261] CFG80211-DEBUG) wl_cfg80211_netdev_notifier_call :Enter state = 5
[    2.457278] dhd_get_stats: Enter
[    2.457300] Register interface [wlan0]  MAC: 94:a1:a2:f7:55:c6
[    2.457300] 
[    2.457311] dhd_prot_ioctl : bus is down. we have nothing to do
[    2.457317] dhd_net_bus_devreset: wl down failed
[    2.457323] dhd_os_wd_timer: Enter
[    2.457329] dhd_txflowcontrol: Enter
[    2.457335] dhd_bus_stop: Enter
[    2.457371] bcmsdh_oob_intr_unregister: Enter
[    2.457378] bcmsdh_oob_intr_unregister: irq is not registered
[    2.457386] dhdsdio_release_dongle: Enter bus->dhd dd6800a4 bus->dhd->dongle_reset 0 
[    2.457393] dhdsdio_clkctl: Enter
[    2.457398] dhdsdio_sdclk: Enter
[    2.457403] dhd_os_wd_timer: Enter
[    2.457409] dhdsdio_clkctl: 1 -> 0
[    2.457415] dhdsdio_release_dongle: Disconnected
[    2.457420] dhd_txglom_enable: Enter
[    2.457425] dhd_txglom_enable: enable 0
[    2.457431] dhd_bus_devreset:  WLAN OFF DONE
[    2.457469] wifi_platform_set_power = 0
[    2.457476] ======== PULL WL_REG_ON LOW! ========
[    2.457500] [WLAN_RFKILL]: rockchip_wifi_power: 0
[    2.501126] firefly_vga_get_enable 180, 1
[    2.501215] firefly_vga_get_status 186
[    2.502284] firefly_vga_set_mode 203
[    2.502350] firefly_vga_set_enable 159 enable:1
[    2.563859] [WLAN_RFKILL]: wifi shut off power.
[    2.563872] [WLAN_RFKILL]: rockchip_wifi_ref_voltage: 0
[    2.563878] [WLAN_RFKILL]: rockchip_wifi_ref_voltage: wifi io reference voltage control is disabled.
[    2.563936] dhd_module_init: Exit err=0
[    2.721309] EHCI: rk_ehci_hcd_enable, disable host controller
[    2.766234] logd.auditd: start
[    2.819728] dwc_otg_hcd_enable, enable host controller
[    2.929672] Using Buffer DMA mode
[    2.929685] Periodic Transfer Interrupt Enhancement - disabled
[    2.929690] Multiprocessor Interrupt Enhancement - disabled
[    2.929696] OTG VER PARAM: 0, OTG VER FLAG: 0
[    2.929701] ^^^^^^^^^^^^^^^^^^Host Mode
[    2.977221] Init: Power Port (0)
[    2.977259] ff540000.usb resume, HPRT0:0x21401
[    2.983673] SysRq : HELP : loglevel(0-9) reboot(b) crash(c) terminate-all-tasks(e) memory-full-oom-kill(f) kill-all-tasks(i) thaw-filesystems(j) show-backtrace-all-active-cpus(l) show-memory-usage(m) nice-all-RT-tasks(n) poweroff(o) show-registers(p) show-all-timers(q) sync(s) show-task-states(t) unmount(u) show-blocked-tasks(w) dump-ftrace-buffer(z) 
[    3.114958] Indeed it is in host mode hprt0 = 00021501
[    3.292051] usb 3-1: new high-speed USB device number 2 using usb20_host
[    3.292238] Indeed it is in host mode hprt0 = 00001101
[    3.329697] healthd: No charger supplies found
[    3.329710] healthd: No battery devices found
[    3.411625] rk3288-lcdc lcdc0: blank mode:0
[    3.489052] usb 3-1: New USB device found, idVendor=1a40, idProduct=0101
[    3.489065] usb 3-1: New USB device strings: Mfr=0, Product=1, SerialNumber=0
[    3.489072] usb 3-1: Product: USB 2.0 Hub [MTT]
[    3.489536] hub 3-1:1.0: USB hub found
[    3.489599] hub 3-1:1.0: 4 ports detected
[    3.606935] ff540000.usb suspend, HPRT0:0x1485
[    4.677505] warning: `system_server' uses 32-bit capabilities (legacy support in use)
[    5.915097] D1:camsys_mipiphy_clkin_cb(34): camsys_marvin mipi phy clk in turn on
[    5.915109] D1:camsys_mipiphy_clkin_cb(34): camsys_marvin mipi phy clk in turn on
[    5.915116] D1:camsys_open(739): camsys_marvin(ddeac110) is opened!
[    5.915198] D1:camsys_extdev_register(243): Get RK30_PIN2_PB6(78) gpio(active: 0) for dev_id 0x2000000 success!
[    5.915209] D1:camsys_extdev_register(243): Get RK30_PIN2_PB7(79) gpio(active: 0) for dev_id 0x2000000 success!
[    5.915219] D1:camsys_extdev_register(243): Get RK30_PIN0_PB3(11) gpio(active: 1) for dev_id 0x2000000 success!
[    5.915244] rockchip_gpio_request:GPIO7-13
[    5.915253] rockchip_gpio_set:GPIO7-13 level = 1
[    5.915258] rockchip_gpio_direction_output:set GPIO7-13 level 1
[    5.915266] rk32_iomux_bit_op:GPIO7-13,reg=0x70,data=0xc000000,result=0x0
[    5.915274] rockchip_pmx_gpio_set_direction:gpio_direction for pin 237 as gpio7-13 to output,data=0x7600,result=0x7600
[    5.915281] D1:camsys_mrv_iomux_cb(90): marvin pinctrl select: isp_mipi_fl
[    5.915300] D1:camsys_extdev_register(268): Extdev(dev_id: 0x2000000  dev_name: OV13850) register success
[    5.920333] D1:camsys_mrv_clkin_cb(350): camsys_marvin clock(f: 210000000 Hz) in turn on
[    5.920341] D1:camsys_rk3288_cfg(267): Isp_SoftRst: 1
[    5.920445] D1:camsys_rk3288_cfg(267): Isp_SoftRst: 0
[    5.920471] D1:camsys_mrv_clkout_cb(392): camsys_marvin clock out(rate: 24000000Hz) turn on
[    5.921536] D1:camsys_sysctl_extdev(360): Sysctl 11 success, gpio(11) set 1
[    5.922598] D1:camsys_sysctl_extdev(364): Sysctl 8 success, gpio(79) set 1
[    5.923665] D1:camsys_sysctl_extdev(364): Sysctl 7 success, gpio(78) set 1
[    5.926883] E:camsys_i2c_write(78): i2c write dev(addr:0x20) failed!
[    5.928069] E:camsys_i2c_write(78): i2c write dev(addr:0x6c) failed!
[    5.928141] D1:camsys_sysctl_extdev(360): Sysctl 7 success, gpio(78) set 0
[    5.928152] D1:camsys_sysctl_extdev(360): Sysctl 8 success, gpio(79) set 0
[    5.928162] D1:camsys_sysctl_extdev(364): Sysctl 11 success, gpio(11) set 0
[    5.929240] D1:camsys_mrv_clkin_cb(374): camsys_marvin clock in turn off
[    5.929271] D1:camsys_mrv_clkout_cb(404): camsys_marvin clock out turn off
[    5.931326] D1:camsys_extdev_deregister(331): Extdev(dev_id: 0x2000000) is deregister success
[    5.931342] D1:camsys_irq_disconnect(664): All thread disconnect camsys_marvin irq success!
[    5.931353] D1:camsys_mipiphy_clkin_cb(36): camsys_marvin mipi phy clk in turn off
[    5.931361] D1:camsys_mipiphy_clkin_cb(36): camsys_marvin mipi phy clk in turn off
[    5.931368] D1:camsys_release(763): camsys_marvin(ddeac110) is closed
[    5.932978] type=1400 audit(1293883205.710:3): avc: denied { execute } for pid=488 comm="mediaserver" name="sh" dev="mmcblk0p10" ino=305 scontext=u:r:mediaserver:s0 tcontext=u:object_r:shell_exec:s0 tclass=file permissive=1
[    5.933162] type=1400 audit(1293883205.710:4): avc: denied { read open } for pid=488 comm="mediaserver" path="/system/bin/sh" dev="mmcblk0p10" ino=305 scontext=u:r:mediaserver:s0 tcontext=u:object_r:shell_exec:s0 tclass=file permissive=1
[    5.933244] type=1400 audit(1293883205.710:5): avc: denied { execute_no_trans } for pid=488 comm="mediaserver" path="/system/bin/sh" dev="mmcblk0p10" ino=305 scontext=u:r:mediaserver:s0 tcontext=u:object_r:shell_exec:s0 tclass=file permissive=1
[    5.935027] type=1400 audit(1293883205.710:6): avc: denied { getattr } for pid=488 comm="sh" path="/system/bin/toolbox" dev="mmcblk0p10" ino=318 scontext=u:r:mediaserver:s0 tcontext=u:object_r:toolbox_exec:s0 tclass=file permissive=1
[    5.935115] type=1400 audit(1293883205.710:7): avc: denied { execute } for pid=488 comm="sh" name="toolbox" dev="mmcblk0p10" ino=318 scontext=u:r:mediaserver:s0 tcontext=u:object_r:toolbox_exec:s0 tclass=file permissive=1
[    5.935178] type=1400 audit(1293883205.710:8): avc: denied { read open } for pid=488 comm="sh" path="/system/bin/toolbox" dev="mmcblk0p10" ino=318 scontext=u:r:mediaserver:s0 tcontext=u:object_r:toolbox_exec:s0 tclass=file permissive=1
[    5.935258] type=1400 audit(1293883205.710:9): avc: denied { execute_no_trans } for pid=488 comm="sh" path="/system/bin/toolbox" dev="mmcblk0p10" ino=318 scontext=u:r:mediaserver:s0 tcontext=u:object_r:toolbox_exec:s0 tclass=file permissive=1
shell@firefly-rk3288:/ $ 
shell@firefly-rk3288:/ $ 
shell@firefly-rk3288:/ $ 
shell@firefly-rk3288:/ $ 
shell@firefly-rk3288:/ $ 
shell@firefly-rk3288:/ $ 
shell@firefly-rk3288:/ $ 
shell@firefly-rk3288:/ $ 
shell@firefly-rk3288:/ $ 
shell@firefly-rk3288:/ $ 
shell@firefly-rk3288:/ $ 
shell@firefly-rk3288:/ $ 
shell@firefly-rk3288:/ $ 
shell@firefly-rk3288:/ $ 
shell@firefly-rk3288:/ $ 
shell@firefly-rk3288:/ $ 
shell@firefly-rk3288:/ $ 
shell@firefly-rk3288:/ $ 
shell@firefly-rk3288:/ $ 
shell@firefly-rk3288:/ $ 
shell@firefly-rk3288:/ $ 
shell@firefly-rk3288:/ $ 
shell@firefly-rk3288:/ $ log[    8.623593] healthd: battery none chg=
[    8.635165] [otg id chg] last id -1 current id 1
v[    8.765710] lowmemorykiller: lowmem_shrink: convert oom_adj to oom_score_adj:
[    8.765732] lowmemorykiller: oom_adj 0 => oom_score_adj 0
[    8.765738] lowmemorykiller: oom_adj 1 => oom_score_adj 58
[    8.765745] lowmemorykiller: oom_adj 2 => oom_score_adj 117
[    8.765750] lowmemorykiller: oom_adj 3 => oom_score_adj 176
[    8.765756] lowmemorykiller: oom_adj 9 => oom_score_adj 529
[    8.765762] lowmemorykiller: oom_adj 15 => oom_score_adj 1000
a[    8.930828] es8323_mic_state_ctrl read: 0
[    8.930847] mic_state_switch 0
[    8.930855] hp_det = 0,insert hp
[    8.930860] hp mic use intern
[    9.115045] acc_open
[    9.115075] acc_release
 [    9.229492] CFG80211-DEBUG) wl_cfg80211_netdev_notifier_call :Enter state = 13
[    9.229517] phy_power_on: enable = 1 
[    9.268909] Read the Ethernet MAC address from IDB:00:00:00:00:00:00
[    9.268944] eth0: device MAC address 12:ff:52:f1:4d:a2
[    9.273205] libphy: stmmac: probed
[    9.273217] eth0: PHY ID 001cc915 at 0 IRQ 0 (stmmac-0:00) active
[    9.273225] eth0: PHY ID 001cc915 at 1 IRQ 0 (stmmac-0:01) active
[    9.284126] CFG80211-DEBUG) wl_cfg80211_netdev_notifier_call :Enter state = 1
 ca[    9.579519] dwc_otg_hcd_resume, usb device mode
[    9.584075] dwc_otg_hcd_suspend, usb device mode
[    9.584176] ff540000.usb resume, HPRT0:0x1485
[    9.629182] ff540000.usb suspend, HPRT0:0x1485
t[    9.701647] Current WiFi chip is AP6210.

[    9.701721] Current WiFi chip is AP6210.
[    9.705274] Current WiFi chip is AP6210.
[    9.820568] CFG80211-DEBUG) wl_cfg80211_mgmt_frame_register :frame_type: d0, reg: 1
[    9.820617] CFG80211-DEBUG) wl_cfg80211_mgmt_frame_register :frame_type: d0, reg: 1
[    9.820645] CFG80211-DEBUG) wl_cfg80211_mgmt_frame_register :frame_type: d0, reg: 1
[    9.820671] CFG80211-DEBUG) wl_cfg80211_mgmt_frame_register :frame_type: d0, reg: 1
[    9.820697] CFG80211-DEBUG) wl_cfg80211_mgmt_frame_register :frame_type: d0, reg: 1
[    9.820721] CFG80211-DEBUG) wl_cfg80211_mgmt_frame_register :frame_type: d0, reg: 1
[    9.820747] CFG80211-DEBUG) wl_cfg80211_mgmt_frame_register :frame_type: d0, reg: 1
[    9.820771] CFG80211-DEBUG) wl_cfg80211_mgmt_frame_register :frame_type: d0, reg: 1
[    9.820795] CFG80211-DEBUG) wl_cfg80211_mgmt_frame_register :frame_type: d0, reg: 1
[    9.820824] CFG80211-DEBUG) wl_cfg80211_mgmt_frame_register :frame_type: d0, reg: 1
[    9.820849] CFG80211-DEBUG) wl_cfg80211_mgmt_frame_register :frame_type: d0, reg: 1
[    9.820872] CFG80211-DEBUG) wl_cfg80211_mgmt_frame_register :frame_type: d0, reg: 1
[    9.820899] CFG80211-DEBUG) wl_cfg80211_mgmt_frame_register :frame_type: d0, reg: 1
[    9.820925] CFG80211-DEBUG) wl_cfg80211_mgmt_frame_register :frame_type: d0, reg: 1
[    9.820950] CFG80211-DEBUG) wl_cfg80211_mgmt_frame_register :frame_type: d0, reg: 1
[    9.820977] CFG80211-DEBUG) wl_cfg80211_mgmt_frame_register :frame_type: d0, reg: 1
[    9.821005] CFG80211-DEBUG) wl_cfg80211_mgmt_frame_register :frame_type: d0, reg: 1
[    9.821061] CFG80211-DEBUG) wl_cfg80211_netdev_notifier_call :Enter state = 13
[    9.821073] dhd_open: Enter c59ba800
[    9.821081] dhd_open: ifidx 0
[    9.821088] 
[    9.821088] Dongle Host Driver, version 1.201.59.4 (r506368)
[    9.821088] Compiled in drivers/net/wireless/bcmdhd on May  3 2017 at 11:34:53
[    9.821102] wl_android_wifi_on in 1
[    9.821108] wl_android_wifi_on in 2: g_wifi_on=0
[    9.821115] wifi_platform_set_power = 1
[    9.821120] ======== PULL WL_REG_ON HIGH! ========
[    9.821126] [WLAN_RFKILL]: rockchip_wifi_power: 1
[    9.821133] [WLAN_RFKILL]: rockchip_wifi_ref_voltage: 1
[    9.821139] [WLAN_RFKILL]: rockchip_wifi_ref_voltage: wifi io reference voltage control is disabled.
[    9.924205] [WLAN_RFKILL]: wifi turn on power. 156
--------- beginning of main
I/DisplayD(    0): Display damen 2.1 starting
W/auditd  (  150): type=2000 audit(0.0:1): initialized
I/auditd  (  150): type=1[   10.033257] FAT-fs (mmcblk0p15): Volume was not properly unmounted. Some data may be corrupt. Please run fsck.
403 audit(0.0:2): policy loaded auid=4294967295 ses=4294967295
I/HDCP    (    0): HDCP starting
W/HDCP    (    0): Device not support HDCP, just exit.
I/HDCP    (    0): HDCP exiting
D/ScreenScaleManager(    0): i is 0
D/ScreenScaleManager(    0): i is 1
D/ScreenScaleManager(    0): i is 2
D/ScreenScaleManager(    0): i is 3
D/ScreenScaleManager(    0): i is 4
D/ScreenScaleManager(    0): MainDisplaySysNode is /sys/class/graphics/fb0/scale
D/ScreenScaleManager(    0): AuxDisplaySysNode is 
D/Displaymanager(    0): [DisplayManager] VER 3.0
W/Displaymanager(    0): interface 3 not support led
D/Displaymanager(    0): [display_list_add] display 0 iface VGA connect 1 enable 1 mode 1920x1080p-60
W/Displaymanager(    0): interface 4 not support led
D/Displaymanager(    0): [display_list_add] display 0 iface HDMI[   10.115099] init: no such service 'fuse_internal_sd'
 connect 0 enable 0 mode 1280x720p-60
E/Displaymanager(    0): /cache/display.cfg not exist
I/Displaymanager(    0): Read CFG [   10.130848] sdio_reset_comm():
[   10.133861] mmc_host mmc2: Bus speed (slot 0) = 50000000Hz (slot req 200000Hz, actual 200000HZ div = 125)
[   10.133876] rk_sdmmc: BOOT dw_mci_setup_bus: argue clk_mmc workaround out 400000Hz for init[mmc2]
File error
D/Displaymanager(    0): [operateIfaceMode] property 0 iface 4 type 1 mode 1280x720p-60
D/Displaymanager(    0): [operateIfaceEnable] property 0 iface 4 operate 1 value 1
W/Displaymanager(    0): interface 4 not support led
I/Displaymanager([   10.156266] mmc2: queuing unknown CIS tuple 0x    0): updatesinkaudioinfo: 0xb718b2c0
I/Displaymanager(    0)80 (2 bytes)
[   10.159261] mmc2: queuing unknown CIS tuple 0x80 (3 bytes)
[   10.163477] mmc2: queuing unknown CIS tuple 0x80 (3 bytes)
[   10.176411] mmc2: queuing unknown CIS tuple 0x80 (7 bytes)
: BUF: 
I/Displaymanager(    0): 
D/Displaymanager(    0): [operateIfaceMode] property 0 iface 3 type 1 mode 1920x1080p-60
D/Displaymanager(    0): [operateIfaceEnable] property 0 iface 3 operate 1 value 1
W/Displaymanager(    0): interface 3 not support led
I/Displaymanager(    0): updatesinkaudioinfo: 0xb718b150
I/Displaymanager(    0): BUF: 
D/Displaymanager(    0): main display enabled interface found 1
D/Displaymanager(    0): aux display enabled interface found 0
D/Displaymanager(    0): [DisplayManager] success
D/CommandListener(    0):  FrameworkListener displayd start
--------- beginning of system
E/DrmService(    0): ----------------running drmservice---------------
E/DrmService(    0): ----------serianno =40AI8IY4AN
E/DrmService(    0): auto generate serialno,serialno = 40AI8IY4AN
E/DrmService(    0): rknand_sys_storage open fail
E/DrmService(    0): detect keybox disabled
I/installd(    0): installd firing up
I/Netd    (    0): Netd 1.0 starting
I/        (    0): debuggerd: Aug 27 2015 12:20:30
I/lowmemorykiller(  152): Using in-kernel low[   10.292043] pm policy 0 -> 1
[   10.294153] mmc_host mmc2: Bus speed (slot 0) = 50000000Hz (slot req 50000000Hz, actual 50000000HZ div = 0)
[   10.294188] rk_sdmmc: BOOT dw_mci_setup_bus: argue clk_mmc workaround out normal clock [mmc2]
[   10.294474] 
[   10.294474] 
[   10.294474] dhd_bus_devreset: == WLAN ON ==
[   10.294546] F1 signature read @0x18000000=0x16224335
[   10.309062] Function 0 CIS:
[   10.309073]     20 04 d0 02 35 43 21 02 0c 00 22 04 00 20 00 2b 
[   10.309094]     80 02 00 0b 80 03 02 00 11 80 03 1b 4c 06 80 07 
[   10.309112]     19 94 a1 a2 f7 55 c6 00 00 00 00 00 00 00 00 00 
[   10.309131]     00 00 00 00 00 00 00 00 00 00 00 00 00 00 00 00 
[   10.309149]     00 00 00 00 00 00 00 00 00 00 00 00 00 00 00 00 
[   10.309167]     00 00 00 00 00 00 00 00 00 00 00 00 00 00 00 00 
[   10.309184]     00 00 00 00 00 00 00 00 00 00 00 00 00 00 00 00 
[   10.309202]     00 00 00 00 00 00 00 00 00 00 00 00 00 00 00 00 
[   10.309220]     00 00 00 00 00 00 00 00 00 00 00 00 00 00 00 00 
[   10.309238]     00 00 00 00 00 00 00 00 00 00 00 00 00 00 00 00 
[   10.309256]     00 00 00 00 00 00 00 00 00 00 00 00 00 00 00 00 
[   10.309274]     00 00 00 00 00 00 00 00 00 00 00 00 00 00 00 00 
[   10.309292]     00 00 00 00 00 00 00 00 00 00 00 00 00 00 00 00 
[   10.309310]     00 00 00 00 ff 
[   10.321103] Function 1 CIS:
[   10.321113]     20 04 d0 02 35 43 21 02 0c 00 22 2a 01 00 00 00 
[   10.321132]     00 00 00 00 00 00 00 00 40 00 00 ff ff 80 00 00 
[   10.321152]     00 00 00 00 00 00 00 00 00 00 00 00 00 00 00 00 
[   10.321169]     00 00 00 00 00 00 ff 
[   10.336122] Function 2 CIS:
[   10.336133]     20 04 d0 02 35 43 21 02 0c 00 22 2a 01 01 00 00 
[   10.336152]     00 00 00 00 00 00 00 00 00 02 00 ff ff 80 00 00 
[   10.336169]     00 00 00 00 00 00 00 00 c8 00 00 00 00 00 00 00 
[   10.336186]     00 00 00 00 00 00 ff 
[   10.338829] F1 signature OK, socitype:0x1 chip:0x4339 rev:0x1 pkg:0x2
[   10.339138] DHD: dongle ram size is set to 786432(orig 786432) at 0x180000
[   10.341648] dhdsdio_probe_init: Enter
[   10.341927] dhdsdio_probe_init: Initial value for sd_divisor is 2
[   10.341937] dhdsdio_probe_init: Initial value for sd_mode is 2
[   10.341943] dhdsdio_probe_init: Initial value for sd_blocksize is 128
[   10.342029] Apply overflow WAR: 0x10 0x20 0xa0
[   10.342038] dhdsdio_probe_init: bus module (through bcmsdh API) does not support chaining
[   10.342044] dhdsdio_probe_init: set use_rxchain 1 from config.txt
[   10.342051] dhdsdio_download_firmware: firmware path=/system/etc/firmware/fw_bcm4329.bin, nvram path=/system/etc/firmware/nvram_AP6210.txt
[   10.342057] dhdsdio_clkctl: Enter
[   10.342062] dhdsdio_htclk: Enter
[   10.342088] CLKCTL: turned ON
[   10.342095] dhd_os_wd_timer: Enter
[   10.342100] dhdsdio_clkctl: 1 -> 3
[   10.342204] dhd_conf_read_config: Ignore config file /system/etc/firmware/config.txt
[   10.342214] dhd_conf_set_fw_name_by_chip: firmware_path=/system/etc/firmware/fw_bcm4339a0_ag.bin,nv_path=/system/etc/firmware/nvram_AP6335.txt
[   10.342221] Final fw_path=/system/etc/firmware/fw_bcm4339a0_ag.bin
[   10.342226] Final nv_path=/system/etc/firmware/nvram_AP6335.txt
[   10.342231] Final conf_path=/system/etc/firmware/config.txt
[   10.342644] dhdsdio_download_code_file: download firmware /system/etc/firmware/fw_bcm4339a0_ag.bin
[   10.343402] dhdsdio_membytes: write 2048 bytes at offset 0x00000000 in window 0x00180000
[   10.346018] dhdsdio_membytes: read 2048 bytes at offset 0x00000000 in window 0x00180000
[   10.346405] dhdsdio_download_code_file: Download, Upload and compare succeeded.
[   10.346490] dhdsdio_membytes: write 2048 bytes at offset 0x00000800 in window 0x00180000
[   10.347759] dhdsdio_membytes: read 2048 bytes at offset 0x00000800 in window 0x00180000
[   10.348057] dhdsdio_download_code_file: Download, Upload and compare succeeded.
[   10.348190] dhdsdio_membytes: write 2048 bytes at offset 0x00001000 in window 0x00180000
[   10.348393] dhdsdio_membytes: read 2048 bytes at offset 0x00001000 in window 0x00180000
[   10.348554] dhdsdio_download_code_file: Download, Upload and compare succeeded.
[   10.348603] dhdsdio_membytes: write 2048 bytes at offset 0x00001800 in window 0x00180000
[   10.348814] dhdsdio_membytes: read 2048 bytes at offset 0x00001800 in window 0x00180000
[   10.348983] dhdsdio_download_code_file: Download, Upload and compare succeeded.
[   10.349037] dhdsdio_membytes: write 2048 bytes at offset 0x00002000 in window 0x00180000
[   10.349238] dhdsdio_membytes: read 2048 bytes at offset 0x00002000 in window 0x00180000
[   10.349395] dhdsdio_download_code_file: Download, Upload and compare succeeded.
[   10.349442] dhdsdio_membytes: write 2048 bytes at offset 0x00002800 in window 0x00180000
[   10.349634] dhdsdio_membytes: read 2048 bytes at offset 0x00002800 in window 0x00180000
[   10.349788] dhdsdio_download_code_file: Download, Upload and compare succeeded.
[   10.349831] dhdsdio_membytes: write 2048 bytes at offset 0x00003000 in window 0x00180000
[   10.350023] dhdsdio_membytes: read 2048 bytes at offset 0x00003000 in window 0x00180000
[   10.350178] dhdsdio_download_code_file: Download, Upload and compare succeeded.
[   10.350221] dhdsdio_membytes: write 2048 bytes at offset 0x00003800 in window 0x00180000
[   10.350415] dhdsdio_membytes: read 2048 bytes at offset 0x00003800 in window 0x00180000
[   10.350572] dhdsdio_download_code_file: Download, Upload and compare succeeded.
[   10.358603] dhdsdio_membytes: write 2048 bytes at offset 0x00004000 in window 0x00180000
[   10.358814] dhdsdio_membytes: read 2048 bytes at offset 0x00004000 in window 0x00180000
[   10.358981] dhdsdio_download_code_file: Download, Upload and compare succeeded.
[   10.359033] dhdsdio_membytes: write 2048 bytes at offset 0x00004800 in window 0x00180000
[   10.359233] dhdsdio_membytes: read 2048 bytes at offset 0x00004800 in window 0x00180000
[   10.359400] dhdsdio_download_code_file: Download, Upload and compare succeeded.
[   10.359451] dhdsdio_membytes: write 2048 bytes at offset 0x00005000 in window 0x00180000
[   10.359651] dhdsdio_membytes: read 2048 bytes at offset 0x00005000 in window 0x00180000
[   10.359814] dhdsdio_download_code_file: Download, Upload and compare succeeded.
[   10.359870] dhdsdio_membytes: write 2048 bytes at offset 0x00005800 in window 0x00180000
[   10.360072] dhdsdio_membytes: read 2048 bytes at offset 0x00005800 in window 0x00180000
[   10.360240] dhdsdio_download_code_file: Download, Upload and compare succeeded.
[   10.360527] dhdsdio_membytes: write 2048 bytes at offset 0x00006000 in window 0x00180000
[   10.360744] dhdsdio_membytes: read 2048 bytes at offset 0x00006000 in window 0x00180000
[   10.360908] dhdsdio_download_code_file: Download, Upload and compare succeeded.
[   10.360962] dhdsdio_membytes: write 2048 bytes at offset 0x00006800 in window 0x00180000
[   10.361192] dhdsdio_membytes: read 2048 bytes at offset 0x00006800 in window 0x00180000
[   10.361372] dhdsdio_download_code_file: Download, Upload and compare succeeded.
[   10.361430] dhdsdio_membytes: write 2048 bytes at offset 0x00007000 in window 0x00180000
[   10.361650] dhdsdio_membytes: read 2048 bytes at offset 0x00007000 in window 0x00180000
[   10.361822] dhdsdio_download_code_file: Download, Upload and compare succeeded.
[   10.361872] dhdsdio_membytes: write 2048 bytes at offset 0x00007800 in window 0x00180000
[   10.362109] dhdsdio_membytes: read 2048 bytes at offset 0x00007800 in window 0x00180000
[   10.362335] dhdsdio_download_code_file: Download, Upload and compare succeeded.
[   10.362405] dhdsdio_membytes: write 2048 bytes at offset 0x00000000 in window 0x00188000
[   10.362626] dhdsdio_membytes: read 2048 bytes at offset 0x00000000 in window 0x00188000
[   10.362799] dhdsdio_download_code_file: Download, Upload and compare succeeded.
[   10.362860] dhdsdio_membytes: write 2048 bytes at offset 0x00000800 in window 0x00188000
[   10.363073] dhdsdio_membytes: read 2048 bytes at offset 0x00000800 in window 0x00188000
[   10.363246] dhdsdio_download_code_file: Download, Upload and compare succeeded.
[   10.363304] dhdsdio_membytes: write 2048 bytes at offset 0x00001000 in window 0x00188000
[   10.363524] dhdsdio_membytes: read 2048 bytes at offset 0x00001000 in window 0x00188000
[   10.363704] dhdsdio_download_code_file: Download, Upload and compare succeeded.
[   10.363762] dhdsdio_membytes: write 2048 bytes at offset 0x00001800 in window 0x00188000
[   10.363982] dhdsdio_membytes: read 2048 bytes at offset 0x00001800 in window 0x00188000
[   10.364157] dhdsdio_download_code_file: Download, Upload and compare succeeded.
[   10.364213] dhdsdio_membytes: write 2048 bytes at offset 0x00002000 in window 0x00188000
[   10.364429] dhdsdio_membytes: read 2048 bytes at offset 0x00002000 in window 0x00188000
[   10.364616] dhdsdio_download_code_file: Download, Upload and compare succeeded.
[   10.364676] dhdsdio_membytes: write 2048 bytes at offset 0x00002800 in window 0x00188000
[   10.364887] dhdsdio_membytes: read 2048 bytes at offset 0x00002800 in window 0x00188000
[   10.365061] dhdsdio_download_code_file: Download, Upload and compare succeeded.
[   10.365127] dhdsdio_membytes: write 2048 bytes at offset 0x00003000 in window 0x00188000
[   10.365362] dhdsdio_membytes: read 2048 bytes at offset 0x00003000 in window 0x00188000
[   10.365991] dhdsdio_download_code_file: Download, Upload and compare succeeded.
[   10.366055] dhdsdio_membytes: write 2048 bytes at offset 0x00003800 in window 0x00188000
[   10.366278] dhdsdio_membytes: read 2048 bytes at offset 0x00003800 in window 0x00188000
[   10.366448] dhdsdio_download_code_file: Download, Upload and compare succeeded.
[   10.366509] dhdsdio_membytes: write 2048 bytes at offset 0x00004000 in window 0x00188000
[   10.366723] dhdsdio_membytes: read 2048 bytes at offset 0x00004000 in window 0x00188000
[   10.366886] dhdsdio_download_code_file: Download, Upload and compare succeeded.
[   10.366939] dhdsdio_membytes: write 2048 bytes at offset 0x00004800 in window 0x00188000
[   10.367382] dhdsdio_membytes: read 2048 bytes at offset 0x00004800 in window 0x00188000
[   10.367548] dhdsdio_download_code_file: Download, Upload and compare succeeded.
[   10.367601] dhdsdio_membytes: write 2048 bytes at offset 0x00005000 in window 0x00188000
[   10.367798] dhdsdio_membytes: read 2048 bytes at offset 0x00005000 in window 0x00188000
[   10.368003] dhdsdio_download_code_file: Download, Upload and compare succeeded.
[   10.368057] dhdsdio_membytes: write 2048 bytes at offset 0x00005800 in window 0x00188000
[   10.368272] dhdsdio_membytes: read 2048 bytes at offset 0x00005800 in window 0x00188000
[   10.368437] dhdsdio_download_code_file: Download, Upload and compare succeeded.
[   10.368485] dhdsdio_membytes: write 2048 bytes at offset 0x00006000 in window 0x00188000
[   10.368707] dhdsdio_membytes: read 2048 bytes at offset 0x00006000 in window 0x00188000
[   10.368870] dhdsdio_download_code_file: Download, Upload and compare succeeded.
[   10.368930] dhdsdio_membytes: write 2048 bytes at offset 0x00006800 in window 0x00188000
[   10.369148] dhdsdio_membytes: read 2048 bytes at offset 0x00006800 in window 0x00188000
[   10.369323] dhdsdio_download_code_file: Download, Upload and compare succeeded.
[   10.369372] dhdsdio_membytes: write 2048 bytes at offset 0x00007000 in window 0x00188000
[   10.370249] dhdsdio_membytes: read 2048 bytes at offset 0x00007000 in window 0x00188000
[   10.370414] dhdsdio_download_code_file: Download, Upload and compare succeeded.
[   10.370474] dhdsdio_membytes: write 2048 bytes at offset 0x00007800 in window 0x00188000
[   10.370684] dhdsdio_membytes: read 2048 bytes at offset 0x00007800 in window 0x00188000
[   10.370844] dhdsdio_download_code_file: Download, Upload and compare succeeded.
[   10.370900] dhdsdio_membytes: write 2048 bytes at offset 0x00000000 in window 0x00190000
[   10.371105] dhdsdio_membytes: read 2048 bytes at offset 0x00000000 in window 0x00190000
[   10.371263] dhdsdio_download_code_file: Download, Upload and compare succeeded.
[   10.371309] dhdsdio_membytes: write 2048 bytes at offset 0x00000800 in window 0x00190000
[   10.371515] dhdsdio_membytes: read 2048 bytes at offset 0x00000800 in window 0x00190000
[   10.371668] dhdsdio_download_code_file: Download, Upload and compare succeeded.
[   10.371711] dhdsdio_membytes: write 2048 bytes at offset 0x00001000 in window 0x00190000
[   10.371911] dhdsdio_membytes: read 2048 bytes at offset 0x00001000 in window 0x00190000
[   10.372063] dhdsdio_download_code_file: Download, Upload and compare succeeded.
[   10.372103] dhdsdio_membytes: write 2048 bytes at offset 0x00001800 in window 0x00190000
[   10.372329] dhdsdio_membytes: read 2048 bytes at offset 0x00001800 in window 0x00190000
[   10.372492] dhdsdio_download_code_file: Download, Upload and compare succeeded.
[   10.372543] dhdsdio_membytes: write 2048 bytes at offset 0x00002000 in window 0x00190000
[   10.372758] dhdsdio_membytes: read 2048 bytes at offset 0x00002000 in window 0x00190000
[   10.372927] dhdsdio_download_code_file: Download, Upload and compare succeeded.
[   10.372980] dhdsdio_membytes: write 2048 bytes at offset 0x00002800 in window 0x00190000
[   10.373193] dhdsdio_membytes: read 2048 bytes at offset 0x00002800 in window 0x00190000
[   10.373359] dhdsdio_download_code_file: Download, Upload and compare succeeded.
[   10.373407] dhdsdio_membytes: write 2048 bytes at offset 0x00003000 in window 0x00190000
[   10.373611] dhdsdio_membytes: read 2048 bytes at offset 0x00003000 in window 0x00190000
[   10.373772] dhdsdio_download_code_file: Download, Upload and compare succeeded.
[   10.373820] dhdsdio_membytes: write 2048 bytes at offset 0x00003800 in window 0x00190000
[   10.374026] dhdsdio_membytes: read 2048 bytes at offset 0x00003800 in window 0x00190000
[   10.374185] dhdsdio_download_code_file: Download, Upload and compare succeeded.
[   10.374362] dhdsdio_membytes: write 2048 bytes at offset 0x00004000 in window 0x00190000
[   10.374566] dhdsdio_membytes: read 2048 bytes at offset 0x00004000 in window 0x00190000
[   10.374722] dhdsdio_download_code_file: Download, Upload and compare succeeded.
[   10.374770] dhdsdio_membytes: write 2048 bytes at offset 0x00004800 in window 0x00190000
[   10.374971] dhdsdio_membytes: read 2048 bytes at offset 0x00004800 in window 0x00190000
[   10.375129] dhdsdio_download_code_file: Download, Upload and compare succeeded.
[   10.375174] dhdsdio_membytes: write 2048 bytes at offset 0x00005000 in window 0x00190000
[   10.375378] dhdsdio_membytes: read 2048 bytes at offset 0x00005000 in window 0x00190000
[   10.375535] dhdsdio_download_code_file: Download, Upload and compare succeeded.
[   10.375581] dhdsdio_membytes: write 2048 bytes at offset 0x00005800 in window 0x00190000
[   10.375780] dhdsdio_membytes: read 2048 bytes at offset 0x00005800 in window 0x00190000
[   10.375939] dhdsdio_download_code_file: Download, Upload and compare succeeded.
[   10.375991] dhdsdio_membytes: write 2048 bytes at offset 0x00006000 in window 0x00190000
[   10.376200] dhdsdio_membytes: read 2048 bytes at offset 0x00006000 in window 0x00190000
[   10.376367] dhdsdio_download_code_file: Download, Upload and compare succeeded.
[   10.376419] dhdsdio_membytes: write 2048 bytes at offset 0x00006800 in window 0x00190000
[   10.376634] dhdsdio_membytes: read 2048 bytes at offset 0x00006800 in window 0x00190000
[   10.376828] dhdsdio_download_code_file: Download, Upload and compare succeeded.
[   10.376899] dhdsdio_membytes: write 2048 bytes at offset 0x00007000 in window 0x00190000
[   10.377112] dhdsdio_membytes: read 2048 bytes at offset 0x00007000 in window 0x00190000
[   10.377288] dhdsdio_download_code_file: Download, Upload and compare succeeded.
[   10.377342] dhdsdio_membytes: write 2048 bytes at offset 0x00007800 in window 0x00190000
[   10.377545] dhdsdio_membytes: read 2048 bytes at offset 0x00007800 in window 0x00190000
[   10.377717] dhdsdio_download_code_file: Download, Upload and compare succeeded.
[   10.377775] dhdsdio_membytes: write 2048 bytes at offset 0x00000000 in window 0x00198000
[   10.377977] dhdsdio_membytes: read 2048 bytes at offset 0x00000000 in window 0x00198000
[   10.378133] dhdsdio_download_code_file: Download, Upload and compare succeeded.
[   10.378178] dhdsdio_membytes: write 2048 bytes at offset 0x00000800 in window 0x00198000
[   10.378374] dhdsdio_membytes: read 2048 bytes at offset 0x00000800 in window 0x00198000
[   10.378529] dhdsdio_download_code_file: Download, Upload and compare succeeded.
[   10.378573] dhdsdio_membytes: write 2048 bytes at offset 0x00001000 in window 0x00198000
[   10.380055] dhdsdio_membytes: read 2048 bytes at offset 0x00001000 in window 0x00198000
[   10.380210] dhdsdio_download_code_file: Download, Upload and compare succeeded.
[   10.380254] dhdsdio_membytes: write 2048 bytes at offset 0x00001800 in window 0x00198000
[   10.380459] dhdsdio_membytes: read 2048 bytes at offset 0x00001800 in window 0x00198000
[   10.380622] dhdsdio_download_code_file: Download, Upload and compare succeeded.
[   10.380675] dhdsdio_membytes: write 2048 bytes at offset 0x00002000 in window 0x00198000
[   10.380880] dhdsdio_membytes: read 2048 bytes at offset 0x00002000 in window 0x00198000
[   10.381042] dhdsdio_download_code_file: Download, Upload and compare succeeded.
[   10.381090] dhdsdio_membytes: write 2048 bytes at offset 0x00002800 in window 0x00198000
[   10.381289] dhdsdio_membytes: read 2048 bytes at offset 0x00002800 in window 0x00198000
[   10.381447] dhdsdio_download_code_file: Download, Upload and compare succeeded.
[   10.381493] dhdsdio_membytes: write 2048 bytes at offset 0x00003000 in window 0x00198000
[   10.381689] dhdsdio_membytes: read 2048 bytes at offset 0x00003000 in window 0x00198000
[   10.381846] dhdsdio_download_code_file: Download, Upload and compare succeeded.
[   10.381893] dhdsdio_membytes: write 2048 bytes at offset 0x00003800 in window 0x00198000
[   10.382304] dhdsdio_membytes: read 2048 bytes at offset 0x00003800 in window 0x00198000
[   10.382466] dhdsdio_download_code_file: Download, Upload and compare succeeded.
[   10.382514] dhdsdio_membytes: write 2048 bytes at offset 0x00004000 in window 0x00198000
[   10.382711] dhdsdio_membytes: read 2048 bytes at offset 0x00004000 in window 0x00198000
[   10.382865] dhdsdio_download_code_file: Download, Upload and compare succeeded.
[   10.382908] dhdsdio_membytes: write 2048 bytes at offset 0x00004800 in window 0x00198000
[   10.383109] dhdsdio_membytes: read 2048 bytes at offset 0x00004800 in window 0x00198000
[   10.383270] dhdsdio_download_code_file: Download, Upload and compare succeeded.
[   10.383506] dhdsdio_membytes: write 2048 bytes at offset 0x00005000 in window 0x00198000
[   10.384126] dhdsdio_membytes: read 2048 bytes at offset 0x00005000 in window 0x00198000
