dmes f g 
[    0.000000] Booting Linux on physical CPU 0x0
[    0.000000] Linux version 4.9.54 (jay@jay) (gcc version 6.3.1 20170109 (Linaro GCC 6.3-2017.02) ) #2 SMP PREEMPT Fri Dec 7 16:58:11 CST 2018
[    0.000000] Boot CPU: AArch64 Processor [410fd034]
[    0.000000] earlycon: aml_uart0 at MMIO 0x00000000ff803000 (options '')
[    0.000000] bootconsole [aml_uart0] enabled
[    0.000000] efi: Getting EFI parameters from FDT:
[    0.000000] efi: UEFI not found.
[    0.000000] Reserved memory: created CMA memory pool at 0x000000000f000000, size 8 MiB
[    0.000000] OF: reserved mem: initialized node linux,meson-fb, compatible id shared-dma-pool
[    0.000000] Reserved memory: created CMA memory pool at 0x0000000005000000, size 4 MiB
[    0.000000] OF: reserved mem: initialized node linux,secmon, compatible id shared-dma-pool
[    0.000000] cma: Reserved 16 MiB at 0x000000001f000000
[    0.000000] On node 0 totalpages: 131072
[    0.000000]   DMA zone: 2048 pages used for memmap
[    0.000000]   DMA zone: 0 pages reserved
[    0.000000]   DMA zone: 131072 pages, LIFO batch:31
[    0.000000] psci: probing for conduit method from DT.
[    0.000000] psci: PSCIv1.0 detected in firmware.
[    0.000000] psci: Using standard PSCI v0.2 function IDs
[    0.000000] psci: MIGRATE_INFO_TYPE not supported.
[    0.000000] percpu: Embedded 23 pages/cpu @ffffffc01ef19000 s53528 r8192 d32488 u94208
[    0.000000] pcpu-alloc: s53528 r8192 d32488 u94208 alloc=23*4096
[    0.000000] pcpu-alloc: [0] 0 [0] 1 [0] 2 [0] 3 
[    0.000000] Detected VIPT I-cache on CPU0
[    0.000000] CPU features: enabling workaround for ARM erratum 845719
[    0.000000] Built 1 zonelists in Zone order, mobility grouping on.  Total pages: 129024
[    0.000000] Kernel command line: rootfstype=ramfs init=/init console=ttyS0,115200 no_console_suspend earlycon=aml_uart,0xff803000 ramoops.pstore_en=1 ramoops.record_size=0x8000 ramoops.console_size=0x4000 logo=osd0,loaded,0x3d800000 vout=panel,enable panel_type=lcd_1 osd_reverse=0 video_reverse=0 androidboot.selinux=enforcing androidboot.firstboot=1 jtag=apao androidboot.hardware=amlogic androidboot.serialno=1234567890 androidboot.rpmb_state=0 root=/dev/ubi0_0 rootfstype=ubifs init=/sbin/init
[    0.000000] fb: osd0
[    0.000000] fb: loaded
[    0.000000] fb: 0x3d800000
[    0.000000] vout: panel
[    0.000000] vout: enable: 1
[    0.000000] lcd: panel_type: lcd_1
[    0.000000] vpp_axis_reverse: bootargs is 0
[    0.000000] jtag: jtag select apao
[    0.000000] PID hash table entries: 2048 (order: 2, 16384 bytes)
[    0.000000] Dentry cache hash table entries: 65536 (order: 7, 524288 bytes)
[    0.000000] Inode-cache hash table entries: 32768 (order: 6, 262144 bytes)
[    0.000000] Memory: 452552K/524288K available (11836K kernel code, 1514K rwdata, 3376K rodata, 4352K init, 1350K bss, 43064K reserved, 28672K cma-reserved)
[    0.000000] Virtual kernel memory layout:
[    0.000000]     modules : 0xffffff8000000000 - 0xffffff8008000000   (   128 MB)
[    0.000000]     vmalloc : 0xffffff8008000000 - 0xffffffbebfff0000   (   250 GB)
[    0.000000]       .text : 0xffffff8009080000 - 0xffffff8009c10000   ( 11840 KB)
[    0.000000]     .rodata : 0xffffff8009c10000 - 0xffffff8009f70000   (  3456 KB)
[    0.000000]       .init : 0xffffff8009f70000 - 0xffffff800a3b0000   (  4352 KB)
[    0.000000]       .data : 0xffffff800a3b0000 - 0xffffff800a52aa00   (  1515 KB)
[    0.000000]        .bss : 0xffffff800a52aa00 - 0xffffff800a67c394   (  1351 KB)
[    0.000000]     fixed   : 0xffffffbefe7fd000 - 0xffffffbefec00000   (  4108 KB)
[    0.000000]     PCI I/O : 0xffffffbefee00000 - 0xffffffbeffe00000   (    16 MB)
[    0.000000]     vmemmap : 0xffffffbf00000000 - 0xffffffc000000000   (     4 GB maximum)
[    0.000000]               0xffffffbf00000000 - 0xffffffbf00800000   (     8 MB actual)
[    0.000000]     memory  : 0xffffffc000000000 - 0xffffffc020000000   (   512 MB)
[    0.000000] SLUB: HWalign=64, Order=0-3, MinObjects=0, CPUs=4, Nodes=1
[    0.000000] Preemptible hierarchical RCU implementation.
[    0.000000] 	Build-time adjustment of leaf fanout to 64.\x004.
[    0.000000] 	RCU restricting CPUs from NR_CPUS=8 to nr_cpu_ids=4.\x004.
[    0.000000] RCU: Adjusting geometry for rcu_fanout_leaf=64, nr_cpu_ids=4
[    0.000000] NR_IRQS:64 nr_irqs:64 0
[    0.000000] axg_aoclkc_init: register ao clk ok!
[    0.000000] axg_amlogic_init_sdemmc: register amlogic sdemmc clk
[    0.000000] axg_amlogic_init_sdemmc: register amlogic sdemmc clk
[    0.000000] axg_amlogic_init_media: register meson media clk
[    0.000000] axg_amlogic_init_misc: register amlogic axg misc clks
[    0.000000] axg_amlogic_init_misc: register amlogic sdemmc clk
[    0.000000] axg_clkc_init initialization complete
[    0.000000] arm_arch_timer: Architected cp15 timer(s) running at 24.00MHz (phys).
[    0.000000] clocksource: arch_sys_counter: mask: 0xffffffffffffff max_cycles: 0x588fe9dc0, max_idle_ns: 440795202592 ns
[    0.000003] sched_clock: 56 bits at 24MHz, resolution 41ns, wraps every 4398046511097ns
[    0.008253] meson_bc_timer: mclk->mux_reg =ffffff8008008190,mclk->reg =ffffff800800a194
[    0.016847] Console: colour dummy device 80x25
[    0.021103] Calibrating delay loop (skipped), value calculated using timer frequency.. 48.00 BogoMIPS (lpj=96000)
[    0.031586] pid_max: default: 32768 minimum: 301
[    0.036466] Security Framework initialized
[    0.040696] SELinux:  Initializing.
[    0.044419] SELinux:  Starting in permissive mode
[    0.044461] Mount-cache hash table entries: 1024 (order: 1, 8192 bytes)
[    0.051196] Mountpoint-cache hash table entries: 1024 (order: 1, 8192 bytes)
[    0.059018] ftrace: allocating 39894 entries in 156 pages
[    0.127101] sched-energy: CPU device node has no sched-energy-costs
[    0.127909] Invalid sched_group_energy for CPU0
[    0.132660] CPU0: update cpu_capacity 1024
[    0.136942] ASID allocator initialised with 65536 entries
[    0.175188] EFI services will not be available.
[    0.175301] Meson chip version = RevB (25:B - 22:0)
[    0.207633] Detected VIPT I-cache on CPU1
[    0.207690] Invalid sched_group_energy for CPU1
[    0.207694] CPU1: update cpu_capacity 1024
[    0.207696] CPU1: Booted secondary processor [410fd034]
[    0.235670] Detected VIPT I-cache on CPU2
[    0.235711] Invalid sched_group_energy for CPU2
[    0.235714] CPU2: update cpu_capacity 1024
[    0.235716] CPU2: Booted secondary processor [410fd034]
[    0.263743] Detected VIPT I-cache on CPU3
[    0.263781] Invalid sched_group_energy for CPU3
[    0.263784] CPU3: update cpu_capacity 1024
[    0.263786] CPU3: Booted secondary processor [410fd034]
[    0.263861] Brought up 4 CPUs
[    0.317257] SMP: Total of 4 processors activated.
[    0.322167] CPU features: detected feature: 32-bit EL0 Support
[    0.328250] CPU: All CPU(s) started at EL2
[    0.332510] alternatives: patching kernel code
[    0.337264] Invalid sched_group_energy for CPU3
[    0.341855] Invalid sched_group_energy for Cluster3
[    0.346926] Invalid sched_group_energy for CPU2
[    0.351651] Invalid sched_group_energy for Cluster2
[    0.356726] Invalid sched_group_energy for CPU1
[    0.361451] Invalid sched_group_energy for Cluster1
[    0.366525] Invalid sched_group_energy for CPU0
[    0.371251] Invalid sched_group_energy for Cluster0
[    0.377088] devtmpfs: initialized
[    0.391984] DMI not present or invalid.
[    0.392355] clocksource: jiffies: mask: 0xffffffff max_cycles: 0xffffffff, max_idle_ns: 7645041785100000 ns
[    0.400369] futex hash table entries: 1024 (order: 5, 131072 bytes)
[    0.407671] pinctrl core: initialized pinctrl subsystem
[    0.413583] NET: Registered protocol family 16
[    0.436973] cpuidle: using governor menu
[    0.437101] register canvas platform driver
[    0.439862] register rdma platform driver
[    0.445367] vdso: 2 pages (1 code @ ffffff8009c17000, 1 data @ ffffff800a3b5000)
[    0.451659] hw-breakpoint: found 6 breakpoint and 4 watchpoint registers.
[    0.459145] DMA: preallocated 256 KiB pool for atomic allocations
[    0.465045] codec_mm_module_init
[    0.468379] media_configs_system_init
[    0.480488] aml_iomap: amlogic iomap probe done
[    0.495127] vpu: driver version: v02
[    0.495175] vpu: load vpu_clk: 250000000Hz(3)
[    0.497899] vpu: vpu_clktree_init
[    0.501330] vpu: vpu_probe OK
[    0.504819] aml_snd_reg_map[0], reg:ff632000, size:20
[    0.509722] aml_snd_reg_map[1], reg:ff642000, size:2000
[    0.515103] aml snd iomap probe done
[    0.818494] vgaarb: loaded
[    0.818897] SCSI subsystem initialized
[    0.820016] usbcore: registered new interface driver usbfs
[    0.825453] usbcore: registered new interface driver hub
[    0.830988] usbcore: registered new device driver usb
[    0.836270] Linux video capture interface: v2.00
[    0.841026] pps_core: LinuxPPS API ver. 1 registered
[    0.846104] pps_core: Software ver. 5.3.6 - Copyright 2005-2007 Rodolfo Giometti <giometti@linux.it>
[    0.855494] PTP clock support registered
[    0.859991] dmi: Firmware registration failed.
[    0.864506] aml_i2c version: 20140813
[    0.868638] aml-i2c ff805000.i2c: add adapter aml_i2c_adap0(ffffffc01d0ab8d0)
[    0.875977] aml-i2c ffd1e000.i2c: add adapter aml_i2c_adap2(ffffffc01d0ac0d0)
[    0.883209] aml-i2c ffd1d000.i2c: add adapter aml_i2c_adap3(ffffffc01d0ac8d0)
[    0.890825] lcd: detect mode: tablet, fr_auto_policy: 0, key_valid: 0
[    0.896916] lcd: lcd_clktree_probe
[    0.900331] lcd: status: 1
[    0.903230] vout: vout_register_server
[    0.907157] lcd: lcd_get_config from dts
[    0.911287] lcd: failed to get range_setting
[    0.915825] lcd: HARMAN_FH28, mipi, 8bit, 800x186
[    0.920650] lcd: pixel_clk = 14.976MHz, bit_rate = 254.592MHz
[    0.926944] lcd: lcd_fops_create OK
[    0.930259] lcd: lcd_probe ok
[    0.933803] vout: init mode panel
[    0.936956] vout: create vout attribute OK
[    0.941217] vout: aml_vout_probe OK
[    0.944942] fb: osd_init_module
[    0.948477] fb: viu vsync irq: 143
[    0.951795] fb: mapped phy: 0xff900000
[    0.955737] vpu: switch_vpu_mem_pd: unsupport vpu mod: 1
[    0.961238] vpu: switch_vpu_mem_pd: unsupport vpu mod: 7
[    0.966881] meson-fb meson-fb: assigned reserved memory node linux,meson-fb
[    0.973950] fb: reserved memory base:f000000, size:800000
[    0.979810] fb: init fbdev bpp is:32
[    0.984120] fb: set osd0 reverse as NONE
[    1.003643] fb: osd probe OK
[    1.004083] Advanced Linux Sound Architecture Driver Initialized.
[    1.008005] Bluetooth: Core ver 2.22
[    1.011158] NET: Registered protocol family 31
[    1.015764] Bluetooth: HCI device and connection manager initialized
[    1.022331] Bluetooth: HCI socket layer initialized
[    1.027387] Bluetooth: L2CAP socket layer initialized
[    1.032674] Bluetooth: SCO socket layer initialized
[    1.038230] NetLabel: Initializing
[    1.041316] NetLabel:  domain hash size = 128
[    1.045856] NetLabel:  protocols = UNLABELED CIPSOv4
[    1.051074] NetLabel:  unlabeled traffic allowed by default
[    1.058604] clocksource: Switched to clocksource arch_sys_counter
[    1.150816] VFS: Disk quotas dquot_6.6.0
[    1.150922] VFS: Dquot-cache hash table entries: 512 (order 0, 4096 bytes)
[    1.168053] jtag: module init
[    1.168444] NET: Registered protocol family 2
[    1.170717] TCP established hash table entries: 4096 (order: 3, 32768 bytes)
[    1.177394] TCP bind hash table entries: 4096 (order: 4, 65536 bytes)
[    1.184067] TCP: Hash tables configured (established 4096 bind 4096)
[    1.190670] UDP hash table entries: 256 (order: 1, 8192 bytes)
[    1.196619] UDP-Lite hash table entries: 256 (order: 1, 8192 bytes)
[    1.203300] NET: Registered protocol family 1
[    1.208088] RPC: Registered named UNIX socket transport module.
[    1.213770] RPC: Registered udp transport module.
[    1.218655] RPC: Registered tcp transport module.
[    1.223569] RPC: Registered tcp NFSv4.1 backchannel transport module.
[    1.230212] PCI: CLS 0 bytes, default 128
[    1.231384] wifi: power_on_pin_OD = 0;
[    1.234231] aml_wifi wifi: [pwm_double_channel_conf_dt] wifi pwm dt ok
[    1.240931] aml_wifi wifi: [pwm_double_channel_conf] wifi pwm conf ok
[    1.247542] aml_wifi wifi: [wifi_dev_probe] dhd_static_buf setup
[    1.253976] Wifi: bcmdhd_init_wlan_mem: bcmdhd_init_wlan_mem prealloc ok
[    1.260664] aml_wifi wifi: [wifi_dev_probe] interrupt_pin=68
[    1.266521] aml_wifi wifi: [wifi_dev_probe] irq_num=0, irq_trigger_type=1
[    1.273524] aml_wifi wifi: [wifi_dev_probe] power_on_pin=69
[    1.279294] aml_wifi wifi: [wifi_dev_probe] clock_32k_pin=0
[    1.285357] aml_wifi wifi: [wifi_setup_dt] wifi_setup_dt
[    1.290642] aml_wifi wifi: [wifi_setup_dt] irq num is:(91)
[    1.296275] aml_wifi wifi: [wifi_setup_dt] interrupt_pin(68)
[    1.302146] aml_wifi wifi: [wifi_setup_dt] power_on_pin(69)
[    1.307929] aml_wifi wifi: [wifi_setup_dt] power_on_pin2(78)
[    1.314120] Unpacking initramfs...
[    1.429697] Freeing initrd memory: 2676K
[    1.431294] hw perfevents: enabled with armv8_pmuv3 PMU driver, 7 counters available
[    1.437662] audit: initializing netlink subsys (disabled)
[    1.441824] audit: type=2000 audit(1.232:1): initialized
[    1.448165] workingset: timestamp_bits=62 max_order=17 bucket_order=0
[    1.464418] squashfs: version 4.0 (2009/01/31) Phillip Lougher
[    1.466343] NFS: Registering the id_resolver key type
[    1.470095] Key type id_resolver registered
[    1.474435] Key type id_legacy registered
[    1.478680] ntfs: driver 2.1.32 [Flags: R/O].
[    1.483755] fuse init (API version 7.26)
[    1.488317] SELinux:  Registering netfilter hooks
[    1.491668] NET: Registered protocol family 38
[    1.491927] Key type asymmetric registered
[    1.496236] Asymmetric key parser 'x509' registered
[    1.501565] Block layer SCSI generic (bsg) driver version 0.4 loaded (major 246)
[    1.508920] io scheduler noop registered
[    1.513021] io scheduler deadline registered
[    1.517694] io scheduler cfq registered (default)
[    1.532641] Unable to detect cache hierarchy from DT for CPU 0
[    1.540006] loop: module loaded
[    1.540888] zram: Added device: zram0
[    1.541929] mtdoops: mtd device (mtddev=name/number) must be supplied
[    1.548821] libphy: Fixed MDIO Bus: probed
[    1.552882] tun: Universal TUN/TAP device driver, 1.6
[    1.557732] tun: (C) 1999-2004 Max Krasnyansky <maxk@qualcomm.com>
[    1.565478] meson6-dwmac ff3f0000.ethernet: no reset control found
[    1.570511] stmmac - user ID: 0x11, Synopsys ID: 0x37
[    1.575743]  Ring mode enabled
[    1.578973]  DMA HW capability register supported
[    1.583701]  Normal descriptors
[    1.587020]  RX Checksum Offload Engine supported
[    1.591924] 	COE Type 2\x00 2
[    1.594537]  TX Checksum insertion supported
[    1.599008]  Wake-Up On Lan supported
[    1.602923]  Enable RX Mitigation via HW Watchdog Timer
[    1.616257] libphy: stmmac: probed
[    1.616287] eth%d: PHY ID 001cc916 at 0 IRQ POLL (stmmac-0:00) active
[    1.620842] eth%d: PHY ID 001cc916 at 3 IRQ POLL (stmmac-0:03)
[    1.628040] PPP generic driver version 2.4.2
[    1.631636] PPP BSD Compression module registered
[    1.636254] PPP Deflate Compression module registered
[    1.641509] PPP MPPE Compression module registered
[    1.646479] NET: Registered protocol family 24
[    1.651241] usbcore: registered new interface driver asix
[    1.656830] usbcore: registered new interface driver ax88179_178a
[    1.663099] usbcore: registered new interface driver cdc_ether
[    1.669138] usbcore: registered new interface driver net1080
[    1.674998] usbcore: registered new interface driver cdc_subset
[    1.681115] usbcore: registered new interface driver zaurus
[    1.686905] usbcore: registered new interface driver cdc_ncm
[    1.693916] ehci_hcd: USB 2.0 'Enhanced' Host Controller (EHCI) Driver
[    1.699436] ehci-pci: EHCI PCI platform driver
[    1.704177] ohci_hcd: USB 1.1 'Open' Host Controller (OHCI) Driver
[    1.710504] ohci-pci: OHCI PCI platform driver
[    1.715692] usbcore: registered new interface driver cdc_acm
[    1.720957] cdc_acm: USB Abstract Control Model driver for USB modems and ISDN adapters
[    1.729275] usbcore: registered new interface driver usb-storage
[    1.735523] usbcore: registered new interface driver usbserial
[    1.741973] mousedev: PS/2 mouse device common for all mice
[    1.747575] usbcore: registered new interface driver xpad
[    1.753019] i2c /dev entries driver
[    1.757148] usbcore: registered new interface driver uvcvideo
[    1.762431] USB Video Class driver (1.1.1)
[    1.766708] md: linear personality registered for level -1
[    1.772897] device-mapper: ioctl: 4.35.0-ioctl (2016-06-23) initialised: dm-devel@redhat.com
[    1.782394] cpu cpu0: bL_cpufreq_init: CPU 0 initialized
[    1.788397] arm_big_little: bL_cpufreq_register: Registered platform driver: scpi
[    1.796023] usbcore: registered new interface driver usbhid
[    1.800057] usbhid: USB HID core driver
[    1.804318] ashmem: initialized
[    1.807700] logger: created 512K log 'log_main'
[    1.812324] logger: created 1K log 'log_events'
[    1.817007] logger: created 1K log 'log_radio'
[    1.821669] logger: created 16K log 'log_system'
[    1.827110] ff803000.serial: clock gate not found
[    1.831255] meson_uart ff803000.serial: ==uart0 reg addr = ffffff8008206000
[    1.838429] ff803000.serial: ttyS0 at MMIO 0xff803000 (irq = 124, base_baud = 1500000) is a meson_uart
[    1.853496] meson_uart ff803000.serial: ttyS0 use xtal(8M) 24000000 change 0 to 115200
[    1.856083] console [ttyS0] enabled
[    1.863292] bootconsole [aml_uart0] disabled
[    1.872767] meson_uart ffd24000.serial: ==uart1 reg addr = ffffff8008239000
[    1.879223] ffd24000.serial: ttyS1 at MMIO 0xffd24000 (irq = 141, base_baud = 1500000) is a meson_uart
[    1.889163] secmon secmon: assigned reserved memory node linux,secmon
[    1.899680] secmon: share in base: 0xffffffc0050fe000, share out base: 0xffffffc0050ff000
[    1.903406] secmon: phy_in_base: 0x50fe000, phy_out_base: 0x50ff000
[    1.910581] amlogic-new-usb2 ffe09000.usb2phy: USB2 phy probe:phy_mem:0xffe09000, iomap phy_base:0xffffff800823b000
[    1.920659] amlogic-new-usb3 ffe09080.usb3phy: This phy has no usb port
[    1.927140] amlogic-new-usb3 ffe09080.usb3phy: USB3 phy probe:phy_mem:0xffe09080, iomap phy_base:0xffffff80082f3080
[    1.938441] clkmsr: msr_clk_reg0=ffffff80082f5004,msr_clk_reg2=ffffff80082f700c
[    1.945147] clkmsr: clkmsr: driver init
[    1.949732] aml_aes_dma ff63e000.aml_aes: Aml AES_dma
[    1.955798] aml_sha_dma ff63e000.aml_sha: Aml SHA1/SHA224/SHA256 dma
[    1.960741] meson-remote: Driver init
[    1.964660] meson-remote: remote_probe
[    1.968274] meson-remote ff808040.rc: protocol = 0x1
[    1.973389] meson-remote ff808040.rc: platform_data irq =132
[    1.979162] meson-remote ff808040.rc: custom_number = 3
[    1.984487] meson-remote ff808040.rc: ptable->map_size = 50
[    1.990165] meson-remote ff808040.rc: ptable->custom_name = amlogic-remote-1
[    1.997322] meson-remote ff808040.rc: ptable->custom_code = 0xfb04
[    2.003615] meson-remote ff808040.rc: ptable->release_delay = 80
[    2.009771] meson-remote ff808040.rc: ptable->map_size = 53
[    2.015432] meson-remote ff808040.rc: ptable->custom_name = amlogic-remote-2
[    2.022597] meson-remote ff808040.rc: ptable->custom_code = 0xfe01
[    2.028885] meson-remote ff808040.rc: ptable->release_delay = 80
[    2.035030] meson-remote ff808040.rc: ptable->map_size = 17
[    2.040709] meson-remote ff808040.rc: ptable->custom_name = amlogic-remote-3
[    2.047861] meson-remote ff808040.rc: ptable->custom_code = 0xbd02
[    2.054159] meson-remote ff808040.rc: ptable->release_delay = 80
[    2.060286] meson-remote ff808040.rc: default protocol = 0x1 and id = 0
[    2.067008] meson-remote ff808040.rc: reg=0x0, val=0x1f40190
[    2.072788] meson-remote ff808040.rc: reg=0x4, val=0x12c00c8
[    2.078565] meson-remote ff808040.rc: reg=0x8, val=0x960050
[    2.084258] meson-remote ff808040.rc: reg=0xc, val=0x480028
[    2.089952] meson-remote ff808040.rc: reg=0x10, val=0x70fa0013
[    2.095901] meson-remote ff808040.rc: reg=0x18, val=0x8616800
[    2.101766] meson-remote ff808040.rc: reg=0x1c, val=0x9f00
[    2.107374] meson-remote ff808040.rc: reg=0x20, val=0x0
[    2.112720] meson-remote ff808040.rc: reg=0x24, val=0x0
[    2.118067] meson-remote ff808040.rc: reg=0x28, val=0x0
[    2.124040] input: aml_keypad as /devices/platform/ff808040.rc/input/input0
[    2.130904] meson-remote: IR XMP protocol handler initialized
[    2.136366] [FTS]fts_ts_init: Enter
[    2.140054] [FTS]fts_ts_init: Exit(1464)
[    2.144307] efusekeynum: 4
[    2.146893] efusekeyname:             mac	offset:     0	size:     6\x00    6
[    2.153266] efusekeyname:          mac_bt	offset:     6	size:     6\x00    6
[    2.159665] efusekeyname:        mac_wifi	offset:    12	size:     6\x00    6
[    2.166031] efusekeyname:            usid	offset:    18	size:    16\x00   16
[    2.172652] efuse efuse: probe OK!
[    2.177819] ge2d: ge2d_init_module
[    2.179788] ge2d: ge2d_dev major:240
[    2.183499] ge2d: clock source clk_ge2d_gate ffffffc01c2fb300
[    2.189104] ge2d: clock clk_ge2d source ffffffc01c2fb400
[    2.194499] ge2d: clock source clk_vapb_0 ffffffc01c2fb500
[    2.200098] ge2d: vpu clock is 250000000 HZ
[    2.204471] success set parent vapb_p1_composite rate to 249999756
[    2.210715] ge2d: ge2d clock is 249 MHZ
[    2.214682] ge2d: find address resource
[    2.218652] ge2d: map io source 0x00000000ff940000,size=65536 to 0xffffff8008410000
[    2.226406] ge2d: ge2d: pdev=ffffffc01d1f6000, irq=144, rstc=0x          (null), clk=ffffffc01c2fb300
[    2.235783] ge2d: ge2d start monitor
[    2.239539] ge2d: ge2d workqueue monitor start
[    2.240179] [tsync_pcr_init]init success.
[    2.241427] DI: di_module_init ok.
[    2.241434] DI: di_module_init: major 238
[    2.241748] vdin_drv_init: major 237
[    2.242023] vdin_drv_init: vdin driver init done
[    2.242028] [viuin..]viuin_init_module viuin module init
[    2.242438] [viuin..]viuin_probe probe ok.
[    2.242805] amlvid:info: amlvideo_init called
[    2.242806] amlvid:info: amlvideo_create_instance called
[    2.242811] amlvid:info: v4l2_dev.name=:amlvideo-000
[    2.243122] amlvideo-000: V4L2 device registered as video10
[    2.243418] PPMGRDRV: warn: ppmgr module init func called
[    2.244454] aml_vecm_init:module init
[    2.245181] mmc driver version: 3.02, 2017-05-15: New Emmc Host Controller
[    2.245953] core->rate: 166666504
[    2.245957] core->name: axg_emmc_b
[    2.245983] rate: 24000000, name: sd_emmc_p0_B_comp
[    2.246005] rate: 999999023, name: fclk_div2
[    2.246009] clk_name: ffe05000.sdio#mux
[    2.246080] [aml_emmc_clktree_init] clock: 0x0
[    2.246174] get property:                ocr_avail, value:0x00200080
[    2.246178] get property:                    f_min, value:400000
[    2.246181] get property:                    f_max, value:200000000
[    2.246184] get property:             max_req_size, value:0x00020000
[    2.246192] get property:                  pinname, str:sdio
[    2.246197] get property:                card_type, value:3
[    2.246200] get property:              pinmux_base, value:0xff634400
[    2.246232] sdio:pdata->caps = 7810f
[    2.246235] sdio:pdata->caps2 = 0
[    2.246258] sdio reg val:
[    2.246260] SD_EMMC_CLOCK = 0x1000033c
[    2.246272] SD_EMMC_CFG = 0x804890
[    2.246287] SD_EMMC_STATUS = 0x1ff0000
[    2.246302] SD_EMMC_IRQ_EN = 0x3fff
[    2.246566] [meson_mmc_clk_set_rate_v3] clk_ios: 400000,before clock: 0x1000033c
[    2.246733] actual_clock :400000, HHI_nand: 0x80
[    2.246735] [meson_mmc_clk_set_rate_v3] after clock: 0x1000033c
[    2.266616] [meson_mmc_clk_set_rate_v3] clk_ios: 400000,  return .............. clock: 0x1000033c
[    2.286628] meson_mmc_probe() : success!
[    2.286762] amlogic mtd driver init
[    2.287431] prase_get_dtb_nand_parameter:124,parse dts start
[    2.287525] bl mode descrete
[    2.287527] fip_copies 4
[    2.287530] fip_size 0x200000
[    2.287533] nand_clk_ctrl 0xffe07000
[    2.287535] prase_get_dtb_nand_parameter:230,parse dts end
[    2.287569] nand_clk_ctrl 0xffe07000
[    2.287576] nand register base ffffff80084a6800, nand clock register ffffff80084a8000
[    2.287856] plat->aml_nand_device ffffff800a4c8cf8
[    2.287866] m3_nand_probe() aml_nand_device ffffff800a4c8cf8
[    2.289219] nand: Could not find valid ONFI parameter page; aborting
[    2.289233] nand: device found, Manufacturer ID: 0xc2, Chip ID: 0xdc
[    2.289235] nand: Macronix NAND 512MiB 3,3V 8-bit
[    2.289239] nand: 512 MiB, SLC, erase size: 128 KiB, page size: 2048, OOB size: 64
[    2.289251] nand: NAND_ECC_NONE selected by board driver. This is not recommended!
[    2.289428] NAND device id: c2 dc 90 95 56 0
[    2.289439] NAND device: Manufacturer ID: 
[    2.289440]  0xc2, Chip ID: 0xc2 (Macronix Slc NAND 4Gib MX30LF4G18AC )
[    2.289463] nand: NAND_ECC_NONE selected by board driver. This is not recommended!
[    2.289470] oob_fill_cnt =32 oob_size =64, bch_bytes =14
[    2.289473] ecc mode:6 ecc_page_num=2 eep_need_oobsize=16
[    2.289477] plane_num=1 writesize=0x800 ecc.size=0x200 bch_mode=1
[    2.289625] aml_nand_init 2180: plat-name:bootloader
[    2.289629] Creating 1 MTD partitions on "bootloader":
[    2.289637] 0x000000000000-0x000000200000 : "bootloader"
[    2.291871] bootloader initialized ok
[    2.291880] plat->aml_nand_device ffffff800a4c8cf8
[    2.291887] m3_nand_probe() aml_nand_device ffffff800a4c8cf8
[    2.293278] nand: Could not find valid ONFI parameter page; aborting
[    2.293293] nand: device found, Manufacturer ID: 0xc2, Chip ID: 0xdc
[    2.293295] nand: Macronix NAND 512MiB 3,3V 8-bit
[    2.293299] nand: 512 MiB, SLC, erase size: 128 KiB, page size: 2048, OOB size: 64
[    2.293312] nand: NAND_ECC_NONE selected by board driver. This is not recommended!
[    2.293489] NAND device id: c2 dc 90 95 56 0
[    2.293499] NAND device: Manufacturer ID: 
[    2.293500]  0xc2, Chip ID: 0xc2 (Macronix Slc NAND 4Gib MX30LF4G18AC )
[    2.293523] nand: NAND_ECC_NONE selected by board driver. This is not recommended!
[    2.293529] oob_fill_cnt =32 oob_size =64, bch_bytes =14
[    2.293532] ecc mode:6 ecc_page_num=2 eep_need_oobsize=16
[    2.293535] plane_num=1 writesize=0x800 ecc.size=0x200 bch_mode=1
[    2.293687] aml_nand_init 2180: plat-name:nandnormal
[    2.293735] bbt_start=20 env_start=24 key_start=32 dtb_start=40
[    2.293739] nbbt: info size=0x1000 max_scan_blk=24, start_blk=20
[    2.294104] get_free_node 43: bitmap=0
[    2.294107] get_free_node 52: bitmap=1
[    2.294274] get_free_node 43: bitmap=1
[    2.294276] get_free_node 52: bitmap=3
[    2.294443] get_free_node 43: bitmap=3
[    2.294445] get_free_node 52: bitmap=7
[    2.294448] nbbt : phy_blk_addr=20, ec=0, phy_page_addr=0, timestamp=1
[    2.294450] nbbt free list:
[    2.294453] blockN=21, ec=-1, dirty_flag=0
[    2.294455] blockN=22, ec=-1, dirty_flag=0
[    2.294457] blockN=23, ec=-1, dirty_flag=0
[    2.294459] aml_nand_scan_rsv_info 1081: page_num=2
[    2.294461] aml_nand_scan_rsv_info 1084
[    2.294993] nbbt valid addr: 280000
[    2.294996] aml_nand_bbt_check 1221 bbt is valid, reading.
[    2.295000] aml_nand_read_rsv_info:414,read nbbt info to 280000
[    2.295335] nenv: info size=0x10000 max_scan_blk=32, start_blk=24
[    2.295667] get_free_node 43: bitmap=7
[    2.295669] get_free_node 52: bitmap=f
[    2.295836] get_free_node 43: bitmap=f
[    2.295839] get_free_node 52: bitmap=1f
[    2.296006] get_free_node 43: bitmap=1f
[    2.296008] get_free_node 52: bitmap=3f
[    2.296175] get_free_node 43: bitmap=3f
[    2.296177] get_free_node 52: bitmap=7f
[    2.296344] get_free_node 43: bitmap=7f
[    2.296346] get_free_node 52: bitmap=ff
[    2.296513] get_free_node 43: bitmap=ff
[    2.296516] get_free_node 52: bitmap=1ff
[    2.296683] get_free_node 43: bitmap=1ff
[    2.296685] get_free_node 52: bitmap=3ff
[    2.296688] nenv : phy_blk_addr=24, ec=0, phy_page_addr=0, timestamp=3
[    2.296690] nenv free list:
[    2.296692] blockN=25, ec=-1, dirty_flag=0
[    2.296694] blockN=26, ec=-1, dirty_flag=0
[    2.296696] blockN=27, ec=-1, dirty_flag=0
[    2.296698] blockN=28, ec=-1, dirty_flag=0
[    2.296700] blockN=29, ec=-1, dirty_flag=0
[    2.296702] blockN=30, ec=-1, dirty_flag=0
[    2.296704] blockN=31, ec=-1, dirty_flag=0
[    2.296706] aml_nand_scan_rsv_info 1081: page_num=32
[    2.296709] aml_nand_scan_rsv_info 1084
[    2.307255] nenv valid addr: 310000
[    2.307259] nkey: info size=0x8000 max_scan_blk=40, start_blk=32
[    2.307426] get_free_node 43: bitmap=3ff
[    2.307428] get_free_node 52: bitmap=7ff
[    2.307595] get_free_node 43: bitmap=7ff
[    2.307597] get_free_node 52: bitmap=fff
[    2.307764] get_free_node 43: bitmap=fff
[    2.307766] get_free_node 52: bitmap=1fff
[    2.307933] get_free_node 43: bitmap=1fff
[    2.307935] get_free_node 52: bitmap=3fff
[    2.308103] get_free_node 43: bitmap=3fff
[    2.308105] get_free_node 52: bitmap=7fff
[    2.308272] get_free_node 43: bitmap=7fff
[    2.308274] get_free_node 52: bitmap=ffff
[    2.308441] get_free_node 43: bitmap=ffff
[    2.308444] get_free_node 52: bitmap=1ffff
[    2.308610] get_free_node 43: bitmap=1ffff
[    2.308613] get_free_node 52: bitmap=3ffff
[    2.308615] nkey : phy_blk_addr=-1, ec=0, phy_page_addr=0, timestamp=0
[    2.308617] nkey free list:
[    2.308619] blockN=32, ec=-1, dirty_flag=0
[    2.308621] blockN=33, ec=-1, dirty_flag=0
[    2.308623] blockN=34, ec=-1, dirty_flag=0
[    2.308625] blockN=35, ec=-1, dirty_flag=0
[    2.308627] blockN=36, ec=-1, dirty_flag=0
[    2.308629] blockN=37, ec=-1, dirty_flag=0
[    2.308631] blockN=38, ec=-1, dirty_flag=0
[    2.308633] blockN=39, ec=-1, dirty_flag=0
[    2.308636] aml_nand_scan_rsv_info 1081: page_num=16
[    2.308638] nkey valid addr: fffffffffffe0000
[    2.308640] aml_nand_key_check 1182 NO key exist
[    2.308643] ndtb: info size=0x20000 max_scan_blk=44, start_blk=40
[    2.308974] get_free_node 43: bitmap=3ffff
[    2.308977] get_free_node 52: bitmap=7ffff
[    2.309144] get_free_node 43: bitmap=7ffff
[    2.309146] get_free_node 52: bitmap=fffff
[    2.309313] get_free_node 43: bitmap=fffff
[    2.309315] get_free_node 52: bitmap=1fffff
[    2.309318] ndtb : phy_blk_addr=40, ec=0, phy_page_addr=0, timestamp=2
[    2.309320] ndtb free list:
[    2.309322] blockN=41, ec=-1, dirty_flag=0
[    2.309324] blockN=42, ec=-1, dirty_flag=0
[    2.309326] blockN=43, ec=-1, dirty_flag=0
[    2.309328] aml_nand_scan_rsv_info 1081: page_num=64
[    2.309330] aml_nand_scan_rsv_info 1084
[    2.319850] ndtb valid addr: 500000
[    2.319856] tpl: off 8388608, size 8388608
[    2.340663]  NAND bbt detect factory Bad block at 52e0000
[    2.340671] aml_nand_add_partition:441 factory bad addr=297
[    2.340746]  NAND bbt detect factory Bad block at 5320000
[    2.340754] aml_nand_add_partition:441 factory bad addr=299
[    2.359966]  NAND bbt detect factory Bad block at 9100000
[    2.359974] aml_nand_add_partition:441 factory bad addr=488
[    2.469550]  NAND bbt detect factory Bad block at 1f200000
[    2.473865] Creating 6 MTD partitions on "nandnormal":
[    2.473876] 0x000000800000-0x000001000000 : "tpl"
[    2.478265] 0x000001000000-0x000001200000 : "logo"
[    2.480824] 0x000001200000-0x000002200000 : "recovery"
[    2.487330] 0x000002200000-0x000003100000 : "boot"
[    2.493456] 0x000003100000-0x000014960000 : "system"
[    2.504161]  NAND bbt detect factory Bad block at 52e0000
[    2.504243]  NAND bbt detect factory Bad block at 5320000
[    2.523508]  NAND bbt detect factory Bad block at 9100000
[    2.582238] 0x000014960000-0x000020000000 : "data"
[    2.634816]  NAND bbt detect factory Bad block at 1f200000
[    2.640974] nandnormal initialized ok
[    2.641026] aml_ubootenv_init: register env chardev
[    2.641353] aml_ubootenv_init: register env chardev OK
[    2.641473] amlnf_dtb_init: register dtb cdev
[    2.641720] amlnf_dtb_init: register dtd cdev OK
[    2.642663] aml_vrtc rtc: rtc core: registered aml_vrtc as rtc0
[    2.643231] no efuse-version set, use default value: -1
[    2.643234] key unify config unifykey-num is 6
[    2.643276] key unify fact unifykey-num is 6
[    2.643284] aml_unifykeys_probe:1441=============unifykey_devno:ea00000
[    2.643597] unifykey: device unifykeys created ok
[    2.643657] aml_unifykeys_init done!
[    2.643827] storage: storage in base: 0xffffffc005000000
[    2.643829] storage: storage out base: 0xffffffc005040000
[    2.643831] storage: storage block base: 0xffffffc005080000
[    2.643833] storage: probe done!
[    2.644059] audio_dsp: [dsp]register dsp to char divece(257)
[    2.644631] sysled: module init
[    2.645001] amlogic rfkill init
[    2.645188] enter bt_probe of_node
[    2.645224] not get gpio_en
[    2.645231] power on valid level is high
[    2.645232] bt: power_on_pin_OD = 0;
[    2.645496] BLASTER Driver Init
[    2.647839] usbcore: registered new interface driver snd-usb-audio
[    2.651666] asoc debug: aml_audio_controller_probe-115
[    2.652136] aml-audio-clocks ff642000.audio_clocks: aml_audio_clocks_probe register audio gate clks
[    2.652929] parse loopback:, 	lb mode:0\x00:0
[    2.652932] 	datain_src:4, datain_chnum:8, datain_chumask:3f\x003f
[    2.652935] 	datalb_src:2, datalb_chnum:2, datalb_chumask:3\x00:3
[    2.653378] aml_tdm_platform_probe, tdm ID = 0
[    2.653768] aml_tdm_platform_probe, tdm ID = 1
[    2.654066] aml_tdm_platform_probe, tdm ID = 2
[    2.655257] aml_spdif_platform_probe, register soc platform
[    2.655995] aml_pdm_platform_probe pdm filter mode from dts:1
[    2.656019] aml_pdm_platform_probe, register soc platform
[    2.656495] 0, irqs toddr 125, frddr 128
[    2.656498] 1, irqs toddr 126, frddr 129
[    2.656500] 2, irqs toddr 127, frddr 130
[    2.656805] GACT probability NOT on
[    2.656824] Mirror/redirect action on
[    2.656835] u32 classifier
[    2.656837]     Actions configured
[    2.656844] Netfilter messages via NETLINK v0.30.
[    2.657101] nf_conntrack version 0.5.0 (4096 buckets, 16384 max)
[    2.657434] ctnetlink v0.93: registering with nfnetlink.
[    2.658065] xt_time: kernel timezone is -0000
[    2.658160] ipip: IPv4 and MPLS over IPv4 tunneling driver
[    2.662209] ip_tables: (C) 2000-2006 Netfilter Core Team
[    2.662376] arp_tables: arp_tables: (C) 2002 David S. Miller
[    2.667237] Initializing XFRM netlink socket
[    2.667880] NET: Registered protocol family 10
[    2.669379] mip6: Mobile IPv6
[    2.669418] ip6_tables: (C) 2000-2006 Netfilter Core Team
[    2.679581] sit: IPv6, IPv4 and MPLS over IPv4 tunneling driver
[    2.681105] NET: Registered protocol family 17
[    2.681139] NET: Registered protocol family 15
[    2.681192] bridge: filtering via arp/ip/ip6tables is no longer available by default. Update your scripts to load br_netfilter if you need this.
[    2.681345] Bluetooth: RFCOMM TTY layer initialized
[    2.681359] Bluetooth: RFCOMM socket layer initialized
[    2.681399] Bluetooth: RFCOMM ver 1.11
[    2.681410] Bluetooth: BNEP (Ethernet Emulation) ver 1.3
[    2.681412] Bluetooth: BNEP filters: protocol multicast
[    2.681421] Bluetooth: BNEP socket layer initialized
[    2.681424] Bluetooth: HIDP (Human Interface Emulation) ver 1.2
[    2.681431] Bluetooth: HIDP socket layer initialized
[    2.681532] l2tp_core: L2TP core driver, V2.0
[    2.681544] l2tp_ppp: PPPoL2TP kernel driver, V2.0
[    2.681547] l2tp_ip: L2TP IP encapsulation support (L2TPv3)
[    2.681579] l2tp_netlink: L2TP netlink interface
[    2.681627] l2tp_eth: L2TP ethernet pseudowire support (L2TPv3)
[    2.681651] l2tp_debugfs: L2TP debugfs support
[    2.681654] l2tp_ip6: L2TP IP encapsulation support for IPv6 (L2TPv3)
[    2.681698] NET: Registered protocol family 35
[    2.681772] Key type dns_resolver registered
[    2.683260] Registered cp15_barrier emulation handler
[    2.683279] Registered setend emulation handler
[    2.684250] registered taskstats version 1
[    2.693167] dwc3 ff500000.dwc3: Configuration mismatch. dr_mode forced to host
[    3.395746] xhci-hcd xhci-hcd.0.auto: xHCI Host Controller
[    3.395773] xhci-hcd xhci-hcd.0.auto: new USB bus registered, assigned bus number 1
[    3.396169] xhci-hcd xhci-hcd.0.auto: hcc params 0x0220f664 hci version 0x100 quirks 0x02010010
[    3.396237] xhci-hcd xhci-hcd.0.auto: irq 138, io mem 0xff500000
[    3.397283] hub 1-0:1.0: USB hub found
[    3.397324] hub 1-0:1.0: 1 port detected
[    3.397634] xhci-hcd xhci-hcd.0.auto: xHCI Host Controller
[    3.397648] xhci-hcd xhci-hcd.0.auto: new USB bus registered, assigned bus number 2
[    3.397723] usb usb2: We don't know the algorithms for LPM for this host, disabling LPM.
[    3.398680] hub 2-0:1.0: USB hub found
[    3.398728] hub 2-0:1.0: config failed, hub doesn't have any ports! (err -19)
[    3.399617] parse loopback:, 	lb mode:0\x00:0
[    3.399620] 	datain_src:4, datain_chnum:8, datain_chumask:3f\x003f
[    3.399623] 	datalb_src:2, datalb_chnum:2, datalb_chumask:3\x00:3
[    3.403804] aml_vrtc rtc: setting system clock to 2015-01-01 00:00:06 UTC (1420070406)
[    3.404277] dwc_otg ff400000.dwc2_a: dwc_otg_driver_probe(ffffffc01d1a3400)
[    3.404321] dwc_otg: usb0: type: 2 speed: 0, 
[    3.404324] config: 0, dma: 0, id: 0, 
[    3.404324] phy: ffe09000, ctrl: 0
[    3.404338] dwc_otg ff400000.dwc2_a: base=0xffffff8008640000
[    3.404343] dwc_otg ff400000.dwc2_a: dwc_otg_device=0xffffffc01bee4c00
[    3.504782] dwc_otg: Core Release: 3.10a
[    3.504792] dwc_otg: Setting default values for core params
[    3.504812] dwc_otg: curmode: 0, host_only: 0
[    3.504856] dwc_otg ff400000.dwc2_a: DMA config: BURST_DEFAULT
[    3.517171] dwc_otg: Using Buffer DMA mode
[    3.517176] dwc_otg: OTG VER PARAM: 1, OTG VER FLAG: 1
[    3.517180] dwc_otg: Working on port type = SLAVE
[    3.517186] dwc_otg: Dedicated Tx FIFOs mode
[    3.518320] parse loopback:, 	lb mode:0\x00:0
[    3.518323] 	datain_src:4, datain_chnum:8, datain_chumask:3f\x003f
[    3.518326] 	datalb_src:2, datalb_chnum:2, datalb_chumask:3\x00:3
[    3.519425] lcd extern: key_valid: 0
[    3.519429] lcd extern: lcd_extern_get_config from dts
[    3.519445] lcd extern: load config: mipi_fh28[2]
[    3.519453] lcd extern: add driver mipi_fh28(2)
[    3.519509] lcd extern: aml_lcd_extern_probe ok
[    3.520035] parse loopback:, 	lb mode:0\x00:0
[    3.520038] 	datain_src:4, datain_chnum:8, datain_chumask:3f\x003f
[    3.520040] 	datalb_src:2, datalb_chnum:2, datalb_chumask:3\x00:3
[    3.520877] bl: key_valid: 0
[    3.520880] bl: aml_bl_config_load from dts
[    3.520888] bl: load: backlight_0
[    3.520957] bl: bl pwm_port: PWM_B(1)
[    3.520963] bl: name              = backlight_pwm
[    3.520966] bl: method            = pwm(1)
[    3.521011] bl:  bl pwm config ok
[    3.521522] bl: probe OK
[    3.522058] parse loopback:, 	lb mode:0\x00:0
[    3.522061] 	datain_src:4, datain_chnum:8, datain_chumask:3f\x003f
[    3.522063] 	datalb_src:2, datalb_chnum:2, datalb_chumask:3\x00:3
[    3.523373] cpucore_cooling_register, max_cpu_core_num:4
[    3.531390] parse loopback:, 	lb mode:0\x00:0
[    3.531393] 	datain_src:4, datain_chnum:8, datain_chumask:3f\x003f
[    3.531395] 	datalb_src:2, datalb_chnum:2, datalb_chumask:3\x00:3
[    3.532017] gxbb_pm: enter meson_pm_probe!
[    3.532142] gxbb_pm: meson_pm_probe done
[    3.532655] parse loopback:, 	lb mode:0\x00:0
[    3.532658] 	datain_src:4, datain_chnum:8, datain_chumask:3f\x003f
[    3.532660] 	datalb_src:2, datalb_chnum:2, datalb_chumask:3\x00:3
[    3.533445] ALSA device list:
[    3.533448]   No soundcards found.
[    3.841608] meson_uart ff803000.serial: ttyS0 use xtal(8M) 24000000 change 115200 to 115200
[    3.847003] Freeing unused kernel memory: 4352K
[    4.037374] ubi0: attaching mtd5
[    4.129498]  NAND bbt detect factory Bad block at 52e0000
[    4.129908]  NAND bbt detect factory Bad block at 5320000
[    4.301557]  NAND bbt detect factory Bad block at 9100000
[    4.797949] ubi0: scanning is finished
[    4.799012] random: fast init done
[    4.802669] CHRDEV "ubi0" major number 233 goes below the dynamic allocation range
[    4.808147] ubi0: attached mtd5 (name "system", size 280 MiB)
[    4.813379] ubi0: PEB size: 131072 bytes (128 KiB), LEB size: 126976 bytes
[    4.820320] ubi0: min./max. I/O unit sizes: 2048/2048, sub-page size 2048
[    4.827214] ubi0: VID header offset: 2048 (aligned 2048), data offset: 4096
[    4.834289] ubi0: good PEBs: 2240, bad PEBs: 3, corrupted PEBs: 0
[    4.840498] ubi0: user volume: 1, internal volumes: 1, max. volumes count: 128
[    4.847831] ubi0: max/mean erase counter: 2/0, WL threshold: 4096, image sequence number: 1478930499
[    4.857059] ubi0: available PEBs: 0, total reserved PEBs: 2240, PEBs reserved for bad PEB handling: 77
[    4.866473] ubi0: background thread "ubi_bgt0d" started, PID 1902
[    4.871539] UBIFS (ubi0:0): background thread "ubifs_bgt0_0" started, PID 1905
[    4.886809] UBIFS (ubi0:0): recovery needed
[    4.966571] UBIFS (ubi0:0): recovery completed
[    4.966737] UBIFS (ubi0:0): UBIFS: mounted UBI device 0, volume 0, name "rootfs"
[    4.973079] UBIFS (ubi0:0): LEB size: 126976 bytes (124 KiB), min./max. I/O unit sizes: 2048 bytes/2048 bytes
[    4.983079] UBIFS (ubi0:0): FS size: 272744448 bytes (260 MiB, 2148 LEBs), journal size 9023488 bytes (8 MiB, 72 LEBs)
[    4.993858] UBIFS (ubi0:0): reserved for root: 0 bytes (0 KiB)
[    4.999811] UBIFS (ubi0:0): media format: w4/r0 (latest is w4/r0), UUID 50517364-EFE9-4899-935A-705EEDA93275, small LPT model
[    5.150891] meson_uart ff803000.serial: ttyS0 use xtal(8M) 24000000 change 115200 to 115200
[    5.310410] ubi1: attaching mtd6
[    5.766357]  NAND bbt detect factory Bad block at 1f200000
[    5.803818] ubi1: scanning is finished
[    5.807723] CHRDEV "ubi1" major number 232 goes below the dynamic allocation range
[    5.810446] ubi1: attached mtd6 (name "data", size 182 MiB)
[    5.815531] ubi1: PEB size: 131072 bytes (128 KiB), LEB size: 126976 bytes
[    5.822514] ubi1: min./max. I/O unit sizes: 2048/2048, sub-page size 2048
[    5.829400] ubi1: VID header offset: 2048 (aligned 2048), data offset: 4096
[    5.836515] ubi1: good PEBs: 1460, bad PEBs: 1, corrupted PEBs: 0
[    5.842690] ubi1: user volume: 1, internal volumes: 1, max. volumes count: 128
[    5.850018] ubi1: max/mean erase counter: 2/1, WL threshold: 4096, image sequence number: 694904515
[    5.859170] ubi1: available PEBs: 55, total reserved PEBs: 1405, PEBs reserved for bad PEB handling: 79
[    5.868721] ubi1: background thread "ubi_bgt1d" started, PID 1952
[    5.876704] UBIFS (ubi1:0): background thread "ubifs_bgt1_0" started, PID 1956
[    5.891685] UBIFS (ubi1:0): recovery needed
[    5.905016] UBIFS (ubi1:0): recovery completed
[    5.905162] UBIFS (ubi1:0): UBIFS: mounted UBI device 1, volume 0, name "data"
[    5.911370] UBIFS (ubi1:0): LEB size: 126976 bytes (124 KiB), min./max. I/O unit sizes: 2048 bytes/2048 bytes
[    5.921366] UBIFS (ubi1:0): FS size: 166338560 bytes (158 MiB, 1310 LEBs), journal size 8380416 bytes (7 MiB, 66 LEBs)
[    5.932140] UBIFS (ubi1:0): reserved for root: 4952683 bytes (4836 KiB)
[    5.938864] UBIFS (ubi1:0): media format: w4/r0 (latest is w4/r0), UUID 2A65E9C2-7431-4A10-AE63-C0E65BA9107D, small LPT model
[    7.015498] aml_wifi wifi: [extern_wifi_set_enable] WIFI  Disable! 69
[    7.216509] aml_wifi wifi: [extern_wifi_set_enable] WIFI  Enable! 69
[    7.418727] [meson_mmc_irq] sdio: resp_timeout,vstat:0xa1ff2800,virqc:3fff
[    7.420135] [aml_host_bus_fsm_show] sdio: err: wait for irq service, bus_fsm:0x8
[    7.427706] meson_mmc_irq_thread_v3 399 sdio: cmd:52
[    7.433878] [meson_mmc_irq] sdio: resp_timeout,vstat:0xa1ff2800,virqc:3fff
[    7.439711] [aml_host_bus_fsm_show] sdio: err: wait for irq service, bus_fsm:0x8
[    7.447277] meson_mmc_irq_thread_v3 399 sdio: cmd:52
[    7.452384] [meson_mmc_clk_set_rate_v3] clk_ios: 400000,  return .............. clock: 0x1000033c
[    7.463855] [meson_mmc_clk_set_rate_v3] clk_ios: 400000,  return .............. clock: 0x1000033c
[    7.472314] [meson_mmc_irq] sdio: resp_timeout,vstat:0xa1ff2800,virqc:3fff
[    7.477231] [aml_host_bus_fsm_show] sdio: err: wait for irq service, bus_fsm:0x8
[    7.484794] meson_mmc_irq_thread_v3 399 sdio: cmd:8
[    7.492453] [meson_mmc_clk_set_rate_v3] clk_ios: 0,before clock: 0x1000033c
[    7.496894] actual_clock :0, HHI_nand: 0x0
[    7.501051] [meson_mmc_clk_set_rate_v3] after clock: 0x1000033c
[    7.526612] [meson_mmc_clk_set_rate_v3] clk_ios: 400000,before clock: 0x1000033c
[    7.528572] actual_clock :400000, HHI_nand: 0x0
[    7.533204] [meson_mmc_clk_set_rate_v3] after clock: 0x1000033c
[    7.558579] sdio: queuing unknown CIS tuple 0x80 (2 bytes)
[    7.561440] sdio: queuing unknown CIS tuple 0x80 (3 bytes)
[    7.567321] sdio: queuing unknown CIS tuple 0x80 (3 bytes)
[    7.575318] sdio: queuing unknown CIS tuple 0x80 (7 bytes)
[    7.581937] sdio: queuing unknown CIS tuple 0x81 (9 bytes)
[    7.684004] [meson_mmc_clk_set_rate_v3] clk_ios: 400000,  return .............. clock: 0x1000033c
[    7.688578] [meson_mmc_clk_set_rate_v3] clk_ios: 400000,  return .............. clock: 0x1000033c
[    7.696398] [meson_mmc_clk_set_rate_v3] clk_ios: 200000000,before clock: 0x1000023c
[    7.704197] meson-aml-mmc ffe05000.sdio: divider requested rate 200000000 != actual rate 199999805: ret=0
[    7.713812] actual_clock :199999805, HHI_nand: 0x0
[    7.718706] [meson_mmc_clk_set_rate_v3] after clock: 0x10000245
[    7.724758] sdio: clk 200000000 SDR mode tuning start
[    7.730168] sdio: rx_tuning_result[0] = 10
[    7.734407] sdio: rx_tuning_result[2] = 10
[    7.738582] sdio: rx_tuning_result[3] = 10
[    7.742640] sdio: best_win_start =2, best_win_size =2
[    7.747779] sdio: sd_emmc_regs->gclock=0x10000245,sd_emmc_regs->gadjust=0x32000
[    7.755193] sdio: gclock=0x10000245, gdelay1=0x0, gdelay2=0x0,intf3=0x0
[    7.765582] sdio: new ultra high speed SDR104 SDIO card at address 0001
[    7.768648] sdio: clock 200000000, 4-bit-bus-width
                \x00a 
[    7.774199] [sdio_reinit] finish
[    7.777075] aml_wifi wifi: [pci_reinit] pci wifi reinit!
[    7.782932] aml_wifi wifi: [wifi_power_ioctl] Set sdio wifi power up!
[    7.789141] aml_wifi wifi: [wifi_power_ioctl] wifi interface dev type: sdio, length = 4
[    7.886818] dhd: loading out-of-tree module taints kernel.
[    7.943604] dhd_module_init: in Dongle Host Driver, version 1.579.77.41.12 (r)
[    7.945373] ======== dhd_wlan_init_plat_data ========
[    7.950631] dhd_wlan_init_gpio: WL_HOST_WAKE=-1, oob_irq=91, oob_irq_flags=0x418
[    7.958044] dhd_wlan_init_gpio: WL_REG_ON=-1
[    7.962448] dhd_wifi_platform_load: Enter
[    7.966621] Power-up adapter 'DHD generic adapter'
[    7.971496] wifi_platform_set_power = 1
[    7.975469] ======== PULL WL_REG_ON(-1) HIGH! ========
[    7.980750] aml_wifi wifi: [extern_wifi_set_enable] WIFI  Disable! 69
[    8.087313] aml_wifi wifi: [extern_wifi_set_enable] WIFI  Enable! 69
[    8.442662] wifi_platform_bus_enumerate device present 1
[    8.442695] ======== Card detection to detect SDIO card! ========
[    8.448744] sdio_reset_comm():
[    8.451948] [meson_mmc_clk_set_rate_v3] clk_ios: 200000000,  return .............. clock: 0x10000245
[    8.463328] [meson_mmc_clk_set_rate_v3] clk_ios: 200000000,  return .............. clock: 0x10000245
[    8.471395] [meson_mmc_clk_set_rate_v3] clk_ios: 400000,before clock: 0x10000245
[    8.477991] actual_clock :400000, HHI_nand: 0x0
[    8.482550] [meson_mmc_clk_set_rate_v3] after clock: 0x1000023c
[    8.491442] [meson_mmc_clk_set_rate_v3] clk_ios: 0,before clock: 0x1000023c
[    8.495695] actual_clock :0, HHI_nand: 0x0
[    8.499880] [meson_mmc_clk_set_rate_v3] after clock: 0x1000023c
[    8.522649] [meson_mmc_clk_set_rate_v3] clk_ios: 400000,before clock: 0x1000023c
[    8.524606] actual_clock :400000, HHI_nand: 0x0
[    8.529236] [meson_mmc_clk_set_rate_v3] after clock: 0x1000023c
[    8.554102] sdio: queuing unknown CIS tuple 0x80 (2 bytes)
[    8.556972] sdio: queuing unknown CIS tuple 0x80 (3 bytes)
[    8.562568] sdio: queuing unknown CIS tuple 0x80 (3 bytes)
[    8.570458] sdio: queuing unknown CIS tuple 0x80 (7 bytes)
[    8.577177] sdio: queuing unknown CIS tuple 0x81 (9 bytes)
[    8.674183] [meson_mmc_clk_set_rate_v3] clk_ios: 400000,  return .............. clock: 0x1000023c
[    8.678743] [meson_mmc_clk_set_rate_v3] clk_ios: 400000,  return .............. clock: 0x1000023c
[    8.686582] [meson_mmc_clk_set_rate_v3] clk_ios: 200000000,before clock: 0x1000023c
[    8.694371] meson-aml-mmc ffe05000.sdio: divider requested rate 200000000 != actual rate 199999805: ret=0
[    8.703986] actual_clock :199999805, HHI_nand: 0x0
[    8.708884] [meson_mmc_clk_set_rate_v3] after clock: 0x10000245
[    8.714935] sdio: clk 200000000 SDR mode tuning start
[    8.720363] sdio: rx_tuning_result[0] = 10
[    8.724624] sdio: rx_tuning_result[2] = 10
[    8.728783] sdio: rx_tuning_result[3] = 10
[    8.732804] sdio: best_win_start =2, best_win_size =2
[    8.737966] sdio: sd_emmc_regs->gclock=0x10000245,sd_emmc_regs->gadjust=0x32000
[    8.745375] sdio: gclock=0x10000245, gdelay1=0x0, gdelay2=0x0,intf3=0x0
[    8.752098] [sdio_reinit] finish
[    8.756113] parse loopback:, 	lb mode:0\x00:0
[    8.759465] 	datain_src:4, datain_chnum:8, datain_chumask:3f\x003f
[    8.765306] 	datalb_src:2, datalb_chnum:2, datalb_chumask:3\x00:3
[    8.771653] parse loopback:, 	lb mode:0\x00:0
[    8.774898] 	datain_src:4, datain_chnum:8, datain_chumask:3f\x003f
[    8.780665] 	datalb_src:2, datalb_chnum:2, datalb_chumask:3\x00:3
[    8.787185] bcmsdh_register: register client driver
[    8.791568] bcmsdh_sdmmc_probe: Enter num=1
[    8.796125] parse loopback:, 	lb mode:0\x00:0
[    8.799643] 	datain_src:4, datain_chnum:8, datain_chumask:3f\x003f
[    8.805427] 	datalb_src:2, datalb_chnum:2, datalb_chumask:3\x00:3
[    8.811113] bcmsdh_sdmmc_probe: Enter num=2
[    8.815497] bus num (host idx)=0, slot num (rca)=1
[    8.820336] found adapter info 'DHD generic adapter'
[    8.825510] sdioh_attach: set sd_f2_blocksize 256
[    8.830326] sdioh_attach: sd clock rate = 0
[    8.835308] dhdsdio_probe : no mutex held. set lock
[    8.839693] F1 signature read @0x18000000=0x17294359
[    8.848623] F1 signature OK, socitype:0x1 chip:0x4359 rev:0x9 pkg:0x2
[    8.851830] DHD: dongle ram size is set to 917504(orig 917504) at 0x160000
[    8.858285] dhd_conf_set_chiprev: chip=0x4359, chiprev=9
[    8.863769] CFG80211-ERROR) wl_setup_wiphy : 
[    8.867936] Registering Vendor80211
[    8.872196] CFG80211-ERROR) wl_init_prof : 
[    8.875753] wl_init_prof: No profile
[    8.879639] wl_escan_attach: Enter
[    8.882992] wl_escan_init: Enter
[    8.886439] wl_create_event_handler(): thread:wl_escan_handler:7eb started
[    8.886442] tsk Enter, tsk = 0xffffffc01c610198
[    8.898134] dhd_attach(): thread:dhd_watchdog_thread:7ec started
[    8.904182] dhd_attach(): thread:dhd_dpc:7ed started
[    8.909282] dhd_attach(): thread:dhd_rxf:7ee started
[    8.914257] dhd_deferred_work_init: work queue initialized
[    8.919899] dhd_tcpack_suppress_set: TCP ACK Suppress mode 0 -> mode 2
[    8.926554] dhd_bus_set_default_min_res_mask: Unhandled chip id
[    8.933529] sdioh_cis_read: func_cis_ptr[0]=0x10ac
[    8.951765] Dongle Host Driver, version 1.579.77.41.12 (r)
[    8.952534] ANDROID-MSG) 
[    8.954393] wl_ext_iapsta_attach_netdev: ifidx=0, bssidx=0
[    8.960033] Register interface [wlan0]  MAC: 28:ed:e0:e6:ba:ba
\x000a
[    8.967650] dhd_tcpack_suppress_set: TCP ACK Suppress mode 2 -> mode 0
[    8.974256] dhd_wl_ioctl: returning as busstate=0
[    8.979060] dhd_bus_devreset: == Power OFF ==
[    8.983847] bcmsdh_oob_intr_unregister: Enter
[    8.988046] bcmsdh_oob_intr_unregister: irq is not registered
[    8.993893] dhd_txglom_enable: enable 0
[    8.997859] dhd_conf_set_txglom_params: txglom_mode=copy
[    9.003289] dhd_conf_set_txglom_params: txglomsize=0, deferred_tx_len=0
[    9.010027] dhd_conf_set_txglom_params: txinrx_thres=128, dhd_txminmax=-1
[    9.016915] dhd_conf_set_txglom_params: tx_max_offset=0, txctl_tmo_fix=300
[    9.023915] dhd_bus_devreset:  WLAN OFF DONE
[    9.028457] wifi_platform_set_power = 0
[    9.032287] ======== PULL WL_REG_ON(-1) LOW! ========
[    9.037466] wl_escan_deinit: Enter
[    9.041053] wl_escan_event_handler: was terminated
[    9.045934] wl_destroy_event_handler(): thread:wl_escan_handler:7eb terminated OK
[    9.053540] dhdsdio_probe : the lock is released.
[    9.058814] parse loopback:, 	lb mode:0\x00:0
[    9.062273] 	datain_src:4, datain_chnum:8, datain_chumask:3f\x003f
[    9.068180] dhd_module_init: Exit err=0
[    9.072065] dhd_open: Enter ffffffc01bfb0000
[    9.072068] dhd_open : no mutex held. set lock
[    9.072078] 
               Dongle Host Driver, version 1.579.77.41.12 (r)\x00r)
[    9.072085] ANDROID-MSG) 
[    9.072085] wl_ext_iapsta_attach_netdev: ifidx=0, bssidx=0
[    9.072089] wl_android_wifi_on in 1
[    9.072092] wl_android_wifi_on in 2: g_wifi_on=0
[    9.072095] wifi_platform_set_power = 1
[    9.072098] ======== PULL WL_REG_ON(-1) HIGH! ========
[    9.072131] aml_wifi wifi: [extern_wifi_set_enable] WIFI  Disable! 69
[    9.120770] 	datalb_src:2, datalb_chnum:2, datalb_chumask:3\x00:3
[    9.172170] aml_wifi wifi: [extern_wifi_set_enable] WIFI  Enable! 69
[    9.530654] sdio_reset_comm():
[    9.530695] [meson_mmc_clk_set_rate_v3] clk_ios: 200000000,  return .............. clock: 0x10000245
[    9.539697] [meson_mmc_clk_set_rate_v3] clk_ios: 200000000,  return .............. clock: 0x10000245
[    9.547764] [meson_mmc_clk_set_rate_v3] clk_ios: 400000,before clock: 0x10000245
[    9.554313] actual_clock :400000, HHI_nand: 0x0
[    9.558901] [meson_mmc_clk_set_rate_v3] after clock: 0x1000023c
[    9.567668] [meson_mmc_clk_set_rate_v3] clk_ios: 0,before clock: 0x1000023c
[    9.572068] actual_clock :0, HHI_nand: 0x0
[    9.576234] [meson_mmc_clk_set_rate_v3] after clock: 0x1000023c
[    9.598610] [meson_mmc_clk_set_rate_v3] clk_ios: 400000,before clock: 0x1000023c
[    9.600563] actual_clock :400000, HHI_nand: 0x0
[    9.605199] [meson_mmc_clk_set_rate_v3] after clock: 0x1000023c
[    9.740288] [meson_mmc_clk_set_rate_v3] clk_ios: 400000,  return .............. clock: 0x1000023c
[    9.744837] [meson_mmc_clk_set_rate_v3] clk_ios: 400000,  return .............. clock: 0x1000023c
[    9.752683] [meson_mmc_clk_set_rate_v3] clk_ios: 200000000,before clock: 0x1000023c
[    9.760486] meson-aml-mmc ffe05000.sdio: divider requested rate 200000000 != actual rate 199999805: ret=0
[    9.770093] actual_clock :199999805, HHI_nand: 0x0
[    9.774999] [meson_mmc_clk_set_rate_v3] after clock: 0x10000245
[    9.781045] sdio: clk 200000000 SDR mode tuning start
[    9.786469] sdio: rx_tuning_result[0] = 10
[    9.790714] sdio: rx_tuning_result[2] = 10
[    9.794883] sdio: rx_tuning_result[3] = 10
[    9.798915] sdio: best_win_start =2, best_win_size =2
[    9.804070] sdio: sd_emmc_regs->gclock=0x10000245,sd_emmc_regs->gadjust=0x32000
[    9.811484] sdio: gclock=0x10000245, gdelay1=0x0, gdelay2=0x0,intf3=0x0
[    9.818286] sdioh_start: set sd_f2_blocksize 256
[    9.823387] 
               
               dhd_bus_devreset: == WLAN ON ==\x00ON ==
[    9.830691] F1 signature read @0x18000000=0x17294359
[    9.839468] F1 signature OK, socitype:0x1 chip:0x4359 rev:0x9 pkg:0x2
[    9.842843] DHD: dongle ram size is set to 917504(orig 917504) at 0x160000
[    9.849250] dhd_bus_set_default_min_res_mask: Unhandled chip id
[    9.856774] dhd_os_open_image: /etc/wifi/4359/config.txt (47 bytes) open success
[    9.863111] dhd_conf_read_others: bcn_timeout = 20
[    9.867643] dhd_conf_read_sdio_params: dhd_slpauto = 0
[    9.872908] dhd_conf_read_others: ccode = CN
[    9.877298] dhd_conf_read_others: regrev = 38
[    9.881789] Final fw_path=/etc/wifi/4359/fw_bcm4359c0_ag.bin
[    9.887556] Final nv_path=/etc/wifi/4359/nvram.txt
[    9.892462] Final clm_path=/etc/wifi/4359/clm.blob
[    9.897381] Final conf_path=/etc/wifi/4359/config.txt
[    9.903892] dhd_os_open_image: /etc/wifi/4359/fw_bcm4359c0_ag.bin (594889 bytes) open success
[   10.018838] dhd_os_open_image: /etc/wifi/4359/nvram.txt (5639 bytes) open success
[   10.021211] NVRAM version: AP6398S_NVRAM_V1.1_20170926
[   10.026862] dhdsdio_write_vars: Download, Upload and compare of NVRAM succeeded.
[   10.210768] dhd_bus_init: enable 0x06, ready 0x06 (waited 0us)
[   10.211167] si_get_pmu_reg_addr: addrRET: 18000670
[   10.216269] bcmsdh_oob_intr_register: HW_OOB irq=91 flags=0x8
[   10.221975] meson_pinctrl: gpio virq[91] connect to GIC hwirq[96]
[   10.228203] bcmsdh_oob_intr_register: enable_irq_wake failed with -6
[   10.235861] Disable tdls_auto_op failed. -1
[   10.239014] dhd_tcpack_suppress_set: TCP ACK Suppress mode 0 -> mode 1
[   10.246008] dhd_apply_default_clm: Ignore clm file /etc/wifi/4359/clm.blob
[   10.253764] Firmware up: op_mode=0x0405, MAC=28:ed:e0:e6:ba:ba
[   10.267727]   Driver: 1.579.77.41.12 (r)
                 Firmware: wl0: Nov  1 2017 10:40:09 version 9.87.51.11.5 (2334dcf@sh-git) (r) FWID 01-f9f1e123
                 CLM: 9.7.5 \x00.7.5 
[   10.279115] dhd_txglom_enable: enable 1
[   10.282872] dhd_conf_set_txglom_params: txglom_mode=copy
[   10.288322] dhd_conf_set_txglom_params: txglomsize=36, deferred_tx_len=0
[   10.295128] dhd_conf_set_txglom_params: txinrx_thres=128, dhd_txminmax=-1
[   10.302009] dhd_conf_set_txglom_params: tx_max_offset=0, txctl_tmo_fix=300
[   10.309010] dhd_conf_get_disable_proptx: fw_proptx=1, disable_proptx=-1
[   10.316496] dhd_wlfc_hostreorder_init(): successful bdcv2 tlv signaling, 64
[   10.323801] dhd_pno_init: Support Android Location Service
[   10.328419] dhd_preinit_ioctls: SensorHub diabled 0
[   10.333690] dhd_preinit_ioctls failed to set ShubHub disable
[   10.340057] failed to set WNM capabilities
[   10.368844] dhd_conf_set_country: set country CN, revision 38
[   10.368846] dhd_wlfc_enable: ret=0
[   10.368867] CFG80211-ERROR) wl_cfg80211_event : 
[   10.368867] Event handler is not created
[   10.368876] CFG80211-ERROR) wl_cfg80211_event : 
[   10.368876] Event handler is not created
[   10.368885] CFG80211-ERROR) wl_cfg80211_event : 
[   10.368885] Event handler is not created
[   10.368888] dhd_wlfc_enable: ret=0
[   10.368893] CFG80211-ERROR) wl_cfg80211_event : 
[   10.368894] Event handler is not created
[   10.368900] CFG80211-ERROR) wl_cfg80211_event : 
[   10.368900] Event handler is not created
[   10.422435] Country code: CN (CN/38)
[   10.425377] CONFIG-ERROR) 
[   10.426566] dhd_conf_set_intiovar: txbf setting failed -23
[   10.438315] wl_android_wifi_on: Success
[   10.476164] wl_escan_init: Enter
[   10.476292] wl_create_event_handler(): thread:wl_escan_handler:7f6 started
[   10.476301] tsk Enter, tsk = 0xffffffc01c610198
[   10.485614] dhd_open : the lock is released.
[   10.490002] dhd_open: Exit ret=0
[   12.621354] P2P interface registered
[   12.621389] wl_cfgp2p_add_p2p_disc_if: wdev: ffffffc01be94400, wdev->net:           (null)
[   12.638310] WLC_E_IF: NO_IF set, event Ignored\x000d
[   12.639687] P2P interface started
[   13.517884] WLC_E_IF: NO_IF set, event Ignored\x000d
[   13.518750] CFG80211-ERROR) wl_cfg80211_event : 
[   13.518786] ANDROID-MSG) 
[   13.518789] wl_ext_iapsta_attach_netdev: ifidx=1, bssidx=2
[   13.529899] ignore event 54, not interested
[   13.536543] Register interface [wlan1]  MAC: 2a:ed:e0:e6:ba:ba
\x000a
[   13.665020] wl_cfg80211_del_station: Disconnect STA : ff:ff:ff:ff:ff:ff scb_val.val 3
[   13.709827] wl_cfg80211_set_channel: netdev_ifidx(7), chan_type(1) target channel(6) 
[   13.715650] CFG80211-ERROR) wl_bss_iovar_war : 
[   13.716667] wl bss 3
[   13.789034] wl_notify_connect_status_ap: ** AP/GO Link up event **
[   14.889949] BT_RADIO going: off
[   14.889985] BCM_BT: going OFF
[   15.255499] using random self ethernet address
[   15.255741] using random host ethernet address
[   15.264704] file system registered
[   15.282502] read descriptors
[   15.282546] read strings
[   15.921450] BT_RADIO going: on
[   15.921477] BCM_BT: going ON
[   17.277507] usb0: HOST MAC 5e:e1:89:f8:ca:64
[   17.277720] usb0: MAC da:c1:20:4c:e1:3d
[   17.281380] USB RESET
[   17.285252] IPv6: ADDRCONF(NETDEV_UP): usb0: link is not ready
[   17.302567] parse loopback:, 	lb mode:0\x00:0
[   17.302740] 	datain_src:4, datain_chnum:8, datain_chumask:3f\x003f
[   17.307527] 	datalb_src:2, datalb_chnum:2, datalb_chumask:3\x00:3
[   17.360527] meson-remote ff808040.rc: remote_ioctl invalid user space pointer
[   17.365466] meson_uart ffd24000.serial: ttyS1 use xtal(8M) 24000000 change 0 to 9600
[   17.373123] meson_uart ffd24000.serial: ttyS1 use xtal(8M) 24000000 change 9600 to 9600
[   17.381179] meson_uart ffd24000.serial: ttyS1 use xtal(8M) 24000000 change 9600 to 115200
[   17.429997] meson_uart ffd24000.serial: ttyS1 use xtal(8M) 24000000 change 115200 to 2000000
[   17.979319] meson_uart ffd24000.serial: ttyS1 use xtal(8M) 24000000 change 2000000 to 115200
[   18.015702] meson_uart ffd24000.serial: ttyS1 use xtal(8M) 24000000 change 115200 to 2000000
[   62.635063] fb: mem_free_work, free memory: addr:180000
[  112.504808] random: crng init done
[ 3578.470179] CFGP2P-ERROR) wl_cfgp2p_disable_discovery : 
[ 3578.470265]  do nothing, not initialized
[ 3578.474062] Exit. P2P interface stopped
[ 3581.287513] wl_cfg80211_del_station: Disconnect STA : ff:ff:ff:ff:ff:ff scb_val.val 3
[ 3581.341845] CFG80211-ERROR) wl_bss_iovar_war : 
[ 3581.341930] wl bss 2
[ 3594.711180] dhd_module_cleanup: Enter
[ 3594.711307] sdioh_remove: Enter
[ 3594.712765] dhdsdio_disconnect : no mutex held. set lock
[ 3594.718376] dhd_stop: Enter ffffffc01bfb0000
[ 3594.722640] dhd_wl_ioctl: returning as busstate=5
[ 3594.727424] CFG80211-ERROR) wl_cfg80211_clear_security : 
[ 3594.732710] wsec clear failed 
[ 3594.735920] dhd_wl_ioctl: returning as busstate=5
[ 3594.740740] CFG80211-ERROR) wl_cfg80211_clear_security : 
[ 3594.746073] auth clear failed 
[ 3594.749285] dhd_wl_ioctl: returning as busstate=5
[ 3594.754103] CFG80211-ERROR) wl_cfg80211_clear_security : 
[ 3594.759445] wpa_auth clear failed 
[ 3594.762977] deleting interface 'wlan1' idx 1
[ 3594.767431] dhd_get_stats: BAD_IF
[ 3594.770996] dhd_get_stats: BAD_IF
[ 3594.774432] dhd_get_stats: BAD_IF
[ 3594.782128] dhd_wl_ioctl: returning as busstate=5
[ 3594.782545] CFG80211-ERROR) wl_get_tx_power : 
[ 3594.786973] error (-19)
[ 3594.789529] CFG80211-ERROR) wl_cfg80211_get_tx_power : 
[ 3594.794767] error (-19)
[ 3594.814676] dhd_get_stats: BAD_IF
[ 3594.814708] Cannot find ifidx for(wlan1) set to 0
[ 3594.817374] dhd_wl_ioctl: returning as busstate=5
[ 3594.822239] dhd_arp_get_arp_hostip_table: ioctl WLC_GET_VAR error -19
[ 3594.828781] dhd_wl_ioctl: returning as busstate=5
[ 3594.833604] dhd_aoe_hostip_clr failed code -19
[ 3594.838165] aoe_update_host_ipv4_table failed
[ 3594.842730] dhd_get_stats: BAD_IF
[ 3594.846215] dhd_get_stats: BAD_IF
[ 3594.850042] ANDROID-MSG) 
[ 3594.852194] wl_ext_iapsta_dettach_netdev: ifidx=1
[ 3594.857014] dhd_wl_ioctl: returning as busstate=5
[ 3594.861834] CFG80211-ERROR) wl_cfg80211_bss_isup : 
[ 3594.866656] 'cfg bss -C 0' failed: -19
[ 3594.870499] CFG80211-ERROR) wl_cfg80211_bss_isup : 
[ 3594.875352] NOTE: this ioctl error is normal when the BSS has not been created yet.
[ 3594.883168] dhd_wl_ioctl: returning as busstate=5
[ 3594.887954] dhd_wl_ioctl: returning as busstate=5
[ 3594.892776] CFG80211-ERROR) wl_cfg80211_update_power_mode : 
[ 3594.898368] wl_cfg80211_update_power_mode:error (-19)
[ 3594.903614] CFGP2P-ERROR) wl_cfgp2p_disable_discovery : 
[ 3594.908832]  do nothing, not initialized
[ 3594.912877] CFG80211-ERROR) wl_cfgp2p_down : 
[ 3594.917178] Clean up the p2p discovery IF
[ 3594.921314] wl_cfgp2p_del_p2p_disc_if: wdev: ffffffc01be94400, wdev->net:           (null)
[ 3594.942588] P2P interface unregistered
[ 3594.942627] CFGP2P-ERROR) wl_cfgp2p_deinit_priv : 
[ 3594.945621] In
[ 3594.947468] dhd_wl_ioctl: returning as busstate=5
[ 3594.952301] CFG80211-ERROR) wl_dongle_down : 
[ 3594.956583] WLC_DOWN error (-19)
[ 3594.959957] dhd_tcpack_suppress_set: TCP ACK Suppress mode 1 -> mode 0
[ 3594.966604] wl_escan_deinit: Enter
[ 3594.970134] wl_escan_event_handler: was terminated
[ 3594.975165] wl_destroy_event_handler(): thread:wl_escan_handler:7f6 terminated OK
[ 3594.982663] wl_android_wifi_off in 1
[ 3594.986332] wl_android_wifi_off in 2: g_wifi_on=1, on_failure=1
[ 3594.992395] dhd_wl_ioctl: returning as busstate=5
[ 3594.997228] dhd_bus_devreset: == Power OFF ==
[ 3595.002013] bcmsdh_oob_intr_unregister: Enter
[ 3595.006225] dhd_txglom_enable: enable 0
[ 3595.010162] dhd_conf_set_txglom_params: txglom_mode=copy
[ 3595.015589] dhd_conf_set_txglom_params: txglomsize=0, deferred_tx_len=0
[ 3595.022332] dhd_conf_set_txglom_params: txinrx_thres=128, dhd_txminmax=-1
[ 3595.029230] dhd_conf_set_txglom_params: tx_max_offset=0, txctl_tmo_fix=300
[ 3595.036201] dhd_bus_devreset:  WLAN OFF DONE
[ 3595.040703] wifi_platform_set_power = 0
[ 3595.044578] ======== PULL WL_REG_ON(-1) LOW! ========
[ 3595.049752] wl_android_wifi_off out
[ 3595.053365] ANDROID-MSG) 
[ 3595.055956] wl_ext_iapsta_dettach_netdev: ifidx=0
[ 3595.060779] dhd_stop: Exit
[ 3595.078662] bcmsdh_oob_intr_unregister: Enter
[ 3595.078695] bcmsdh_oob_intr_unregister: irq is not registered
[ 3595.083469] dhd_wlfc_deinit():3751, Already disabled!
[ 3595.088641] wl_escan_detach: Enter
[ 3595.092170] wl_escan_deinit: Enter
[ 3595.134694] dhd_detach(): thread:dhd_watchdog_thread:7ec terminated OK
[ 3595.135776] dhd_detach(): thread:dhd_rxf:7ee terminated OK
[ 3595.141414] dhd_dpc_thread: Unexpected up_cnt 0
[ 3595.146072] dhd_detach(): thread:dhd_dpc:7ed terminated OK
[ 3595.174734] dhd_tcpack_suppress_set 362: already set to 0
[ 3595.174797] dhdsdio_disconnect : the lock is released.
[ 3595.180374] unregister wifi platform drivers
[ 3595.184388] wifi_platform_bus_enumerate device present 0
[ 3595.189911] ======== Card detection to remove SDIO card! ========
[ 3595.196035] aml_wifi wifi: [extern_wifi_set_enable] WIFI  Disable! 69
[ 3595.402747] ======== dhd_wlan_deinit_plat_data ========
[ 3595.402784] dhd_module_cleanup: Exit
[ 3604.676648] dhd_module_init: in Dongle Host Driver, version 1.579.77.41.12 (r)
[ 3604.678422] ======== dhd_wlan_init_plat_data ========
[ 3604.683646] dhd_wlan_init_gpio: WL_HOST_WAKE=-1, oob_irq=91, oob_irq_flags=0x418
[ 3604.691102] dhd_wlan_init_gpio: WL_REG_ON=-1
[ 3604.695511] dhd_wifi_platform_load: Enter
[ 3604.699671] Power-up adapter 'DHD generic adapter'
[ 3604.704572] wifi_platform_set_power = 1
[ 3604.708519] ======== PULL WL_REG_ON(-1) HIGH! ========
[ 3604.713801] aml_wifi wifi: [extern_wifi_set_enable] WIFI  Disable! 69
[ 3604.820369] aml_wifi wifi: [extern_wifi_set_enable] WIFI  Enable! 69
[ 3605.178931] wifi_platform_bus_enumerate device present 1
[ 3605.179134] ======== Card detection to detect SDIO card! ========
[ 3605.185384] sdio_reset_comm():
[ 3605.188766] [meson_mmc_clk_set_rate_v3] clk_ios: 200000000,  return .............. clock: 0x10000245
[ 3605.200490] [meson_mmc_clk_set_rate_v3] clk_ios: 200000000,  return .............. clock: 0x10000245
[ 3605.208083] [meson_mmc_clk_set_rate_v3] clk_ios: 400000,before clock: 0x10000245
[ 3605.214998] actual_clock :400000, HHI_nand: 0x0
[ 3605.219054] [meson_mmc_clk_set_rate_v3] after clock: 0x1000023c
[ 3605.230023] [meson_mmc_clk_set_rate_v3] clk_ios: 0,before clock: 0x1000023c
[ 3605.232625] actual_clock :0, HHI_nand: 0x0
[ 3605.236338] [meson_mmc_clk_set_rate_v3] after clock: 0x1000023c
[ 3605.258742] [meson_mmc_clk_set_rate_v3] clk_ios: 400000,before clock: 0x1000023c
[ 3605.260749] actual_clock :400000, HHI_nand: 0x0
[ 3605.265461] [meson_mmc_clk_set_rate_v3] after clock: 0x1000023c
[ 3605.292681] sdio_read_cis: 5 callbacks suppressed
[ 3605.292761] sdio: queuing unknown CIS tuple 0x80 (2 bytes)
[ 3605.301248] sdio: queuing unknown CIS tuple 0x80 (3 bytes)
[ 3605.306436] sdio: queuing unknown CIS tuple 0x80 (3 bytes)
[ 3605.315283] sdio: queuing unknown CIS tuple 0x80 (7 bytes)
[ 3605.322566] sdio: queuing unknown CIS tuple 0x81 (9 bytes)
[ 3605.430182] [meson_mmc_clk_set_rate_v3] clk_ios: 400000,  return .............. clock: 0x1000023c
[ 3605.435048] [meson_mmc_clk_set_rate_v3] clk_ios: 400000,  return .............. clock: 0x1000023c
[ 3605.442699] [meson_mmc_clk_set_rate_v3] clk_ios: 200000000,before clock: 0x1000023c
[ 3605.450643] meson-aml-mmc ffe05000.sdio: divider requested rate 200000000 != actual rate 199999805: ret=0
[ 3605.460142] actual_clock :199999805, HHI_nand: 0x0
[ 3605.464937] [meson_mmc_clk_set_rate_v3] after clock: 0x10000245
[ 3605.470971] sdio: clk 200000000 SDR mode tuning start
[ 3605.476482] sdio: rx_tuning_result[0] = 10
[ 3605.480751] sdio: rx_tuning_result[2] = 10
[ 3605.484826] sdio: rx_tuning_result[3] = 10
[ 3605.488863] sdio: best_win_start =2, best_win_size =2
[ 3605.493984] sdio: sd_emmc_regs->gclock=0x10000245,sd_emmc_regs->gadjust=0x32000
[ 3605.501409] sdio: gclock=0x10000245, gdelay1=0x0, gdelay2=0x0,intf3=0x0
[ 3605.508136] [sdio_reinit] finish
[ 3605.512139] parse loopback:, 	lb mode:0\x00:0
[ 3605.515494] 	datain_src:4, datain_chnum:8, datain_chumask:3f\x003f
[ 3605.521263] 	datalb_src:2, datalb_chnum:2, datalb_chumask:3\x00:3
[ 3605.527703] parse loopback:, 	lb mode:0\x00:0
[ 3605.530936] 	datain_src:4, datain_chnum:8, datain_chumask:3f\x003f
[ 3605.532408] bcmsdh_register: register client driver
[ 3605.532796] bcmsdh_sdmmc_probe: Enter num=1
[ 3605.533126] bcmsdh_sdmmc_probe: Enter num=2
[ 3605.533130] bus num (host idx)=0, slot num (rca)=1
[ 3605.533136] found adapter info 'DHD generic adapter'
[ 3605.533515] sdioh_attach: set sd_f2_blocksize 256
[ 3605.533880] sdioh_attach: sd clock rate = 0
[ 3605.534933] dhdsdio_probe : no mutex held. set lock
[ 3605.535082] F1 signature read @0x18000000=0x17294359
[ 3605.539227] F1 signature OK, socitype:0x1 chip:0x4359 rev:0x9 pkg:0x2
[ 3605.539846] DHD: dongle ram size is set to 917504(orig 917504) at 0x160000
[ 3605.539945] dhd_conf_set_chiprev: chip=0x4359, chiprev=9
[ 3605.540113] CFG80211-ERROR) wl_setup_wiphy : 
[ 3605.540114] Registering Vendor80211
[ 3605.544913] CFG80211-ERROR) wl_init_prof : 
[ 3605.544913] wl_init_prof: No profile
[ 3605.545202] wl_escan_attach: Enter
[ 3605.545257] wl_escan_init: Enter
[ 3605.546334] wl_create_event_handler(): thread:wl_escan_handler:3bf0 started
[ 3605.546339] tsk Enter, tsk = 0xffffffc01a5f0198
[ 3605.546492] dhd_attach(): thread:dhd_watchdog_thread:3bf1 started
[ 3605.550815] dhd_attach(): thread:dhd_dpc:3bf2 started
[ 3605.550956] dhd_attach(): thread:dhd_rxf:3bf3 started
[ 3605.550971] dhd_deferred_work_init: work queue initialized
[ 3605.550976] dhd_tcpack_suppress_set: TCP ACK Suppress mode 0 -> mode 2
[ 3605.551040] dhd_bus_set_default_min_res_mask: Unhandled chip id
[ 3605.551373] sdioh_cis_read: func_cis_ptr[0]=0x10ac
[ 3605.563270] Dongle Host Driver, version 1.579.77.41.12 (r)
[ 3605.564819] ANDROID-MSG) 
[ 3605.564821] wl_ext_iapsta_attach_netdev: ifidx=0, bssidx=0
[ 3605.564829] Register interface [wlan0]  MAC: 28:ed:e0:e6:ba:ba
\x000a
[ 3605.564991] dhd_tcpack_suppress_set: TCP ACK Suppress mode 2 -> mode 0
[ 3605.565013] dhd_wl_ioctl: returning as busstate=0
[ 3605.565020] dhd_bus_devreset: == Power OFF ==
[ 3605.565479] bcmsdh_oob_intr_unregister: Enter
[ 3605.565483] bcmsdh_oob_intr_unregister: irq is not registered
[ 3605.565502] dhd_txglom_enable: enable 0
[ 3605.565507] dhd_conf_set_txglom_params: txglom_mode=copy
[ 3605.565510] dhd_conf_set_txglom_params: txglomsize=0, deferred_tx_len=0
[ 3605.565514] dhd_conf_set_txglom_params: txinrx_thres=128, dhd_txminmax=-1
[ 3605.565517] dhd_conf_set_txglom_params: tx_max_offset=0, txctl_tmo_fix=300
[ 3605.565522] dhd_bus_devreset:  WLAN OFF DONE
[ 3605.565586] wifi_platform_set_power = 0
[ 3605.565591] ======== PULL WL_REG_ON(-1) LOW! ========
[ 3605.565596] wl_escan_deinit: Enter
[ 3605.565631] wl_escan_event_handler: was terminated
[ 3605.565644] wl_destroy_event_handler(): thread:wl_escan_handler:3bf0 terminated OK
[ 3605.565655] dhdsdio_probe : the lock is released.
[ 3605.565833] dhd_module_init: Exit err=0
[ 3605.572353] dhd_open: Enter ffffffc01d058000
[ 3605.572358] dhd_open : no mutex held. set lock
[ 3605.572372] 
               Dongle Host Driver, version 1.579.77.41.12 (r)\x00r)
[ 3605.572383] ANDROID-MSG) 
[ 3605.572383] wl_ext_iapsta_attach_netdev: ifidx=0, bssidx=0
[ 3605.572389] wl_android_wifi_on in 1
[ 3605.572392] wl_android_wifi_on in 2: g_wifi_on=0
[ 3605.572396] wifi_platform_set_power = 1
[ 3605.572400] ======== PULL WL_REG_ON(-1) HIGH! ========
[ 3605.572440] aml_wifi wifi: [extern_wifi_set_enable] WIFI  Disable! 69
[ 3605.672487] aml_wifi wifi: [extern_wifi_set_enable] WIFI  Enable! 69
[ 3605.844577] 	datalb_src:2, datalb_chnum:2, datalb_chumask:3\x00:3
[ 3605.851069] parse loopback:, 	lb mode:0\x00:0
[ 3605.854234] 	datain_src:4, datain_chnum:8, datain_chumask:3f\x003f
[ 3605.860068] 	datalb_src:2, datalb_chnum:2, datalb_chumask:3\x00:3
[ 3606.026655] sdio_reset_comm():
[ 3606.026696] [meson_mmc_clk_set_rate_v3] clk_ios: 200000000,  return .............. clock: 0x10000245
[ 3606.035844] [meson_mmc_clk_set_rate_v3] clk_ios: 200000000,  return .............. clock: 0x10000245
[ 3606.043740] [meson_mmc_clk_set_rate_v3] clk_ios: 400000,before clock: 0x10000245
[ 3606.050319] actual_clock :400000, HHI_nand: 0x0
[ 3606.054894] [meson_mmc_clk_set_rate_v3] after clock: 0x1000023c
[ 3606.063678] [meson_mmc_clk_set_rate_v3] clk_ios: 0,before clock: 0x1000023c
[ 3606.068138] actual_clock :0, HHI_nand: 0x0
[ 3606.072243] [meson_mmc_clk_set_rate_v3] after clock: 0x1000023c
[ 3606.094615] [meson_mmc_clk_set_rate_v3] clk_ios: 400000,before clock: 0x1000023c
[ 3606.096578] actual_clock :400000, HHI_nand: 0x0
[ 3606.101212] [meson_mmc_clk_set_rate_v3] after clock: 0x1000023c
[ 3606.125786] sdio: queuing unknown CIS tuple 0x80 (2 bytes)
[ 3606.128688] sdio: queuing unknown CIS tuple 0x80 (3 bytes)
[ 3606.134273] sdio: queuing unknown CIS tuple 0x80 (3 bytes)
[ 3606.142156] sdio: queuing unknown CIS tuple 0x80 (7 bytes)
[ 3606.148881] sdio: queuing unknown CIS tuple 0x81 (9 bytes)
[ 3606.243595] [meson_mmc_clk_set_rate_v3] clk_ios: 400000,  return .............. clock: 0x1000023c
[ 3606.248162] [meson_mmc_clk_set_rate_v3] clk_ios: 400000,  return .............. clock: 0x1000023c
[ 3606.256008] [meson_mmc_clk_set_rate_v3] clk_ios: 200000000,before clock: 0x1000023c
[ 3606.263804] meson-aml-mmc ffe05000.sdio: divider requested rate 200000000 != actual rate 199999805: ret=0
[ 3606.273423] actual_clock :199999805, HHI_nand: 0x0
[ 3606.278321] [meson_mmc_clk_set_rate_v3] after clock: 0x10000245
[ 3606.284364] sdio: clk 200000000 SDR mode tuning start
[ 3606.289786] sdio: rx_tuning_result[0] = 10
[ 3606.294031] sdio: rx_tuning_result[2] = 10
[ 3606.298200] sdio: rx_tuning_result[3] = 10
[ 3606.302233] sdio: best_win_start =2, best_win_size =2
[ 3606.307381] sdio: sd_emmc_regs->gclock=0x10000245,sd_emmc_regs->gadjust=0x32000
[ 3606.314793] sdio: gclock=0x10000245, gdelay1=0x0, gdelay2=0x0,intf3=0x0
[ 3606.321632] sdioh_start: set sd_f2_blocksize 256
[ 3606.326676] 
               
               dhd_bus_devreset: == WLAN ON ==\x00ON ==
[ 3606.333967] F1 signature read @0x18000000=0x17294359
[ 3606.343021] F1 signature OK, socitype:0x1 chip:0x4359 rev:0x9 pkg:0x2
[ 3606.346329] DHD: dongle ram size is set to 917504(orig 917504) at 0x160000
[ 3606.352558] dhd_bus_set_default_min_res_mask: Unhandled chip id
[ 3606.358925] dhd_os_open_image: /etc/wifi/4359/config.txt (47 bytes) open success
[ 3606.366082] dhd_conf_read_others: bcn_timeout = 20
[ 3606.370947] dhd_conf_read_sdio_params: dhd_slpauto = 0
[ 3606.376198] dhd_conf_read_others: ccode = CN
[ 3606.380600] dhd_conf_read_others: regrev = 38
[ 3606.385087] Final fw_path=/etc/wifi/4359/fw_bcm4359c0_ag_mesh.bin
[ 3606.391300] Final nv_path=/etc/wifi/4359/nvram.txt
[ 3606.396198] Final clm_path=/etc/wifi/4359/clm.blob
[ 3606.401121] Final conf_path=/etc/wifi/4359/config.txt
[ 3606.407469] dhd_os_open_image: /etc/wifi/4359/fw_bcm4359c0_ag_mesh.bin (749970 bytes) open success
[ 3606.546840] dhd_os_open_image: /etc/wifi/4359/nvram.txt (5639 bytes) open success
[ 3606.548863] NVRAM version: AP6398S_NVRAM_V1.1_20170926
[ 3606.554942] dhdsdio_write_vars: Download, Upload and compare of NVRAM succeeded.
[ 3606.733520] dhd_bus_init: enable 0x06, ready 0x06 (waited 0us)
[ 3606.733932] si_get_pmu_reg_addr: addrRET: 18000670
[ 3606.739163] bcmsdh_oob_intr_register: HW_OOB irq=91 flags=0x8
[ 3606.744740] meson_pinctrl: gpio virq[91] connect to GIC hwirq[96]
[ 3606.750924] bcmsdh_oob_intr_register: enable_irq_wake failed with -6
[ 3606.758655] Disable tdls_auto_op failed. -1
[ 3606.761660] dhd_tcpack_suppress_set: TCP ACK Suppress mode 0 -> mode 1
[ 3606.768715] dhd_apply_default_clm: Ignore clm file /etc/wifi/4359/clm.blob
[ 3606.776465] Firmware up: op_mode=0x0405, MAC=28:ed:e0:e6:ba:ba
[ 3606.783038] dhd_preinit_ioctls Set scancache failed -23
[ 3606.789069] dhd_wl_ioctl_set_intiovar: set int iovar arpoe failed, ERR -23
[ 3606.793605] dhd_arp_offload_enable: failed to enabe ARP offload to 1, retcode = -23
[ 3606.801798] dhd_wl_ioctl_get_intiovar: get int iovar arp_version failed, ERR -23
[ 3606.809223] dhd_wl_ioctl_set_intiovar: set int iovar arp_ol failed, ERR -23
[ 3606.815934] dhd_arp_offload_set: failed to set ARP offload mode to 0x9, retcode = -23
[ 3606.826908]   Driver: 1.579.77.41.12 (r)
                 Firmware: wl0: Nov 21 2018 12:44:02 version 9.87.51.11.0-debug-10 FWID 01-27467671
                 CLM: 9.7.5 \x00.7.5 
[ 3606.839771] dhd_txglom_enable: enable 1
[ 3606.843537] dhd_conf_set_txglom_params: txglom_mode=copy
[ 3606.848967] dhd_conf_set_txglom_params: txglomsize=36, deferred_tx_len=0
[ 3606.855778] dhd_conf_set_txglom_params: txinrx_thres=128, dhd_txminmax=-1
[ 3606.862667] dhd_conf_set_txglom_params: tx_max_offset=0, txctl_tmo_fix=300
[ 3606.869669] dhd_conf_get_disable_proptx: fw_proptx=1, disable_proptx=-1
[ 3606.877070] dhd_wlfc_hostreorder_init(): successful bdcv2 tlv signaling, 64
[ 3606.884528] dhd_preinit_ioctls: SensorHub diabled 0
[ 3606.888786] dhd_preinit_ioctls failed to set ShubHub disable
[ 3606.895176] failed to set WNM capabilities
[ 3606.931379] dhd_conf_set_country: set country CN, revision 38
[ 3606.931392] CFG80211-ERROR) wl_cfg80211_event : 
[ 3606.931392] Event handler is not created
[ 3606.942513] Country code: CN (CN/38)
[ 3606.945595] CONFIG-ERROR) 
[ 3606.946861] dhd_conf_set_intiovar: txbf setting failed -23
[ 3606.956616] wl_android_wifi_on: Success
[ 3606.994020] wl_escan_init: Enter
[ 3606.994172] wl_create_event_handler(): thread:wl_escan_handler:3c04 started
[ 3606.994180] tsk Enter, tsk = 0xffffffc01a5f0198
[ 3607.003581] dhd_open : the lock is released.
[ 3607.007957] dhd_open: Exit ret=0
[ 3611.303353] ANDROID-MSG) 
[ 3611.303382] wl_ext_iapsta_preinit: set rsdb_mode 1
[ 3611.331545] CFG80211-ERROR) wl_cfg80211_event : 
[ 3611.331576] ignore event 54, not interested
[ 3611.335510] CFG80211-ERROR) wl_cfg80211_post_ifcreate : 
[ 3611.340162] Applying updated mac address to firmware
[ 3611.345226] ANDROID-MSG) 
[ 3611.347808] wl_ext_iapsta_attach_netdev: ifidx=1, bssidx=2
[ 3611.355663] Register interface [wlan1]  MAC: 2a:ed:e0:e6:ba:ba
\x000a
[ 3611.361492] CFG80211-ERROR) wl_cfg80211_event : 
[ 3611.365547] ignore event 54, not interested
[ 3611.370424] Post ifcreate ops done. Returning 
[ 3611.374468] wl_cfg80211_post_ifcreate: change iface_type to NL80211_IFTYPE_MESH_POINT
[ 3611.382390] CFG80211-ERROR) cfg80211_to_wl_iftype : 
[ 3611.387300] Unknown interface type:0x7
[ 3611.391184] CFG80211-ERROR) wl_cfg80211_post_ifcreate : 
[ 3611.396440] Unsupported operating mode 
[ 3611.400432] ANDROID-MSG) 
[ 3611.402994] wl_ext_iapsta_attach_netdev: ifidx=2, bssidx=3
[ 3611.410046] Register interface [wlan2]  MAC: 2a:ed:e0:e6:3c:bb
\x000a
[ 3611.416539] ANDROID-MSG) 
[ 3611.418824] wl_ext_iapsta_preinit: apstamode=11
[ 3611.433944] br0: port 1(wlan1) entered blocking state
[ 3611.433979] br0: port 1(wlan1) entered disabled state
[ 3611.439118] device wlan1 entered promiscuous mode
[ 3611.447206] br0: port 2(wlan2) entered blocking state
[ 3611.450127] br0: port 2(wlan2) entered disabled state
[ 3611.455700] device wlan2 entered promiscuous mode
[ 3611.464063] IPv6: ADDRCONF(NETDEV_UP): br0: link is not ready
[ 3623.179178] wl_run_escan: LEGACY_SCAN sync ID: 0, bssidx: 0
[ 3625.043601] Connecting with ac:9e:17:7c:af:d8 ssid "ASUS_68U_2.4G", len (13) channel=12
\x000a
[ 3625.104263] ANDROID-MSG) 
[ 3625.104296] wl_ext_iapsta_event: wlan0[S] Link UP with ac:9e:17:7c:af:d8
[ 3625.108135] wl_iw_event: Link UP with ac:9e:17:7c:af:d8
[ 3625.113532] wl_bss_connect_done succeeded with ac:9e:17:7c:af:d8 
[ 3625.120119] CFG80211-ERROR) wl_cfg80211_scan_abort : 
[ 3625.124699] scan abort  failed 
[ 3625.189641] wl_bss_connect_done succeeded with ac:9e:17:7c:af:d8 vndr_oui: 00-10-18 
[ 3631.105415] dhd_arp_get_arp_hostip_table: ioctl WLC_GET_VAR error -23
[ 3631.108981] dhd_aoe_hostip_clr failed code -23
[ 3631.112944] aoe_update_host_ipv4_table failed
[ 3634.963320] ANDROID-MSG) 
[ 3634.963352] wl_ext_enable_iface: wlan1[A] Enabling
[ 3634.967846] ANDROID-MSG) 
[ 3634.967877] wl_ext_set_chanspec: wlan1 channel 36, 0xe02a
[ 3635.354442] ANDROID-MSG) 
[ 3635.354585] wl_ext_iapsta_event: wlan1[A] Link up
[ 3635.356842] wl_notify_connect_status_ap: ** AP/GO Link up event **
[ 3635.363874] CFG80211-ERROR) wl_ap_start_ind : 
[ 3635.367349] status:0x24d00000 
[ 3635.498692] ANDROID-MSG) 
[ 3635.498772] wl_ext_enable_iface: wlan1[A] enabled with SSID: "ttt_ap"
[ 3638.197346] nf_conntrack: default automatic helper assignment has been turned off for security reasons and CT-based  firewall rule not found. Use the iptables CT target to attach helpers instead.
[ 3641.007482] ANDROID-MSG) 
[ 3641.007514] wl_ext_enable_iface: wlan2[M] Enabling
[ 3641.012149] ANDROID-MSG) 
[ 3641.012187] wl_ext_set_chanspec: wlan2 channel 36, 0xe02a
[ 3641.546924] ANDROID-MSG) 
[ 3641.547094] wl_ext_enable_iface: wlan2[M] enabled with SSID: "ttt_mesh"
[ 3650.762138] ANDROID-ERROR) 
[ 3650.762310] wl_ext_mesh_peer_status: wlan0[S] is not mesh interface
[ 3665.413517] ANDROID-ERROR) 
[ 3665.413684] wl_ext_mesh_peer_status: wlan0[S] is not mesh interface
[ 3670.251804] ANDROID-MSG) 
[ 3670.251976] wl_ext_iapsta_event: wlan1[A] connected device 58:44:98:14:c5:81
[ 3670.256660] wl_notify_connect_status_ap: connected device 58:44:98:14:c5:81
[ 3706.575614] ANDROID-MSG) 
[ 3706.575778] wl_ext_iapsta_event: wlan1[A] deauthenticated device 58:44:98:14:c5:81
[ 3706.581098] wl_notify_connect_status_ap: event WLC_E_DEAUTH_IND(6) status 0 reason 3
[ 3706.588522] wl_notify_connect_status_ap: deauthenticated device 58:44:98:14:c5:81
[ 3730.613145] dhd_arp_get_arp_hostip_table: ioctl WLC_GET_VAR error -23
[ 3730.614838] dhd_aoe_hostip_clr failed code -23
[ 3730.618769] aoe_update_host_ipv4_table failed
[ 3730.625165] br0: port 1(wlan1) entered blocking state
[ 3730.628379] br0: port 1(wlan1) entered forwarding state
[ 3730.634482] IPv6: ADDRCONF(NETDEV_CHANGE): br0: link becomes ready
[ 3736.760401] dhd_arp_get_arp_hostip_table: ioctl WLC_GET_VAR error -23
[ 3736.761772] dhd_aoe_hostip_clr failed code -23
[ 3736.766006] aoe_update_host_ipv4_table failed
[ 3736.773145] br0: port 2(wlan2) entered blocking state
[ 3736.775632] br0: port 2(wlan2) entered forwarding state
[ 3739.496067] ANDROID-MSG) 
[ 3739.496231] wl_ext_iapsta_event: wlan1[A] connected device 58:44:98:14:c5:81
[ 3739.501003] wl_notify_connect_status_ap: connected device 58:44:98:14:c5:81
# 
# 
# 
# 
# 
# cd /dat# cd /data/
# ls
# ls
# lcd ..
# ls
bin      etc      lib32    media    proc     sbin     tmp
data     init     libexec  mnt      root     share    usr
dev      lib      linuxrc  opt      run      sys      var
# cd /dat# cd /data/
# ls
# tftp -gr wl sttus
wl: Unsupported
# wl status
Not associated. Last associated with SSID: ""
# dmesg 
[    0.000000] Booting Linux on physical CPU 0x0
[    0.000000] Linux version 4.9.54 (jay@jay) (gcc version 6.3.1 20170109 (Linaro GCC 6.3-2017.02) ) #2 SMP PREEMPT Fri Dec 7 16:58:11 CST 2018
[    0.000000] Boot CPU: AArch64 Processor [410fd034]
[    0.000000] earlycon: aml_uart0 at MMIO 0x00000000ff803000 (options '')
[    0.000000] bootconsole [aml_uart0] enabled
[    0.000000] efi: Getting EFI parameters from FDT:
[    0.000000] efi: UEFI not found.
[    0.000000] Reserved memory: created CMA memory pool at 0x000000000f000000, size 8 MiB
[    0.000000] OF: reserved mem: initialized node linux,meson-fb, compatible id shared-dma-pool
[    0.000000] Reserved memory: created CMA memory pool at 0x0000000005000000, size 4 MiB
[    0.000000] OF: reserved mem: initialized node linux,secmon, compatible id shared-dma-pool
[    0.000000] cma: Reserved 16 MiB at 0x000000001f000000
[    0.000000] On node 0 totalpages: 131072
[    0.000000]   DMA zone: 2048 pages used for memmap
[    0.000000]   DMA zone: 0 pages reserved
[    0.000000]   DMA zone: 131072 pages, LIFO batch:31
[    0.000000] psci: probing for conduit method from DT.
[    0.000000] psci: PSCIv1.0 detected in firmware.
[    0.000000] psci: Using standard PSCI v0.2 function IDs
[    0.000000] psci: MIGRATE_INFO_TYPE not supported.
[    0.000000] percpu: Embedded 23 pages/cpu @ffffffc01ef19000 s53528 r8192 d32488 u94208
[    0.000000] pcpu-alloc: s53528 r8192 d32488 u94208 alloc=23*4096
[    0.000000] pcpu-alloc: [0] 0 [0] 1 [0] 2 [0] 3 
[    0.000000] Detected VIPT I-cache on CPU0
[    0.000000] CPU features: enabling workaround for ARM erratum 845719
[    0.000000] Built 1 zonelists in Zone order, mobility grouping on.  Total pages: 129024
[    0.000000] Kernel command line: rootfstype=ramfs init=/init console=ttyS0,115200 no_console_suspend earlycon=aml_uart,0xff803000 ramoops.pstore_en=1 ramoops.record_size=0x8000 ramoops.console_size=0x4000 logo=osd0,loaded,0x3d800000 vout=panel,enable panel_type=lcd_1 osd_reverse=0 video_reverse=0 androidboot.selinux=enforcing androidboot.firstboot=1 jtag=apao androidboot.hardware=amlogic androidboot.serialno=1234567890 androidboot.rpmb_state=0 root=/dev/ubi0_0 rootfstype=ubifs init=/sbin/init
[    0.000000] fb: osd0
[    0.000000] fb: loaded
[    0.000000] fb: 0x3d800000
[    0.000000] vout: panel
[    0.000000] vout: enable: 1
[    0.000000] lcd: panel_type: lcd_1
[    0.000000] vpp_axis_reverse: bootargs is 0
[    0.000000] jtag: jtag select apao
[    0.000000] PID hash table entries: 2048 (order: 2, 16384 bytes)
[    0.000000] Dentry cache hash table entries: 65536 (order: 7, 524288 bytes)
[    0.000000] Inode-cache hash table entries: 32768 (order: 6, 262144 bytes)
[    0.000000] Memory: 452552K/524288K available (11836K kernel code, 1514K rwdata, 3376K rodata, 4352K init, 1350K bss, 43064K reserved, 28672K cma-reserved)
[    0.000000] Virtual kernel memory layout:
[    0.000000]     modules : 0xffffff8000000000 - 0xffffff8008000000   (   128 MB)
[    0.000000]     vmalloc : 0xffffff8008000000 - 0xffffffbebfff0000   (   250 GB)
[    0.000000]       .text : 0xffffff8009080000 - 0xffffff8009c10000   ( 11840 KB)
[    0.000000]     .rodata : 0xffffff8009c10000 - 0xffffff8009f70000   (  3456 KB)
[    0.000000]       .init : 0xffffff8009f70000 - 0xffffff800a3b0000   (  4352 KB)
[    0.000000]       .data : 0xffffff800a3b0000 - 0xffffff800a52aa00   (  1515 KB)
[    0.000000]        .bss : 0xffffff800a52aa00 - 0xffffff800a67c394   (  1351 KB)
[    0.000000]     fixed   : 0xffffffbefe7fd000 - 0xffffffbefec00000   (  4108 KB)
[    0.000000]     PCI I/O : 0xffffffbefee00000 - 0xffffffbeffe00000   (    16 MB)
[    0.000000]     vmemmap : 0xffffffbf00000000 - 0xffffffc000000000   (     4 GB maximum)
[    0.000000]               0xffffffbf00000000 - 0xffffffbf00800000   (     8 MB actual)
[    0.000000]     memory  : 0xffffffc000000000 - 0xffffffc020000000   (   512 MB)
[    0.000000] SLUB: HWalign=64, Order=0-3, MinObjects=0, CPUs=4, Nodes=1
[    0.000000] Preemptible hierarchical RCU implementation.
[    0.000000] 	Build-time adjustment of leaf fanout to 64.\x004.
[    0.000000] 	RCU restricting CPUs from NR_CPUS=8 to nr_cpu_ids=4.\x004.
[    0.000000] RCU: Adjusting geometry for rcu_fanout_leaf=64, nr_cpu_ids=4
[    0.000000] NR_IRQS:64 nr_irqs:64 0
[    0.000000] axg_aoclkc_init: register ao clk ok!
[    0.000000] axg_amlogic_init_sdemmc: register amlogic sdemmc clk
[    0.000000] axg_amlogic_init_sdemmc: register amlogic sdemmc clk
[    0.000000] axg_amlogic_init_media: register meson media clk
[    0.000000] axg_amlogic_init_misc: register amlogic axg misc clks
[    0.000000] axg_amlogic_init_misc: register amlogic sdemmc clk
[    0.000000] axg_clkc_init initialization complete
[    0.000000] arm_arch_timer: Architected cp15 timer(s) running at 24.00MHz (phys).
[    0.000000] clocksource: arch_sys_counter: mask: 0xffffffffffffff max_cycles: 0x588fe9dc0, max_idle_ns: 440795202592 ns
[    0.000003] sched_clock: 56 bits at 24MHz, resolution 41ns, wraps every 4398046511097ns
[    0.008253] meson_bc_timer: mclk->mux_reg =ffffff8008008190,mclk->reg =ffffff800800a194
[    0.016847] Console: colour dummy device 80x25
[    0.021103] Calibrating delay loop (skipped), value calculated using timer frequency.. 48.00 BogoMIPS (lpj=96000)
[    0.031586] pid_max: default: 32768 minimum: 301
[    0.036466] Security Framework initialized
[    0.040696] SELinux:  Initializing.
[    0.044419] SELinux:  Starting in permissive mode
[    0.044461] Mount-cache hash table entries: 1024 (order: 1, 8192 bytes)
[    0.051196] Mountpoint-cache hash table entries: 1024 (order: 1, 8192 bytes)
[    0.059018] ftrace: allocating 39894 entries in 156 pages
[    0.127101] sched-energy: CPU device node has no sched-energy-costs
[    0.127909] Invalid sched_group_energy for CPU0
[    0.132660] CPU0: update cpu_capacity 1024
[    0.136942] ASID allocator initialised with 65536 entries
[    0.175188] EFI services will not be available.
[    0.175301] Meson chip version = RevB (25:B - 22:0)
[    0.207633] Detected VIPT I-cache on CPU1
[    0.207690] Invalid sched_group_energy for CPU1
[    0.207694] CPU1: update cpu_capacity 1024
[    0.207696] CPU1: Booted secondary processor [410fd034]
[    0.235670] Detected VIPT I-cache on CPU2
[    0.235711] Invalid sched_group_energy for CPU2
[    0.235714] CPU2: update cpu_capacity 1024
[    0.235716] CPU2: Booted secondary processor [410fd034]
[    0.263743] Detected VIPT I-cache on CPU3
[    0.263781] Invalid sched_group_energy for CPU3
[    0.263784] CPU3: update cpu_capacity 1024
[    0.263786] CPU3: Booted secondary processor [410fd034]
[    0.263861] Brought up 4 CPUs
[    0.317257] SMP: Total of 4 processors activated.
[    0.322167] CPU features: detected feature: 32-bit EL0 Support
[    0.328250] CPU: All CPU(s) started at EL2
[    0.332510] alternatives: patching kernel code
[    0.337264] Invalid sched_group_energy for CPU3
[    0.341855] Invalid sched_group_energy for Cluster3
[    0.346926] Invalid sched_group_energy for CPU2
[    0.351651] Invalid sched_group_energy for Cluster2
[    0.356726] Invalid sched_group_energy for CPU1
[    0.361451] Invalid sched_group_energy for Cluster1
[    0.366525] Invalid sched_group_energy for CPU0
[    0.371251] Invalid sched_group_energy for Cluster0
[    0.377088] devtmpfs: initialized
[    0.391984] DMI not present or invalid.
[    0.392355] clocksource: jiffies: mask: 0xffffffff max_cycles: 0xffffffff, max_idle_ns: 7645041785100000 ns
[    0.400369] futex hash table entries: 1024 (order: 5, 131072 bytes)
[    0.407671] pinctrl core: initialized pinctrl subsystem
[    0.413583] NET: Registered protocol family 16
[    0.436973] cpuidle: using governor menu
[    0.437101] register canvas platform driver
[    0.439862] register rdma platform driver
[    0.445367] vdso: 2 pages (1 code @ ffffff8009c17000, 1 data @ ffffff800a3b5000)
[    0.451659] hw-breakpoint: found 6 breakpoint and 4 watchpoint registers.
[    0.459145] DMA: preallocated 256 KiB pool for atomic allocations
[    0.465045] codec_mm_module_init
[    0.468379] media_configs_system_init
[    0.480488] aml_iomap: amlogic iomap probe done
[    0.495127] vpu: driver version: v02
[    0.495175] vpu: load vpu_clk: 250000000Hz(3)
[    0.497899] vpu: vpu_clktree_init
[    0.501330] vpu: vpu_probe OK
[    0.504819] aml_snd_reg_map[0], reg:ff632000, size:20
[    0.509722] aml_snd_reg_map[1], reg:ff642000, size:2000
[    0.515103] aml snd iomap probe done
[    0.818494] vgaarb: loaded
[    0.818897] SCSI subsystem initialized
[    0.820016] usbcore: registered new interface driver usbfs
[    0.825453] usbcore: registered new interface driver hub
[    0.830988] usbcore: registered new device driver usb
[    0.836270] Linux video capture interface: v2.00
[    0.841026] pps_core: LinuxPPS API ver. 1 registered
[    0.846104] pps_core: Software ver. 5.3.6 - Copyright 2005-2007 Rodolfo Giometti <giometti@linux.it>
[    0.855494] PTP clock support registered
[    0.859991] dmi: Firmware registration failed.
[    0.864506] aml_i2c version: 20140813
[    0.868638] aml-i2c ff805000.i2c: add adapter aml_i2c_adap0(ffffffc01d0ab8d0)
[    0.875977] aml-i2c ffd1e000.i2c: add adapter aml_i2c_adap2(ffffffc01d0ac0d0)
[    0.883209] aml-i2c^C
# 
# 
# 
# 
# ifconfig
br0       Link encap:Ethernet  HWaddr 2A:ED:E0:E6:3C:BB  
          inet addr:192.168.3.1  Bcast:192.168.3.255  Mask:255.255.255.0
          inet6 addr: fe80::28ed:e0ff:fee6:3cbb/64 Scope:Link
          UP BROADCAST RUNNING MULTICAST  MTU:1500  Metric:1
          RX packets:1876 errors:0 dropped:0 overruns:0 frame:0
          TX packets:1517 errors:0 dropped:0 overruns:0 carrier:0
          collisions:0 txqueuelen:1000 
          RX bytes:205076 (200.2 KiB)  TX bytes:373204 (364.4 KiB)

lo        Link encap:Local Loopback  
          inet addr:127.0.0.1  Mask:255.0.0.0
          inet6 addr: ::1/128 Scope:Host
          UP LOOPBACK RUNNING  MTU:65536  Metric:1
          RX packets:16 errors:0 dropped:0 overruns:0 frame:0
          TX packets:16 errors:0 dropped:0 overruns:0 carrier:0
          collisions:0 txqueuelen:1 
          RX bytes:1152 (1.1 KiB)  TX bytes:1152 (1.1 KiB)

usb0      Link encap:Ethernet  HWaddr DA:C1:20:4C:E1:3D  
          inet addr:192.168.5.1  Bcast:192.168.5.255  Mask:255.255.255.0
          UP BROADCAST MULTICAST  MTU:1500  Metric:1
          RX packets:0 errors:0 dropped:0 overruns:0 frame:0
          TX packets:0 errors:0 dropped:0 overruns:0 carrier:0
          collisions:0 txqueuelen:1000 
          RX bytes:0 (0.0 B)  TX bytes:0 (0.0 B)

wlan0     Link encap:Ethernet  HWaddr 28:ED:E0:E6:BA:BA  
          inet addr:192.168.2.42  Bcast:192.168.2.255  Mask:255.255.255.0
          inet6 addr: fe80::2aed:e0ff:fee6:baba/64 Scope:Link
          UP BROADCAST RUNNING MULTICAST  MTU:1500  Metric:1
          RX packets:2305 errors:0 dropped:37 overruns:0 frame:0
          TX packets:2588 errors:0 dropped:0 overruns:0 carrier:0
          collisions:0 txqueuelen:1000 
          RX bytes:488394 (476.9 KiB)  TX bytes:314409 (307.0 KiB)

wlan1     Link encap:Ethernet  HWaddr 2A:ED:E0:E6:BA:BA  
          inet addr:192.168.3.100  Bcast:192.168.3.255  Mask:255.255.255.0
          inet6 addr: fe80::28ed:e0ff:fee6:baba/64 Scope:Link
          UP BROADCAST RUNNING MULTICAST  MTU:1500  Metric:1
          RX packets:1888 errors:0 dropped:12 overruns:0 frame:0
          TX packets:1570 errors:0 dropped:0 overruns:0 carrier:0
          collisions:0 txqueuelen:1000 
          RX bytes:207126 (202.2 KiB)  TX bytes:406173 (396.6 KiB)

wlan2     Link encap:Ethernet  HWaddr 2A:ED:E0:E6:3C:BB  
          inet addr:192.168.3.101  Bcast:192.168.3.255  Mask:255.255.255.0
          inet6 addr: fe80::28ed:e0ff:fee6:3cbb/64 Scope:Link
          UP BROADCAST RUNNING MULTICAST  MTU:1500  Metric:1
          RX packets:0 errors:0 dropped:0 overruns:0 frame:0
          TX packets:77 errors:0 dropped:0 overruns:0 carrier:0
          collisions:0 txqueuelen:1000 
          RX bytes:0 (0.0 B)  TX bytes:13985 (13.6 KiB)

# ping 192.168.2.42
PING 192.168.2.42 (192.168.2.42): 56 data bytes
64 bytes from 192.168.2.42: seq=0 ttl=64 time=0.888 ms
64 bytes from 192.168.2.42: seq=1 ttl=64 time=1.419 ms
64 bytes from 192.168.2.42: seq=2 ttl=64 time=1.412 ms
^C
--- 192.168.2.42 ping statistics ---
3 packets transmitted, 3 packets received, 0% packet loss
round-trip min/avg/max = 0.888/1.239/1.419 ms
# ^C
# # ping 192.168.2.421
PING 192.168.2.1 (192.168.2.1): 56 data bytes
64 bytes from 192.168.2.1: seq=0 ttl=64 time=4.757 ms
64 bytes from 192.168.2.1: seq=1 ttl=64 time=10.380 ms
^C
--- 192.168.2.1 ping statistics ---
2 packets transmitted, 2 packets received, 0% packet loss
round-trip min/avg/max = 4.757/7.568/10.380 ms
# ^C
# 
# 
# cp /fwfwfls
# pwfd
/data
# 
# 
# tftp g-0-r-gr 192..1.168.2.163  192.168.2.63  192.168.2.63 f  192.168.2.63 w  192.168.2.63 _  192.168.2.63 b  192.168.2.63 c  192.168.2.63 m  192.168.2.63 4  192.168.2.63 3  192.168.2.63 5  192.168.2.63 9  192.168.2.63 c  192.168.2.63 0  192.168.2.63 _  192.168.2.63 a  192.168.2.63 g  192.168.2.63 .  192.168.2.63 b  192.168.2.63 i  192.168.2.63 n  192.168.2.63   192.168.2.63 
# 
# 
# ls
fw_bcm4359c0_ag.bin
# cd c /dd /et# cd /etc/wi# cd /etc/wifi/bu
-/bin/sh: cd: can't cd to /etc/wifi/bu
# # cd /etc/wifi/bu4359# cd /etc/wifi/4359/
# ls
BCM4359C0.hcd              killall.sh
config.txt                 nvram.txt
fw_bcm4359c0_ag.bin        nvram_ce.txt
fw_bcm4359c0_ag_apsta.bin  nvram_fcc.txt
fw_bcm4359c0_ag_mesh.bin   run.sh
insmod_mesh.sh             wpa_supplicant.conf
iptables.sh
# cp fw# cp fw_bcm4359c0_ag_me# cp fw_bcm4359c0_ag_mesh.bin  f# cp fw_bcm4359c0_ag_mesh.bin fw_bcm4359c0_ag_me# cp fw_bcm4359c0_ag_mesh.bin fw_bcm4359c0_ag_mesh.bin -bak
# 
# 
# cp /dat# cp /data/f# cp /data/fw_bcm4359c0_ag.bin fw# cp /data/fw_bcm4359c0_ag.bin fw_bcm4359c0_ag_me# cp /data/fw_bcm4359c0_ag.bin fw_bcm4359c0_ag_mesh.bin
# md5sum *
afa7ee892b55f16a78311990d67d3aea  BCM4359C0.hcd
47ad1ab7ccfbdc0221b3f80bed432194  config.txt
76eb71888b45319ff626b6c37affad90  fw_bcm4359c0_ag.bin
76eb71888b45319ff626b6c37affad90  fw_bcm4359c0_ag_apsta.bin
25b5fc2994c8e83339a66ea2dfca6aaf  fw_bcm4359c0_ag_mesh.bin
eb0fe6ad0a2367961be74d460dc17199  fw_bcm4359c0_ag_mesh.bin-bak
b1bfed6571d79517a891d031419a1b2a  insmod_mesh.sh
bfcd75ff3e68a2537ddad98041a1f910  iptables.sh
2d62f348c54162c40f37c8252c2ae341  killall.sh
4851248543eb1093de6486f96b78317d  nvram.txt
4851248543eb1093de6486f96b78317d  nvram_ce.txt
4851248543eb1093de6486f96b78317d  nvram_fcc.txt
eae3814129cab1acf03b172abf93cbb4  run.sh
6cd0e6d3f51b6f47647528d0ab00286f  wpa_supplicant.conf
# rreboot
# ERROR: signal_handler: signal_handler enter
BSA_trace 31@ 01/01 01h:12m:17s:790ms: BSA_HsDeregisterInit
DEBUG: app_hs_stop: handle 1
BSA_trace 32@ 01/01 01h:12m:17s:790ms: BSA_HsDeregister
BSA_trace 33@ 01/01 01h:12m:17s:791ms: BSA_HsDisableInit
BSA_trace 34@ 01/01 01h:12m:17s:791ms: BSA_HsDisable
BSA_trace 35@ 01/01 01h:12m:17s:791ms: BSA_AvkDeregisterInit
BSA_trace 36@ 01/01 01h:12m:17s:791ms: BSA_AvkDeregister
BSA_trace 37@ 01/01 01h:12m:17s:792ms: bsa_get_tid_from_msg_id received unexpected msg_id:703
BSA_trace 37@ 01/01 01h:12m:17s:792ms: BSA_AvkDisableInitBSA_trace 38@ 01/01 01h:12m:17s:792ms: bsa_mgt_cback dropped unexpected message:82bf

BSA_trace 39@ 01/01 01h:12m:17s:792ms: BSA_AvkDisable
BSA_trace 40@ 01/01 01h:12m:17s:792ms: BSA_MgtCloseInit
BSA_trace 41@ 01/01 01h:12m:17s:792ms: BSA_MgtClose
BSA_trace 42@ 01/01 01h:12m:17s:792ms: UIPC_Close ChId:3
