<6>[    0.000000] Booting Linux on physical CPU 0x500
<6>[    0.000000] Initializing cgroup subsys cpu
<6>[    0.000000] Initializing cgroup subsys cpuacct
<5>[    0.000000] Linux version 3.10.0 (ballack@ballack) (gcc version 4.6.x-google 20120106 (prerelease) (GCC) ) #155 SMP PREEMPT Wed Oct 23 15:13:08 CST 2019
<4>[    0.000000] CPU: ARMv7 Processor [410fc0d1] revision 1 (ARMv7), cr=10c5387d
<4>[    0.000000] CPU: PIPT / VIPT nonaliasing data cache, VIPT aliasing instruction cache
<6>[    0.000000] Machine: Rockchip RK3288 (Flattened Device Tree), model: rockchip,rk3288
<6>[    0.000000] rockchip_uboot_logo_setup: mem: 0x02000000@0x7dc00000, offset:0x01000000
<6>[    0.000000] hdmi init vic is -1
<6>[    0.000000] rockchip_uboot_mem_reserve: reserve 0x02000000@0x7dc00000 for uboot logo
<4>[    0.000000] rockchip_ion_reserve
<6>[    0.000000] ion heap(drm): base(0) size(0) align(0)
<6>[    0.000000] ion heap(cma): base(0) size(28000000) align(0)
<6>[    0.000000] ion heap(vmalloc): base(0) size(0) align(0)
<6>[    0.000000] cma: CMA: reserved 640 MiB at 55c00000
<6>[    0.000000] ion_reserve: cma reserved base 55c00000 size 671088640
<6>[    0.000000] cma: CMA: reserved 16 MiB at 1f000000
<4>[    0.000000] Memory policy: ECC disabled, Data cache writealloc
<7>[    0.000000] On node 0 totalpages: 524288
<7>[    0.000000] free_area_init_node: node 0, pgdat c0ce5c80, node_mem_map c0e0a000
<7>[    0.000000]   Normal zone: 1024 pages used for memmap
<7>[    0.000000]   Normal zone: 0 pages reserved
<7>[    0.000000]   Normal zone: 131072 pages, LIFO batch:31
<7>[    0.000000]   HighMem zone: 3072 pages used for memmap
<7>[    0.000000]   HighMem zone: 393216 pages, LIFO batch:31
<6>[    0.000000] PERCPU: Embedded 9 pages/cpu @c1e63000 s13376 r8192 d15296 u36864
<7>[    0.000000] pcpu-alloc: s13376 r8192 d15296 u36864 alloc=9*4096
<7>[    0.000000] pcpu-alloc: [0] 0 [0] 1 [0] 2 [0] 3 
<4>[    0.000000] Built 1 zonelists in Zone order, mobility grouping on.  Total pages: 523264
<5>[    0.000000] Kernel command line: vmalloc=496M console=ttyS2 androidboot.selinux=permissive androidboot.hardware=rk30board androidboot.console=ttyS2 init=/init  mtdparts=rk29xxnand:0x00002000@0x00002000(uboot),0x00002000@0x00004000(misc),0x00008000@0x00006000(resource),0x00008000@0x0000e000(kernel),0x00010000@0x00016000(boot),0x00010000@0x00026000(recovery),0x0001a000@0x00036000(backup),0x00040000@0x00050000(cache),0x00002000@0x00090000(kpanic),0x00300000@0x00092000(system),0x00008000@0x00392000(metadata),0x00002000@0x0039A000(baseparamer),0x00200000@0x0039C000(userdata),0x00020000@0x0059C000(radical_update),-@0x005BC000(user) storagemedia=emmc uboot_logo=0x02000000@0x7dc00000:0x01000000 loader.timestamp=2018-09-18_13:09:42 hdmi.vic=-1
<6>[    0.000000] PID hash table entries: 2048 (order: 1, 8192 bytes)
<6>[    0.000000] Dentry cache hash table entries: 65536 (order: 6, 262144 bytes)
<6>[    0.000000] Inode-cache hash table entries: 32768 (order: 5, 131072 bytes)
<6>[    0.000000] allocated 4194304 bytes of page_cgroup
<6>[    0.000000] please try 'cgroup_disable=memory' option if you don't want memory cgroups
<6>[    0.000000] Memory: 2048MB = 2048MB total
<5>[    0.000000] Memory: 1355504k/1355504k available, 741648k reserved, 884736K highmem
<5>[    0.000000] Virtual kernel memory layout:
<5>[    0.000000]     vector  : 0xffff0000 - 0xffff1000   (   4 kB)
<5>[    0.000000]     fixmap  : 0xfff00000 - 0xfffe0000   ( 896 kB)
<5>[    0.000000]     vmalloc : 0xe0800000 - 0xff000000   ( 488 MB)
<5>[    0.000000]     lowmem  : 0xc0000000 - 0xe0000000   ( 512 MB)
<5>[    0.000000]     pkmap   : 0xbfe00000 - 0xc0000000   (   2 MB)
<5>[    0.000000]     modules : 0xbf000000 - 0xbfe00000   (  14 MB)
<5>[    0.000000]       .text : 0xc0008000 - 0xc0b0398c   (11247 kB)
<5>[    0.000000]       .init : 0xc0b04000 - 0xc0b5c440   ( 354 kB)
<5>[    0.000000]       .data : 0xc0b5e000 - 0xc0ced2c0   (1597 kB)
<5>[    0.000000]        .bss : 0xc0ced2c0 - 0xc0e099fc   (1138 kB)
<6>[    0.000000] SLUB: HWalign=64, Order=0-3, MinObjects=0, CPUs=4, Nodes=1
<6>[    0.000000] Preemptible hierarchical RCU implementation.
<6>[    0.000000] 	RCU dyntick-idle grace-period acceleration is enabled.
<6>[    0.000000] NR_IRQS:16 nr_irqs:16 16
<4>[    0.000000] rk_clk_tree_init start!
<3>[    0.000000] rkclk: _rkclk_add_provider: fail to get ehci1phy_12m_div
<3>[    0.000000] rkclk: rkclk_cache_parents: ehci1phy_12m_div clk_get error
<4>[    0.000000] rk_get_uboot_display_flag: uboot_logo_on = 0
<4>[    0.000000] rkclk_init_clks: cnt_parent = 7
<4>[    0.000000] rkclk_init_clks: cnt_rate = 28
<4>[    0.000000] rk3288 set GPLL BW 20 for HDMI!
<6>[    0.000000] Architected cp15 timer(s) running at 24.00MHz (phys).
<6>[    0.000000] Switching to timer-based delay loop
<6>[    0.000000] sched_clock: ARM arch timer >56 bits at 24000kHz, resolution 41ns
<6>[    0.000000] process version: 3
<6>[    0.000000] channel:0, lkg:39
<6>[    0.000000] target-temp:80
<6>[    0.000000] channel:2, lkg:0
<6>[    0.000000] channel:0, lkg:39
<6>[    0.000000] channel:1, lkg:30
<6>[    0.000000] sched_clock: 32 bits at 100 Hz, resolution 10000000ns, wraps every 4294967286ms
<6>[    0.342770] Calibrating delay loop (skipped), value calculated using timer frequency.. 48.00 BogoMIPS (lpj=240000)
<6>[    0.342786] pid_max: default: 32768 minimum: 301
<6>[    0.342901] Security Framework initialized
<6>[    0.342918] SELinux:  Initializing.
<7>[    0.342952] SELinux:  Starting in permissive mode
<6>[    0.342990] Mount-cache hash table entries: 512
<6>[    0.343627] Initializing cgroup subsys debug
<6>[    0.343641] Initializing cgroup subsys memory
<6>[    0.343669] Initializing cgroup subsys freezer
<6>[    0.343698] CPU: Testing write buffer coherency: ok
<3>[    0.344011] /cpus/cpu@0 missing clock-frequency property
<3>[    0.344025] /cpus/cpu@1 missing clock-frequency property
<3>[    0.344036] /cpus/cpu@2 missing clock-frequency property
<3>[    0.344045] /cpus/cpu@3 missing clock-frequency property
<6>[    0.344093] CPU0: thread -1, cpu 0, socket 5, mpidr 80000500
<6>[    0.344144] Setting up static identity map for 0xc07e9db0 - 0xc07e9e08
<6>[    0.347114] last_log: 0x1e900000 map to 0xe0804000 and copy to 0xe0886000, size 0x80000 early 0x1822 (version 3.1)
<4>[    0.420929] CPU1: Booted secondary processor
<6>[    0.420962] CPU1: thread -1, cpu 1, socket 5, mpidr 80000501
<4>[    0.440607] CPU2: Booted secondary processor
<6>[    0.440629] CPU2: thread -1, cpu 2, socket 5, mpidr 80000502
<4>[    0.460318] CPU3: Booted secondary processor
<6>[    0.460342] CPU3: thread -1, cpu 3, socket 5, mpidr 80000503
<6>[    0.460446] Brought up 4 CPUs
<6>[    0.460475] SMP: Total of 4 processors activated (192.00 BogoMIPS).
<6>[    0.460484] CPU: All CPU(s) started in SVC mode.
<6>[    0.461218] devtmpfs: initialized
<6>[    0.465407] VFP support v0.3: implementor 41 architecture 3 part 30 variant d rev 0
<6>[    0.466488] pinctrl core: initialized pinctrl subsystem
<6>[    0.466740] regulator-dummy: no parameters
<6>[    0.490970] NET: Registered protocol family 16
<6>[    0.492779] DMA: preallocated 256 KiB pool for atomic coherent allocations
<6>[    0.493170] ion_snapshot: 0x1eaa0000 map to 0xe0907000 and copy to 0xc0de4d0c (version 0.1)
<6>[    0.493411] Registered FIQ tty driver
<3>[    0.493812] fiq-debugger is disabled in device tree
<4>[    0.494448] rockchip_get_bank_data:name=base start=0xff750000,end=0xff7500ff
<4>[    0.494470] rockchip_get_bank_data:name=mux_bank0 start=0xff730084,end=0xff73008f
<4>[    0.494487] rockchip_get_bank_data:name=pull_bank0 start=0xff730064,end=0xff73006f
<4>[    0.494504] rockchip_get_bank_data:name=drv_bank0 start=0xff730070,end=0xff73007b
<4>[    0.494596] rockchip_get_bank_data:name=/pinctrl@ff770000/gpio1@ff780000 start=0xff780000,end=0xff7800ff
<4>[    0.494659] rockchip_get_bank_data:name=/pinctrl@ff770000/gpio2@ff790000 start=0xff790000,end=0xff7900ff
<4>[    0.494720] rockchip_get_bank_data:name=/pinctrl@ff770000/gpio3@ff7a0000 start=0xff7a0000,end=0xff7a00ff
<4>[    0.494781] rockchip_get_bank_data:name=/pinctrl@ff770000/gpio4@ff7b0000 start=0xff7b0000,end=0xff7b00ff
<4>[    0.494841] rockchip_get_bank_data:name=/pinctrl@ff770000/gpio5@ff7c0000 start=0xff7c0000,end=0xff7c00ff
<4>[    0.494901] rockchip_get_bank_data:name=/pinctrl@ff770000/gpio6@ff7d0000 start=0xff7d0000,end=0xff7d00ff
<4>[    0.494962] rockchip_get_bank_data:name=/pinctrl@ff770000/gpio7@ff7e0000 start=0xff7e0000,end=0xff7e00ff
<4>[    0.495023] rockchip_get_bank_data:name=/pinctrl@ff770000/gpio8@ff7f0000 start=0xff7f0000,end=0xff7f00ff
<4>[    0.495088] rockchip_get_bank_data:name=/pinctrl@ff770000/gpio15@ff7f2000 start=0xff7f2000,end=0xff7f20ff
<4>[    0.495151] rockchip_pinctrl_probe:name=RK3288-GPIO,type=3
<4>[    0.495165] rockchip_pinctrl_probe:name=base start=0xff770000,end=0xff77013f
<4>[    0.495177] rockchip_pinctrl_probe:name=pull start=0xff770140,end=0xff7701bf
<4>[    0.495188] rockchip_pinctrl_probe:name=drv start=0xff7701c0,end=0xff77023f
<7>[    0.495271] gpiochip_add: registered GPIOs 0 to 31 on device: gpio0
<7>[    0.495328] gpiochip_add: registered GPIOs 32 to 63 on device: gpio1
<7>[    0.495382] gpiochip_add: registered GPIOs 64 to 95 on device: gpio2
<7>[    0.495442] gpiochip_add: registered GPIOs 96 to 127 on device: gpio3
<7>[    0.495497] gpiochip_add: registered GPIOs 128 to 159 on device: gpio4
<7>[    0.495553] gpiochip_add: registered GPIOs 160 to 191 on device: gpio5
<7>[    0.495612] gpiochip_add: registered GPIOs 192 to 223 on device: gpio6
<7>[    0.495667] gpiochip_add: registered GPIOs 224 to 255 on device: gpio7
<7>[    0.495721] gpiochip_add: registered GPIOs 256 to 287 on device: gpio8
<7>[    0.495776] gpiochip_add: registered GPIOs 288 to 319 on device: gpio15
<4>[    0.495807] rockchip_interrupts_register:bank_num=7
<7>[    0.497761] of_get_named_gpio_flags exited with status 256
<4>[    0.497773] of_get_gpio_init_config:gpio[0] = 256, value = 0
<7>[    0.497785] of_get_named_gpio_flags exited with status 233
<4>[    0.497794] of_get_gpio_init_config:gpio[1] = 233, value = 0
<7>[    0.497806] of_get_named_gpio_flags exited with status 136
<4>[    0.497816] of_get_gpio_init_config:gpio[2] = 136, value = 0
<4>[    0.497877] rockchip_pinctrl_probe:init ok
<6>[    0.504069] rk_iommu ff900800.iep_mmu: (iep) Enter
<6>[    0.504160] rk_iommu ff900800.iep_mmu: IOVMM: Created 0x3ffff000 B IOVMM from 0x10000000.
<6>[    0.504173] rk_iommu ff900800.iep_mmu: (iep) Initialized
<6>[    0.504344] rk_iommu ff950800.vip_mmu: (vip) Enter
<6>[    0.504418] rk_iommu ff950800.vip_mmu: IOVMM: Created 0x3ffff000 B IOVMM from 0x10000000.
<6>[    0.504431] rk_iommu ff950800.vip_mmu: (vip) Initialized
<6>[    0.504600] rk_iommu ff930300.vopb_mmu: (vopb) Enter
<6>[    0.504669] rk_iommu ff930300.vopb_mmu: IOVMM: Created 0x3ffff000 B IOVMM from 0x10000000.
<6>[    0.504682] rk_iommu ff930300.vopb_mmu: (vopb) Initialized
<6>[    0.504852] rk_iommu ff940300.vopl_mmu: (vopl) Enter
<6>[    0.504923] rk_iommu ff940300.vopl_mmu: IOVMM: Created 0x3ffff000 B IOVMM from 0x10000000.
<6>[    0.504935] rk_iommu ff940300.vopl_mmu: (vopl) Initialized
<6>[    0.505117] rk_iommu ff9c0440.hevc_mmu: (hevc) Enter
<6>[    0.505200] rk_iommu ff9c0440.hevc_mmu: IOVMM: Created 0x3ffff000 B IOVMM from 0x10000000.
<6>[    0.505213] rk_iommu ff9c0440.hevc_mmu: (hevc) Initialized
<6>[    0.505384] rk_iommu ff9a0800.vpu_mmu: (vpu) Enter
<6>[    0.505457] rk_iommu ff9a0800.vpu_mmu: IOVMM: Created 0x3ffff000 B IOVMM from 0x10000000.
<6>[    0.505469] rk_iommu ff9a0800.vpu_mmu: (vpu) Initialized
<6>[    0.505637] rk_iommu ff914000.isp_mmu: (isp_mmu) Enter
<6>[    0.505721] rk_iommu ff914000.isp_mmu: IOVMM: Created 0x3ffff000 B IOVMM from 0x10000000.
<6>[    0.505733] rk_iommu ff914000.isp_mmu: (isp_mmu) Initialized
<6>[    0.507469] hw-breakpoint: found 5 (+1 reserved) breakpoint and 4 watchpoint registers.
<6>[    0.507482] hw-breakpoint: maximum watchpoint size is 4 bytes.
<3>[    0.508059] rk3368_init_rockchip_pmu_ops: could not find pmu dt node
<4>[    0.508083] DDR DEBUG: version 1.00 20150126 
<4>[    0.508112] DDR DEBUG: Channel a: 
<4>[    0.508120] DDR DEBUG: DDR3 Device
<4>[    0.508134] DDR DEBUG: Bus Width=32 Col=10 Bank=8 Row=15 CS=1 Total Capability=1024MB
<4>[    0.508143] DDR DEBUG: Channel b: 
<4>[    0.508151] DDR DEBUG: DDR3 Device
<4>[    0.508163] DDR DEBUG: Bus Width=32 Col=10 Bank=8 Row=15 CS=1 Total Capability=1024MB
<4>[    0.508173] DDR DEBUG: addr=0xcf7000
<4>[    0.508182] DDR DEBUG: stride=9, size=256, halfcap=40000000
<4>[    0.508191] DDR DEBUG: socAddr[0]=0xcf7000, socAddr[1]=0xcf7100
<4>[    0.508201] DDR DEBUG: chAddr[0]=0xcf7000, chAddr[1]=0xcf7000
<4>[    0.508213] DDR DEBUG: dtar[0]=0x7019e000, dtar[1]=0x7019e000
<4>[    0.508265] DDR DEBUG: init success!!! freq=200MHz
<4>[    0.508274] DDR DEBUG: Channel a: 
<4>[    0.508286] DDR DEBUG: DTONE=0x1, DTERR=0x0, DTIERR=0x0, DTPASS=4,0, DGSL=1,1 extra clock, DGPS=180,90
<4>[    0.508299] DDR DEBUG: DTONE=0x1, DTERR=0x0, DTIERR=0x0, DTPASS=4,0, DGSL=1,1 extra clock, DGPS=180,90
<4>[    0.508312] DDR DEBUG: DTONE=0x1, DTERR=0x0, DTIERR=0x0, DTPASS=4,0, DGSL=1,1 extra clock, DGPS=180,90
<4>[    0.508324] DDR DEBUG: DTONE=0x1, DTERR=0x0, DTIERR=0x0, DTPASS=4,0, DGSL=1,1 extra clock, DGPS=180,90
<4>[    0.508336] DDR DEBUG: ZERR=0, ZDONE=0, ZPD=0x0, ZPU=0x0, OPD=0x0, OPU=0x0
<4>[    0.508346] DDR DEBUG: DRV Pull-Up=0x19, DRV Pull-Dwn=0x19
<4>[    0.508354] DDR DEBUG: ODT Pull-Up=0x2, ODT Pull-Dwn=0x2
<4>[    0.508362] DDR DEBUG: Channel b: 
<4>[    0.508374] DDR DEBUG: DTONE=0x1, DTERR=0x0, DTIERR=0x0, DTPASS=4,0, DGSL=1,1 extra clock, DGPS=180,90
<4>[    0.508386] DDR DEBUG: DTONE=0x1, DTERR=0x0, DTIERR=0x0, DTPASS=4,0, DGSL=1,1 extra clock, DGPS=180,90
<4>[    0.508399] DDR DEBUG: DTONE=0x1, DTERR=0x0, DTIERR=0x0, DTPASS=4,0, DGSL=1,1 extra clock, DGPS=180,90
<4>[    0.508411] DDR DEBUG: DTONE=0x1, DTERR=0x0, DTIERR=0x0, DTPASS=4,0, DGSL=1,1 extra clock, DGPS=180,90
<4>[    0.508423] DDR DEBUG: ZERR=0, ZDONE=0, ZPD=0x0, ZPU=0x0, OPD=0x0, OPU=0x0
<4>[    0.508432] DDR DEBUG: DRV Pull-Up=0x19, DRV Pull-Dwn=0x19
<4>[    0.508440] DDR DEBUG: ODT Pull-Up=0x2, ODT Pull-Dwn=0x2
<6>[    0.532472] bio: create slab <bio-0> at 0
<6>[    0.533025] Rockchip hdmi driver version 2.0
<6>[    0.533025] .
<5>[    0.534148] SCSI subsystem initialized
<6>[    0.534308] usbcore: registered new interface driver usbfs
<6>[    0.534354] usbcore: registered new interface driver hub
<6>[    0.534444] usbcore: registered new device driver usb
<7>[    0.534690] of_get_named_gpio_flags exited with status 14
<7>[    0.534728] of_get_named_gpio_flags exited with status 12
<7>[    0.535757] of_get_named_gpio_flags exited with status 15
<7>[    0.535776] of_get_named_gpio_flags exited with status 16
<6>[    0.537046] rockchip_i2c ff650000.i2c: i2c-0: Rockchip I2C adapter
<7>[    0.537163] of_get_named_gpio_flags exited with status 260
<7>[    0.537184] of_get_named_gpio_flags exited with status 261
<6>[    0.537514] rockchip_i2c ff140000.i2c: i2c-1: Rockchip I2C adapter
<7>[    0.537622] of_get_named_gpio_flags exited with status 201
<7>[    0.537641] of_get_named_gpio_flags exited with status 202
<6>[    0.537958] rockchip_i2c ff660000.i2c: i2c-2: Rockchip I2C adapter
<7>[    0.538063] of_get_named_gpio_flags exited with status 81
<7>[    0.538082] of_get_named_gpio_flags exited with status 80
<6>[    0.538209] rockchip_i2c ff150000.i2c: i2c-3: Rockchip I2C adapter
<7>[    0.538315] of_get_named_gpio_flags exited with status 241
<7>[    0.538333] of_get_named_gpio_flags exited with status 242
<6>[    0.539196] rockchip_i2c ff160000.i2c: i2c-4: Rockchip I2C adapter
<6>[    0.539323] media: Linux media interface: v0.10
<6>[    0.539361] Linux video capture interface: v2.00
<6>[    0.539426] pps_core: LinuxPPS API ver. 1 registered
<6>[    0.539437] pps_core: Software ver. 5.3.6 - Copyright 2005-2007 Rodolfo Giometti <giometti@linux.it>
<6>[    0.539457] PTP clock support registered
<4>[    0.539517] i2c-core: driver [bq24296] using legacy suspend method
<4>[    0.539527] i2c-core: driver [bq24296] using legacy resume method
<4>[    0.540204] ion_drm_heap_create: 0@0
<6>[    0.540344] Rockchip ion module is successfully loaded (v1.1)
<6>[    0.540507] Advanced Linux Sound Architecture Driver Initialized.
<6>[    0.540925] Bluetooth: Core ver 2.16
<6>[    0.540966] NET: Registered protocol family 31
<6>[    0.540976] Bluetooth: HCI device and connection manager initialized
<6>[    0.540992] Bluetooth: HCI socket layer initialized
<6>[    0.541005] Bluetooth: L2CAP socket layer initialized
<6>[    0.541030] Bluetooth: SCO socket layer initialized
<6>[    0.541259] cfg80211: Calling CRDA to update world regulatory domain
<4>[    0.541969] act8846_i2c_probe,line=898
<4>[    0.542976] act8846_parse_dt,line=746
<7>[    0.543389] of_get_named_gpio_flags exited with status 238
<7>[    0.543403] of_get_named_gpio_flags exited with status 1
<7>[    0.543416] of_get_named_gpio_flags exited with status 234
<7>[    0.543428] of_get_named_gpio_flags exited with status 259
<4>[    0.543450] act8846_i2c_probe: act8846_pmic_hold=1
<4>[    0.543472] act8846_i2c_probe: act8846_pmic_sleep=1
<4>[    0.543488] act8846_i2c_probe: act8846_pmic_cpu_det_gpio=1
<4>[    0.543503] act8846_i2c_probe: act8846_pmic_usb_hub_reset_gpio=1
<6>[    0.545603] act_dcdc1: 1200 mV 
<6>[    0.548571] vccio: 3300 mV 
<6>[    0.550438] vdd_logic: 700 <--> 1500 mV at 1100 mV 
<6>[    0.553416] act_dcdc4: 2000 mV 
<6>[    0.554668] vccio_sd: 1800 <--> 3300 mV at 3300 mV 
<6>[    0.556984] act_ldo2: 1050 mV 
<6>[    0.559375] act_ldo3: 2800 mV 
<6>[    0.561698] act_ldo4: 3300 mV 
<6>[    0.564016] act_ldo5: 3300 mV 
<6>[    0.566365] act_ldo6: 1100 mV 
<6>[    0.568676] vcc_18: 1800 mV 
<6>[    0.570989] act_ldo8: 1850 mV 
<6>[    0.575763] vdd_arm: 712 <--> 1500 mV at 1000 mV 
<6>[    0.580475] vdd_gpu: 712 <--> 1500 mV at 1000 mV 
<4>[    0.581211] rk808_i2c_probe,line=1355
<4>[    0.582547] The device is not rk808 -11
<4>[    0.582635] rk808: probe of 0-001b failed with error -11
<4>[    0.582714] i2c-core: driver [rk818] using legacy suspend method
<4>[    0.582724] i2c-core: driver [rk818] using legacy resume method
<6>[    0.584398] Switching to clocksource arch_sys_counter
<6>[    0.608544] rga: Module initialized.
<6>[    0.609258] rga2 ff920000.rga: rga ion client create success!
<6>[    0.609426] rga: Driver loaded succesfully
<6>[    0.609657] rk-fb rockchip-fb: rk fb ion client create success!
<6>[    0.609671] rk-fb rockchip-fb: rockchip framebuffer driver probe
<6>[    0.609996] rk-screen rk_screen.8: rockchip screen probe success
<6>[    0.610218] rk32-lvds rk32-lvds: rk32 lvds driver probe success
<3>[    0.610564] rk32-edp ff970000.edp: screen is not edp!
<4>[    0.610584] rk32-edp: probe of ff970000.edp failed with error -22
<3>[    0.611056] rk3288-lcdc lcdc0: can't find power_ctr node for lcdc0
<6>[    0.611274] graphics fb0: rockchip framebuffer registerd:fb0
<6>[    0.611589] graphics fb1: rockchip framebuffer registerd:fb1
<6>[    0.611762] graphics fb2: rockchip framebuffer registerd:fb2
<6>[    0.611926] graphics fb3: rockchip framebuffer registerd:fb3
<6>[    0.612212] rk3288-lcdc lcdc0: lcdc0: dclk:74250000>>fps:60 
<6>[    0.612247] rk3288-lcdc lcdc0: wakeup from standby!
<6>[    0.624111] alloc_buffer:ion_phy_addr=0x55c00000
<6>[    0.629893] fb0:phy:55c00000>>vir:e0991000>>len:0xb00000
<6>[    0.629910] rk3288-lcdc lcdc0: lcdc0 probe ok, iommu disabled
<4>[    0.630739] rockchip_set_mux:warning ignore bank num 15
<4>[    0.630872] rockchip_set_mux:warning ignore bank num 15
<4>[    0.630996] rockchip_set_mux:warning ignore bank num 15
<4>[    0.631114] rockchip_set_mux:warning ignore bank num 15
<4>[    0.631235] rockchip_set_mux:warning ignore bank num 15
<4>[    0.631351] rockchip_set_mux:warning ignore bank num 15
<4>[    0.631924] rockchip_set_mux:warning ignore bank num 15
<4>[    0.632084] rockchip_set_mux:warning ignore bank num 15
<4>[    0.632628] rockchip_set_mux:warning ignore bank num 15
<4>[    0.632784] rockchip_set_mux:warning ignore bank num 15
<4>[    0.633325] rockchip_set_mux:warning ignore bank num 15
<4>[    0.633475] rockchip_set_mux:warning ignore bank num 15
<4>[    0.634031] rockchip_set_mux:warning ignore bank num 15
<4>[    0.634199] rockchip_set_mux:warning ignore bank num 15
<6>[    0.635594] NET: Registered protocol family 2
<4>[    0.636025] rk_battery_charger_detect_cb , battery_charger_detect 1
<6>[    0.636258] TCP established hash table entries: 4096 (order: 3, 32768 bytes)
<6>[    0.636334] TCP bind hash table entries: 4096 (order: 3, 32768 bytes)
<6>[    0.636407] TCP: Hash tables configured (established 4096 bind 4096)
<6>[    0.636466] TCP: reno registered
<6>[    0.636483] UDP hash table entries: 256 (order: 1, 8192 bytes)
<6>[    0.636508] UDP-Lite hash table entries: 256 (order: 1, 8192 bytes)
<6>[    0.636697] NET: Registered protocol family 1
<6>[    0.637280] Unpacking initramfs...
<6>[    0.702665] Freeing initrd memory: 1232K (c5bf0000 - c5d24000)
<6>[    0.703368] hw perfevents: enabled with ARMv7 Cortex-A12 PMU driver, 7 counters available
<6>[    0.703888] vcodec_service: probe device ff9a0000.vpu_service
<4>[    0.704084] vcodec_service: No reset resource define
<6>[    0.704254] vcodec_service: ff9a0000.vpu_service: power on
<6>[    0.704358] vcodec_service: probe device ff9a0000.vpu_service
<6>[    0.704375] vcodec_service: checking hw id 4831
<6>[    0.705391] vcodec_service: ff9a0000.vpu_service: power off...
<6>[    0.705435] vcodec_service: done
<6>[    0.705444] vcodec_service: init success
<6>[    0.705509] vcodec_service: probe device ff9c0000.hevc_service
<6>[    0.705845] vcodec_service: ff9c0000.hevc_service: power on
<6>[    0.705906] vcodec_service: probe device ff9c0000.hevc_service
<6>[    0.705920] vcodec_service: checking hw id 6867
<6>[    0.706173] vcodec_service: ff9c0000.hevc_service: power off...
<6>[    0.706213] vcodec_service: done
<6>[    0.706222] vcodec_service: init success
<4>[    0.706367] rknandbase v1.0 2014-03-31
<4>[    0.706503] rknand: probe of ff400000.nandc failed with error -1
<4>[    0.706610] rknand_driver:ret = 0 
<6>[    0.708495] audit: initializing netlink socket (disabled)
<5>[    0.708541] type=2000 audit(0.360:1): initialized
<4>[    0.709398] bounce pool size: 64 pages
<6>[    0.714042] fuse init (API version 7.22)
<6>[    0.714418] msgmni has been set to 953
<7>[    0.714468] SELinux:  Registering netfilter hooks
<6>[    0.716305] Block layer SCSI generic (bsg) driver version 0.4 loaded (major 246)
<6>[    0.716320] io scheduler noop registered
<6>[    0.716330] io scheduler deadline registered
<6>[    0.716421] io scheduler cfq registered (default)
<6>[    0.717580] rockchip-hdmiv2 ff980000.hdmi: rockchip hdmiv2 probe sucess.
<4>[    0.718253] IEP Driver loaded succesfully
<4>[    0.718345] Module initialized.
<6>[    0.719128] dma-pl330 ffb20000.pdma: Loaded driver for PL330 DMAC-2364208
<6>[    0.719147] dma-pl330 ffb20000.pdma: 	DBUFF-64x8bytes Num_Chans-5 Num_Peri-6 Num_Events-10
<6>[    0.720509] dma-pl330 ff250000.pdma: Loaded driver for PL330 DMAC-2364208
<6>[    0.720527] dma-pl330 ff250000.pdma: 	DBUFF-128x8bytes Num_Chans-8 Num_Peri-20 Num_Events-16
<3>[    0.720799] pwm-voltage-regulator pwm_regulator.22: unable to request PWM, trying legacy API
<3>[    0.720815] pwm-voltage-regulator pwm_regulator.22: unable to request legacy PWM
<4>[    0.720824] pwm_regulator_probe:error
<6>[    0.720845] platform pwm_regulator.22: Driver pwm-voltage-regulator requests probe deferral
<4>[    0.721038] rk_serial.c v1.8 2014-03-04
<6>[    0.721271] ff180000.serial: ttyS0 at MMIO 0xff180000 (irq = 87) is a rk29_serial.0
<6>[    0.721461] serial ff180000.serial: membase e0972000
<6>[    0.721612] ff690000.serial: ttyS2 at MMIO 0xff690000 (irq = 89) is a rk29_serial.2
<6>[    0.723260] console [ttyS2] enabled
<6>[    0.723447] serial ff690000.serial: membase fed60000
<6>[    0.726166] loop: module loaded
<6>[    0.726536] zram: Created 1 device(s) ...
<4>[    0.726627] i2c-core: driver [mpu6050B1] using legacy suspend method
<4>[    0.726640] i2c-core: driver [mpu6050B1] using legacy resume method
<6>[    0.726658] mpu_init: Probe name mpu6050B1
<6>[    0.726809] ak8963_mod_init: Probe name ak8963_mod
<6>[    0.727493] SCSI Media Changer driver v0.25 
<6>[    0.727808] tun: Universal TUN/TAP device driver, 1.6
<6>[    0.727821] tun: (C) 1999-2004 Max Krasnyansky <maxk@qualcomm.com>
<4>[    0.727947] vmac_init.
<3>[    0.728505] stmmac_probe_config_dt: Can not read property: pmu_regulator.
<6>[    0.728521] stmmac_probe_config_dt: clock input/output? (input).
<6>[    0.728536] stmmac_probe_config_dt: TX delay(0x30).
<6>[    0.728547] stmmac_probe_config_dt: RX delay(0x20).
<7>[    0.728562] of_get_named_gpio_flags: can't parse gpios property
<7>[    0.728577] of_get_named_gpio_flags exited with status 136
<7>[    0.728587] of_get_named_gpio_flags: can't parse gpios property
<6>[    0.728597] stmmac_probe_config_dt: is rockchip,rk3288-gmac
<6>[    0.728609] stmmc_pltfr_init:
<3>[    0.728618] stmmc_pltfr_init: ERROR: Get power-gpio failed.
<7>[    0.728632] _gpio_request: gpio-136 (gmac_phy_reset) status -16
<3>[    0.728642] gmac_phy_reset: ERROR: Request pin stmmc_pltfr_init failed.
<6>[    0.728653] stmmc_pltfr_init: init for RGMII
<6>[    0.728664] tx delay=0x30
<6>[    0.728664] rx delay=0x20
<6>[    0.728681] tx delay=0x30
<6>[    0.728681] rx delay=0x20
<6>[    0.729149] stmmac - user ID: 0x10, Synopsys ID: 0x35
<6>[    0.729161]  Normal descriptors
<6>[    0.729171]  Ring mode enabled
<6>[    0.729182]  DMA HW capability register supported
<6>[    0.729194]  RX Checksum Offload Engine supported (type 2)
<6>[    0.729204]  TX Checksum insertion supported
<6>[    0.729214]  Wake-Up On Lan supported
<6>[    0.729252]  Enable RX Mitigation via HW Watchdog Timer
<6>[    0.729709] PPP generic driver version 2.4.2
<6>[    0.729861] PPP BSD Compression module registered
<6>[    0.729875] PPP Deflate Compression module registered
<6>[    0.729898] PPP MPPE Compression module registered
<6>[    0.729912] NET: Registered protocol family 24
<6>[    0.729948] SLIP: version 0.8.4-NET3.019-NEWTTY (dynamic channels, max=256) (6 bit encapsulation enabled).
<6>[    0.729963] CSLIP: code copyright 1989 Regents of the University of California.
<4>[    0.729977] Rockchip WiFi SYS interface (V1.00) ... 
<4>[    0.730012] esp_mem_init enter date Aug  8 2019 11:09:49
<4>[    0.730023] esp_mem_init VERSION [V2.5]
<4>[    0.730067] esp_mem_init complete 
<6>[    0.730157] usbcore: registered new interface driver catc
<6>[    0.730199] usbcore: registered new interface driver kaweth
<6>[    0.730212] pegasus: v0.9.3 (2013/04/25), Pegasus/Pegasus II USB Ethernet driver
<6>[    0.730254] usbcore: registered new interface driver pegasus
<6>[    0.730296] usbcore: registered new interface driver rtl8150
<6>[    0.730338] usbcore: registered new interface driver r8152
<6>[    0.730350] hso: drivers/net/usb/hso.c: Option Wireless
<6>[    0.730423] usbcore: registered new interface driver hso
<6>[    0.730475] usbcore: registered new interface driver asix
<6>[    0.730518] usbcore: registered new interface driver ax88179_178a
<6>[    0.730560] usbcore: registered new interface driver cdc_ether
<6>[    0.730601] usbcore: registered new interface driver cdc_eem
<6>[    0.730641] usbcore: registered new interface driver dm9601
<6>[    0.730680] usbcore: registered new interface driver dm9620
<6>[    0.730730] usbcore: registered new interface driver smsc75xx
<6>[    0.730786] usbcore: registered new interface driver smsc95xx
<6>[    0.730828] usbcore: registered new interface driver gl620a
<6>[    0.730869] usbcore: registered new interface driver net1080
<6>[    0.730910] usbcore: registered new interface driver plusb
<6>[    0.730953] usbcore: registered new interface driver rndis_host
<6>[    0.730994] usbcore: registered new interface driver cdc_subset
<6>[    0.731034] usbcore: registered new interface driver zaurus
<6>[    0.731082] usbcore: registered new interface driver MOSCHIP usb-ethernet driver
<6>[    0.731149] usbcore: registered new interface driver int51x1
<6>[    0.731192] usbcore: registered new interface driver kalmia
<6>[    0.731233] usbcore: registered new interface driver ipheth
<6>[    0.731278] usbcore: registered new interface driver sierra_net
<6>[    0.731321] usbcore: registered new interface driver cx82310_eth
<6>[    0.731376] usbcore: registered new interface driver cdc_ncm
<6>[    0.731419] usbcore: registered new interface driver qmi_wwan
<6>[    0.731461] usbcore: registered new interface driver cdc_mbim
<6>[    0.731474] ehci_hcd: USB 2.0 'Enhanced' Host Controller (EHCI) Driver
<6>[    0.733908] EHCI: ehci_rk_probe e1540000 e1540010
<6>[    0.733929] rockchip_ehci_host ff500000.usb: EHCI Host Controller
<6>[    0.733961] rockchip_ehci_host ff500000.usb: new USB bus registered, assigned bus number 1
<6>[    0.734306] rockchip_ehci_host ff500000.usb: irq 56, io mem 0xff500000
<6>[    0.751753] rockchip_ehci_host ff500000.usb: USB 2.0 started, EHCI 1.00
<6>[    0.751837] usb usb1: New USB device found, idVendor=1d6b, idProduct=0002
<6>[    0.751855] usb usb1: New USB device strings: Mfr=3, Product=2, SerialNumber=1
<6>[    0.751870] usb usb1: Product: EHCI Host Controller
<6>[    0.751884] usb usb1: Manufacturer: Linux 3.10.0 ehci_hcd
<6>[    0.751897] usb usb1: SerialNumber: ff500000.usb
<6>[    0.752374] hub 1-0:1.0: USB hub found
<6>[    0.752400] hub 1-0:1.0: 1 port detected
<6>[    0.752588] EHCI: ehci_rk_probe ok
<6>[    0.752699] ohci_hcd: USB 1.1 'Open' Host Controller (OHCI) Driver
<6>[    0.752898] usbcore: registered new interface driver cdc_acm
<6>[    0.752910] cdc_acm: USB Abstract Control Model driver for USB modems and ISDN adapters
<6>[    0.752963] usbcore: registered new interface driver usblp
<6>[    0.753006] usbcore: registered new interface driver cdc_wdm
<6>[    0.753075] usbcore: registered new interface driver usb-storage
<6>[    0.753118] usbcore: registered new interface driver ums-alauda
<6>[    0.753156] usbcore: registered new interface driver ums-cypress
<6>[    0.753195] usbcore: registered new interface driver ums-datafab
<6>[    0.753232] usbcore: registered new interface driver ums_eneub6250
<6>[    0.753272] usbcore: registered new interface driver ums-freecom
<6>[    0.753311] usbcore: registered new interface driver ums-isd200
<6>[    0.753349] usbcore: registered new interface driver ums-jumpshot
<6>[    0.753386] usbcore: registered new interface driver ums-karma
<6>[    0.753425] usbcore: registered new interface driver ums-onetouch
<6>[    0.753471] usbcore: registered new interface driver ums-sddr09
<6>[    0.753512] usbcore: registered new interface driver ums-sddr55
<6>[    0.753551] usbcore: registered new interface driver ums-usbat
<6>[    0.753639] usbcore: registered new interface driver usbserial
<6>[    0.753681] usbcore: registered new interface driver usbserial_generic
<6>[    0.753715] usbserial: USB Serial support registered for generic
<6>[    0.753755] usbcore: registered new interface driver option
<6>[    0.753786] usbserial: USB Serial support registered for GSM modem (1-port)
<6>[    0.753868] usbcore: registered new interface driver trancevibrator
<6>[    0.753881] usb20_otg: version 3.10a 21-DEC-2012
<4>[    0.754308] e1580040
<4>[    0.754322] Core Release: 3.10a
<4>[    0.754335] Setting default values for core params
<4>[    0.754475] Using Buffer DMA mode
<4>[    0.754487] Periodic Transfer Interrupt Enhancement - disabled
<4>[    0.754498] Multiprocessor Interrupt Enhancement - disabled
<4>[    0.754511] OTG VER PARAM: 0, OTG VER FLAG: 0
<4>[    0.754522] ^^^^^^^^^^^^^^^^^Device Mode
<4>[    0.754536] Dedicated Tx FIFOs mode
<4>[    0.754557] pcd_init otg_dev = ddec3380
<4>[    0.853120] Using Buffer DMA mode
<4>[    0.853137] Periodic Transfer Interrupt Enhancement - disabled
<4>[    0.853148] Multiprocessor Interrupt Enhancement - disabled
<4>[    0.853160] OTG VER PARAM: 0, OTG VER FLAG: 0
<4>[    0.853172] ^^^^^^^^^^^^^^^^^Device Mode
<6>[    0.853207] usb20_otg ff580000.usb: DWC OTG Controller
<6>[    0.853236] usb20_otg ff580000.usb: new USB bus registered, assigned bus number 2
<6>[    0.853271] usb20_otg ff580000.usb: irq 55, io mem 0x00000000
<6>[    0.853329] usb usb2: New USB device found, idVendor=1d6b, idProduct=0002
<6>[    0.853346] usb usb2: New USB device strings: Mfr=3, Product=2, SerialNumber=1
<6>[    0.853361] usb usb2: Product: DWC OTG Controller
<6>[    0.853374] usb usb2: Manufacturer: Linux 3.10.0 dwc_otg_hcd
<6>[    0.853388] usb usb2: SerialNumber: ff580000.usb
<6>[    0.853796] hub 2-0:1.0: USB hub found
<6>[    0.853820] hub 2-0:1.0: 1 port detected
<6>[    0.854121] usb20_host: version 3.10a 21-DEC-2012
<4>[    0.856667] e1600040
<4>[    0.856682] Core Release: 3.10a
<4>[    0.856693] Setting default values for core params
<4>[    0.856814] Using Buffer DMA mode
<4>[    0.856826] Periodic Transfer Interrupt Enhancement - disabled
<4>[    0.856837] Multiprocessor Interrupt Enhancement - disabled
<4>[    0.856849] OTG VER PARAM: 0, OTG VER FLAG: 0
<4>[    0.856860] ^^^^^^^^^^^^^^^^^^Host Mode
<6>[    0.856889] usb20_host ff540000.usb: DWC OTG Controller
<6>[    0.856916] usb20_host ff540000.usb: new USB bus registered, assigned bus number 3
<6>[    0.856947] usb20_host ff540000.usb: irq 57, io mem 0x00000000
<4>[    0.857039] Init: Power Port (0)
<6>[    0.857099] usb usb3: New USB device found, idVendor=1d6b, idProduct=0002
<6>[    0.857116] usb usb3: New USB device strings: Mfr=3, Product=2, SerialNumber=1
<6>[    0.857130] usb usb3: Product: DWC OTG Controller
<6>[    0.857144] usb usb3: Manufacturer: Linux 3.10.0 dwc_otg_hcd
<6>[    0.857157] usb usb3: SerialNumber: ff540000.usb
<6>[    0.857579] hub 3-0:1.0: USB hub found
<6>[    0.857602] hub 3-0:1.0: 1 port detected
<6>[    0.858309] usbcore: registered new interface driver xpad
<6>[    0.858372] usbcore: registered new interface driver usb_acecad
<6>[    0.858421] usbcore: registered new interface driver aiptek
<6>[    0.858475] usbcore: registered new interface driver gtco
<6>[    0.858523] usbcore: registered new interface driver hanwang
<6>[    0.858569] usbcore: registered new interface driver kbtab
<6>[    0.858623] usbcore: registered new interface driver wacom
<4>[    0.858925] sensor_register_slave:mma8452,id=17
<4>[    0.858940] sensor_register_slave:gs_mc3230,id=23
<4>[    0.858951] gsensor_init
<4>[    0.858961] sensor_register_slave:mpu6880_acc,id=24
<4>[    0.858973] sensor_register_slave:mpu6500_acc,id=25
<4>[    0.858984] sensor_register_slave:cm3217,id=48
<4>[    0.858995] sensor_register_slave:cm3218,id=49
<3>[    0.859208] .. rk pwm remotectl v1.1 init
<6>[    0.859457] input: ff680000.pwm as /devices/ff680000.pwm/input/input0
<6>[    0.862014] rtc_hym8563 0-0051: clock/calendar information is no longer guaranteed
<7>[    0.863001] of_get_named_gpio_flags exited with status 228
<6>[    0.864988] rtc_hym8563 0-0051: rtc core: registered hym8563 as rtc0
<6>[    0.865051] i2c /dev entries driver
<6>[    0.865762] IR NEC protocol handler initialized
<6>[    0.865776] IR RC5(x) protocol handler initialized
<6>[    0.865787] IR RC6 protocol handler initialized
<6>[    0.865797] IR JVC protocol handler initialized
<6>[    0.865807] IR Sony protocol handler initialized
<6>[    0.865818] IR RC5 (streamzap) protocol handler initialized
<6>[    0.865828] IR SANYO protocol handler initialized
<6>[    0.865839] IR MCE Keyboard/mouse protocol handler initialized
<6>[    0.865996] usbcore: registered new interface driver uvcvideo
<6>[    0.866009] USB Video Class driver (1.1.1)
<4>[    0.866022] CamSys driver version: v0.32.0,  CamSys head file version: v0.11.0
<7>[    0.867443] of_get_named_gpio_flags exited with status 236
<4>[    0.867456] D1:camsys_platform_probe(1300): 1-gpios-cifpower: gpio=236
<7>[    0.867471] of_get_named_gpio_flags exited with status 236
<4>[    0.867482] D1:camsys_platform_probe(1303): gpios-cifpower: gpio_request
<4>[    0.867504] D1:camsys_platform_probe(1305): 1-gpios-cifpower: gpio_request=0
<4>[    0.867525] D1:camsys_platform_probe(1314): gpios-cifpower: 236 high
<4>[    0.867566] D1:camsys_mipiphy_probe_cb(115): compatible is rockchip,rk3288
<4>[    0.867566] 
<4>[    0.867640] D1:camsys_mipiphy_probe_cb(186): ff910000.isp mipi phy0 probe success(reg_phy: 0x0  reg_vir: 0x0  size: 0x0)
<4>[    0.867793] D1:camsys_mipiphy_probe_cb(183): ff910000.isp mipi phy1 probe success(reg_phy: 0xff968000  reg_vir: 0xe14b8000  size: 0x4000)
<4>[    0.868449] D1:camsys_platform_probe(1447): ff910000.isp memory:
<4>[    0.868468] D1:camsys_platform_probe(1457):     Register memory (phy: 0xff910000 vir: 0xe1520000 size: 0x10000)
<4>[    0.868486] D1:camsys_platform_probe(1452):     I2c memory (phy: 0x1de7c000 vir: 0xdde7c000 size: 0x1000)
<4>[    0.868501] D1:camsys_init_ext_fsh_module(20): init external flash module
<4>[    0.868514] D1:camsys_platform_probe(1472): Probe ff910000.isp device success 
<6>[    0.868959] not find test_power_init dev node
<4>[    0.869018] i2c-core: driver [bq27320] using legacy suspend method
<4>[    0.869031] i2c-core: driver [bq27320] using legacy resume method
<4>[    0.869353] rockchip_temp_probe,line=362
<6>[    0.919026] tsadc ff280000.tsadc: initialized
<6>[    0.919423] device-mapper: uevent: version 1.0.3
<6>[    0.919668] device-mapper: ioctl: 4.24.0-ioctl (2013-01-15) initialised: dm-devel@redhat.com
<6>[    0.919975] Bluetooth: HCI UART driver ver 2.2
<6>[    0.919991] Bluetooth: HCI H4 protocol initialized
<6>[    0.920003] Bluetooth: HCILL protocol initialized
<6>[    0.920016] rtk_btusb: Realtek Bluetooth USB driver module init, version 2.21
<6>[    0.920028] rtk_btusb: Register usb char device interface for BT driver
<6>[    0.920223] usbcore: registered new interface driver rtk_btusb
<4>[    0.923581] cpufreq version 1.0, suspend freq 1200 MHz
<6>[    0.923788] cpuidle: using governor ladder
<6>[    0.923803] cpuidle: using governor menu
<6>[    0.923839] Synopsys Designware Multimedia Card Interface Driver
<6>[    0.923851] MHSC version = Ver 2.00 2015-06-10
<4>[    0.924135] dw cru_regsbase addr 0x1d8.
<4>[    0.924149] dw cru_reset_offset val 3.
<6>[    0.924164] dwmmc_rockchip ff0f0000.rksdmmc: Version ID is 270a
<3>[    0.924208] dwmmc_rockchip ff0f0000.rksdmmc: failed to get hpclk_mmc
<6>[    0.924525] dwmmc_rockchip ff0f0000.rksdmmc: Using internal DMA controller.
<4>[    0.924695] dw_mci_init_slot: fmin=400000, fmax=100000000 [mmc0]
<7>[    0.924726] of_get_named_gpio_flags: can't parse gpios property
<4>[    0.924830] 1358..dw_mci_set_ios:  no card. [mmc0]
<4>[    0.938715] 1358..dw_mci_set_ios:  no card. [mmc0]
<4>[    0.948628] dwc_otg_hcd_suspend, usb device mode
<4>[    0.958427] rk_sdmmc: BOOT dw_mci_setup_bus: argue clk_mmc workaround out 800000Hz for init[mmc0]
<6>[    0.958443] dwmmc_rockchip ff0f0000.rksdmmc: DW MMC controller at irq 67, 32 bit host data width, 256 deep fifo
<6>[    0.958459] dwmmc_rockchip ff0f0000.rksdmmc: 1 slots initialized
<4>[    0.958769] dw cru_regsbase addr 0x1d8.
<4>[    0.958783] dw cru_reset_offset val 0.
<6>[    0.958798] dwmmc_rockchip ff0c0000.rksdmmc: Version ID is 270a
<3>[    0.958836] dwmmc_rockchip ff0c0000.rksdmmc: failed to get hpclk_mmc
<6>[    0.959628] dwmmc_rockchip ff0c0000.rksdmmc: Using internal DMA controller.
<4>[    0.959792] dw_mci_init_slot: fmin=300000, fmax=50000000 [mmc1]
<7>[    0.959819] of_get_named_gpio_flags: can't parse gpios property
<4>[    0.960055] 1358..dw_mci_set_ios:  no card. [mmc1]
<4>[    0.978072] 1358..dw_mci_set_ios:  no card. [mmc1]
<6>[    0.990535] mmc0: BKOPS_EN bit is not set
<4>[    0.992405] rk_sdmmc: BOOT Bus speed=0Hz,Bus width=8bits.[mmc0]
<6>[    0.994686] mmc_host mmc0: Bus speed (slot 0) = 100000000Hz (slot req 100000000Hz, actual 100000000HZ div = 0)
<4>[    0.994709] rk_sdmmc: BOOT dw_mci_setup_bus: argue clk_mmc workaround out normal clock [mmc0]
<6>[    0.994729] [mmc0] tuning regsbase addr 0x218.
<3>[    0.995282] [mmc0] Data transmission error !!!!  MINTSTS: [0x00000088]
<3>[    0.995293] [mmc0] host was already tuning, Don't need to retry tune again ignore 0.
<3>[    0.995324] dwmmc_rockchip ff0f0000.rksdmmc: Tuning error: cmd.error:-84, data.error:-115
<3>[    0.995584] dwmmc_rockchip ff0f0000.rksdmmc: Good phase range 0-180 (17 len)
<3>[    0.995596] dwmmc_rockchip ff0f0000.rksdmmc: Good phase range 203-282 (8 len)
<3>[    0.995607] dwmmc_rockchip ff0f0000.rksdmmc: Best phase range 0-180 (17 len)
<3>[    0.995618] dwmmc_rockchip ff0f0000.rksdmmc: Successfully tuned phase to 90
<6>[    0.995661] mmc0: new HS200 MMC card at address 0001
<6>[    0.995915] mmcblk0: mmc0:0001 AGND3R 14.5 GiB 
<3>[    0.996214] rkpart: partition size too small (0)
<6>[    0.996229]      uboot: 0x000400000 -- 0x000800000 (4 MB)
<6>[    0.996239]       misc: 0x000800000 -- 0x000c00000 (4 MB)
<6>[    0.996248]   resource: 0x000c00000 -- 0x001c00000 (16 MB)
<6>[    0.996257]     kernel: 0x001c00000 -- 0x002c00000 (16 MB)
<6>[    0.996266]       boot: 0x002c00000 -- 0x004c00000 (32 MB)
<6>[    0.996274]   recovery: 0x004c00000 -- 0x006c00000 (32 MB)
<6>[    0.996283]     backup: 0x006c00000 -- 0x00a000000 (52 MB)
<6>[    0.996292]      cache: 0x00a000000 -- 0x012000000 (128 MB)
<6>[    0.996301]     kpanic: 0x012000000 -- 0x012400000 (4 MB)
<6>[    0.996309]     system: 0x012400000 -- 0x072400000 (1536 MB)
<6>[    0.996318]   metadata: 0x072400000 -- 0x073400000 (16 MB)
<6>[    0.996327] baseparamer: 0x073400000 -- 0x073800000 (4 MB)
<6>[    0.996336]   userdata: 0x073800000 -- 0x0b3800000 (1024 MB)
<6>[    0.996345] radical_update: 0x0b3800000 -- 0x0b7800000 (64 MB)
<6>[    0.996354]       user: 0x0b7800000 -- 0x3a3a00000 (11970 MB)
<6>[    0.996385]  mmcblk0: p1 p2 p3 p4 p5 p6 p7 p8 p9 p10 p11 p12 p13 p14 p151358..dw_mci_set_ios:  no card. [mmc1]
<6>[    0.997804] dwmmc_rockchip ff0c0000.rksdmmc: DW MMC controller at irq 64, 32 bit host data width, 256 deep fifo
<6>[    0.997816] dwmmc_rockchip ff0c0000.rksdmmc: 1 slots initialized
<4>[    0.998120] dw cru_regsbase addr 0x1d8.
<4>[    0.998129] dw cru_reset_offset val 1.
<6>[    0.998139] dwmmc_rockchip ff0d0000.rksdmmc: Version ID is 270a
<3>[    0.998177] dwmmc_rockchip ff0d0000.rksdmmc: failed to get hpclk_mmc
<3>[    0.998258] dwmmc_rockchip ff0d0000.rksdmmc: Platform data must supply bus speed
<4>[    0.998268] ------------[ cut here ]------------
<4>[    0.998288] WARNING: at drivers/clk/clk.c:842 clk_disable+0x18/0x24()
<4>[    0.998296] Modules linked in:
<4>[    0.998311] CPU: 1 PID: 1 Comm: swapper/0 Not tainted 3.10.0 #155
<4>[    0.998342] [<c0013ec4>] (unwind_backtrace+0x0/0xe0) from [<c001176c>] (show_stack+0x10/0x14)
<4>[    0.998360] [<c001176c>] (show_stack+0x10/0x14) from [<c0036988>] (warn_slowpath_common+0x4c/0x68)
<4>[    0.998376] [<c0036988>] (warn_slowpath_common+0x4c/0x68) from [<c00369bc>] (warn_slowpath_null+0x18/0x1c)
<4>[    0.998390] [<c00369bc>] (warn_slowpath_null+0x18/0x1c) from [<c059fdec>] (clk_disable+0x18/0x24)
<4>[    0.998410] [<c059fdec>] (clk_disable+0x18/0x24) from [<c0560520>] (dw_mci_probe+0x55c/0x608)
<4>[    0.998430] [<c0560520>] (dw_mci_probe+0x55c/0x608) from [<c03092fc>] (platform_drv_probe+0x14/0x18)
<4>[    0.998448] [<c03092fc>] (platform_drv_probe+0x14/0x18) from [<c03080b4>] (really_probe+0xa8/0x20c)
<4>[    0.998463] [<c03080b4>] (really_probe+0xa8/0x20c) from [<c0308310>] (driver_probe_device+0x30/0x48)
<4>[    0.998478] [<c0308310>] (driver_probe_device+0x30/0x48) from [<c0308388>] (__driver_attach+0x60/0x84)
<4>[    0.998492] [<c0308388>] (__driver_attach+0x60/0x84) from [<c0306b50>] (bus_for_each_dev+0x50/0x90)
<4>[    0.998506] [<c0306b50>] (bus_for_each_dev+0x50/0x90) from [<c0307904>] (bus_add_driver+0xac/0x20c)
<4>[    0.998521] [<c0307904>] (bus_add_driver+0xac/0x20c) from [<c0308874>] (driver_register+0x9c/0x138)
<4>[    0.998537] [<c0308874>] (driver_register+0x9c/0x138) from [<c00086a4>] (do_one_initcall+0x34/0xc8)
<4>[    0.998554] [<c00086a4>] (do_one_initcall+0x34/0xc8) from [<c0b04b28>] (do_initcalls+0x70/0xa0)
<4>[    0.998568] [<c0b04b28>] (do_initcalls+0x70/0xa0) from [<c0b04be8>] (kernel_init_freeable+0x90/0x130)
<4>[    0.998585] [<c0b04be8>] (kernel_init_freeable+0x90/0x130) from [<c07ca424>] (kernel_init+0x8/0xe4)
<4>[    0.998603] [<c07ca424>] (kernel_init+0x8/0xe4) from [<c000da98>] (ret_from_fork+0x14/0x3c)
<4>[    0.998631] ---[ end trace 3d2957ed6b58ced1 ]---
<4>[    0.998640] ------------[ cut here ]------------
<4>[    0.998653] WARNING: at drivers/clk/clk.c:751 clk_unprepare+0x14/0x1c()
<4>[    0.998660] Modules linked in:
<4>[    0.998671] CPU: 1 PID: 1 Comm: swapper/0 Tainted: G        W    3.10.0 #155
<4>[    0.998685] [<c0013ec4>] (unwind_backtrace+0x0/0xe0) from [<c001176c>] (show_stack+0x10/0x14)
<4>[    0.998698] [<c001176c>] (show_stack+0x10/0x14) from [<c0036988>] (warn_slowpath_common+0x4c/0x68)
<4>[    0.998712] [<c0036988>] (warn_slowpath_common+0x4c/0x68) from [<c00369bc>] (warn_slowpath_null+0x18/0x1c)
<4>[    0.998727] [<c00369bc>] (warn_slowpath_null+0x18/0x1c) from [<c05a1110>] (clk_unprepare+0x14/0x1c)
<4>[    0.998742] [<c05a1110>] (clk_unprepare+0x14/0x1c) from [<c0560528>] (dw_mci_probe+0x564/0x608)
<4>[    0.998757] [<c0560528>] (dw_mci_probe+0x564/0x608) from [<c03092fc>] (platform_drv_probe+0x14/0x18)
<4>[    0.998772] [<c03092fc>] (platform_drv_probe+0x14/0x18) from [<c03080b4>] (really_probe+0xa8/0x20c)
<4>[    0.998786] [<c03080b4>] (really_probe+0xa8/0x20c) from [<c0308310>] (driver_probe_device+0x30/0x48)
<4>[    0.998800] [<c0308310>] (driver_probe_device+0x30/0x48) from [<c0308388>] (__driver_attach+0x60/0x84)
<4>[    0.998814] [<c0308388>] (__driver_attach+0x60/0x84) from [<c0306b50>] (bus_for_each_dev+0x50/0x90)
<4>[    0.998828] [<c0306b50>] (bus_for_each_dev+0x50/0x90) from [<c0307904>] (bus_add_driver+0xac/0x20c)
<4>[    0.998841] [<c0307904>] (bus_add_driver+0xac/0x20c) from [<c0308874>] (driver_register+0x9c/0x138)
<4>[    0.998855] [<c0308874>] (driver_register+0x9c/0x138) from [<c00086a4>] (do_one_initcall+0x34/0xc8)
<4>[    0.998868] [<c00086a4>] (do_one_initcall+0x34/0xc8) from [<c0b04b28>] (do_initcalls+0x70/0xa0)
<4>[    0.998880] [<c0b04b28>] (do_initcalls+0x70/0xa0) from [<c0b04be8>] (kernel_init_freeable+0x90/0x130)
<4>[    0.998893] [<c0b04be8>] (kernel_init_freeable+0x90/0x130) from [<c07ca424>] (kernel_init+0x8/0xe4)
<4>[    0.998906] [<c07ca424>] (kernel_init+0x8/0xe4) from [<c000da98>] (ret_from_fork+0x14/0x3c)
<4>[    0.998915] ---[ end trace 3d2957ed6b58ced2 ]---
<4>[    0.999201] leds-gpio leds.29: pins are not configured from the driver
<7>[    0.999220] of_get_named_gpio_flags exited with status 257
<7>[    0.999229] of_get_named_gpio_flags exited with status 258
<7>[    0.999238] of_get_named_gpio_flags exited with status 257
<7>[    0.999312] of_get_named_gpio_flags exited with status 258
<6>[    0.999409] hidraw: raw HID events driver (C) Jiri Kosina
<6>[    1.000900] usbcore: registered new interface driver usbhid
<6>[    1.000912] usbhid: USB HID core driver
<6>[    1.001027] ashmem: initialized
<6>[    1.001146] logger: created 256K log 'log_main'
<6>[    1.001244] logger: created 256K log 'log_events'
<6>[    1.001335] logger: created 256K log 'log_radio'
<6>[    1.001432] logger: created 256K log 'log_system'
<7>[    1.002292] of_get_named_gpio_flags exited with status 5
<7>[    1.002302] of_get_named_gpio_flags exited with status 5
<6>[    1.002530] input: rk29-keypad as /devices/ff100000.adc/key.32/input/input1
<3>[    1.003392] rockchip-pinctrl ff770000.pinctrl: pin gpio6-8 already requested by ff890000.rockchip-i2s; cannot claim for 2-0010
<3>[    1.003409] rockchip-pinctrl ff770000.pinctrl: pin-200 (2-0010) status -22
<3>[    1.003421] rockchip-pinctrl ff770000.pinctrl: could not request pin 200 on device rockchip-pinctrl
<3>[    1.003432] ES8323 2-0010: Error applying setting, reverse things back
<7>[    1.003457] of_get_named_gpio_flags exited with status 10
<7>[    1.003468] of_get_named_gpio_flags exited with status 239
<4>[    1.003728] es8323 probe i2c recv ok
<6>[    1.004630] rockchip-spdif ff880000.rockchip-spdif: spdif ready.
<4>[    1.005197] es8323_probe
<4>[    1.005290] es8323_probe:register ISR (irq=194)
<4>[    1.342143] ***************vbus detect*****************
<4>[    1.637706] ES8323 2-0010: ASoC: no dapm match for LINPUT1 --> NULL --> Left Line Mux
<3>[    1.637716] ES8323 2-0010: ASoC: Failed to add route LINPUT1 -> NULL -> Left Line Mux
<4>[    1.637725] ES8323 2-0010: ASoC: no dapm match for LINPUT2 --> NULL --> Left Line Mux
<3>[    1.637733] ES8323 2-0010: ASoC: Failed to add route LINPUT2 -> NULL -> Left Line Mux
<4>[    1.637743] ES8323 2-0010: ASoC: no dapm match for Left PGA Mux --> NULL --> Left Line Mux
<3>[    1.637751] ES8323 2-0010: ASoC: Failed to add route Left PGA Mux -> NULL -> Left Line Mux
<4>[    1.637761] ES8323 2-0010: ASoC: no dapm match for RINPUT1 --> NULL --> Right Line Mux
<3>[    1.637768] ES8323 2-0010: ASoC: Failed to add route RINPUT1 -> NULL -> Right Line Mux
<4>[    1.637776] ES8323 2-0010: ASoC: no dapm match for RINPUT2 --> NULL --> Right Line Mux
<3>[    1.637784] ES8323 2-0010: ASoC: Failed to add route RINPUT2 -> NULL -> Right Line Mux
<4>[    1.637792] ES8323 2-0010: ASoC: no dapm match for Right PGA Mux --> NULL --> Right Line Mux
<3>[    1.637799] ES8323 2-0010: ASoC: Failed to add route Right PGA Mux -> NULL -> Right Line Mux
<4>[    1.637807] ES8323 2-0010: ASoC: no dapm match for LINPUT1 --> LAMP --> Left PGA Mux
<3>[    1.637814] ES8323 2-0010: ASoC: Failed to add route LINPUT1 -> LAMP -> Left PGA Mux
<4>[    1.637822] ES8323 2-0010: ASoC: no dapm match for LINPUT2 --> LAMP --> Left PGA Mux
<3>[    1.637828] ES8323 2-0010: ASoC: Failed to add route LINPUT2 -> LAMP -> Left PGA Mux
<4>[    1.637837] ES8323 2-0010: ASoC: no dapm match for Differential Mux --> LAMP --> Left PGA Mux
<3>[    1.637844] ES8323 2-0010: ASoC: Failed to add route Differential Mux -> LAMP -> Left PGA Mux
<4>[    1.637852] ES8323 2-0010: ASoC: no dapm match for RINPUT1 --> RAMP --> Right PGA Mux
<3>[    1.637859] ES8323 2-0010: ASoC: Failed to add route RINPUT1 -> RAMP -> Right PGA Mux
<4>[    1.637867] ES8323 2-0010: ASoC: no dapm match for RINPUT2 --> RAMP --> Right PGA Mux
<3>[    1.637874] ES8323 2-0010: ASoC: Failed to add route RINPUT2 -> RAMP -> Right PGA Mux
<4>[    1.637883] ES8323 2-0010: ASoC: no dapm match for Differential Mux --> RAMP --> Right PGA Mux
<3>[    1.637890] ES8323 2-0010: ASoC: Failed to add route Differential Mux -> RAMP -> Right PGA Mux
<4>[    1.637898] ES8323 2-0010: ASoC: no dapm match for LINPUT1 --> LAMP --> Differential Mux
<3>[    1.637905] ES8323 2-0010: ASoC: Failed to add route LINPUT1 -> LAMP -> Differential Mux
<4>[    1.637914] ES8323 2-0010: ASoC: no dapm match for RINPUT1 --> RAMP --> Differential Mux
<3>[    1.637920] ES8323 2-0010: ASoC: Failed to add route RINPUT1 -> RAMP -> Differential Mux
<4>[    1.637928] ES8323 2-0010: ASoC: no dapm match for LINPUT2 --> LAMP --> Differential Mux
<3>[    1.637936] ES8323 2-0010: ASoC: Failed to add route LINPUT2 -> LAMP -> Differential Mux
<4>[    1.637944] ES8323 2-0010: ASoC: no dapm match for RINPUT2 --> RAMP --> Differential Mux
<3>[    1.637951] ES8323 2-0010: ASoC: Failed to add route RINPUT2 -> RAMP -> Differential Mux
<4>[    1.637969] ES8323 2-0010: ASoC: no dapm match for LINPUT1 --> LAMP --> Left Line Mux
<3>[    1.637977] ES8323 2-0010: ASoC: Failed to add route LINPUT1 -> LAMP -> Left Line Mux
<4>[    1.637985] ES8323 2-0010: ASoC: no dapm match for LINPUT2 --> LAMP --> Left Line Mux
<3>[    1.637991] ES8323 2-0010: ASoC: Failed to add route LINPUT2 -> LAMP -> Left Line Mux
<4>[    1.638000] ES8323 2-0010: ASoC: no dapm match for Left PGA Mux --> LAMP --> Left Line Mux
<3>[    1.638006] ES8323 2-0010: ASoC: Failed to add route Left PGA Mux -> LAMP -> Left Line Mux
<4>[    1.638015] ES8323 2-0010: ASoC: no dapm match for RINPUT1 --> RAMP --> Right Line Mux
<3>[    1.638022] ES8323 2-0010: ASoC: Failed to add route RINPUT1 -> RAMP -> Right Line Mux
<4>[    1.638030] ES8323 2-0010: ASoC: no dapm match for RINPUT2 --> RAMP --> Right Line Mux
<3>[    1.638036] ES8323 2-0010: ASoC: Failed to add route RINPUT2 -> RAMP -> Right Line Mux
<4>[    1.638044] ES8323 2-0010: ASoC: no dapm match for Right PGA Mux --> RAMP --> Right Line Mux
<3>[    1.638051] ES8323 2-0010: ASoC: Failed to add route Right PGA Mux -> RAMP -> Right Line Mux
<3>[    1.638183] ES8323 2-0010: ASoC: mux Right Line Mux has no paths
<3>[    1.638193] ES8323 2-0010: ASoC: mux Left Line Mux has no paths
<3>[    1.638202] ES8323 2-0010: ASoC: mux Right PGA Mux has no paths
<3>[    1.638211] ES8323 2-0010: ASoC: mux Left PGA Mux has no paths
<3>[    1.638229] ES8323 2-0010: ASoC: mux Differential Mux has no paths
<6>[    1.644345] rockchip-es8323 rockchip-es8323.27:  ES8323 HiFi <-> ff890000.rockchip-i2s mapping ok
<6>[    1.644991] u32 classifier
<6>[    1.644998]     Actions configured
<6>[    1.645008] Netfilter messages via NETLINK v0.30.
<6>[    1.645060] nf_conntrack version 0.5.0 (16384 buckets, 65536 max)
<6>[    1.645315] ctnetlink v0.93: registering with nfnetlink.
<6>[    1.645377] NF_TPROXY: Transparent proxy support initialized, version 4.1.0
<6>[    1.645383] NF_TPROXY: Copyright (c) 2006-2007 BalaBit IT Ltd.
<6>[    1.645592] xt_time: kernel timezone is -0000
<6>[    1.645750] ip_tables: (C) 2000-2006 Netfilter Core Team
<6>[    1.645855] arp_tables: (C) 2002 David S. Miller
<6>[    1.645885] TCP: cubic registered
<6>[    1.645891] Initializing XFRM netlink socket
<6>[    1.646042] NET: Registered protocol family 10
<6>[    1.646451] mip6: Mobile IPv6
<6>[    1.646473] ip6_tables: (C) 2000-2006 Netfilter Core Team
<6>[    1.646568] sit: IPv6 over IPv4 tunneling driver
<6>[    1.646830] NET: Registered protocol family 17
<6>[    1.646850] NET: Registered protocol family 15
<5>[    1.646894] Bridge firewalling registered
<6>[    1.646904] Ebtables v2.0 registered
<6>[    1.647060] Bluetooth: RFCOMM TTY layer initialized
<6>[    1.647084] Bluetooth: RFCOMM socket layer initialized
<6>[    1.647090] Bluetooth: RFCOMM ver 1.11
<6>[    1.647096] Bluetooth: BNEP (Ethernet Emulation) ver 1.3
<6>[    1.647101] Bluetooth: BNEP filters: protocol multicast
<6>[    1.647110] Bluetooth: BNEP socket layer initialized
<6>[    1.647117] Bluetooth: HIDP (Human Interface Emulation) ver 1.2
<6>[    1.647126] Bluetooth: HIDP socket layer initialized
<6>[    1.647182] l2tp_core: L2TP core driver, V2.0
<6>[    1.647195] l2tp_ppp: PPPoL2TP kernel driver, V2.0
<6>[    1.647202] [WLAN_RFKILL]: Enter rfkill_wlan_init
<6>[    1.647386] [WLAN_RFKILL]: Enter rfkill_wlan_probe
<6>[    1.647394] [WLAN_RFKILL]: can't find rockchip,grf property
<6>[    1.647402] [WLAN_RFKILL]: wlan_platdata_parse_dt: wifi_chip_type = bcmwifi
<6>[    1.647409] [WLAN_RFKILL]: wlan_platdata_parse_dt: enable wifi power control.
<6>[    1.647416] [WLAN_RFKILL]: wlan_platdata_parse_dt: disable wifi io reference voltage control.
<6>[    1.647423] [WLAN_RFKILL]: wlan_platdata_parse_dt: wifi power controled by gpio.
<7>[    1.647435] of_get_named_gpio_flags exited with status 156
<6>[    1.647440] [WLAN_RFKILL]: wlan_platdata_parse_dt: get property: WIFI,poweren_gpio = 156, flags = 0.
<7>[    1.647446] of_get_named_gpio_flags: can't parse gpios property
<7>[    1.647452] of_get_named_gpio_flags exited with status 158
<6>[    1.647457] [WLAN_RFKILL]: wlan_platdata_parse_dt: get property: WIFI,host_wake_irq = 158, flags = 0.
<6>[    1.647464] [WLAN_RFKILL]: rfkill_wlan_probe: init gpio
<6>[    1.647489] [WLAN_RFKILL]: rockchip_wifi_voltage_select: wifi & sdio reference voltage: 1.8V
<6>[    1.647496] [WLAN_RFKILL]: Exit rfkill_wlan_probe
<6>[    1.647530] [BT_RFKILL]: Enter rfkill_rk_init
<7>[    1.647632] of_get_named_gpio_flags exited with status 147
<6>[    1.647638] [BT_RFKILL]: bluetooth_platdata_parse_dt: get property: uart_rts_gpios = 147.
<7>[    1.647646] of_get_named_gpio_flags exited with status 155
<6>[    1.647651] [BT_RFKILL]: bluetooth_platdata_parse_dt: get property: BT,power_gpio = 155.
<7>[    1.647659] of_get_named_gpio_flags exited with status 157
<6>[    1.647664] [BT_RFKILL]: bluetooth_platdata_parse_dt: get property: BT,reset_gpio = 157.
<7>[    1.647671] of_get_named_gpio_flags exited with status 154
<6>[    1.647675] [BT_RFKILL]: bluetooth_platdata_parse_dt: get property: BT,wake_gpio = 154.
<7>[    1.647682] of_get_named_gpio_flags exited with status 159
<6>[    1.647687] [BT_RFKILL]: bluetooth_platdata_parse_dt: get property: BT,wake_host_irq = 159.
<6>[    1.647727] [BT_RFKILL]: Request irq for bt wakeup host
<6>[    1.647811] [BT_RFKILL]: ** disable irq
<6>[    1.647886] [BT_RFKILL]: bt_default device registered.
<4>[    1.648475] rk3288_init_suspend
<4>[    1.648487] rk3288_suspend_init enter
<4>[    1.648687] rk3288_suspend_init: pm_ctrbits =200007
<4>[    1.648717] gpio_get_dts_info suspend:4
<4>[    1.648722] gpio_get_dts_info resume:4
<4>[    1.648727] rockchip,pmic-suspend_gpios:14007a10 0 0 0 0 0 0 0 0 0 0 0 0 0 0 0 0 0 0 0 
<4>[    1.648751] rockchip,pmic-resume_gpios:2007a11 0 0 0 0 0 0 0 0 0 0 0 0 0 0 0 0 0 0 0 
<4>[    1.648869] clks_gating_suspend_init:clkgt info ok
<5>[    1.648946] Registering SWP/SWPB emulation handler
<6>[    1.648958] rockchip_uboot_mem_late_init: Freeing uboot logo memory: 0x02000000@0x7dc00000
<6>[    1.651211] ddrfreq: verion 1.2 20140526
<6>[    1.651224] ddrfreq: normal 456MHz video_1080p 0MHz video_4k 456MHz dualview 0MHz idle 0MHz suspend 200MHz reboot 456MHz
<6>[    1.651231] ddrfreq: auto-freq=0
<6>[    1.651236] ddrfreq: auto-freq-table[0] 240MHz
<6>[    1.651241] ddrfreq: auto-freq-table[1] 324MHz
<6>[    1.651246] ddrfreq: auto-freq-table[2] 456MHz
<6>[    1.651251] ddrfreq: auto-freq-table[3] 528MHz
<3>[    1.658168] act_ldo3: operation not allowed
<6>[    1.658176] vga_edid_probe: turn on ldo3 done.
<3>[    1.658418] act_ldo4: operation not allowed
<6>[    1.658424] vga_edid_probe: turn on ldo done.
<3>[    1.658664] act_ldo2: operation not allowed
<6>[    1.658670] vga_edid_probe: turn on ldo2 done.
<3>[    1.658908] act_ldo8: operation not allowed
<6>[    1.658914] vga_edid_probe: turn on ldo done.
<7>[    1.658923] of_get_named_gpio_flags exited with status 17
<4>[    1.663956] unable to read EDID block.
<4>[    1.698509] unable to read EDID block.
<4>[    1.733054] unable to read EDID block.
<4>[    1.733063] vga-ddc: read and parse edid failed errno:-5.
<4>[    1.733069] vga_edid_probe: success. 10 
<4>[    1.733179] firefly_vga_get_enable 180, 0
<4>[    1.733185] firefly_vga_get_status 186
<4>[    1.733191] firefly_vga_set_enable 159 enable:1
<4>[    1.733208] firefly_vga_enable 130 start
<4>[    1.733215] firefly_switch_fb 55 
<6>[    1.733222] switch:en=1,lcdc_id=0,screen type=1,cur type=1
<6>[    1.733241] regulator-dummy: disabling
<4>[    1.735968] pcd_pullup, is_on 0
<6>[    1.736001] file system registered
<6>[    1.736470] android_usb gadget: Mass Storage Function, version: 2009/09/11
<6>[    1.736477] android_usb gadget: Number of LUNs=2
<6>[    1.736484]  lun0: LUN: removable file: (no medium)
<6>[    1.736489]  lun1: LUN: removable file: (no medium)
<6>[    1.736624] android_usb gadget: android_usb ready
<6>[    1.736693] sensor_init: Probe name sensors
<4>[    1.736707] sensor-dev.c v1.4 add angle calculation support between two gsensors 2013-09-01
<6>[    1.737228] rtc_hym8563 0-0051: setting system clock to 2011-01-01 12:00:01 UTC (1293883201)
<6>[    1.742843] rockchip-spdif-card rockchip-spdif-card.25:  rk-hdmi-spdif-hifi <-> ff880000.rockchip-spdif mapping ok
<6>[    1.743461] usbcore: registered new interface driver snd-usb-audio
<6>[    1.743468] ALSA device list:
<6>[    1.743473]   #0: RK_ES8323
<6>[    1.743477]   #1: RK-SPDIF-CARD
<6>[    1.743868] Freeing unused kernel memory: 352K (c0b04000 - c0b5c000)
<7>[    1.853737] SELinux: 2048 avtab hash slots, 5342 rules.
<7>[    1.855296] SELinux: 2048 avtab hash slots, 5342 rules.
<7>[    1.855311] SELinux:  1 users, 2 roles, 439 types, 0 bools, 1 sens, 1024 cats
<7>[    1.855318] SELinux:  86 classes, 5342 rules
<7>[    1.856098] SELinux:  Completing initialization.
<7>[    1.856104] SELinux:  Setting up existing superblocks.
<7>[    1.856118] SELinux: initialized (dev sysfs, type sysfs), uses genfs_contexts
<7>[    1.856133] SELinux: initialized (dev rootfs, type rootfs), uses genfs_contexts
<7>[    1.856176] SELinux: initialized (dev bdev, type bdev), not configured for labeling
<7>[    1.856186] SELinux: initialized (dev proc, type proc), uses genfs_contexts
<7>[    1.856198] SELinux: initialized (dev tmpfs, type tmpfs), uses transition SIDs
<7>[    1.856211] SELinux: initialized (dev devtmpfs, type devtmpfs), uses transition SIDs
<7>[    1.856356] SELinux: initialized (dev debugfs, type debugfs), uses genfs_contexts
<7>[    1.865615] SELinux: initialized (dev sockfs, type sockfs), uses task SIDs
<7>[    1.865631] SELinux: initialized (dev pipefs, type pipefs), uses task SIDs
<7>[    1.865639] SELinux: initialized (dev anon_inodefs, type anon_inodefs), not configured for labeling
<7>[    1.865648] SELinux: initialized (dev devpts, type devpts), uses transition SIDs
<7>[    1.865664] SELinux: initialized (dev selinuxfs, type selinuxfs), uses genfs_contexts
<7>[    1.865706] SELinux: initialized (dev configfs, type configfs), not configured for labeling
<7>[    1.865714] SELinux: initialized (dev tmpfs, type tmpfs), uses transition SIDs
<7>[    1.865732] SELinux: initialized (dev sysfs, type sysfs), uses genfs_contexts
<5>[    1.955003] type=1403 audit(1293883201.710:2): policy loaded auid=4294967295 ses=4294967295
<11>[    1.976555] init: invalid gid 'trace'
<6>[    1.981750] rk_fb_switch_screen: wait update_regs_wait timeout
<6>[    1.981920] rk3288-lcdc lcdc0: lcdc0: dclk:148500000>>fps:60 
<4>[    1.981977] VGA ENABLE
<11>[    2.055413] init: /dev/hw_random not found
<6>[    2.055468] keychord: using input dev ff680000.pwm for fevent
<6>[    2.055480] keychord: using input dev rk29-keypad for fevent
<7>[    2.055894] SELinux: initialized (dev cgroup, type cgroup), uses genfs_contexts
<7>[    2.056113] SELinux: initialized (dev tmpfs, type tmpfs), uses transition SIDs
<7>[    2.056338] SELinux: initialized (dev cgroup, type cgroup), uses genfs_contexts
<7>[    2.057345] SELinux: initialized (dev tmpfs, type tmpfs), uses transition SIDs
<7>[    2.057471] SELinux: initialized (dev tmpfs, type tmpfs), uses transition SIDs
<7>[    2.058445] SELinux: initialized (dev cgroup, type cgroup), uses genfs_contexts
<11>[    2.059429] init: /dev/hw_random not found
<14>[    2.060210] fs_mgr: Running /sbin/resize2fs on /dev/block/platform/ff0f0000.rksdmmc/by-name/system
<14>[    2.061320] resize2fs: resize2fs 1.42.9 (28-Dec-2013)resize2fs: The filesystem is already 393216 blocks long.  Nothing to do!resize2fs: 
<4>[    2.063933] EXT4-fs (mmcblk0p10): Ignoring removed nomblk_io_submit option
<6>[    2.075549] EXT4-fs (mmcblk0p10): recovery complete
<6>[    2.075892] EXT4-fs (mmcblk0p10): mounted filesystem with ordered data mode. Opts: nomblk_io_submit,errors=remount-ro
<7>[    2.075919] SELinux: initialized (dev mmcblk0p10, type ext4), uses xattr
<14>[    2.075984] fs_mgr: check_fs(): mount(/dev/block/platform/ff0f0000.rksdmmc/by-name/system,/system,ext4)=0
<14>[    2.076703] fs_mgr: Running /sbin/e2fsck on /dev/block/platform/ff0f0000.rksdmmc/by-name/system
<14>[    2.081440] e2fsck: e2fsck 1.42.9 (28-Dec-2013)
<14>[    2.081488] e2fsck: system: clean, 1896/82944 files, 116347/393216 blocks
<6>[    2.085152] EXT4-fs (mmcblk0p10): mounted filesystem with ordered data mode. Opts: noauto_da_alloc
<7>[    2.085178] SELinux: initialized (dev mmcblk0p10, type ext4), uses xattr
<14>[    2.085225] fs_mgr: __mount(source=/dev/block/platform/ff0f0000.rksdmmc/by-name/system,target=/system,type=ext4)=0
<6>[    2.091943] EXT4-fs (mmcblk0p8): recovery complete
<6>[    2.092242] EXT4-fs (mmcblk0p8): mounted filesystem with ordered data mode. Opts: noauto_da_alloc,discard
<7>[    2.092265] SELinux: initialized (dev mmcblk0p8, type ext4), uses xattr
<14>[    2.092312] fs_mgr: __mount(source=/dev/block/platform/ff0f0000.rksdmmc/by-name/cache,target=/cache,type=ext4)=0
<4>[    2.092668] EXT4-fs (mmcblk0p11): Ignoring removed nomblk_io_submit option
<6>[    2.096069] EXT4-fs (mmcblk0p11): recovery complete
<6>[    2.096087] EXT4-fs (mmcblk0p11): mounted filesystem with ordered data mode. Opts: nomblk_io_submit,errors=remount-ro
<7>[    2.096106] SELinux: initialized (dev mmcblk0p11, type ext4), uses xattr
<14>[    2.096141] fs_mgr: check_fs(): mount(/dev/block/platform/ff0f0000.rksdmmc/by-name/metadata,/metadata,ext4)=0
<14>[    2.096770] fs_mgr: Running /sbin/e2fsck on /dev/block/platform/ff0f0000.rksdmmc/by-name/metadata
<14>[    2.100935] e2fsck: e2fsck 1.42.9 (28-Dec-2013)
<14>[    2.100973] e2fsck: /dev/block/platform/ff0f0000.rksdmmc/by-name/metadata: clean, 12/1024 files, 1103/4096 blocks
<6>[    2.104773] EXT4-fs (mmcblk0p11): mounted filesystem with ordered data mode. Opts: noauto_da_alloc,discard
<7>[    2.104799] SELinux: initialized (dev mmcblk0p11, type ext4), uses xattr
<14>[    2.104843] fs_mgr: __mount(source=/dev/block/platform/ff0f0000.rksdmmc/by-name/metadata,target=/metadata,type=ext4)=0
<14>[    2.104887] fs_mgr: Running /system/bin/fsck.f2fs -f /dev/block/platform/ff0f0000.rksdmmc/by-name/userdata
<14>[    2.105745] fsck.f2fs: executing /system/bin/fsck.f2fs failed: No such file or directory
<14>[    2.105785] fsck.f2fs: fsck.f2fs terminated by exit(255)
<14>[    2.106036] fs_mgr: __mount(source=/dev/block/platform/ff0f0000.rksdmmc/by-name/userdata,target=/data,type=f2fs)=-1
<4>[    2.106383] EXT4-fs (mmcblk0p13): Ignoring removed nomblk_io_submit option
<6>[    2.208413] EXT4-fs (mmcblk0p13): recovery complete
<6>[    2.208720] EXT4-fs (mmcblk0p13): mounted filesystem with ordered data mode. Opts: nomblk_io_submit,errors=remount-ro
<7>[    2.208747] SELinux: initialized (dev mmcblk0p13, type ext4), uses xattr
<14>[    2.208807] fs_mgr: check_fs(): mount(/dev/block/platform/ff0f0000.rksdmmc/by-name/userdata,/data,ext4)=0
<14>[    2.211029] fs_mgr: Running /sbin/e2fsck on /dev/block/platform/ff0f0000.rksdmmc/by-name/userdata
<14>[    2.215577] e2fsck: e2fsck 1.42.9 (28-Dec-2013)
<14>[    2.215615] e2fsck: /dev/block/platform/ff0f0000.rksdmmc/by-name/userdata: clean, 1563/65536 files, 46049/262144 blocks
<6>[    2.219510] EXT4-fs (mmcblk0p13): mounted filesystem with ordered data mode. Opts: noauto_da_alloc,discard,errors=panic
<7>[    2.219539] SELinux: initialized (dev mmcblk0p13, type ext4), uses xattr
<14>[    2.219578] fs_mgr: __mount(source=/dev/block/platform/ff0f0000.rksdmmc/by-name/userdata,target=/data,type=ext4)=0
<11>[    2.219609] fs_mgr: mount_with_alternatives(): Mounted /dev/block/platform/ff0f0000.rksdmmc/by-name/userdata on /data with fs_type=ext4 instead of f2fs
<7>[    2.220265] SELinux: initialized (dev functionfs, type functionfs), uses genfs_contexts
<6>[    2.232711] arm_release_ver of this mali_ko is 'r5p0-06rel0', rk_ko_ver is '12', built at '12:02:29', on 'Jul  6 2015'.
<6>[    2.232801] mali ffa30000.gpu: Continuing without Mali clock control
<4>[    2.232885] mali pd enabled
<4>[    2.232900] clk enabled
<4>[    2.232914] MALI_DVFS_STEP=4,div_dvfs=10
<6>[    2.232924] mali_dvfs_infotbl[0].clock=198000,min_threshold=0,max_threshold=70
<6>[    2.232933] mali_dvfs_infotbl[1].clock=297000,min_threshold=70,max_threshold=80
<6>[    2.232943] mali_dvfs_infotbl[2].clock=417000,min_threshold=80,max_threshold=90
<6>[    2.232952] mali_dvfs_infotbl[3].clock=480000,min_threshold=94,max_threshold=100
<3>[    2.233044] turn on mali power
<6>[    2.233056] kbase_platform_rk_init,register_reboot_notifier
<6>[    2.233078] mali ffa30000.gpu: GPU identified as 0x0750 r0p0 status 1
<6>[    2.233481] mali ffa30000.gpu: Probed as mali0
<3>[    2.236019] rk29_ipp: version magic '3.0.8+ SMP preempt mod_unload ARMv7 ' should be '3.10.0 SMP preempt mod_unload ARMv7 p2v8 '
<3>[    2.236694] rk29_ipp: version magic '3.0.36+ SMP preempt mod_unload ARMv7 ' should be '3.10.0 SMP preempt mod_unload ARMv7 p2v8 '
<3>[    2.237291] rk29_ipp: version magic '3.0.101+ SMP preempt mod_unload ARMv7 ' should be '3.10.0 SMP preempt mod_unload ARMv7 p2v8 '
<6>[    2.238099] zram0: detected capacity change from 0 to 533413888
<6>[    2.285011] Adding 520908k swap on /dev/block/zram0.  Priority:-1 extents:1 across:520908k SS
<3>[    2.316686] EXT4-fs (mmcblk0p13): Unrecognized mount option "background_gc=on" or missing value
<14>[    2.324882] bat_cap: oldcap path is /sys/devices/ff100000.adc
<11>[    2.324939] bat_cap: oldcap_path no exist
<6>[    2.325134] binder: 148:148 transaction failed 29189, size 0-0
<11>[    2.325659] init: Warning!  Service displayd needs a SELinux domain defined; please fix!
<11>[    2.329498] init: property 'ro.serialno' doesn't exist while expanding '${ro.serialno}'
<11>[    2.329533] init: cannot expand '${ro.serialno}' while writing to '/sys/class/android_usb/android0/iSerial'
<11>[    2.329765] init: using deprecated syntax for specifying property 'ro.product.usbfactory', use ${name} instead
<6>[    2.330224] rtk_btusb: btchr_open: BT usb char device is opening
<3>[    2.330246] rtk_btusb: btchr_open: Failed to get hci dev[NULL]
<6>[    2.330266] rtk_btusb: btchr_open: BT usb char device is opening
<3>[    2.330280] rtk_btusb: btchr_open: Failed to get hci dev[NULL]
<6>[    2.330314] rtk_btusb: btchr_open: BT usb char device is opening
<3>[    2.330328] rtk_btusb: btchr_open: Failed to get hci dev[NULL]
<6>[    2.330347] rtk_btusb: btchr_open: BT usb char device is opening
<3>[    2.330359] rtk_btusb: btchr_open: Failed to get hci dev[NULL]
<11>[    2.350393] init: cannot find '/system/bin/debuggerd64', disabling 'debuggerd64'
<11>[    2.352022] init: cannot find '/system/bin/install-recovery.sh', disabling 'flash_recovery'
<11>[    2.352507] init: cannot find '/system/bin/bplus_helper', disabling 'bplus_helper'
<11>[    2.352745] init: Warning!  Service drmservice needs a SELinux domain defined; please fix!
<11>[    2.352989] init: cannot find '/system/bin/akmd', disabling 'akmd'
<4>[    2.597016] firefly_vga_get_enable 180, 1
<4>[    2.597095] firefly_vga_get_status 186
<38>[    2.690308] logd.auditd: start
<6>[    2.729587] EHCI: rk_ehci_hcd_enable, disable host controller
<4>[    2.828373] dwc_otg_hcd_enable, enable host controller
<4>[    2.844238] firefly_vga_set_mode 203
<4>[    2.844306] firefly_vga_set_enable 159 enable:1
<4>[    2.932071] Using Buffer DMA mode
<4>[    2.932084] Periodic Transfer Interrupt Enhancement - disabled
<4>[    2.932089] Multiprocessor Interrupt Enhancement - disabled
<4>[    2.932095] OTG VER PARAM: 0, OTG VER FLAG: 0
<4>[    2.932101] ^^^^^^^^^^^^^^^^^^Host Mode
<7>[    2.957268] SELinux: initialized (dev tmpfs, type tmpfs), uses transition SIDs
<3>[    2.958162] android_usb: already disabled
<6>[    2.960834] read descriptors
<6>[    2.960847] read strings
<4>[    2.960872] pcd_pullup, is_on 1
<4>[    2.975678] Init: Power Port (0)
<4>[    2.975723] ff540000.usb resume, HPRT0:0x21401
<4>[    3.113390] Indeed it is in host mode hprt0 = 00021501
<6>[    3.290485] usb 3-1: new high-speed USB device number 2 using usb20_host
<4>[    3.290605] Indeed it is in host mode hprt0 = 00001101
<11>[    3.309734] healthd: No charger supplies found
<12>[    3.309748] healthd: No battery devices found
<4>[    3.310146] **************soft reconnect**************
<6>[    3.487463] usb 3-1: New USB device found, idVendor=1a40, idProduct=0101
<6>[    3.487476] usb 3-1: New USB device strings: Mfr=0, Product=1, SerialNumber=0
<6>[    3.487483] usb 3-1: Product: USB 2.0 Hub [MTT]
<6>[    3.488074] hub 3-1:1.0: USB hub found
<6>[    3.488201] hub 3-1:1.0: 4 ports detected
<4>[    3.489399] Using Buffer DMA mode
<4>[    3.489408] Periodic Transfer Interrupt Enhancement - disabled
<4>[    3.489413] Multiprocessor Interrupt Enhancement - disabled
<4>[    3.489419] OTG VER PARAM: 0, OTG VER FLAG: 0
<4>[    3.489424] ^^^^^^^^^^^^^^^^^Device Mode
<4>[    3.489463] *******************soft connect!!!*******************
<6>[    3.596859] rk3288-lcdc lcdc0: blank mode:0
<4>[    3.605368] ff540000.usb suspend, HPRT0:0x1485
<4>[    3.612329] USB RESET
<6>[    3.793938] android_work: sent uevent USB_STATE=CONNECTED
<6>[    3.795052] android_usb gadget: high-speed config #1: android
<6>[    3.795139] android_work: sent uevent USB_STATE=CONFIGURED
<6>[    4.280456] warning: `system_server' uses 32-bit capabilities (legacy support in use)
<4>[    4.851367] D1:camsys_mipiphy_clkin_cb(34): camsys_marvin mipi phy clk in turn on
<4>[    4.851380] D1:camsys_mipiphy_clkin_cb(34): camsys_marvin mipi phy clk in turn on
<4>[    4.851387] D1:camsys_open(739): camsys_marvin(ddf75310) is opened!
<4>[    4.851465] D1:camsys_extdev_register(243): Get RK30_PIN2_PB6(78) gpio(active: 0) for dev_id 0x2000000 success!
<4>[    4.851476] D1:camsys_extdev_register(243): Get RK30_PIN2_PB7(79) gpio(active: 0) for dev_id 0x2000000 success!
<4>[    4.851486] D1:camsys_extdev_register(243): Get RK30_PIN0_PB3(11) gpio(active: 1) for dev_id 0x2000000 success!
<7>[    4.851501] of_get_named_gpio_flags exited with status 237
<7>[    4.851506] of_get_named_gpio_flags exited with status 237
<4>[    4.851511] rockchip_gpio_request:GPIO7-13
<4>[    4.851521] rockchip_gpio_set:GPIO7-13 level = 1
<4>[    4.851526] rockchip_gpio_direction_output:set GPIO7-13 level 1
<4>[    4.851535] rk32_iomux_bit_op:GPIO7-13,reg=0x70,data=0xc000000,result=0x0
<4>[    4.851543] rockchip_pmx_gpio_set_direction:gpio_direction for pin 237 as gpio7-13 to output,data=0x7600,result=0x7600
<4>[    4.851550] D1:camsys_mrv_iomux_cb(90): marvin pinctrl select: isp_mipi_fl
<4>[    4.851569] D1:camsys_extdev_register(268): Extdev(dev_id: 0x2000000  dev_name: OV13850) register success
<4>[    4.856601] D1:camsys_mrv_clkin_cb(350): camsys_marvin clock(f: 210000000 Hz) in turn on
<4>[    4.856610] D1:camsys_rk3288_cfg(267): Isp_SoftRst: 1
<4>[    4.856715] D1:camsys_rk3288_cfg(267): Isp_SoftRst: 0
<4>[    4.856741] D1:camsys_mrv_clkout_cb(392): camsys_marvin clock out(rate: 24000000Hz) turn on
<4>[    4.857812] D1:camsys_sysctl_extdev(360): Sysctl 11 success, gpio(11) set 1
<4>[    4.858867] D1:camsys_sysctl_extdev(364): Sysctl 8 success, gpio(79) set 1
<4>[    4.859927] D1:camsys_sysctl_extdev(364): Sysctl 7 success, gpio(78) set 1
<3>[    4.863168] E:camsys_i2c_write(78): i2c write dev(addr:0x20) failed!
<3>[    4.864369] E:camsys_i2c_write(78): i2c write dev(addr:0x6c) failed!
<4>[    4.864446] D1:camsys_sysctl_extdev(360): Sysctl 7 success, gpio(78) set 0
<4>[    4.864457] D1:camsys_sysctl_extdev(360): Sysctl 8 success, gpio(79) set 0
<4>[    4.864468] D1:camsys_sysctl_extdev(364): Sysctl 11 success, gpio(11) set 0
<4>[    4.865553] D1:camsys_mrv_clkin_cb(374): camsys_marvin clock in turn off
<4>[    4.865587] D1:camsys_mrv_clkout_cb(404): camsys_marvin clock out turn off
<4>[    4.867642] D1:camsys_extdev_deregister(331): Extdev(dev_id: 0x2000000) is deregister success
<4>[    4.867658] D1:camsys_irq_disconnect(664): All thread disconnect camsys_marvin irq success!
<4>[    4.867667] D1:camsys_mipiphy_clkin_cb(36): camsys_marvin mipi phy clk in turn off
<4>[    4.867673] D1:camsys_mipiphy_clkin_cb(36): camsys_marvin mipi phy clk in turn off
<4>[    4.867680] D1:camsys_release(763): camsys_marvin(ddf75310) is closed
<38>[    4.869474] type=1400 audit(1293883204.670:3): avc: denied { execute } for pid=476 comm="mediaserver" name="sh" dev="mmcblk0p10" ino=321 scontext=u:r:mediaserver:s0 tcontext=u:object_r:shell_exec:s0 tclass=file permissive=1
<38>[    4.869653] type=1400 audit(1293883204.670:4): avc: denied { read open } for pid=476 comm="mediaserver" path="/system/bin/sh" dev="mmcblk0p10" ino=321 scontext=u:r:mediaserver:s0 tcontext=u:object_r:shell_exec:s0 tclass=file permissive=1
<38>[    4.869749] type=1400 audit(1293883204.670:5): avc: denied { execute_no_trans } for pid=476 comm="mediaserver" path="/system/bin/sh" dev="mmcblk0p10" ino=321 scontext=u:r:mediaserver:s0 tcontext=u:object_r:shell_exec:s0 tclass=file permissive=1
<38>[    4.871508] type=1400 audit(1293883204.670:6): avc: denied { getattr } for pid=476 comm="sh" path="/system/bin/toolbox" dev="mmcblk0p10" ino=335 scontext=u:r:mediaserver:s0 tcontext=u:object_r:toolbox_exec:s0 tclass=file permissive=1
<38>[    4.871596] type=1400 audit(1293883204.670:7): avc: denied { execute } for pid=476 comm="sh" name="toolbox" dev="mmcblk0p10" ino=335 scontext=u:r:mediaserver:s0 tcontext=u:object_r:toolbox_exec:s0 tclass=file permissive=1
<38>[    4.871681] type=1400 audit(1293883204.670:8): avc: denied { read open } for pid=476 comm="sh" path="/system/bin/toolbox" dev="mmcblk0p10" ino=335 scontext=u:r:mediaserver:s0 tcontext=u:object_r:toolbox_exec:s0 tclass=file permissive=1
<38>[    4.871748] type=1400 audit(1293883204.670:9): avc: denied { execute_no_trans } for pid=476 comm="sh" path="/system/bin/toolbox" dev="mmcblk0p10" ino=335 scontext=u:r:mediaserver:s0 tcontext=u:object_r:toolbox_exec:s0 tclass=file permissive=1
<6>[    8.653295] [otg id chg] last id -1 current id 1
<4>[    8.889868] es8323_mic_state_ctrl read: 0
<4>[    8.889888] mic_state_switch 0
<4>[    8.889896] hp_det = 0,insert hp
<4>[    8.889901] hp mic use intern
<12>[   10.494173] healthd: battery none chg=
<6>[   10.801515] lowmemorykiller: lowmem_shrink: convert oom_adj to oom_score_adj:
<6>[   10.801538] lowmemorykiller: oom_adj 0 => oom_score_adj 0
<6>[   10.801544] lowmemorykiller: oom_adj 1 => oom_score_adj 58
<6>[   10.801549] lowmemorykiller: oom_adj 2 => oom_score_adj 117
<6>[   10.801554] lowmemorykiller: oom_adj 3 => oom_score_adj 176
<6>[   10.801559] lowmemorykiller: oom_adj 9 => oom_score_adj 529
<6>[   10.801564] lowmemorykiller: oom_adj 15 => oom_score_adj 1000
<6>[   11.611905] acc_open
<6>[   11.611933] acc_release
<4>[   11.813405] phy_power_on: enable = 1 
<4>[   11.852805] Read the Ethernet MAC address from IDB:00:00:00:00:00:00
<4>[   11.852840] eth0: device MAC address 7e:a9:55:34:aa:05
<6>[   11.856808] libphy: stmmac: probed
<6>[   11.856818] eth0: PHY ID 001cc915 at 0 IRQ 0 (stmmac-0:00) active
<6>[   11.856825] eth0: PHY ID 001cc915 at 1 IRQ 0 (stmmac-0:01) active
<4>[   12.265771] dwc_otg_hcd_resume, usb device mode
<4>[   12.265920] dwc_otg_hcd_suspend, usb device mode
<4>[   12.265990] ff540000.usb resume, HPRT0:0x1485
<4>[   12.277154] Current WiFi chip is AP6210.
<4>[   12.277234] Current WiFi chip is AP6210.
<4>[   12.294059] Current WiFi chip is AP6210.
<4>[   12.313917] ff540000.usb suspend, HPRT0:0x1485
<4>[   12.698932] FAT-fs (mmcblk0p15): Volume was not properly unmounted. Some data may be corrupt. Please run fsck.
<7>[   12.698987] SELinux: initialized (dev mmcblk0p15, type vfat), uses genfs_contexts
<11>[   12.787147] init: no such service 'fuse_internal_sd'
<6>[   13.729378] pm policy 0 -> 1
<4>[   15.234736] D1:camsys_mipiphy_clkin_cb(34): camsys_marvin mipi phy clk in turn on
<4>[   15.234755] D1:camsys_mipiphy_clkin_cb(34): camsys_marvin mipi phy clk in turn on
<4>[   15.234763] D1:camsys_open(739): camsys_marvin(ddf75310) is opened!
<3>[   15.234827] E:camsys_extdev_register(197): register ext flash Internal			 failed!
<4>[   15.234844] D1:camsys_irq_disconnect(664): All thread disconnect camsys_marvin irq success!
<4>[   15.234852] D1:camsys_mipiphy_clkin_cb(36): camsys_marvin mipi phy clk in turn off
<4>[   15.234858] D1:camsys_mipiphy_clkin_cb(36): camsys_marvin mipi phy clk in turn off
<4>[   15.234864] D1:camsys_release(763): camsys_marvin(ddf75310) is closed
<4>[   15.320656] D1:camsys_mipiphy_clkin_cb(34): camsys_marvin mipi phy clk in turn on
<4>[   15.320676] D1:camsys_mipiphy_clkin_cb(34): camsys_marvin mipi phy clk in turn on
<4>[   15.320684] D1:camsys_open(739): camsys_marvin(ddf75310) is opened!
<3>[   15.320748] E:camsys_extdev_register(197): register ext flash Internal failed!
<4>[   15.320768] D1:camsys_irq_disconnect(664): All thread disconnect camsys_marvin irq success!
<4>[   15.320776] D1:camsys_mipiphy_clkin_cb(36): camsys_marvin mipi phy clk in turn off
<4>[   15.320782] D1:camsys_mipiphy_clkin_cb(36): camsys_marvin mipi phy clk in turn off
<4>[   15.320789] D1:camsys_release(763): camsys_marvin(ddf75310) is closed
<38>[   15.499201] type=1400 audit(1293883215.470:10): avc: denied { write } for pid=980 comm="chip.devicetest" name="force_usb_mode" dev="sysfs" ino=12240 scontext=u:r:system_app:s0 tcontext=u:object_r:sysfs:s0 tclass=file permissive=1
<4>[   15.502705] force_usb_mode_store 2->1
<4>[   15.601198] Using Buffer DMA mode
<4>[   15.601214] Periodic Transfer Interrupt Enhancement - disabled
<4>[   15.601220] Multiprocessor Interrupt Enhancement - disabled
<4>[   15.601226] OTG VER PARAM: 0, OTG VER FLAG: 0
<4>[   15.601231] ^^^^^^^^^^^^^^^^^^Host Mode
<6>[   15.601503] android_work: sent uevent USB_STATE=DISCONNECTED
<4>[   15.649578] Init: Power Port (0)
<4>[   15.649594] rk_battery_charger_detect_cb , battery_charger_detect 5
<4>[   15.649627] ff580000.usb resume, HPRT0:0x1000
<4>[   15.649684] ff580000.usb suspend, HPRT0:0x1000
<4>[   15.889947] force_usb_mode_store 1->2
<4>[   15.889977] PortPower off
<4>[   15.889984] rk_battery_charger_detect_cb , battery_charger_detect 6
<4>[   16.087836] Using Buffer DMA mode
<4>[   16.087851] Periodic Transfer Interrupt Enhancement - disabled
<4>[   16.087857] Multiprocessor Interrupt Enhancement - disabled
<4>[   16.087863] OTG VER PARAM: 0, OTG VER FLAG: 0
<4>[   16.087868] ^^^^^^^^^^^^^^^^^Device Mode
<4>[   16.377679] ***************vbus detect*****************
<4>[   16.379876] rk_battery_charger_detect_cb , battery_charger_detect 1
<4>[   16.571145] Using Buffer DMA mode
<4>[   16.571161] Periodic Transfer Interrupt Enhancement - disabled
<4>[   16.571167] Multiprocessor Interrupt Enhancement - disabled
<4>[   16.571173] OTG VER PARAM: 0, OTG VER FLAG: 0
<4>[   16.571179] ^^^^^^^^^^^^^^^^^Device Mode
<4>[   16.571218] *******************soft connect!!!*******************
<4>[   16.696433] USB RESET
<6>[   16.877352] android_work: sent uevent USB_STATE=CONNECTED
<6>[   16.881739] android_usb gadget: high-speed config #1: android
<6>[   16.882294] android_work: sent uevent USB_STATE=CONFIGURED
<4>[   18.460661] force_usb_mode_store 2->1
<4>[   18.559189] Using Buffer DMA mode
<4>[   18.559205] Periodic Transfer Interrupt Enhancement - disabled
<4>[   18.559214] Multiprocessor Interrupt Enhancement - disabled
<4>[   18.559222] OTG VER PARAM: 0, OTG VER FLAG: 0
<4>[   18.559229] ^^^^^^^^^^^^^^^^^^Host Mode
<6>[   18.559769] android_work: sent uevent USB_STATE=DISCONNECTED
<4>[   18.591721] Init: Power Port (0)
<4>[   18.591734] rk_battery_charger_detect_cb , battery_charger_detect 5
<4>[   18.591763] ff580000.usb resume, HPRT0:0x1000
<4>[   18.591826] ff580000.usb suspend, HPRT0:0x1000
<4>[   20.780451] force_usb_mode_store 1->2
<4>[   20.780482] PortPower off
<4>[   20.780492] rk_battery_charger_detect_cb , battery_charger_detect 6
<4>[   20.978345] Using Buffer DMA mode
<4>[   20.978364] Periodic Transfer Interrupt Enhancement - disabled
<4>[   20.978373] Multiprocessor Interrupt Enhancement - disabled
<4>[   20.978383] OTG VER PARAM: 0, OTG VER FLAG: 0
<4>[   20.978390] ^^^^^^^^^^^^^^^^^Device Mode
<38>[   21.106351] type=1400 audit(1293883221.170:11): avc: denied { setattr } for pid=1288 comm="chmod" name="tmp" dev="mmcblk0p13" ino=8194 scontext=u:r:untrusted_app:s0 tcontext=u:object_r:shell_data_file:s0 tclass=dir permissive=1
<38>[   21.247647] type=1400 audit(1293883221.310:12): avc: denied { setattr } for pid=1292 comm="chmod" name=".udid" dev="mmcblk0p13" ino=8490 scontext=u:r:untrusted_app:s0 tcontext=u:object_r:shell_data_file:s0 tclass=file permissive=1
<4>[   21.268249] ***************vbus detect*****************
<4>[   21.270464] rk_battery_charger_detect_cb , battery_charger_detect 1
<4>[   21.449234] Using Buffer DMA mode
<4>[   21.449269] Periodic Transfer Interrupt Enhancement - disabled
<4>[   21.449278] Multiprocessor Interrupt Enhancement - disabled
<4>[   21.449304] OTG VER PARAM: 0, OTG VER FLAG: 0
<4>[   21.449312] ^^^^^^^^^^^^^^^^^Device Mode
<4>[   21.449357] *******************soft connect!!!*******************
<4>[   21.573190] USB RESET
<6>[   21.754361] android_work: sent uevent USB_STATE=CONNECTED
<6>[   21.758755] android_usb gadget: high-speed config #1: android
<6>[   21.758927] android_work: sent uevent USB_STATE=CONFIGURED
<38>[   22.961446] type=1400 audit(1293883223.060:13): avc: denied { getattr } for pid=1449 comm="ls" path="/system/xbin/su" dev="mmcblk0p10" ino=1867 scontext=u:r:untrusted_app:s0 tcontext=u:object_r:su_exec:s0 tclass=file permissive=1
<4>[   31.314817] Current WiFi chip is AP6210.
<6>[  180.079234] EXT4-fs (mmcblk0p10): re-mounted. Opts: (null)
<4>[  197.393676] dhd_module_init: in Dongle Host Driver, version 1.579.77.41.22 (r-20191105-2)(20191120-1)
<4>[  197.393756] ======== dhd_wlan_init_plat_data ========
<4>[  197.393773] dhd_wlan_init_gpio: WL_REG_ON=-1
<4>[  197.393787] dhd_wifi_platform_load: Enter
<4>[  197.393803] Power-up adapter 'DHD generic adapter'
<4>[  197.394044] wifi_platform_set_power = 1
<4>[  197.394063] ======== PULL WL_REG_ON(-1) HIGH! ========
<4>[  197.689734] wifi_platform_bus_enumerate device present 1
<4>[  197.689873] ======== Card detection to detect SDIO card! ========
<6>[  197.689953] mmc1:mmc host rescan start!
<4>[  197.906199] rk_sdmmc: BOOT dw_mci_setup_bus: argue clk_mmc workaround out 800000Hz for init[mmc1]
<4>[  197.945034] mmc1: queuing unknown CIS tuple 0x80 (2 bytes)
<4>[  197.947416] mmc1: queuing unknown CIS tuple 0x80 (3 bytes)
<4>[  197.949585] mmc1: queuing unknown CIS tuple 0x80 (3 bytes)
<4>[  197.953388] mmc1: queuing unknown CIS tuple 0x80 (7 bytes)
<4>[  197.957928] mmc1: queuing unknown CIS tuple 0x81 (9 bytes)
<6>[  198.015166] mmc_host mmc1: Bus speed (slot 0) = 24000000Hz (slot req 50000000Hz, actual 24000000HZ div = 0)
<4>[  198.015243] rk_sdmmc: BOOT dw_mci_setup_bus: argue clk_mmc workaround out normal clock [mmc1]
<4>[  198.015445] rk_sdmmc: BOOT Bus speed=24000000Hz,Bus width=4bits.[mmc1]
<4>[  198.022447] mmc1: queuing unknown CIS tuple 0x91 (3 bytes)
<6>[  198.022543] mmc1: new high speed SDIO card at address 0001
<4>[  198.041464] bcmsdh_register: register client driver
<4>[  198.041635] bcmsdh_sdmmc_probe: Enter num=1
<4>[  198.041791] bcmsdh_sdmmc_probe: Enter num=2
<4>[  198.041811] bus num (host idx)=1, slot num (rca)=1
<4>[  198.041826] found adapter info 'DHD generic adapter'
<4>[  198.041907] sdioh_attach: set sd_f2_blocksize 256
<4>[  198.041973] sdioh_attach: sd clock rate = 50000000
<4>[  198.042271] dhdsdio_probe : no mutex held. set lock
<4>[  198.042410] F1 signature read @0x18000000=0x15294345
<4>[  198.046471] F1 signature OK, socitype:0x1 chip:0x4345 rev:0x9 pkg:0x2
<4>[  198.047184] DHD: dongle ram size is set to 819200(orig 819200) at 0x198000
<3>[  198.047287] [dhd] dhd_conf_set_chiprev : chip=0x4345, chiprev=9
<6>[  198.048407] [dhd] CFG80211-ERROR) wl_init_prof : wl_init_prof: No profile
<4>[  198.049050] dhd_attach(): thread:dhd_watchdog_thread:63c started
<4>[  198.049185] dhd_attach(): thread:dhd_dpc:63d started
<4>[  198.049300] dhd_attach(): thread:dhd_rxf:63e started
<4>[  198.049325] dhd_deferred_work_init: work queue initialized
<4>[  198.049343] dhd_tcpack_suppress_set: TCP ACK Suppress mode 0 -> mode 2
<4>[  198.049385] dhd_bus_set_default_min_res_mask: Unhandled chip id
<4>[  198.049868] sdioh_cis_read: func_cis_ptr[0]=0x10ac
<4>[  198.061825] Dongle Host Driver, version 1.579.77.41.22 (r-20191105-2)(20191120-1)
<4>[  198.063810] Register interface [wlan0]  MAC: c0:84:7d:20:d4:d2
<4>[  198.063810] 
<4>[  198.063918] dhd_tcpack_suppress_set: TCP ACK Suppress mode 2 -> mode 0
<4>[  198.063945] dhd_wl_ioctl: returning as busstate=0
<4>[  198.063961] dhd_bus_devreset: == Power OFF ==
<4>[  198.064261] dhd_txglom_enable: enable 0
<4>[  198.064278] dhd_bus_devreset:  WLAN OFF DONE
<4>[  198.064436] wifi_platform_set_power = 0
<4>[  198.064454] ======== PULL WL_REG_ON(-1) LOW! ========
<4>[  198.064471] dhdsdio_probe : the lock is released.
<4>[  198.065055] dhd_module_init: Exit err=0
<4>[  210.168470] dhd_open: Enter de888000
<4>[  210.168550] dhd_open : no mutex held. set lock
<4>[  210.168630] 
<4>[  210.168630] Dongle Host Driver, version 1.579.77.41.22 (r-20191105-2)(20191120-1)
<3>[  210.168694] [dhd-wlan0] wl_android_wifi_on : in g_wifi_on=0
<4>[  210.168723] wifi_platform_set_power = 1
<4>[  210.168750] ======== PULL WL_REG_ON(-1) HIGH! ========
<4>[  210.471828] sdio_reset_comm():
<6>[  210.475068] mmc_host mmc1: Bus speed (slot 0) = 24000000Hz (slot req 300000Hz, actual 300000HZ div = 40)
<4>[  210.475214] rk_sdmmc: BOOT dw_mci_setup_bus: argue clk_mmc workaround out 600000Hz for init[mmc1]
<4>[  210.491032] mmc1: queuing unknown CIS tuple 0x80 (2 bytes)
<4>[  210.493596] mmc1: queuing unknown CIS tuple 0x80 (3 bytes)
<4>[  210.495894] mmc1: queuing unknown CIS tuple 0x80 (3 bytes)
<4>[  210.499973] mmc1: queuing unknown CIS tuple 0x80 (7 bytes)
<4>[  210.505262] mmc1: queuing unknown CIS tuple 0x81 (9 bytes)
<6>[  210.577907] mmc_host mmc1: Bus speed (slot 0) = 24000000Hz (slot req 50000000Hz, actual 24000000HZ div = 0)
<4>[  210.577990] rk_sdmmc: BOOT dw_mci_setup_bus: argue clk_mmc workaround out normal clock [mmc1]
<4>[  210.578976] sdioh_start: set sd_f2_blocksize 256
<4>[  210.580412] 
<4>[  210.580412] 
<4>[  210.580412] dhd_bus_devreset: == WLAN ON ==
<4>[  210.580912] F1 signature read @0x18000000=0x15294345
<4>[  210.593196] F1 signature OK, socitype:0x1 chip:0x4345 rev:0x9 pkg:0x2
<4>[  210.593904] DHD: dongle ram size is set to 819200(orig 819200) at 0x198000
<4>[  210.593984] dhd_bus_set_default_min_res_mask: Unhandled chip id
<4>[  210.594288] dhd_os_open_image: /data/6256/config.txt (20 bytes) open success
<3>[  210.594327] [dhd] dhd_conf_read_log_level : wl_dbg_level = 0xFFFF
<3>[  210.594361] [dhd] dhd_conf_set_path_params : Final fw_path=/data/6256/fw_bcm43456c5_ag.bin
<3>[  210.594379] [dhd] dhd_conf_set_path_params : Final nv_path=/data/6256/nvram_ap6256.txt
<3>[  210.594395] [dhd] dhd_conf_set_path_params : Final clm_path=/data/6256/clm_bcm43456c5_ag.blob
<3>[  210.594413] [dhd] dhd_conf_set_path_params : Final conf_path=/data/6256/config.txt
<4>[  210.594909] dhd_os_open_image: /data/6256/fw_bcm43456c5_ag.bin (579388 bytes) open success
<4>[  210.724271] dhd_os_open_image: /data/6256/nvram_ap6256.txt (2440 bytes) open success
<4>[  210.724308] NVRAM version: AP6256_NVRAM_V1.3_10092019.txt
<4>[  210.725104] dhdsdio_write_vars: Download, Upload and compare of NVRAM succeeded.
<4>[  210.802324] dhd_bus_init: enable 0x06, ready 0x06 (waited 0us)
<4>[  210.803460] Disable tdls_auto_op failed. -1
<4>[  210.803483] dhd_tcpack_suppress_set: TCP ACK Suppress mode 0 -> mode 1
<4>[  210.804304] dhd_apply_default_clm: Ignore clm file /data/6256/clm_bcm43456c5_ag.blob
<4>[  210.806086] Firmware up: op_mode=0x0005, MAC=c0:84:7d:20:d4:d2
<4>[  210.809731] dhd_preinit_ioctls Set scancache failed -23
<4>[  210.819442]   Driver: 1.579.77.41.22 (r-20191105-2)(20191120-1)
<4>[  210.819442]   Firmware: wl0: Sep 27 2019 15:21:10 version 7.45.96.53 (5a84613@shgit) (r745790) FWID 01-54faa385 es7.c5.n4.a3
<4>[  210.819442]   CLM: 9.2.9 (2016-02-03 04:34:31) 
<4>[  210.819743] dhd_txglom_enable: enable 1
<3>[  210.819763] [dhd] dhd_conf_set_txglom_params : txglom_mode=multi-desc
<3>[  210.819774] [dhd] dhd_conf_set_txglom_params : txglomsize=36, deferred_tx_len=0
<3>[  210.819786] [dhd] dhd_conf_set_txglom_params : txinrx_thres=128, dhd_txminmax=-1
<3>[  210.819796] [dhd] dhd_conf_set_txglom_params : tx_max_offset=0, txctl_tmo_fix=300
<3>[  210.819811] [dhd] dhd_conf_get_disable_proptx : fw_proptx=1, disable_proptx=-1
<4>[  210.820862] dhd_wlfc_hostreorder_init(): successful bdcv2 tlv signaling, 64
<4>[  210.822530] dhd_pno_init: Support Android Location Service
<4>[  210.822552] dhd_preinit_ioctls: SensorHub diabled 0
<4>[  210.823136] dhd_preinit_ioctls failed to set ShubHub disable
<4>[  210.824291] dhd_wl_ioctl_get_intiovar: get int iovar wnm_bsstrans_resp failed, ERR -23
<4>[  210.824311] failed to get wnm_bsstrans_resp
<4>[  210.824873] failed to set WNM capabilities
<3>[  210.844267] [dhd] dhd_conf_set_country : set country CN, revision 38
<6>[  210.844278] [dhd] CFG80211-DEBUG) wl_cfg80211_event :event_type (54): WLC_E_IF
<6>[  210.844287] [dhd] CFG80211-ERROR) wl_cfg80211_event : Event handler is not created
<3>[  210.846909] [dhd] dhd_conf_set_country : Country code: CN (CN/38)
<3>[  210.851755] [dhd-wlan0] wl_android_wifi_on : Success
<6>[  210.851781] [dhd] CFG80211-DEBUG) wl_cfg80211_up :In
<6>[  210.852011] [dhd] CFG80211-TRACE) wl_cfg80211_up :WLC_GET_VERSION=2
<6>[  210.852034] [dhd] CFG80211-DEBUG) wl_cfg80211_check_in4way :status=1, action=0x9, in4way=0x9
<6>[  210.852046] [dhd] CFG80211-TRACE) wl_cfg80211_attach_post :In
<6>[  210.852417] CFGP2P-INFO) wl_cfgp2p_supported : p2p is supported
<6>[  210.852441] [dhd] CFG80211-DEBUG) __wl_cfg80211_up :In
<6>[  210.852450] [dhd] CFG80211-DEBUG) wl_create_event_handler :Enter 
<6>[  210.852562] [dhd] CFG80211-TRACE) dhd_config_dongle :In
<6>[  210.871306] [dhd] CFG80211-DEBUG) wl_cfg80211_event :event_type (54): WLC_E_IF
<6>[  210.871337] [dhd] CFG80211-DEBUG) wl_event_handler :event type (54), ifidx: 0 bssidx: 0 
<6>[  210.871368] [dhd] CFG80211-DEBUG) wl_event_handler :Unknown Event (54): ignoring
<6>[  210.871585] [dhd] CFG80211-DEBUG) wl_cfg80211_event :event_type (54): WLC_E_IF
<6>[  210.871612] [dhd] CFG80211-DEBUG) wl_event_handler :event type (54), ifidx: 0 bssidx: 0 
<6>[  210.871625] [dhd] CFG80211-DEBUG) wl_event_handler :Unknown Event (54): ignoring
<6>[  210.894462] [dhd] CFG80211-DEBUG) wl_construct_reginfo :HT80/160/80p80 center channel : 36
<6>[  210.894485] [dhd] CFG80211-DEBUG) wl_construct_reginfo :HT80/160/80p80 center channel : 52
<6>[  210.894496] [dhd] CFG80211-DEBUG) wl_construct_reginfo :HT80/160/80p80 center channel : 149
<6>[  210.894507] [dhd] CFG80211-DEBUG) wl_construct_reginfo :HT80/160/80p80 center channel : 40
<6>[  210.894517] [dhd] CFG80211-DEBUG) wl_construct_reginfo :HT80/160/80p80 center channel : 56
<6>[  210.894529] [dhd] CFG80211-DEBUG) wl_construct_reginfo :HT80/160/80p80 center channel : 153
<6>[  210.894539] [dhd] CFG80211-DEBUG) wl_construct_reginfo :HT80/160/80p80 center channel : 44
<6>[  210.894549] [dhd] CFG80211-DEBUG) wl_construct_reginfo :HT80/160/80p80 center channel : 60
<6>[  210.894558] [dhd] CFG80211-DEBUG) wl_construct_reginfo :HT80/160/80p80 center channel : 157
<6>[  210.894568] [dhd] CFG80211-DEBUG) wl_construct_reginfo :HT80/160/80p80 center channel : 48
<6>[  210.894578] [dhd] CFG80211-DEBUG) wl_construct_reginfo :HT80/160/80p80 center channel : 64
<6>[  210.894588] [dhd] CFG80211-DEBUG) wl_construct_reginfo :HT80/160/80p80 center channel : 161
<6>[  210.894603] [dhd] CFG80211-INFO) __wl_update_wiphybands : __wl_update_wiphybands band[1] vht_enab=1 vht_cap=0f805132 vht_rx_mcs_map=fffe vht_tx_mcs_map=fffe
<6>[  210.895042] [dhd] CFG80211-DEBUG) __wl_cfg80211_up :TDLS supported in fw
<4>[  210.895282] dhd_open : the lock is released.
<4>[  210.895292] dhd_open: Exit ret=0
<6>[  210.895445] [dhd] CFG80211-DEBUG) wl_cfg80211_set_power_mgmt :Enter
<6>[  210.895805] [dhd] CFG80211-DEBUG) wl_cfg80211_netdev_notifier_call :Enter 
<6>[  230.002806] [dhd] CFG80211-DEBUG) wl_cfg80211_mgmt_frame_register :frame_type: d0, reg: 1
<6>[  230.002876] [dhd] CFG80211-DEBUG) wl_cfg80211_mgmt_frame_register :frame_type: d0, reg: 1
<6>[  230.002932] [dhd] CFG80211-DEBUG) wl_cfg80211_mgmt_frame_register :frame_type: d0, reg: 1
<6>[  230.002984] [dhd] CFG80211-DEBUG) wl_cfg80211_mgmt_frame_register :frame_type: d0, reg: 1
<6>[  230.003035] [dhd] CFG80211-DEBUG) wl_cfg80211_mgmt_frame_register :frame_type: d0, reg: 1
<6>[  230.003087] [dhd] CFG80211-DEBUG) wl_cfg80211_mgmt_frame_register :frame_type: d0, reg: 1
<6>[  230.003138] [dhd] CFG80211-DEBUG) wl_cfg80211_mgmt_frame_register :frame_type: d0, reg: 1
<6>[  230.003190] [dhd] CFG80211-DEBUG) wl_cfg80211_mgmt_frame_register :frame_type: d0, reg: 1
<6>[  230.003241] [dhd] CFG80211-DEBUG) wl_cfg80211_mgmt_frame_register :frame_type: d0, reg: 1
<6>[  230.003294] [dhd] CFG80211-DEBUG) wl_cfg80211_mgmt_frame_register :frame_type: d0, reg: 1
<6>[  230.003346] [dhd] CFG80211-DEBUG) wl_cfg80211_mgmt_frame_register :frame_type: d0, reg: 1
<6>[  230.003398] [dhd] CFG80211-DEBUG) wl_cfg80211_mgmt_frame_register :frame_type: d0, reg: 1
<6>[  230.003452] [dhd] CFG80211-DEBUG) wl_cfg80211_mgmt_frame_register :frame_type: d0, reg: 1
<6>[  230.003502] [dhd] CFG80211-DEBUG) wl_cfg80211_mgmt_frame_register :frame_type: d0, reg: 1
<6>[  230.003552] [dhd] CFG80211-DEBUG) wl_cfg80211_mgmt_frame_register :frame_type: d0, reg: 1
<6>[  230.003602] [dhd] CFG80211-DEBUG) wl_cfg80211_mgmt_frame_register :frame_type: d0, reg: 1
<6>[  230.003653] [dhd] CFG80211-DEBUG) wl_cfg80211_mgmt_frame_register :frame_type: d0, reg: 1
<6>[  230.003744] [dhd] CFG80211-DEBUG) wl_cfg80211_netdev_notifier_call :Enter 
<6>[  230.083427] [dhd] CFG80211-DEBUG) wl_update_pmklist :No of elements 0
<6>[  230.167192] [dhd] CFG80211-DEBUG) wl_cfg80211_tdls_config :Enter state:6
<6>[  230.167212] [dhd] CFG80211-DEBUG) wl_cfg80211_tdls_config :Skip tdls config. state:6 update_reqd:0 current_status:1 
<6>[  230.167222] [dhd] CFG80211-DEBUG) wl_cfg80211_add_virtual_iface :if name: p2p-dev-wlan0, type: 10
<6>[  230.167230] [dhd] CFG80211-TRACE) wl_cfgp2p_add_p2p_disc_if :Enter
<6>[  230.171786] [dhd] CFG80211-DEBUG) wl_cfgp2p_generate_bss_mac :P2P Discovery address:c2:84:7d:20:d4:d2
<6>[  230.171812] [dhd] CFG80211-DEBUG) wl_cfgp2p_generate_bss_mac :Primary P2P Interface address:c2:84:7d:20:54:d2
<4>[  230.171829] P2P interface registered
<4>[  230.171846] wl_cfgp2p_add_p2p_disc_if: wdev: dd6cb600, wdev->net:   (null)
<6>[  230.174921] [dhd] CFG80211-DEBUG) wl_cfg80211_mgmt_frame_register :frame_type: d0, reg: 1
<6>[  230.175033] [dhd] CFG80211-DEBUG) wl_cfg80211_mgmt_frame_register :frame_type: d0, reg: 1
<6>[  230.175136] [dhd] CFG80211-DEBUG) wl_cfg80211_mgmt_frame_register :frame_type: d0, reg: 1
<6>[  230.175236] [dhd] CFG80211-DEBUG) wl_cfg80211_mgmt_frame_register :frame_type: d0, reg: 1
<6>[  230.175340] [dhd] CFG80211-DEBUG) wl_cfg80211_mgmt_frame_register :frame_type: d0, reg: 1
<6>[  230.175440] [dhd] CFG80211-DEBUG) wl_cfg80211_mgmt_frame_register :frame_type: d0, reg: 1
<6>[  230.175543] [dhd] CFG80211-DEBUG) wl_cfg80211_mgmt_frame_register :frame_type: d0, reg: 1
<6>[  230.175644] [dhd] CFG80211-DEBUG) wl_cfg80211_mgmt_frame_register :frame_type: d0, reg: 1
<6>[  230.175746] [dhd] CFG80211-DEBUG) wl_cfg80211_mgmt_frame_register :frame_type: d0, reg: 1
<6>[  230.175852] [dhd] CFG80211-DEBUG) wl_cfg80211_mgmt_frame_register :frame_type: d0, reg: 1
<6>[  230.175956] [dhd] CFG80211-DEBUG) wl_cfg80211_mgmt_frame_register :frame_type: d0, reg: 1
<6>[  230.176056] [dhd] CFG80211-DEBUG) wl_cfg80211_mgmt_frame_register :frame_type: d0, reg: 1
<6>[  230.176157] [dhd] CFG80211-DEBUG) wl_cfg80211_mgmt_frame_register :frame_type: d0, reg: 1
<6>[  230.176255] [dhd] CFG80211-DEBUG) wl_cfg80211_mgmt_frame_register :frame_type: d0, reg: 1
<6>[  230.176357] [dhd] CFG80211-DEBUG) wl_cfg80211_mgmt_frame_register :frame_type: d0, reg: 1
<6>[  230.176458] [dhd] CFG80211-DEBUG) wl_cfg80211_mgmt_frame_register :frame_type: d0, reg: 1
<6>[  230.176559] [dhd] CFG80211-DEBUG) wl_cfg80211_mgmt_frame_register :frame_type: d0, reg: 1
