<6>[    0.000000] Booting Linux on physical CPU 0x500
<6>[    0.000000] Initializing cgroup subsys cpu
<6>[    0.000000] Initializing cgroup subsys cpuacct
<5>[    0.000000] Linux version 3.10.0 (ballack@ballack) (gcc version 4.6.x-google 20120106 (prerelease) (GCC) ) #155 SMP PREEMPT Wed Oct 23 15:13:08 CST 2019
<4>[    0.000000] CPU: ARMv7 Processor [410fc0d1] revision 1 (ARMv7), cr=10c5387d
<4>[    0.000000] CPU: PIPT / VIPT nonaliasing data cache, VIPT aliasing instruction cache
<6>[    0.000000] Machine: Rockchip RK3288 (Flattened Device Tree), model: rockchip,rk3288
<6>[    0.000000] rockchip_uboot_logo_setup: mem: 0x02000000@0x7dc00000, offset:0x01000000
<6>[    0.000000] hdmi init vic is -1
<6>[    0.000000] rockchip_uboot_mem_reserve: reserve 0x02000000@0x7dc00000 for uboot logo
<4>[    0.000000] rockchip_ion_reserve
<6>[    0.000000] ion heap(drm): base(0) size(0) align(0)
<6>[    0.000000] ion heap(cma): base(0) size(28000000) align(0)
<6>[    0.000000] ion heap(vmalloc): base(0) size(0) align(0)
<6>[    0.000000] cma: CMA: reserved 640 MiB at 55c00000
<6>[    0.000000] ion_reserve: cma reserved base 55c00000 size 671088640
<6>[    0.000000] cma: CMA: reserved 16 MiB at 1f000000
<4>[    0.000000] Memory policy: ECC disabled, Data cache writealloc
<4>[    0.000000] Boot mode: REBOOT (6) flag: NORMAL (0xc3524200)
<7>[    0.000000] On node 0 totalpages: 524288
<7>[    0.000000] free_area_init_node: node 0, pgdat c0ce5c80, node_mem_map c0e0a000
<7>[    0.000000]   Normal zone: 1024 pages used for memmap
<7>[    0.000000]   Normal zone: 0 pages reserved
<7>[    0.000000]   Normal zone: 131072 pages, LIFO batch:31
<7>[    0.000000]   HighMem zone: 3072 pages used for memmap
<7>[    0.000000]   HighMem zone: 393216 pages, LIFO batch:31
<6>[    0.000000] PERCPU: Embedded 9 pages/cpu @c1e63000 s13376 r8192 d15296 u36864
<7>[    0.000000] pcpu-alloc: s13376 r8192 d15296 u36864 alloc=9*4096
<7>[    0.000000] pcpu-alloc: [0] 0 [0] 1 [0] 2 [0] 3 
<4>[    0.000000] Built 1 zonelists in Zone order, mobility grouping on.  Total pages: 523264
<5>[    0.000000] Kernel command line: vmalloc=496M console=ttyS2 androidboot.selinux=permissive androidboot.hardware=rk30board androidboot.console=ttyS2 init=/init  mtdparts=rk29xxnand:0x00002000@0x00002000(uboot),0x00002000@0x00004000(misc),0x00008000@0x00006000(resource),0x00008000@0x0000e000(kernel),0x00010000@0x00016000(boot),0x00010000@0x00026000(recovery),0x0001a000@0x00036000(backup),0x00040000@0x00050000(cache),0x00002000@0x00090000(kpanic),0x00300000@0x00092000(system),0x00008000@0x00392000(metadata),0x00002000@0x0039A000(baseparamer),0x00200000@0x0039C000(userdata),0x00020000@0x0059C000(radical_update),-@0x005BC000(user) storagemedia=emmc uboot_logo=0x02000000@0x7dc00000:0x01000000 loader.timestamp=2018-09-18_13:09:42 hdmi.vic=-1
<6>[    0.000000] PID hash table entries: 2048 (order: 1, 8192 bytes)
<6>[    0.000000] Dentry cache hash table entries: 65536 (order: 6, 262144 bytes)
<6>[    0.000000] Inode-cache hash table entries: 32768 (order: 5, 131072 bytes)
<6>[    0.000000] allocated 4194304 bytes of page_cgroup
<6>[    0.000000] please try 'cgroup_disable=memory' option if you don't want memory cgroups
<6>[    0.000000] Memory: 2048MB = 2048MB total
<5>[    0.000000] Memory: 1355504k/1355504k available, 741648k reserved, 884736K highmem
<5>[    0.000000] Virtual kernel memory layout:
<5>[    0.000000]     vector  : 0xffff0000 - 0xffff1000   (   4 kB)
<5>[    0.000000]     fixmap  : 0xfff00000 - 0xfffe0000   ( 896 kB)
<5>[    0.000000]     vmalloc : 0xe0800000 - 0xff000000   ( 488 MB)
<5>[    0.000000]     lowmem  : 0xc0000000 - 0xe0000000   ( 512 MB)
<5>[    0.000000]     pkmap   : 0xbfe00000 - 0xc0000000   (   2 MB)
<5>[    0.000000]     modules : 0xbf000000 - 0xbfe00000   (  14 MB)
<5>[    0.000000]       .text : 0xc0008000 - 0xc0b0398c   (11247 kB)
<5>[    0.000000]       .init : 0xc0b04000 - 0xc0b5c440   ( 354 kB)
<5>[    0.000000]       .data : 0xc0b5e000 - 0xc0ced2c0   (1597 kB)
<5>[    0.000000]        .bss : 0xc0ced2c0 - 0xc0e099fc   (1138 kB)
<6>[    0.000000] SLUB: HWalign=64, Order=0-3, MinObjects=0, CPUs=4, Nodes=1
<6>[    0.000000] Preemptible hierarchical RCU implementation.
<6>[    0.000000] 	RCU dyntick-idle grace-period acceleration is enabled.
<6>[    0.000000] NR_IRQS:16 nr_irqs:16 16
<4>[    0.000000] rk_clk_tree_init start!
<3>[    0.000000] rkclk: _rkclk_add_provider: fail to get ehci1phy_12m_div
<3>[    0.000000] rkclk: rkclk_cache_parents: ehci1phy_12m_div clk_get error
<4>[    0.000000] rk_get_uboot_display_flag: uboot_logo_on = 0
<4>[    0.000000] rkclk_init_clks: cnt_parent = 7
<4>[    0.000000] rkclk_init_clks: cnt_rate = 28
<4>[    0.000000] rk3288 set GPLL BW 20 for HDMI!
<6>[    0.000000] Architected cp15 timer(s) running at 24.00MHz (phys).
<6>[    0.000000] Switching to timer-based delay loop
<6>[    0.000000] sched_clock: ARM arch timer >56 bits at 24000kHz, resolution 41ns
<6>[    0.000000] process version: 3
<6>[    0.000000] channel:0, lkg:39
<6>[    0.000000] target-temp:80
<6>[    0.000000] channel:2, lkg:0
<6>[    0.000000] channel:0, lkg:39
<6>[    0.000000] channel:1, lkg:30
<6>[    0.000000] sched_clock: 32 bits at 100 Hz, resolution 10000000ns, wraps every 4294967286ms
<6>[    0.343063] Calibrating delay loop (skipped), value calculated using timer frequency.. 48.00 BogoMIPS (lpj=240000)
<6>[    0.343079] pid_max: default: 32768 minimum: 301
<6>[    0.343194] Security Framework initialized
<6>[    0.343210] SELinux:  Initializing.
<7>[    0.343246] SELinux:  Starting in permissive mode
<6>[    0.343283] Mount-cache hash table entries: 512
<6>[    0.343923] Initializing cgroup subsys debug
<6>[    0.343937] Initializing cgroup subsys memory
<6>[    0.343962] Initializing cgroup subsys freezer
<6>[    0.343992] CPU: Testing write buffer coherency: ok
<3>[    0.344304] /cpus/cpu@0 missing clock-frequency property
<3>[    0.344318] /cpus/cpu@1 missing clock-frequency property
<3>[    0.344328] /cpus/cpu@2 missing clock-frequency property
<3>[    0.344337] /cpus/cpu@3 missing clock-frequency property
<6>[    0.344386] CPU0: thread -1, cpu 0, socket 5, mpidr 80000500
<6>[    0.344437] Setting up static identity map for 0xc07e9db0 - 0xc07e9e08
<6>[    0.347561] last_log: 0x1e900000 map to 0xe0804000 and copy to 0xe0886000, size 0x80000 early 0x1864 (version 3.1)
<4>[    0.421226] CPU1: Booted secondary processor
<6>[    0.421260] CPU1: thread -1, cpu 1, socket 5, mpidr 80000501
<4>[    0.440898] CPU2: Booted secondary processor
<6>[    0.440921] CPU2: thread -1, cpu 2, socket 5, mpidr 80000502
<4>[    0.460609] CPU3: Booted secondary processor
<6>[    0.460634] CPU3: thread -1, cpu 3, socket 5, mpidr 80000503
<6>[    0.460736] Brought up 4 CPUs
<6>[    0.460766] SMP: Total of 4 processors activated (192.00 BogoMIPS).
<6>[    0.460775] CPU: All CPU(s) started in SVC mode.
<6>[    0.461511] devtmpfs: initialized
<6>[    0.465660] VFP support v0.3: implementor 41 architecture 3 part 30 variant d rev 0
<6>[    0.466745] pinctrl core: initialized pinctrl subsystem
<6>[    0.466997] regulator-dummy: no parameters
<6>[    0.491152] NET: Registered protocol family 16
<6>[    0.492959] DMA: preallocated 256 KiB pool for atomic coherent allocations
<6>[    0.493349] ion_snapshot: 0x1eaa0000 map to 0xe0907000 and copy to 0xc0de4d0c (version 0.1)
<6>[    0.493589] Registered FIQ tty driver
<3>[    0.493990] fiq-debugger is disabled in device tree
<4>[    0.494621] rockchip_get_bank_data:name=base start=0xff750000,end=0xff7500ff
<4>[    0.494642] rockchip_get_bank_data:name=mux_bank0 start=0xff730084,end=0xff73008f
<4>[    0.494660] rockchip_get_bank_data:name=pull_bank0 start=0xff730064,end=0xff73006f
<4>[    0.494676] rockchip_get_bank_data:name=drv_bank0 start=0xff730070,end=0xff73007b
<4>[    0.494768] rockchip_get_bank_data:name=/pinctrl@ff770000/gpio1@ff780000 start=0xff780000,end=0xff7800ff
<4>[    0.494832] rockchip_get_bank_data:name=/pinctrl@ff770000/gpio2@ff790000 start=0xff790000,end=0xff7900ff
<4>[    0.494891] rockchip_get_bank_data:name=/pinctrl@ff770000/gpio3@ff7a0000 start=0xff7a0000,end=0xff7a00ff
<4>[    0.494952] rockchip_get_bank_data:name=/pinctrl@ff770000/gpio4@ff7b0000 start=0xff7b0000,end=0xff7b00ff
<4>[    0.495012] rockchip_get_bank_data:name=/pinctrl@ff770000/gpio5@ff7c0000 start=0xff7c0000,end=0xff7c00ff
<4>[    0.495073] rockchip_get_bank_data:name=/pinctrl@ff770000/gpio6@ff7d0000 start=0xff7d0000,end=0xff7d00ff
<4>[    0.495133] rockchip_get_bank_data:name=/pinctrl@ff770000/gpio7@ff7e0000 start=0xff7e0000,end=0xff7e00ff
<4>[    0.495195] rockchip_get_bank_data:name=/pinctrl@ff770000/gpio8@ff7f0000 start=0xff7f0000,end=0xff7f00ff
<4>[    0.495262] rockchip_get_bank_data:name=/pinctrl@ff770000/gpio15@ff7f2000 start=0xff7f2000,end=0xff7f20ff
<4>[    0.495324] rockchip_pinctrl_probe:name=RK3288-GPIO,type=3
<4>[    0.495338] rockchip_pinctrl_probe:name=base start=0xff770000,end=0xff77013f
<4>[    0.495349] rockchip_pinctrl_probe:name=pull start=0xff770140,end=0xff7701bf
<4>[    0.495361] rockchip_pinctrl_probe:name=drv start=0xff7701c0,end=0xff77023f
<7>[    0.495441] gpiochip_add: registered GPIOs 0 to 31 on device: gpio0
<7>[    0.495498] gpiochip_add: registered GPIOs 32 to 63 on device: gpio1
<7>[    0.495552] gpiochip_add: registered GPIOs 64 to 95 on device: gpio2
<7>[    0.495612] gpiochip_add: registered GPIOs 96 to 127 on device: gpio3
<7>[    0.495667] gpiochip_add: registered GPIOs 128 to 159 on device: gpio4
<7>[    0.495721] gpiochip_add: registered GPIOs 160 to 191 on device: gpio5
<7>[    0.495780] gpiochip_add: registered GPIOs 192 to 223 on device: gpio6
<7>[    0.495835] gpiochip_add: registered GPIOs 224 to 255 on device: gpio7
<7>[    0.495888] gpiochip_add: registered GPIOs 256 to 287 on device: gpio8
<7>[    0.495941] gpiochip_add: registered GPIOs 288 to 319 on device: gpio15
<4>[    0.495974] rockchip_interrupts_register:bank_num=7
<7>[    0.497870] of_get_named_gpio_flags exited with status 256
<4>[    0.497883] of_get_gpio_init_config:gpio[0] = 256, value = 0
<7>[    0.497894] of_get_named_gpio_flags exited with status 233
<4>[    0.497904] of_get_gpio_init_config:gpio[1] = 233, value = 0
<7>[    0.497916] of_get_named_gpio_flags exited with status 136
<4>[    0.497925] of_get_gpio_init_config:gpio[2] = 136, value = 0
<4>[    0.497984] rockchip_pinctrl_probe:init ok
<6>[    0.504170] rk_iommu ff900800.iep_mmu: (iep) Enter
<6>[    0.504261] rk_iommu ff900800.iep_mmu: IOVMM: Created 0x3ffff000 B IOVMM from 0x10000000.
<6>[    0.504275] rk_iommu ff900800.iep_mmu: (iep) Initialized
<6>[    0.504444] rk_iommu ff950800.vip_mmu: (vip) Enter
<6>[    0.504514] rk_iommu ff950800.vip_mmu: IOVMM: Created 0x3ffff000 B IOVMM from 0x10000000.
<6>[    0.504527] rk_iommu ff950800.vip_mmu: (vip) Initialized
<6>[    0.504695] rk_iommu ff930300.vopb_mmu: (vopb) Enter
<6>[    0.504768] rk_iommu ff930300.vopb_mmu: IOVMM: Created 0x3ffff000 B IOVMM from 0x10000000.
<6>[    0.504780] rk_iommu ff930300.vopb_mmu: (vopb) Initialized
<6>[    0.504950] rk_iommu ff940300.vopl_mmu: (vopl) Enter
<6>[    0.505023] rk_iommu ff940300.vopl_mmu: IOVMM: Created 0x3ffff000 B IOVMM from 0x10000000.
<6>[    0.505036] rk_iommu ff940300.vopl_mmu: (vopl) Initialized
<6>[    0.505219] rk_iommu ff9c0440.hevc_mmu: (hevc) Enter
<6>[    0.505302] rk_iommu ff9c0440.hevc_mmu: IOVMM: Created 0x3ffff000 B IOVMM from 0x10000000.
<6>[    0.505315] rk_iommu ff9c0440.hevc_mmu: (hevc) Initialized
<6>[    0.505485] rk_iommu ff9a0800.vpu_mmu: (vpu) Enter
<6>[    0.505558] rk_iommu ff9a0800.vpu_mmu: IOVMM: Created 0x3ffff000 B IOVMM from 0x10000000.
<6>[    0.505570] rk_iommu ff9a0800.vpu_mmu: (vpu) Initialized
<6>[    0.505739] rk_iommu ff914000.isp_mmu: (isp_mmu) Enter
<6>[    0.505822] rk_iommu ff914000.isp_mmu: IOVMM: Created 0x3ffff000 B IOVMM from 0x10000000.
<6>[    0.505835] rk_iommu ff914000.isp_mmu: (isp_mmu) Initialized
<6>[    0.507583] hw-breakpoint: found 5 (+1 reserved) breakpoint and 4 watchpoint registers.
<6>[    0.507596] hw-breakpoint: maximum watchpoint size is 4 bytes.
<3>[    0.508171] rk3368_init_rockchip_pmu_ops: could not find pmu dt node
<4>[    0.508193] DDR DEBUG: version 1.00 20150126 
<4>[    0.508221] DDR DEBUG: Channel a: 
<4>[    0.508230] DDR DEBUG: DDR3 Device
<4>[    0.508244] DDR DEBUG: Bus Width=32 Col=10 Bank=8 Row=15 CS=1 Total Capability=1024MB
<4>[    0.508253] DDR DEBUG: Channel b: 
<4>[    0.508260] DDR DEBUG: DDR3 Device
<4>[    0.508273] DDR DEBUG: Bus Width=32 Col=10 Bank=8 Row=15 CS=1 Total Capability=1024MB
<4>[    0.508282] DDR DEBUG: addr=0xcf7000
<4>[    0.508292] DDR DEBUG: stride=9, size=256, halfcap=40000000
<4>[    0.508301] DDR DEBUG: socAddr[0]=0xcf7000, socAddr[1]=0xcf7100
<4>[    0.508310] DDR DEBUG: chAddr[0]=0xcf7000, chAddr[1]=0xcf7000
<4>[    0.508322] DDR DEBUG: dtar[0]=0x7019e000, dtar[1]=0x7019e000
<4>[    0.508376] DDR DEBUG: init success!!! freq=200MHz
<4>[    0.508385] DDR DEBUG: Channel a: 
<4>[    0.508397] DDR DEBUG: DTONE=0x1, DTERR=0x0, DTIERR=0x0, DTPASS=4,0, DGSL=1,0 extra clock, DGPS=180,270
<4>[    0.508410] DDR DEBUG: DTONE=0x1, DTERR=0x0, DTIERR=0x0, DTPASS=4,0, DGSL=1,0 extra clock, DGPS=180,270
<4>[    0.508423] DDR DEBUG: DTONE=0x1, DTERR=0x0, DTIERR=0x0, DTPASS=4,0, DGSL=1,0 extra clock, DGPS=180,270
<4>[    0.508435] DDR DEBUG: DTONE=0x1, DTERR=0x0, DTIERR=0x0, DTPASS=4,0, DGSL=1,0 extra clock, DGPS=180,270
<4>[    0.508447] DDR DEBUG: ZERR=0, ZDONE=0, ZPD=0x0, ZPU=0x0, OPD=0x0, OPU=0x0
<4>[    0.508456] DDR DEBUG: DRV Pull-Up=0x19, DRV Pull-Dwn=0x19
<4>[    0.508466] DDR DEBUG: ODT Pull-Up=0x2, ODT Pull-Dwn=0x2
<4>[    0.508473] DDR DEBUG: Channel b: 
<4>[    0.508485] DDR DEBUG: DTONE=0x1, DTERR=0x0, DTIERR=0x0, DTPASS=4,0, DGSL=1,0 extra clock, DGPS=180,270
<4>[    0.508498] DDR DEBUG: DTONE=0x1, DTERR=0x0, DTIERR=0x0, DTPASS=4,0, DGSL=1,0 extra clock, DGPS=180,270
<4>[    0.508510] DDR DEBUG: DTONE=0x1, DTERR=0x0, DTIERR=0x0, DTPASS=4,0, DGSL=1,0 extra clock, DGPS=180,270
<4>[    0.508523] DDR DEBUG: DTONE=0x1, DTERR=0x0, DTIERR=0x0, DTPASS=4,0, DGSL=1,0 extra clock, DGPS=180,270
<4>[    0.508534] DDR DEBUG: ZERR=0, ZDONE=0, ZPD=0x0, ZPU=0x0, OPD=0x0, OPU=0x0
<4>[    0.508543] DDR DEBUG: DRV Pull-Up=0x19, DRV Pull-Dwn=0x19
<4>[    0.508552] DDR DEBUG: ODT Pull-Up=0x2, ODT Pull-Dwn=0x2
<6>[    0.532633] bio: create slab <bio-0> at 0
<6>[    0.533184] Rockchip hdmi driver version 2.0
<6>[    0.533184] .
<5>[    0.534311] SCSI subsystem initialized
<6>[    0.534468] usbcore: registered new interface driver usbfs
<6>[    0.534512] usbcore: registered new interface driver hub
<6>[    0.534600] usbcore: registered new device driver usb
<7>[    0.534848] of_get_named_gpio_flags exited with status 14
<7>[    0.534886] of_get_named_gpio_flags exited with status 12
<7>[    0.535921] of_get_named_gpio_flags exited with status 15
<7>[    0.535940] of_get_named_gpio_flags exited with status 16
<6>[    0.537220] rockchip_i2c ff650000.i2c: i2c-0: Rockchip I2C adapter
<7>[    0.537340] of_get_named_gpio_flags exited with status 260
<7>[    0.537360] of_get_named_gpio_flags exited with status 261
<6>[    0.537687] rockchip_i2c ff140000.i2c: i2c-1: Rockchip I2C adapter
<7>[    0.537798] of_get_named_gpio_flags exited with status 201
<7>[    0.537816] of_get_named_gpio_flags exited with status 202
<6>[    0.538135] rockchip_i2c ff660000.i2c: i2c-2: Rockchip I2C adapter
<7>[    0.538240] of_get_named_gpio_flags exited with status 81
<7>[    0.538259] of_get_named_gpio_flags exited with status 80
<6>[    0.538387] rockchip_i2c ff150000.i2c: i2c-3: Rockchip I2C adapter
<7>[    0.538491] of_get_named_gpio_flags exited with status 241
<7>[    0.538509] of_get_named_gpio_flags exited with status 242
<6>[    0.539355] rockchip_i2c ff160000.i2c: i2c-4: Rockchip I2C adapter
<6>[    0.539491] media: Linux media interface: v0.10
<6>[    0.539531] Linux video capture interface: v2.00
<6>[    0.539594] pps_core: LinuxPPS API ver. 1 registered
<6>[    0.539605] pps_core: Software ver. 5.3.6 - Copyright 2005-2007 Rodolfo Giometti <giometti@linux.it>
<6>[    0.539626] PTP clock support registered
<4>[    0.539683] i2c-core: driver [bq24296] using legacy suspend method
<4>[    0.539693] i2c-core: driver [bq24296] using legacy resume method
<4>[    0.540364] ion_drm_heap_create: 0@0
<6>[    0.540501] Rockchip ion module is successfully loaded (v1.1)
<6>[    0.540661] Advanced Linux Sound Architecture Driver Initialized.
<6>[    0.541073] Bluetooth: Core ver 2.16
<6>[    0.541112] NET: Registered protocol family 31
<6>[    0.541122] Bluetooth: HCI device and connection manager initialized
<6>[    0.541138] Bluetooth: HCI socket layer initialized
<6>[    0.541151] Bluetooth: L2CAP socket layer initialized
<6>[    0.541177] Bluetooth: SCO socket layer initialized
<6>[    0.541410] cfg80211: Calling CRDA to update world regulatory domain
<4>[    0.542121] act8846_i2c_probe,line=898
<4>[    0.543131] act8846_parse_dt,line=746
<7>[    0.543549] of_get_named_gpio_flags exited with status 238
<7>[    0.543563] of_get_named_gpio_flags exited with status 1
<7>[    0.543576] of_get_named_gpio_flags exited with status 234
<7>[    0.543588] of_get_named_gpio_flags exited with status 259
<4>[    0.543609] act8846_i2c_probe: act8846_pmic_hold=1
<4>[    0.543631] act8846_i2c_probe: act8846_pmic_sleep=1
<4>[    0.543646] act8846_i2c_probe: act8846_pmic_cpu_det_gpio=1
<4>[    0.543661] act8846_i2c_probe: act8846_pmic_usb_hub_reset_gpio=1
<6>[    0.545752] act_dcdc1: 1200 mV 
<6>[    0.548719] vccio: 3300 mV 
<6>[    0.550625] vdd_logic: 700 <--> 1500 mV at 1125 mV 
<6>[    0.553576] act_dcdc4: 2000 mV 
<6>[    0.554834] vccio_sd: 1800 <--> 3300 mV at 3300 mV 
<6>[    0.557160] act_ldo2: 1050 mV 
<6>[    0.559481] act_ldo3: 2800 mV 
<6>[    0.561789] act_ldo4: 3300 mV 
<6>[    0.564111] act_ldo5: 3300 mV 
<6>[    0.566436] act_ldo6: 1100 mV 
<6>[    0.568768] vcc_18: 1800 mV 
<6>[    0.571109] act_ldo8: 1850 mV 
<6>[    0.575885] vdd_arm: 712 <--> 1500 mV at 1100 mV 
<6>[    0.580605] vdd_gpu: 712 <--> 1500 mV at 900 mV 
<4>[    0.581367] rk808_i2c_probe,line=1355
<4>[    0.582699] The device is not rk808 -11
<4>[    0.582786] rk808: probe of 0-001b failed with error -11
<4>[    0.582865] i2c-core: driver [rk818] using legacy suspend method
<4>[    0.582875] i2c-core: driver [rk818] using legacy resume method
<6>[    0.584535] Switching to clocksource arch_sys_counter
<6>[    0.608606] rga: Module initialized.
<6>[    0.609330] rga2 ff920000.rga: rga ion client create success!
<6>[    0.609495] rga: Driver loaded succesfully
<6>[    0.609706] rk-fb rockchip-fb: rk fb ion client create success!
<6>[    0.609720] rk-fb rockchip-fb: rockchip framebuffer driver probe
<6>[    0.610050] rk-screen rk_screen.8: rockchip screen probe success
<6>[    0.610275] rk32-lvds rk32-lvds: rk32 lvds driver probe success
<3>[    0.610628] rk32-edp ff970000.edp: screen is not edp!
<4>[    0.610649] rk32-edp: probe of ff970000.edp failed with error -22
<3>[    0.611114] rk3288-lcdc lcdc0: can't find power_ctr node for lcdc0
<6>[    0.611335] graphics fb0: rockchip framebuffer registerd:fb0
<6>[    0.611648] graphics fb1: rockchip framebuffer registerd:fb1
<6>[    0.611823] graphics fb2: rockchip framebuffer registerd:fb2
<6>[    0.611987] graphics fb3: rockchip framebuffer registerd:fb3
<6>[    0.612271] rk3288-lcdc lcdc0: lcdc0: dclk:74250000>>fps:60 
<6>[    0.612305] rk3288-lcdc lcdc0: wakeup from standby!
<6>[    0.624213] alloc_buffer:ion_phy_addr=0x55c00000
<6>[    0.629991] fb0:phy:55c00000>>vir:e0991000>>len:0xb00000
<6>[    0.630007] rk3288-lcdc lcdc0: lcdc0 probe ok, iommu disabled
<4>[    0.630834] rockchip_set_mux:warning ignore bank num 15
<4>[    0.630976] rockchip_set_mux:warning ignore bank num 15
<4>[    0.631094] rockchip_set_mux:warning ignore bank num 15
<4>[    0.631217] rockchip_set_mux:warning ignore bank num 15
<4>[    0.631330] rockchip_set_mux:warning ignore bank num 15
<4>[    0.631444] rockchip_set_mux:warning ignore bank num 15
<4>[    0.632025] rockchip_set_mux:warning ignore bank num 15
<4>[    0.632186] rockchip_set_mux:warning ignore bank num 15
<4>[    0.632751] rockchip_set_mux:warning ignore bank num 15
<4>[    0.632898] rockchip_set_mux:warning ignore bank num 15
<4>[    0.633433] rockchip_set_mux:warning ignore bank num 15
<4>[    0.633594] rockchip_set_mux:warning ignore bank num 15
<4>[    0.634142] rockchip_set_mux:warning ignore bank num 15
<4>[    0.634301] rockchip_set_mux:warning ignore bank num 15
<6>[    0.635696] NET: Registered protocol family 2
<4>[    0.636157] rk_battery_charger_detect_cb , battery_charger_detect 1
<6>[    0.636357] TCP established hash table entries: 4096 (order: 3, 32768 bytes)
<6>[    0.636432] TCP bind hash table entries: 4096 (order: 3, 32768 bytes)
<6>[    0.636504] TCP: Hash tables configured (established 4096 bind 4096)
<6>[    0.636567] TCP: reno registered
<6>[    0.636583] UDP hash table entries: 256 (order: 1, 8192 bytes)
<6>[    0.636607] UDP-Lite hash table entries: 256 (order: 1, 8192 bytes)
<6>[    0.636800] NET: Registered protocol family 1
<6>[    0.637403] Unpacking initramfs...
<6>[    0.702815] Freeing initrd memory: 1232K (c5bf0000 - c5d24000)
<6>[    0.703513] hw perfevents: enabled with ARMv7 Cortex-A12 PMU driver, 7 counters available
<6>[    0.704043] vcodec_service: probe device ff9a0000.vpu_service
<4>[    0.704233] vcodec_service: No reset resource define
<6>[    0.704403] vcodec_service: ff9a0000.vpu_service: power on
<6>[    0.704505] vcodec_service: probe device ff9a0000.vpu_service
<6>[    0.704521] vcodec_service: checking hw id 4831
<6>[    0.705523] vcodec_service: ff9a0000.vpu_service: power off...
<6>[    0.705568] vcodec_service: done
<6>[    0.705577] vcodec_service: init success
<6>[    0.705643] vcodec_service: probe device ff9c0000.hevc_service
<6>[    0.705971] vcodec_service: ff9c0000.hevc_service: power on
<6>[    0.706032] vcodec_service: probe device ff9c0000.hevc_service
<6>[    0.706045] vcodec_service: checking hw id 6867
<6>[    0.706308] vcodec_service: ff9c0000.hevc_service: power off...
<6>[    0.706348] vcodec_service: done
<6>[    0.706357] vcodec_service: init success
<4>[    0.706490] rknandbase v1.0 2014-03-31
<4>[    0.706625] rknand: probe of ff400000.nandc failed with error -1
<4>[    0.706734] rknand_driver:ret = 0 
<6>[    0.708640] audit: initializing netlink socket (disabled)
<5>[    0.708685] type=2000 audit(0.360:1): initialized
<4>[    0.709503] bounce pool size: 64 pages
<6>[    0.714140] fuse init (API version 7.22)
<6>[    0.714522] msgmni has been set to 953
<7>[    0.714573] SELinux:  Registering netfilter hooks
<6>[    0.716397] Block layer SCSI generic (bsg) driver version 0.4 loaded (major 246)
<6>[    0.716414] io scheduler noop registered
<6>[    0.716424] io scheduler deadline registered
<6>[    0.716516] io scheduler cfq registered (default)
<6>[    0.717686] rockchip-hdmiv2 ff980000.hdmi: rockchip hdmiv2 probe sucess.
<4>[    0.718373] IEP Driver loaded succesfully
<4>[    0.718460] Module initialized.
<6>[    0.719232] dma-pl330 ffb20000.pdma: Loaded driver for PL330 DMAC-2364208
<6>[    0.719251] dma-pl330 ffb20000.pdma: 	DBUFF-64x8bytes Num_Chans-5 Num_Peri-6 Num_Events-10
<6>[    0.720586] dma-pl330 ff250000.pdma: Loaded driver for PL330 DMAC-2364208
<6>[    0.720602] dma-pl330 ff250000.pdma: 	DBUFF-128x8bytes Num_Chans-8 Num_Peri-20 Num_Events-16
<3>[    0.720887] pwm-voltage-regulator pwm_regulator.22: unable to request PWM, trying legacy API
<3>[    0.720903] pwm-voltage-regulator pwm_regulator.22: unable to request legacy PWM
<4>[    0.720912] pwm_regulator_probe:error
<6>[    0.720934] platform pwm_regulator.22: Driver pwm-voltage-regulator requests probe deferral
<4>[    0.721131] rk_serial.c v1.8 2014-03-04
<6>[    0.721358] ff180000.serial: ttyS0 at MMIO 0xff180000 (irq = 87) is a rk29_serial.0
<6>[    0.721549] serial ff180000.serial: membase e0972000
<6>[    0.721696] ff690000.serial: ttyS2 at MMIO 0xff690000 (irq = 89) is a rk29_serial.2
<6>[    0.723341] console [ttyS2] enabled
<6>[    0.723541] serial ff690000.serial: membase fed60000
<6>[    0.726304] loop: module loaded
<6>[    0.726662] zram: Created 1 device(s) ...
<4>[    0.726754] i2c-core: driver [mpu6050B1] using legacy suspend method
<4>[    0.726767] i2c-core: driver [mpu6050B1] using legacy resume method
<6>[    0.726785] mpu_init: Probe name mpu6050B1
<6>[    0.726942] ak8963_mod_init: Probe name ak8963_mod
<6>[    0.727640] SCSI Media Changer driver v0.25 
<6>[    0.727960] tun: Universal TUN/TAP device driver, 1.6
<6>[    0.727974] tun: (C) 1999-2004 Max Krasnyansky <maxk@qualcomm.com>
<4>[    0.728113] vmac_init.
<3>[    0.728672] stmmac_probe_config_dt: Can not read property: pmu_regulator.
<6>[    0.728689] stmmac_probe_config_dt: clock input/output? (input).
<6>[    0.728703] stmmac_probe_config_dt: TX delay(0x30).
<6>[    0.728715] stmmac_probe_config_dt: RX delay(0x20).
<7>[    0.728730] of_get_named_gpio_flags: can't parse gpios property
<7>[    0.728746] of_get_named_gpio_flags exited with status 136
<7>[    0.728755] of_get_named_gpio_flags: can't parse gpios property
<6>[    0.728766] stmmac_probe_config_dt: is rockchip,rk3288-gmac
<6>[    0.728778] stmmc_pltfr_init:
<3>[    0.728788] stmmc_pltfr_init: ERROR: Get power-gpio failed.
<7>[    0.728802] _gpio_request: gpio-136 (gmac_phy_reset) status -16
<3>[    0.728812] gmac_phy_reset: ERROR: Request pin stmmc_pltfr_init failed.
<6>[    0.728824] stmmc_pltfr_init: init for RGMII
<6>[    0.728835] tx delay=0x30
<6>[    0.728835] rx delay=0x20
<6>[    0.728852] tx delay=0x30
<6>[    0.728852] rx delay=0x20
<6>[    0.729319] stmmac - user ID: 0x10, Synopsys ID: 0x35
<6>[    0.729332]  Normal descriptors
<6>[    0.729342]  Ring mode enabled
<6>[    0.729353]  DMA HW capability register supported
<6>[    0.729365]  RX Checksum Offload Engine supported (type 2)
<6>[    0.729375]  TX Checksum insertion supported
<6>[    0.729385]  Wake-Up On Lan supported
<6>[    0.729429]  Enable RX Mitigation via HW Watchdog Timer
<6>[    0.729884] PPP generic driver version 2.4.2
<6>[    0.730038] PPP BSD Compression module registered
<6>[    0.730052] PPP Deflate Compression module registered
<6>[    0.730076] PPP MPPE Compression module registered
<6>[    0.730090] NET: Registered protocol family 24
<6>[    0.730126] SLIP: version 0.8.4-NET3.019-NEWTTY (dynamic channels, max=256) (6 bit encapsulation enabled).
<6>[    0.730141] CSLIP: code copyright 1989 Regents of the University of California.
<4>[    0.730155] Rockchip WiFi SYS interface (V1.00) ... 
<4>[    0.730199] esp_mem_init enter date Aug  8 2019 11:09:49
<4>[    0.730210] esp_mem_init VERSION [V2.5]
<4>[    0.730253] esp_mem_init complete 
<6>[    0.730337] usbcore: registered new interface driver catc
<6>[    0.730379] usbcore: registered new interface driver kaweth
<6>[    0.730392] pegasus: v0.9.3 (2013/04/25), Pegasus/Pegasus II USB Ethernet driver
<6>[    0.730433] usbcore: registered new interface driver pegasus
<6>[    0.730474] usbcore: registered new interface driver rtl8150
<6>[    0.730519] usbcore: registered new interface driver r8152
<6>[    0.730532] hso: drivers/net/usb/hso.c: Option Wireless
<6>[    0.730602] usbcore: registered new interface driver hso
<6>[    0.730654] usbcore: registered new interface driver asix
<6>[    0.730697] usbcore: registered new interface driver ax88179_178a
<6>[    0.730738] usbcore: registered new interface driver cdc_ether
<6>[    0.730777] usbcore: registered new interface driver cdc_eem
<6>[    0.730817] usbcore: registered new interface driver dm9601
<6>[    0.730857] usbcore: registered new interface driver dm9620
<6>[    0.730912] usbcore: registered new interface driver smsc75xx
<6>[    0.730962] usbcore: registered new interface driver smsc95xx
<6>[    0.731003] usbcore: registered new interface driver gl620a
<6>[    0.731043] usbcore: registered new interface driver net1080
<6>[    0.731084] usbcore: registered new interface driver plusb
<6>[    0.731126] usbcore: registered new interface driver rndis_host
<6>[    0.731166] usbcore: registered new interface driver cdc_subset
<6>[    0.731211] usbcore: registered new interface driver zaurus
<6>[    0.731255] usbcore: registered new interface driver MOSCHIP usb-ethernet driver
<6>[    0.731321] usbcore: registered new interface driver int51x1
<6>[    0.731363] usbcore: registered new interface driver kalmia
<6>[    0.731405] usbcore: registered new interface driver ipheth
<6>[    0.731449] usbcore: registered new interface driver sierra_net
<6>[    0.731490] usbcore: registered new interface driver cx82310_eth
<6>[    0.731547] usbcore: registered new interface driver cdc_ncm
<6>[    0.731590] usbcore: registered new interface driver qmi_wwan
<6>[    0.731632] usbcore: registered new interface driver cdc_mbim
<6>[    0.731644] ehci_hcd: USB 2.0 'Enhanced' Host Controller (EHCI) Driver
<6>[    0.734081] EHCI: ehci_rk_probe e1540000 e1540010
<6>[    0.734101] rockchip_ehci_host ff500000.usb: EHCI Host Controller
<6>[    0.734135] rockchip_ehci_host ff500000.usb: new USB bus registered, assigned bus number 1
<6>[    0.734472] rockchip_ehci_host ff500000.usb: irq 56, io mem 0xff500000
<6>[    0.751891] rockchip_ehci_host ff500000.usb: USB 2.0 started, EHCI 1.00
<6>[    0.751989] usb usb1: New USB device found, idVendor=1d6b, idProduct=0002
<6>[    0.752007] usb usb1: New USB device strings: Mfr=3, Product=2, SerialNumber=1
<6>[    0.752023] usb usb1: Product: EHCI Host Controller
<6>[    0.752037] usb usb1: Manufacturer: Linux 3.10.0 ehci_hcd
<6>[    0.752051] usb usb1: SerialNumber: ff500000.usb
<6>[    0.752522] hub 1-0:1.0: USB hub found
<6>[    0.752547] hub 1-0:1.0: 1 port detected
<6>[    0.752735] EHCI: ehci_rk_probe ok
<6>[    0.752850] ohci_hcd: USB 1.1 'Open' Host Controller (OHCI) Driver
<6>[    0.753052] usbcore: registered new interface driver cdc_acm
<6>[    0.753065] cdc_acm: USB Abstract Control Model driver for USB modems and ISDN adapters
<6>[    0.753118] usbcore: registered new interface driver usblp
<6>[    0.753161] usbcore: registered new interface driver cdc_wdm
<6>[    0.753228] usbcore: registered new interface driver usb-storage
<6>[    0.753270] usbcore: registered new interface driver ums-alauda
<6>[    0.753309] usbcore: registered new interface driver ums-cypress
<6>[    0.753347] usbcore: registered new interface driver ums-datafab
<6>[    0.753384] usbcore: registered new interface driver ums_eneub6250
<6>[    0.753421] usbcore: registered new interface driver ums-freecom
<6>[    0.753460] usbcore: registered new interface driver ums-isd200
<6>[    0.753498] usbcore: registered new interface driver ums-jumpshot
<6>[    0.753540] usbcore: registered new interface driver ums-karma
<6>[    0.753581] usbcore: registered new interface driver ums-onetouch
<6>[    0.753621] usbcore: registered new interface driver ums-sddr09
<6>[    0.753666] usbcore: registered new interface driver ums-sddr55
<6>[    0.753704] usbcore: registered new interface driver ums-usbat
<6>[    0.753796] usbcore: registered new interface driver usbserial
<6>[    0.753838] usbcore: registered new interface driver usbserial_generic
<6>[    0.753872] usbserial: USB Serial support registered for generic
<6>[    0.753913] usbcore: registered new interface driver option
<6>[    0.753949] usbserial: USB Serial support registered for GSM modem (1-port)
<6>[    0.754026] usbcore: registered new interface driver trancevibrator
<6>[    0.754040] usb20_otg: version 3.10a 21-DEC-2012
<4>[    0.754463] e1580040
<4>[    0.754478] Core Release: 3.10a
<4>[    0.754490] Setting default values for core params
<4>[    0.754616] Using Buffer DMA mode
<4>[    0.754628] Periodic Transfer Interrupt Enhancement - disabled
<4>[    0.754640] Multiprocessor Interrupt Enhancement - disabled
<4>[    0.754652] OTG VER PARAM: 0, OTG VER FLAG: 0
<4>[    0.754664] ^^^^^^^^^^^^^^^^^Device Mode
<4>[    0.754678] Dedicated Tx FIFOs mode
<4>[    0.754699] pcd_init otg_dev = ddeb45c0
<4>[    0.853274] Using Buffer DMA mode
<4>[    0.853288] Periodic Transfer Interrupt Enhancement - disabled
<4>[    0.853299] Multiprocessor Interrupt Enhancement - disabled
<4>[    0.853312] OTG VER PARAM: 0, OTG VER FLAG: 0
<4>[    0.853322] ^^^^^^^^^^^^^^^^^Device Mode
<6>[    0.853351] usb20_otg ff580000.usb: DWC OTG Controller
<6>[    0.853379] usb20_otg ff580000.usb: new USB bus registered, assigned bus number 2
<6>[    0.853413] usb20_otg ff580000.usb: irq 55, io mem 0x00000000
<6>[    0.853471] usb usb2: New USB device found, idVendor=1d6b, idProduct=0002
<6>[    0.853488] usb usb2: New USB device strings: Mfr=3, Product=2, SerialNumber=1
<6>[    0.853503] usb usb2: Product: DWC OTG Controller
<6>[    0.853516] usb usb2: Manufacturer: Linux 3.10.0 dwc_otg_hcd
<6>[    0.853529] usb usb2: SerialNumber: ff580000.usb
<6>[    0.853947] hub 2-0:1.0: USB hub found
<6>[    0.853971] hub 2-0:1.0: 1 port detected
<6>[    0.854269] usb20_host: version 3.10a 21-DEC-2012
<4>[    0.856812] e1600040
<4>[    0.856826] Core Release: 3.10a
<4>[    0.856838] Setting default values for core params
<4>[    0.856945] Using Buffer DMA mode
<4>[    0.856957] Periodic Transfer Interrupt Enhancement - disabled
<4>[    0.856968] Multiprocessor Interrupt Enhancement - disabled
<4>[    0.856980] OTG VER PARAM: 0, OTG VER FLAG: 0
<4>[    0.856991] ^^^^^^^^^^^^^^^^^^Host Mode
<6>[    0.857031] usb20_host ff540000.usb: DWC OTG Controller
<6>[    0.857059] usb20_host ff540000.usb: new USB bus registered, assigned bus number 3
<6>[    0.857089] usb20_host ff540000.usb: irq 57, io mem 0x00000000
<4>[    0.857182] Init: Power Port (0)
<6>[    0.857242] usb usb3: New USB device found, idVendor=1d6b, idProduct=0002
<6>[    0.857259] usb usb3: New USB device strings: Mfr=3, Product=2, SerialNumber=1
<6>[    0.857274] usb usb3: Product: DWC OTG Controller
<6>[    0.857287] usb usb3: Manufacturer: Linux 3.10.0 dwc_otg_hcd
<6>[    0.857301] usb usb3: SerialNumber: ff540000.usb
<6>[    0.857718] hub 3-0:1.0: USB hub found
<6>[    0.857741] hub 3-0:1.0: 1 port detected
<6>[    0.858449] usbcore: registered new interface driver xpad
<6>[    0.858512] usbcore: registered new interface driver usb_acecad
<6>[    0.858566] usbcore: registered new interface driver aiptek
<6>[    0.858615] usbcore: registered new interface driver gtco
<6>[    0.858662] usbcore: registered new interface driver hanwang
<6>[    0.858708] usbcore: registered new interface driver kbtab
<6>[    0.858760] usbcore: registered new interface driver wacom
<4>[    0.859053] sensor_register_slave:mma8452,id=17
<4>[    0.859068] sensor_register_slave:gs_mc3230,id=23
<4>[    0.859079] gsensor_init
<4>[    0.859089] sensor_register_slave:mpu6880_acc,id=24
<4>[    0.859100] sensor_register_slave:mpu6500_acc,id=25
<4>[    0.859111] sensor_register_slave:cm3217,id=48
<4>[    0.859123] sensor_register_slave:cm3218,id=49
<3>[    0.859329] .. rk pwm remotectl v1.1 init
<6>[    0.859577] input: ff680000.pwm as /devices/ff680000.pwm/input/input0
<7>[    0.862650] of_get_named_gpio_flags exited with status 228
<6>[    0.864631] rtc_hym8563 0-0051: rtc core: registered hym8563 as rtc0
<6>[    0.864693] i2c /dev entries driver
<6>[    0.865393] IR NEC protocol handler initialized
<6>[    0.865408] IR RC5(x) protocol handler initialized
<6>[    0.865418] IR RC6 protocol handler initialized
<6>[    0.865429] IR JVC protocol handler initialized
<6>[    0.865439] IR Sony protocol handler initialized
<6>[    0.865450] IR RC5 (streamzap) protocol handler initialized
<6>[    0.865460] IR SANYO protocol handler initialized
<6>[    0.865471] IR MCE Keyboard/mouse protocol handler initialized
<6>[    0.865632] usbcore: registered new interface driver uvcvideo
<6>[    0.865646] USB Video Class driver (1.1.1)
<4>[    0.865659] CamSys driver version: v0.32.0,  CamSys head file version: v0.11.0
<7>[    0.867074] of_get_named_gpio_flags exited with status 236
<4>[    0.867087] D1:camsys_platform_probe(1300): 1-gpios-cifpower: gpio=236
<7>[    0.867102] of_get_named_gpio_flags exited with status 236
<4>[    0.867113] D1:camsys_platform_probe(1303): gpios-cifpower: gpio_request
<4>[    0.867134] D1:camsys_platform_probe(1305): 1-gpios-cifpower: gpio_request=0
<4>[    0.867155] D1:camsys_platform_probe(1314): gpios-cifpower: 236 high
<4>[    0.867196] D1:camsys_mipiphy_probe_cb(115): compatible is rockchip,rk3288
<4>[    0.867196] 
<4>[    0.867271] D1:camsys_mipiphy_probe_cb(186): ff910000.isp mipi phy0 probe success(reg_phy: 0x0  reg_vir: 0x0  size: 0x0)
<4>[    0.867427] D1:camsys_mipiphy_probe_cb(183): ff910000.isp mipi phy1 probe success(reg_phy: 0xff968000  reg_vir: 0xe14b8000  size: 0x4000)
<4>[    0.868080] D1:camsys_platform_probe(1447): ff910000.isp memory:
<4>[    0.868100] D1:camsys_platform_probe(1457):     Register memory (phy: 0xff910000 vir: 0xe1520000 size: 0x10000)
<4>[    0.868117] D1:camsys_platform_probe(1452):     I2c memory (phy: 0x1df75000 vir: 0xddf75000 size: 0x1000)
<4>[    0.868132] D1:camsys_init_ext_fsh_module(20): init external flash module
<4>[    0.868145] D1:camsys_platform_probe(1472): Probe ff910000.isp device success 
<6>[    0.868585] not find test_power_init dev node
<4>[    0.868645] i2c-core: driver [bq27320] using legacy suspend method
<4>[    0.868657] i2c-core: driver [bq27320] using legacy resume method
<4>[    0.868981] rockchip_temp_probe,line=362
<6>[    0.919165] tsadc ff280000.tsadc: initialized
<6>[    0.919558] device-mapper: uevent: version 1.0.3
<6>[    0.919810] device-mapper: ioctl: 4.24.0-ioctl (2013-01-15) initialised: dm-devel@redhat.com
<6>[    0.920106] Bluetooth: HCI UART driver ver 2.2
<6>[    0.920122] Bluetooth: HCI H4 protocol initialized
<6>[    0.920134] Bluetooth: HCILL protocol initialized
<6>[    0.920146] rtk_btusb: Realtek Bluetooth USB driver module init, version 2.21
<6>[    0.920159] rtk_btusb: Register usb char device interface for BT driver
<6>[    0.920346] usbcore: registered new interface driver rtk_btusb
<4>[    0.925077] cpufreq version 1.0, suspend freq 1200 MHz
<6>[    0.925283] cpuidle: using governor ladder
<6>[    0.925296] cpuidle: using governor menu
<6>[    0.925332] Synopsys Designware Multimedia Card Interface Driver
<6>[    0.925345] MHSC version = Ver 2.00 2015-06-10
<4>[    0.925620] dw cru_regsbase addr 0x1d8.
<4>[    0.925635] dw cru_reset_offset val 3.
<6>[    0.925650] dwmmc_rockchip ff0f0000.rksdmmc: Version ID is 270a
<3>[    0.925696] dwmmc_rockchip ff0f0000.rksdmmc: failed to get hpclk_mmc
<6>[    0.926002] dwmmc_rockchip ff0f0000.rksdmmc: Using internal DMA controller.
<4>[    0.926167] dw_mci_init_slot: fmin=400000, fmax=100000000 [mmc0]
<7>[    0.926198] of_get_named_gpio_flags: can't parse gpios property
<4>[    0.926289] 1358..dw_mci_set_ios:  no card. [mmc0]
<4>[    0.938860] 1358..dw_mci_set_ios:  no card. [mmc0]
<4>[    0.948778] dwc_otg_hcd_suspend, usb device mode
<4>[    0.958566] rk_sdmmc: BOOT dw_mci_setup_bus: argue clk_mmc workaround out 800000Hz for init[mmc0]
<6>[    0.958605] dwmmc_rockchip ff0f0000.rksdmmc: DW MMC controller at irq 67, 32 bit host data width, 256 deep fifo
<6>[    0.958623] dwmmc_rockchip ff0f0000.rksdmmc: 1 slots initialized
<4>[    0.958948] dw cru_regsbase addr 0x1d8.
<4>[    0.958962] dw cru_reset_offset val 0.
<6>[    0.958977] dwmmc_rockchip ff0c0000.rksdmmc: Version ID is 270a
<3>[    0.959028] dwmmc_rockchip ff0c0000.rksdmmc: failed to get hpclk_mmc
<6>[    0.959751] dwmmc_rockchip ff0c0000.rksdmmc: Using internal DMA controller.
<4>[    0.959917] dw_mci_init_slot: fmin=300000, fmax=50000000 [mmc1]
<7>[    0.959944] of_get_named_gpio_flags: can't parse gpios property
<4>[    0.960165] 1358..dw_mci_set_ios:  no card. [mmc1]
<4>[    0.978202] 1358..dw_mci_set_ios:  no card. [mmc1]
<6>[    0.990678] mmc0: BKOPS_EN bit is not set
<4>[    0.992554] rk_sdmmc: BOOT Bus speed=0Hz,Bus width=8bits.[mmc0]
<6>[    0.994842] mmc_host mmc0: Bus speed (slot 0) = 100000000Hz (slot req 100000000Hz, actual 100000000HZ div = 0)
<4>[    0.994866] rk_sdmmc: BOOT dw_mci_setup_bus: argue clk_mmc workaround out normal clock [mmc0]
<6>[    0.994887] [mmc0] tuning regsbase addr 0x218.
<3>[    0.995440] [mmc0] Data transmission error !!!!  MINTSTS: [0x00000088]
<3>[    0.995450] [mmc0] host was already tuning, Don't need to retry tune again ignore 0.
<3>[    0.995479] dwmmc_rockchip ff0f0000.rksdmmc: Tuning error: cmd.error:0, data.error:-84
<3>[    0.995739] dwmmc_rockchip ff0f0000.rksdmmc: Good phase range 0-180 (17 len)
<3>[    0.995751] dwmmc_rockchip ff0f0000.rksdmmc: Good phase range 203-282 (8 len)
<3>[    0.995762] dwmmc_rockchip ff0f0000.rksdmmc: Best phase range 0-180 (17 len)
<3>[    0.995773] dwmmc_rockchip ff0f0000.rksdmmc: Successfully tuned phase to 90
<6>[    0.995816] mmc0: new HS200 MMC card at address 0001
<6>[    0.996092] mmcblk0: mmc0:0001 AGND3R 14.5 GiB 
<3>[    0.996386] rkpart: partition size too small (0)
<6>[    0.996402]      uboot: 0x000400000 -- 0x000800000 (4 MB)
<6>[    0.996411]       misc: 0x000800000 -- 0x000c00000 (4 MB)
<6>[    0.996420]   resource: 0x000c00000 -- 0x001c00000 (16 MB)
<6>[    0.996430]     kernel: 0x001c00000 -- 0x002c00000 (16 MB)
<6>[    0.996439]       boot: 0x002c00000 -- 0x004c00000 (32 MB)
<6>[    0.996448]   recovery: 0x004c00000 -- 0x006c00000 (32 MB)
<6>[    0.996457]     backup: 0x006c00000 -- 0x00a000000 (52 MB)
<6>[    0.996465]      cache: 0x00a000000 -- 0x012000000 (128 MB)
<6>[    0.996474]     kpanic: 0x012000000 -- 0x012400000 (4 MB)
<6>[    0.996482]     system: 0x012400000 -- 0x072400000 (1536 MB)
<6>[    0.996491]   metadata: 0x072400000 -- 0x073400000 (16 MB)
<6>[    0.996500] baseparamer: 0x073400000 -- 0x073800000 (4 MB)
<6>[    0.996509]   userdata: 0x073800000 -- 0x0b3800000 (1024 MB)
<6>[    0.996518] radical_update: 0x0b3800000 -- 0x0b7800000 (64 MB)
<6>[    0.996527]       user: 0x0b7800000 -- 0x3a3a00000 (11970 MB)
<6>[    0.996556]  mmcblk0: p1 p2 p3 p4 p5 p6 p7 p8 p9 p10 p11 p12 p13 p14 p151358..dw_mci_set_ios:  no card. [mmc1]
<6>[    0.997943] dwmmc_rockchip ff0c0000.rksdmmc: DW MMC controller at irq 64, 32 bit host data width, 256 deep fifo
<6>[    0.997955] dwmmc_rockchip ff0c0000.rksdmmc: 1 slots initialized
<4>[    0.998265] dw cru_regsbase addr 0x1d8.
<4>[    0.998275] dw cru_reset_offset val 1.
<6>[    0.998286] dwmmc_rockchip ff0d0000.rksdmmc: Version ID is 270a
<3>[    0.998324] dwmmc_rockchip ff0d0000.rksdmmc: failed to get hpclk_mmc
<3>[    0.998406] dwmmc_rockchip ff0d0000.rksdmmc: Platform data must supply bus speed
<4>[    0.998415] ------------[ cut here ]------------
<4>[    0.998436] WARNING: at drivers/clk/clk.c:842 clk_disable+0x18/0x24()
<4>[    0.998445] Modules linked in:
<4>[    0.998459] CPU: 1 PID: 1 Comm: swapper/0 Not tainted 3.10.0 #155
<4>[    0.998492] [<c0013ec4>] (unwind_backtrace+0x0/0xe0) from [<c001176c>] (show_stack+0x10/0x14)
<4>[    0.998511] [<c001176c>] (show_stack+0x10/0x14) from [<c0036988>] (warn_slowpath_common+0x4c/0x68)
<4>[    0.998527] [<c0036988>] (warn_slowpath_common+0x4c/0x68) from [<c00369bc>] (warn_slowpath_null+0x18/0x1c)
<4>[    0.998541] [<c00369bc>] (warn_slowpath_null+0x18/0x1c) from [<c059fdec>] (clk_disable+0x18/0x24)
<4>[    0.998562] [<c059fdec>] (clk_disable+0x18/0x24) from [<c0560520>] (dw_mci_probe+0x55c/0x608)
<4>[    0.998582] [<c0560520>] (dw_mci_probe+0x55c/0x608) from [<c03092fc>] (platform_drv_probe+0x14/0x18)
<4>[    0.998600] [<c03092fc>] (platform_drv_probe+0x14/0x18) from [<c03080b4>] (really_probe+0xa8/0x20c)
<4>[    0.998616] [<c03080b4>] (really_probe+0xa8/0x20c) from [<c0308310>] (driver_probe_device+0x30/0x48)
<4>[    0.998631] [<c0308310>] (driver_probe_device+0x30/0x48) from [<c0308388>] (__driver_attach+0x60/0x84)
<4>[    0.998645] [<c0308388>] (__driver_attach+0x60/0x84) from [<c0306b50>] (bus_for_each_dev+0x50/0x90)
<4>[    0.998659] [<c0306b50>] (bus_for_each_dev+0x50/0x90) from [<c0307904>] (bus_add_driver+0xac/0x20c)
<4>[    0.998673] [<c0307904>] (bus_add_driver+0xac/0x20c) from [<c0308874>] (driver_register+0x9c/0x138)
<4>[    0.998689] [<c0308874>] (driver_register+0x9c/0x138) from [<c00086a4>] (do_one_initcall+0x34/0xc8)
<4>[    0.998705] [<c00086a4>] (do_one_initcall+0x34/0xc8) from [<c0b04b28>] (do_initcalls+0x70/0xa0)
<4>[    0.998719] [<c0b04b28>] (do_initcalls+0x70/0xa0) from [<c0b04be8>] (kernel_init_freeable+0x90/0x130)
<4>[    0.998736] [<c0b04be8>] (kernel_init_freeable+0x90/0x130) from [<c07ca424>] (kernel_init+0x8/0xe4)
<4>[    0.998754] [<c07ca424>] (kernel_init+0x8/0xe4) from [<c000da98>] (ret_from_fork+0x14/0x3c)
<4>[    0.998783] ---[ end trace dc563c4f5d0d2384 ]---
<4>[    0.998792] ------------[ cut here ]------------
<4>[    0.998805] WARNING: at drivers/clk/clk.c:751 clk_unprepare+0x14/0x1c()
<4>[    0.998813] Modules linked in:
<4>[    0.998823] CPU: 1 PID: 1 Comm: swapper/0 Tainted: G        W    3.10.0 #155
<4>[    0.998838] [<c0013ec4>] (unwind_backtrace+0x0/0xe0) from [<c001176c>] (show_stack+0x10/0x14)
<4>[    0.998852] [<c001176c>] (show_stack+0x10/0x14) from [<c0036988>] (warn_slowpath_common+0x4c/0x68)
<4>[    0.998866] [<c0036988>] (warn_slowpath_common+0x4c/0x68) from [<c00369bc>] (warn_slowpath_null+0x18/0x1c)
<4>[    0.998880] [<c00369bc>] (warn_slowpath_null+0x18/0x1c) from [<c05a1110>] (clk_unprepare+0x14/0x1c)
<4>[    0.998895] [<c05a1110>] (clk_unprepare+0x14/0x1c) from [<c0560528>] (dw_mci_probe+0x564/0x608)
<4>[    0.998909] [<c0560528>] (dw_mci_probe+0x564/0x608) from [<c03092fc>] (platform_drv_probe+0x14/0x18)
<4>[    0.998924] [<c03092fc>] (platform_drv_probe+0x14/0x18) from [<c03080b4>] (really_probe+0xa8/0x20c)
<4>[    0.998938] [<c03080b4>] (really_probe+0xa8/0x20c) from [<c0308310>] (driver_probe_device+0x30/0x48)
<4>[    0.998952] [<c0308310>] (driver_probe_device+0x30/0x48) from [<c0308388>] (__driver_attach+0x60/0x84)
<4>[    0.998966] [<c0308388>] (__driver_attach+0x60/0x84) from [<c0306b50>] (bus_for_each_dev+0x50/0x90)
<4>[    0.998980] [<c0306b50>] (bus_for_each_dev+0x50/0x90) from [<c0307904>] (bus_add_driver+0xac/0x20c)
<4>[    0.998994] [<c0307904>] (bus_add_driver+0xac/0x20c) from [<c0308874>] (driver_register+0x9c/0x138)
<4>[    0.999007] [<c0308874>] (driver_register+0x9c/0x138) from [<c00086a4>] (do_one_initcall+0x34/0xc8)
<4>[    0.999019] [<c00086a4>] (do_one_initcall+0x34/0xc8) from [<c0b04b28>] (do_initcalls+0x70/0xa0)
<4>[    0.999032] [<c0b04b28>] (do_initcalls+0x70/0xa0) from [<c0b04be8>] (kernel_init_freeable+0x90/0x130)
<4>[    0.999044] [<c0b04be8>] (kernel_init_freeable+0x90/0x130) from [<c07ca424>] (kernel_init+0x8/0xe4)
<4>[    0.999058] [<c07ca424>] (kernel_init+0x8/0xe4) from [<c000da98>] (ret_from_fork+0x14/0x3c)
<4>[    0.999067] ---[ end trace dc563c4f5d0d2385 ]---
<4>[    0.999359] leds-gpio leds.29: pins are not configured from the driver
<7>[    0.999378] of_get_named_gpio_flags exited with status 257
<7>[    0.999387] of_get_named_gpio_flags exited with status 258
<7>[    0.999395] of_get_named_gpio_flags exited with status 257
<7>[    0.999472] of_get_named_gpio_flags exited with status 258
<6>[    0.999570] hidraw: raw HID events driver (C) Jiri Kosina
<6>[    1.001047] usbcore: registered new interface driver usbhid
<6>[    1.001057] usbhid: USB HID core driver
<6>[    1.001171] ashmem: initialized
<6>[    1.001290] logger: created 256K log 'log_main'
<6>[    1.001385] logger: created 256K log 'log_events'
<6>[    1.001475] logger: created 256K log 'log_radio'
<6>[    1.001573] logger: created 256K log 'log_system'
<7>[    1.002441] of_get_named_gpio_flags exited with status 5
<7>[    1.002452] of_get_named_gpio_flags exited with status 5
<6>[    1.002679] input: rk29-keypad as /devices/ff100000.adc/key.32/input/input1
<3>[    1.003493] rockchip-pinctrl ff770000.pinctrl: pin gpio6-8 already requested by ff890000.rockchip-i2s; cannot claim for 2-0010
<3>[    1.003510] rockchip-pinctrl ff770000.pinctrl: pin-200 (2-0010) status -22
<3>[    1.003521] rockchip-pinctrl ff770000.pinctrl: could not request pin 200 on device rockchip-pinctrl
<3>[    1.003533] ES8323 2-0010: Error applying setting, reverse things back
<7>[    1.003556] of_get_named_gpio_flags exited with status 10
<7>[    1.003567] of_get_named_gpio_flags exited with status 239
<4>[    1.003817] es8323 probe i2c recv ok
<6>[    1.004715] rockchip-spdif ff880000.rockchip-spdif: spdif ready.
<4>[    1.005265] es8323_probe
<4>[    1.005361] es8323_probe:register ISR (irq=194)
<4>[    1.342277] ***************vbus detect*****************
<4>[    1.637845] ES8323 2-0010: ASoC: no dapm match for LINPUT1 --> NULL --> Left Line Mux
<3>[    1.637855] ES8323 2-0010: ASoC: Failed to add route LINPUT1 -> NULL -> Left Line Mux
<4>[    1.637865] ES8323 2-0010: ASoC: no dapm match for LINPUT2 --> NULL --> Left Line Mux
<3>[    1.637873] ES8323 2-0010: ASoC: Failed to add route LINPUT2 -> NULL -> Left Line Mux
<4>[    1.637882] ES8323 2-0010: ASoC: no dapm match for Left PGA Mux --> NULL --> Left Line Mux
<3>[    1.637890] ES8323 2-0010: ASoC: Failed to add route Left PGA Mux -> NULL -> Left Line Mux
<4>[    1.637899] ES8323 2-0010: ASoC: no dapm match for RINPUT1 --> NULL --> Right Line Mux
<3>[    1.637907] ES8323 2-0010: ASoC: Failed to add route RINPUT1 -> NULL -> Right Line Mux
<4>[    1.637915] ES8323 2-0010: ASoC: no dapm match for RINPUT2 --> NULL --> Right Line Mux
<3>[    1.637922] ES8323 2-0010: ASoC: Failed to add route RINPUT2 -> NULL -> Right Line Mux
<4>[    1.637930] ES8323 2-0010: ASoC: no dapm match for Right PGA Mux --> NULL --> Right Line Mux
<3>[    1.637937] ES8323 2-0010: ASoC: Failed to add route Right PGA Mux -> NULL -> Right Line Mux
<4>[    1.637945] ES8323 2-0010: ASoC: no dapm match for LINPUT1 --> LAMP --> Left PGA Mux
<3>[    1.637952] ES8323 2-0010: ASoC: Failed to add route LINPUT1 -> LAMP -> Left PGA Mux
<4>[    1.637960] ES8323 2-0010: ASoC: no dapm match for LINPUT2 --> LAMP --> Left PGA Mux
<3>[    1.637967] ES8323 2-0010: ASoC: Failed to add route LINPUT2 -> LAMP -> Left PGA Mux
<4>[    1.637975] ES8323 2-0010: ASoC: no dapm match for Differential Mux --> LAMP --> Left PGA Mux
<3>[    1.637982] ES8323 2-0010: ASoC: Failed to add route Differential Mux -> LAMP -> Left PGA Mux
<4>[    1.637990] ES8323 2-0010: ASoC: no dapm match for RINPUT1 --> RAMP --> Right PGA Mux
<3>[    1.637997] ES8323 2-0010: ASoC: Failed to add route RINPUT1 -> RAMP -> Right PGA Mux
<4>[    1.638004] ES8323 2-0010: ASoC: no dapm match for RINPUT2 --> RAMP --> Right PGA Mux
<3>[    1.638011] ES8323 2-0010: ASoC: Failed to add route RINPUT2 -> RAMP -> Right PGA Mux
<4>[    1.638020] ES8323 2-0010: ASoC: no dapm match for Differential Mux --> RAMP --> Right PGA Mux
<3>[    1.638027] ES8323 2-0010: ASoC: Failed to add route Differential Mux -> RAMP -> Right PGA Mux
<4>[    1.638035] ES8323 2-0010: ASoC: no dapm match for LINPUT1 --> LAMP --> Differential Mux
<3>[    1.638042] ES8323 2-0010: ASoC: Failed to add route LINPUT1 -> LAMP -> Differential Mux
<4>[    1.638050] ES8323 2-0010: ASoC: no dapm match for RINPUT1 --> RAMP --> Differential Mux
<3>[    1.638057] ES8323 2-0010: ASoC: Failed to add route RINPUT1 -> RAMP -> Differential Mux
<4>[    1.638066] ES8323 2-0010: ASoC: no dapm match for LINPUT2 --> LAMP --> Differential Mux
<3>[    1.638073] ES8323 2-0010: ASoC: Failed to add route LINPUT2 -> LAMP -> Differential Mux
<4>[    1.638081] ES8323 2-0010: ASoC: no dapm match for RINPUT2 --> RAMP --> Differential Mux
<3>[    1.638088] ES8323 2-0010: ASoC: Failed to add route RINPUT2 -> RAMP -> Differential Mux
<4>[    1.638106] ES8323 2-0010: ASoC: no dapm match for LINPUT1 --> LAMP --> Left Line Mux
<3>[    1.638113] ES8323 2-0010: ASoC: Failed to add route LINPUT1 -> LAMP -> Left Line Mux
<4>[    1.638121] ES8323 2-0010: ASoC: no dapm match for LINPUT2 --> LAMP --> Left Line Mux
<3>[    1.638128] ES8323 2-0010: ASoC: Failed to add route LINPUT2 -> LAMP -> Left Line Mux
<4>[    1.638136] ES8323 2-0010: ASoC: no dapm match for Left PGA Mux --> LAMP --> Left Line Mux
<3>[    1.638143] ES8323 2-0010: ASoC: Failed to add route Left PGA Mux -> LAMP -> Left Line Mux
<4>[    1.638151] ES8323 2-0010: ASoC: no dapm match for RINPUT1 --> RAMP --> Right Line Mux
<3>[    1.638159] ES8323 2-0010: ASoC: Failed to add route RINPUT1 -> RAMP -> Right Line Mux
<4>[    1.638166] ES8323 2-0010: ASoC: no dapm match for RINPUT2 --> RAMP --> Right Line Mux
<3>[    1.638173] ES8323 2-0010: ASoC: Failed to add route RINPUT2 -> RAMP -> Right Line Mux
<4>[    1.638181] ES8323 2-0010: ASoC: no dapm match for Right PGA Mux --> RAMP --> Right Line Mux
<3>[    1.638188] ES8323 2-0010: ASoC: Failed to add route Right PGA Mux -> RAMP -> Right Line Mux
<3>[    1.638321] ES8323 2-0010: ASoC: mux Right Line Mux has no paths
<3>[    1.638332] ES8323 2-0010: ASoC: mux Left Line Mux has no paths
<3>[    1.638353] ES8323 2-0010: ASoC: mux Right PGA Mux has no paths
<3>[    1.638363] ES8323 2-0010: ASoC: mux Left PGA Mux has no paths
<3>[    1.638380] ES8323 2-0010: ASoC: mux Differential Mux has no paths
<6>[    1.644508] rockchip-es8323 rockchip-es8323.27:  ES8323 HiFi <-> ff890000.rockchip-i2s mapping ok
<6>[    1.645098] u32 classifier
<6>[    1.645106]     Actions configured
<6>[    1.645116] Netfilter messages via NETLINK v0.30.
<6>[    1.645168] nf_conntrack version 0.5.0 (16384 buckets, 65536 max)
<6>[    1.645426] ctnetlink v0.93: registering with nfnetlink.
<6>[    1.645488] NF_TPROXY: Transparent proxy support initialized, version 4.1.0
<6>[    1.645495] NF_TPROXY: Copyright (c) 2006-2007 BalaBit IT Ltd.
<6>[    1.645691] xt_time: kernel timezone is -0000
<6>[    1.645850] ip_tables: (C) 2000-2006 Netfilter Core Team
<6>[    1.645956] arp_tables: (C) 2002 David S. Miller
<6>[    1.645988] TCP: cubic registered
<6>[    1.645994] Initializing XFRM netlink socket
<6>[    1.646155] NET: Registered protocol family 10
<6>[    1.646583] mip6: Mobile IPv6
<6>[    1.646606] ip6_tables: (C) 2000-2006 Netfilter Core Team
<6>[    1.646711] sit: IPv6 over IPv4 tunneling driver
<6>[    1.646974] NET: Registered protocol family 17
<6>[    1.646995] NET: Registered protocol family 15
<5>[    1.647036] Bridge firewalling registered
<6>[    1.647045] Ebtables v2.0 registered
<6>[    1.647198] Bluetooth: RFCOMM TTY layer initialized
<6>[    1.647224] Bluetooth: RFCOMM socket layer initialized
<6>[    1.647231] Bluetooth: RFCOMM ver 1.11
<6>[    1.647237] Bluetooth: BNEP (Ethernet Emulation) ver 1.3
<6>[    1.647242] Bluetooth: BNEP filters: protocol multicast
<6>[    1.647252] Bluetooth: BNEP socket layer initialized
<6>[    1.647259] Bluetooth: HIDP (Human Interface Emulation) ver 1.2
<6>[    1.647267] Bluetooth: HIDP socket layer initialized
<6>[    1.647290] l2tp_core: L2TP core driver, V2.0
<6>[    1.647320] l2tp_ppp: PPPoL2TP kernel driver, V2.0
<6>[    1.647327] [WLAN_RFKILL]: Enter rfkill_wlan_init
<6>[    1.647500] [WLAN_RFKILL]: Enter rfkill_wlan_probe
<6>[    1.647510] [WLAN_RFKILL]: can't find rockchip,grf property
<6>[    1.647517] [WLAN_RFKILL]: wlan_platdata_parse_dt: wifi_chip_type = bcmwifi
<6>[    1.647524] [WLAN_RFKILL]: wlan_platdata_parse_dt: enable wifi power control.
<6>[    1.647532] [WLAN_RFKILL]: wlan_platdata_parse_dt: disable wifi io reference voltage control.
<6>[    1.647539] [WLAN_RFKILL]: wlan_platdata_parse_dt: wifi power controled by gpio.
<7>[    1.647553] of_get_named_gpio_flags exited with status 156
<6>[    1.647557] [WLAN_RFKILL]: wlan_platdata_parse_dt: get property: WIFI,poweren_gpio = 156, flags = 0.
<7>[    1.647564] of_get_named_gpio_flags: can't parse gpios property
<7>[    1.647570] of_get_named_gpio_flags exited with status 158
<6>[    1.647575] [WLAN_RFKILL]: wlan_platdata_parse_dt: get property: WIFI,host_wake_irq = 158, flags = 0.
<6>[    1.647582] [WLAN_RFKILL]: rfkill_wlan_probe: init gpio
<6>[    1.647605] [WLAN_RFKILL]: rockchip_wifi_voltage_select: wifi & sdio reference voltage: 1.8V
<6>[    1.647612] [WLAN_RFKILL]: Exit rfkill_wlan_probe
<6>[    1.647646] [BT_RFKILL]: Enter rfkill_rk_init
<7>[    1.647753] of_get_named_gpio_flags exited with status 147
<6>[    1.647760] [BT_RFKILL]: bluetooth_platdata_parse_dt: get property: uart_rts_gpios = 147.
<7>[    1.647768] of_get_named_gpio_flags exited with status 155
<6>[    1.647773] [BT_RFKILL]: bluetooth_platdata_parse_dt: get property: BT,power_gpio = 155.
<7>[    1.647780] of_get_named_gpio_flags exited with status 157
<6>[    1.647785] [BT_RFKILL]: bluetooth_platdata_parse_dt: get property: BT,reset_gpio = 157.
<7>[    1.647792] of_get_named_gpio_flags exited with status 154
<6>[    1.647796] [BT_RFKILL]: bluetooth_platdata_parse_dt: get property: BT,wake_gpio = 154.
<7>[    1.647803] of_get_named_gpio_flags exited with status 159
<6>[    1.647807] [BT_RFKILL]: bluetooth_platdata_parse_dt: get property: BT,wake_host_irq = 159.
<6>[    1.647846] [BT_RFKILL]: Request irq for bt wakeup host
<6>[    1.647933] [BT_RFKILL]: ** disable irq
<6>[    1.647995] [BT_RFKILL]: bt_default device registered.
<4>[    1.648583] rk3288_init_suspend
<4>[    1.648593] rk3288_suspend_init enter
<4>[    1.648787] rk3288_suspend_init: pm_ctrbits =200007
<4>[    1.648813] gpio_get_dts_info suspend:4
<4>[    1.648819] gpio_get_dts_info resume:4
<4>[    1.648825] rockchip,pmic-suspend_gpios:14007a10 0 0 0 0 0 0 0 0 0 0 0 0 0 0 0 0 0 0 0 
<4>[    1.648848] rockchip,pmic-resume_gpios:2007a11 0 0 0 0 0 0 0 0 0 0 0 0 0 0 0 0 0 0 0 
<4>[    1.648966] clks_gating_suspend_init:clkgt info ok
<5>[    1.649045] Registering SWP/SWPB emulation handler
<6>[    1.649056] rockchip_uboot_mem_late_init: Freeing uboot logo memory: 0x02000000@0x7dc00000
<6>[    1.651408] ddrfreq: verion 1.2 20140526
<6>[    1.651422] ddrfreq: normal 456MHz video_1080p 0MHz video_4k 456MHz dualview 0MHz idle 0MHz suspend 200MHz reboot 456MHz
<6>[    1.651429] ddrfreq: auto-freq=0
<6>[    1.651434] ddrfreq: auto-freq-table[0] 240MHz
<6>[    1.651439] ddrfreq: auto-freq-table[1] 324MHz
<6>[    1.651443] ddrfreq: auto-freq-table[2] 456MHz
<6>[    1.651448] ddrfreq: auto-freq-table[3] 528MHz
<3>[    1.660146] act_ldo3: operation not allowed
<6>[    1.660153] vga_edid_probe: turn on ldo3 done.
<3>[    1.660403] act_ldo4: operation not allowed
<6>[    1.660409] vga_edid_probe: turn on ldo done.
<3>[    1.660652] act_ldo2: operation not allowed
<6>[    1.660658] vga_edid_probe: turn on ldo2 done.
<3>[    1.660912] act_ldo8: operation not allowed
<6>[    1.660918] vga_edid_probe: turn on ldo done.
<7>[    1.660927] of_get_named_gpio_flags exited with status 17
<4>[    1.665961] unable to read EDID block.
<4>[    1.700518] unable to read EDID block.
<4>[    1.735064] unable to read EDID block.
<4>[    1.735073] vga-ddc: read and parse edid failed errno:-5.
<4>[    1.735078] vga_edid_probe: success. 10 
<4>[    1.735178] firefly_vga_get_enable 180, 0
<4>[    1.735185] firefly_vga_get_status 186
<4>[    1.735191] firefly_vga_set_enable 159 enable:1
<4>[    1.735208] firefly_vga_enable 130 start
<4>[    1.735214] firefly_switch_fb 55 
<6>[    1.735221] switch:en=1,lcdc_id=0,screen type=1,cur type=1
<6>[    1.735242] regulator-dummy: disabling
<4>[    1.736106] pcd_pullup, is_on 0
<6>[    1.736138] file system registered
<6>[    1.736615] android_usb gadget: Mass Storage Function, version: 2009/09/11
<6>[    1.736622] android_usb gadget: Number of LUNs=2
<6>[    1.736629]  lun0: LUN: removable file: (no medium)
<6>[    1.736634]  lun1: LUN: removable file: (no medium)
<6>[    1.736772] android_usb gadget: android_usb ready
<6>[    1.736841] sensor_init: Probe name sensors
<4>[    1.736856] sensor-dev.c v1.4 add angle calculation support between two gsensors 2013-09-01
<6>[    1.737379] rtc_hym8563 0-0051: setting system clock to 2011-01-01 12:27:50 UTC (1293884870)
<6>[    1.742986] rockchip-spdif-card rockchip-spdif-card.25:  rk-hdmi-spdif-hifi <-> ff880000.rockchip-spdif mapping ok
<6>[    1.743607] usbcore: registered new interface driver snd-usb-audio
<6>[    1.743615] ALSA device list:
<6>[    1.743620]   #0: RK_ES8323
<6>[    1.743624]   #1: RK-SPDIF-CARD
<6>[    1.743953] Freeing unused kernel memory: 352K (c0b04000 - c0b5c000)
<7>[    1.853883] SELinux: 2048 avtab hash slots, 5342 rules.
<7>[    1.855432] SELinux: 2048 avtab hash slots, 5342 rules.
<7>[    1.855451] SELinux:  1 users, 2 roles, 439 types, 0 bools, 1 sens, 1024 cats
<7>[    1.855458] SELinux:  86 classes, 5342 rules
<7>[    1.856225] SELinux:  Completing initialization.
<7>[    1.856231] SELinux:  Setting up existing superblocks.
<7>[    1.856246] SELinux: initialized (dev sysfs, type sysfs), uses genfs_contexts
<7>[    1.856260] SELinux: initialized (dev rootfs, type rootfs), uses genfs_contexts
<7>[    1.856306] SELinux: initialized (dev bdev, type bdev), not configured for labeling
<7>[    1.856316] SELinux: initialized (dev proc, type proc), uses genfs_contexts
<7>[    1.856328] SELinux: initialized (dev tmpfs, type tmpfs), uses transition SIDs
<7>[    1.856341] SELinux: initialized (dev devtmpfs, type devtmpfs), uses transition SIDs
<7>[    1.856483] SELinux: initialized (dev debugfs, type debugfs), uses genfs_contexts
<7>[    1.865834] SELinux: initialized (dev sockfs, type sockfs), uses task SIDs
<7>[    1.865849] SELinux: initialized (dev pipefs, type pipefs), uses task SIDs
<7>[    1.865858] SELinux: initialized (dev anon_inodefs, type anon_inodefs), not configured for labeling
<7>[    1.865866] SELinux: initialized (dev devpts, type devpts), uses transition SIDs
<7>[    1.865883] SELinux: initialized (dev selinuxfs, type selinuxfs), uses genfs_contexts
<7>[    1.865926] SELinux: initialized (dev configfs, type configfs), not configured for labeling
<7>[    1.865933] SELinux: initialized (dev tmpfs, type tmpfs), uses transition SIDs
<7>[    1.865951] SELinux: initialized (dev sysfs, type sysfs), uses genfs_contexts
<6>[    1.981877] rk_fb_switch_screen: wait update_regs_wait timeout
<6>[    1.982196] rk3288-lcdc lcdc0: lcdc0: dclk:148500000>>fps:60 
<4>[    1.982263] VGA ENABLE
<5>[    1.995055] type=1403 audit(1293884870.750:2): policy loaded auid=4294967295 ses=4294967295
<11>[    2.022182] init: invalid gid 'trace'
<11>[    2.120823] init: /dev/hw_random not found
<6>[    2.120889] keychord: using input dev ff680000.pwm for fevent
<6>[    2.120906] keychord: using input dev rk29-keypad for fevent
<7>[    2.121389] SELinux: initialized (dev cgroup, type cgroup), uses genfs_contexts
<7>[    2.121652] SELinux: initialized (dev tmpfs, type tmpfs), uses transition SIDs
<7>[    2.121945] SELinux: initialized (dev cgroup, type cgroup), uses genfs_contexts
<7>[    2.123184] SELinux: initialized (dev tmpfs, type tmpfs), uses transition SIDs
<7>[    2.123351] SELinux: initialized (dev tmpfs, type tmpfs), uses transition SIDs
<7>[    2.124561] SELinux: initialized (dev cgroup, type cgroup), uses genfs_contexts
<11>[    2.125778] init: /dev/hw_random not found
<14>[    2.126708] fs_mgr: Running /sbin/resize2fs on /dev/block/platform/ff0f0000.rksdmmc/by-name/system
<14>[    2.127503] resize2fs: resize2fs 1.42.9 (28-Dec-2013)resize2fs: The filesystem is already 393216 blocks long.  Nothing to do!resize2fs: 
<4>[    2.129953] EXT4-fs (mmcblk0p10): Ignoring removed nomblk_io_submit option
<6>[    2.134555] EXT4-fs (mmcblk0p10): mounted filesystem with ordered data mode. Opts: nomblk_io_submit,errors=remount-ro
<7>[    2.134588] SELinux: initialized (dev mmcblk0p10, type ext4), uses xattr
<14>[    2.134650] fs_mgr: check_fs(): mount(/dev/block/platform/ff0f0000.rksdmmc/by-name/system,/system,ext4)=0
<14>[    2.135353] fs_mgr: Running /sbin/e2fsck on /dev/block/platform/ff0f0000.rksdmmc/by-name/system
<14>[    2.140213] e2fsck: e2fsck 1.42.9 (28-Dec-2013)
<14>[    2.140263] e2fsck: system: clean, 1895/82944 files, 116115/393216 blocks
<6>[    2.143905] EXT4-fs (mmcblk0p10): mounted filesystem with ordered data mode. Opts: noauto_da_alloc
<7>[    2.143930] SELinux: initialized (dev mmcblk0p10, type ext4), uses xattr
<14>[    2.143977] fs_mgr: __mount(source=/dev/block/platform/ff0f0000.rksdmmc/by-name/system,target=/system,type=ext4)=0
<6>[    2.147677] EXT4-fs (mmcblk0p8): mounted filesystem with ordered data mode. Opts: noauto_da_alloc,discard
<7>[    2.147699] SELinux: initialized (dev mmcblk0p8, type ext4), uses xattr
<14>[    2.147735] fs_mgr: __mount(source=/dev/block/platform/ff0f0000.rksdmmc/by-name/cache,target=/cache,type=ext4)=0
<4>[    2.148004] EXT4-fs (mmcblk0p11): Ignoring removed nomblk_io_submit option
<6>[    2.151424] EXT4-fs (mmcblk0p11): mounted filesystem with ordered data mode. Opts: nomblk_io_submit,errors=remount-ro
<7>[    2.151445] SELinux: initialized (dev mmcblk0p11, type ext4), uses xattr
<14>[    2.151480] fs_mgr: check_fs(): mount(/dev/block/platform/ff0f0000.rksdmmc/by-name/metadata,/metadata,ext4)=0
<14>[    2.152094] fs_mgr: Running /sbin/e2fsck on /dev/block/platform/ff0f0000.rksdmmc/by-name/metadata
<14>[    2.156267] e2fsck: e2fsck 1.42.9 (28-Dec-2013)
<14>[    2.156302] e2fsck: /dev/block/platform/ff0f0000.rksdmmc/by-name/metadata: clean, 12/1024 files, 1103/4096 blocks
<6>[    2.160098] EXT4-fs (mmcblk0p11): mounted filesystem with ordered data mode. Opts: noauto_da_alloc,discard
<7>[    2.160123] SELinux: initialized (dev mmcblk0p11, type ext4), uses xattr
<14>[    2.160168] fs_mgr: __mount(source=/dev/block/platform/ff0f0000.rksdmmc/by-name/metadata,target=/metadata,type=ext4)=0
<14>[    2.160214] fs_mgr: Running /system/bin/fsck.f2fs -f /dev/block/platform/ff0f0000.rksdmmc/by-name/userdata
<14>[    2.161087] fsck.f2fs: executing /system/bin/fsck.f2fs failed: No such file or directory
<14>[    2.161128] fsck.f2fs: fsck.f2fs terminated by exit(255)
<14>[    2.161380] fs_mgr: __mount(source=/dev/block/platform/ff0f0000.rksdmmc/by-name/userdata,target=/data,type=f2fs)=-1
<4>[    2.161674] EXT4-fs (mmcblk0p13): Ignoring removed nomblk_io_submit option
<6>[    2.165169] EXT4-fs (mmcblk0p13): mounted filesystem with ordered data mode. Opts: nomblk_io_submit,errors=remount-ro
<7>[    2.165193] SELinux: initialized (dev mmcblk0p13, type ext4), uses xattr
<14>[    2.165233] fs_mgr: check_fs(): mount(/dev/block/platform/ff0f0000.rksdmmc/by-name/userdata,/data,ext4)=0
<14>[    2.165870] fs_mgr: Running /sbin/e2fsck on /dev/block/platform/ff0f0000.rksdmmc/by-name/userdata
<14>[    2.170307] e2fsck: e2fsck 1.42.9 (28-Dec-2013)
<14>[    2.170343] e2fsck: /dev/block/platform/ff0f0000.rksdmmc/by-name/userdata: clean, 1607/65536 files, 46289/262144 blocks
<6>[    2.174147] EXT4-fs (mmcblk0p13): mounted filesystem with ordered data mode. Opts: noauto_da_alloc,discard,errors=panic
<7>[    2.174172] SELinux: initialized (dev mmcblk0p13, type ext4), uses xattr
<14>[    2.174209] fs_mgr: __mount(source=/dev/block/platform/ff0f0000.rksdmmc/by-name/userdata,target=/data,type=ext4)=0
<11>[    2.174238] fs_mgr: mount_with_alternatives(): Mounted /dev/block/platform/ff0f0000.rksdmmc/by-name/userdata on /data with fs_type=ext4 instead of f2fs
<7>[    2.174881] SELinux: initialized (dev functionfs, type functionfs), uses genfs_contexts
<6>[    2.187436] arm_release_ver of this mali_ko is 'r5p0-06rel0', rk_ko_ver is '12', built at '12:02:29', on 'Jul  6 2015'.
<6>[    2.187526] mali ffa30000.gpu: Continuing without Mali clock control
<4>[    2.187610] mali pd enabled
<4>[    2.187627] clk enabled
<4>[    2.187641] MALI_DVFS_STEP=4,div_dvfs=10
<6>[    2.187651] mali_dvfs_infotbl[0].clock=198000,min_threshold=0,max_threshold=70
<6>[    2.187661] mali_dvfs_infotbl[1].clock=297000,min_threshold=70,max_threshold=80
<6>[    2.187671] mali_dvfs_infotbl[2].clock=417000,min_threshold=80,max_threshold=90
<6>[    2.187680] mali_dvfs_infotbl[3].clock=480000,min_threshold=94,max_threshold=100
<3>[    2.187773] turn on mali power
<6>[    2.187786] kbase_platform_rk_init,register_reboot_notifier
<6>[    2.187807] mali ffa30000.gpu: GPU identified as 0x0750 r0p0 status 1
<6>[    2.188216] mali ffa30000.gpu: Probed as mali0
<3>[    2.190761] rk29_ipp: version magic '3.0.8+ SMP preempt mod_unload ARMv7 ' should be '3.10.0 SMP preempt mod_unload ARMv7 p2v8 '
<3>[    2.191430] rk29_ipp: version magic '3.0.36+ SMP preempt mod_unload ARMv7 ' should be '3.10.0 SMP preempt mod_unload ARMv7 p2v8 '
<3>[    2.192026] rk29_ipp: version magic '3.0.101+ SMP preempt mod_unload ARMv7 ' should be '3.10.0 SMP preempt mod_unload ARMv7 p2v8 '
<6>[    2.192779] zram0: detected capacity change from 0 to 533413888
<6>[    2.239714] Adding 520908k swap on /dev/block/zram0.  Priority:-1 extents:1 across:520908k SS
<3>[    2.266821] EXT4-fs (mmcblk0p13): Unrecognized mount option "background_gc=on" or missing value
<14>[    2.275291] bat_cap: oldcap path is /sys/devices/ff100000.adc
<11>[    2.275349] bat_cap: oldcap_path no exist
<6>[    2.275522] binder: 148:148 transaction failed 29189, size 0-0
<11>[    2.276073] init: Warning!  Service displayd needs a SELinux domain defined; please fix!
<11>[    2.280007] init: property 'ro.serialno' doesn't exist while expanding '${ro.serialno}'
<11>[    2.280037] init: cannot expand '${ro.serialno}' while writing to '/sys/class/android_usb/android0/iSerial'
<11>[    2.280261] init: using deprecated syntax for specifying property 'ro.product.usbfactory', use ${name} instead
<6>[    2.280743] rtk_btusb: btchr_open: BT usb char device is opening
<3>[    2.280761] rtk_btusb: btchr_open: Failed to get hci dev[NULL]
<6>[    2.280780] rtk_btusb: btchr_open: BT usb char device is opening
<3>[    2.280792] rtk_btusb: btchr_open: Failed to get hci dev[NULL]
<6>[    2.280814] rtk_btusb: btchr_open: BT usb char device is opening
<3>[    2.280822] rtk_btusb: btchr_open: Failed to get hci dev[NULL]
<6>[    2.280837] rtk_btusb: btchr_open: BT usb char device is opening
<3>[    2.280845] rtk_btusb: btchr_open: Failed to get hci dev[NULL]
<11>[    2.304153] init: cannot find '/system/bin/debuggerd64', disabling 'debuggerd64'
<11>[    2.305776] init: cannot find '/system/bin/install-recovery.sh', disabling 'flash_recovery'
<11>[    2.306208] init: cannot find '/system/bin/bplus_helper', disabling 'bplus_helper'
<11>[    2.306452] init: Warning!  Service drmservice needs a SELinux domain defined; please fix!
<11>[    2.306730] init: cannot find '/system/bin/akmd', disabling 'akmd'
<7>[    2.307816] SELinux: initialized (dev tmpfs, type tmpfs), uses transition SIDs
<3>[    2.308310] android_usb: already disabled
<6>[    2.310995] read descriptors
<6>[    2.311009] read strings
<4>[    2.311038] pcd_pullup, is_on 1
<4>[    2.326296] **************soft reconnect**************
<7>[    2.490391] SELinux: initialized (dev fuse, type fuse), uses genfs_contexts
<4>[    2.505700] Using Buffer DMA mode
<4>[    2.505714] Periodic Transfer Interrupt Enhancement - disabled
<4>[    2.505719] Multiprocessor Interrupt Enhancement - disabled
<4>[    2.505725] OTG VER PARAM: 0, OTG VER FLAG: 0
<4>[    2.505731] ^^^^^^^^^^^^^^^^^Device Mode
<4>[    2.505769] *******************soft connect!!!*******************
<38>[    2.508832] logd.auditd: start
<4>[    2.529543] firefly_vga_get_enable 180, 1
<4>[    2.529627] firefly_vga_get_status 186
<4>[    2.530645] firefly_vga_set_mode 203
<4>[    2.530708] firefly_vga_set_enable 159 enable:1
<4>[    2.630464] USB RESET
<6>[    2.729740] EHCI: rk_ehci_hcd_enable, disable host controller
<6>[    2.811444] android_work: sent uevent USB_STATE=CONNECTED
<6>[    2.816063] android_usb gadget: high-speed config #1: android
<4>[    2.816112] WARN::do_gadget_setup:1320: do_gadget_setup warning: pcd->lock locked without unlock
<4>[    2.816112] 
<6>[    2.816171] android_work: sent uevent USB_STATE=CONFIGURED
<4>[    2.828124] dwc_otg_hcd_enable, enable host controller
<4>[    2.931516] Using Buffer DMA mode
<4>[    2.931528] Periodic Transfer Interrupt Enhancement - disabled
<4>[    2.931533] Multiprocessor Interrupt Enhancement - disabled
<4>[    2.931540] OTG VER PARAM: 0, OTG VER FLAG: 0
<4>[    2.931545] ^^^^^^^^^^^^^^^^^^Host Mode
<4>[    2.975803] Init: Power Port (0)
<4>[    2.975839] ff540000.usb resume, HPRT0:0x21401
<4>[    3.113529] Indeed it is in host mode hprt0 = 00021501
<6>[    3.167865] rk3288-lcdc lcdc0: blank mode:0
<11>[    3.260074] healthd: No charger supplies found
<12>[    3.260089] healthd: No battery devices found
<6>[    3.310312] usb 3-1: new high-speed USB device number 2 using usb20_host
<4>[    3.310393] Indeed it is in host mode hprt0 = 00001101
<6>[    3.507334] usb 3-1: New USB device found, idVendor=1a40, idProduct=0101
<6>[    3.507347] usb 3-1: New USB device strings: Mfr=0, Product=1, SerialNumber=0
<6>[    3.507354] usb 3-1: Product: USB 2.0 Hub [MTT]
<6>[    3.507815] hub 3-1:1.0: USB hub found
<6>[    3.507895] hub 3-1:1.0: 4 ports detected
<4>[    3.625197] ff540000.usb suspend, HPRT0:0x1485
<6>[    4.300525] warning: `system_server' uses 32-bit capabilities (legacy support in use)
<4>[    4.803959] D1:camsys_mipiphy_clkin_cb(34): camsys_marvin mipi phy clk in turn on
<4>[    4.803971] D1:camsys_mipiphy_clkin_cb(34): camsys_marvin mipi phy clk in turn on
<4>[    4.803979] D1:camsys_open(739): camsys_marvin(dde9a310) is opened!
<4>[    4.804057] D1:camsys_extdev_register(243): Get RK30_PIN2_PB6(78) gpio(active: 0) for dev_id 0x2000000 success!
<4>[    4.804069] D1:camsys_extdev_register(243): Get RK30_PIN2_PB7(79) gpio(active: 0) for dev_id 0x2000000 success!
<4>[    4.804079] D1:camsys_extdev_register(243): Get RK30_PIN0_PB3(11) gpio(active: 1) for dev_id 0x2000000 success!
<7>[    4.804095] of_get_named_gpio_flags exited with status 237
<7>[    4.804100] of_get_named_gpio_flags exited with status 237
<4>[    4.804105] rockchip_gpio_request:GPIO7-13
<4>[    4.804115] rockchip_gpio_set:GPIO7-13 level = 1
<4>[    4.804121] rockchip_gpio_direction_output:set GPIO7-13 level 1
<4>[    4.804129] rk32_iomux_bit_op:GPIO7-13,reg=0x70,data=0xc000000,result=0x0
<4>[    4.804136] rockchip_pmx_gpio_set_direction:gpio_direction for pin 237 as gpio7-13 to output,data=0x7600,result=0x7600
<4>[    4.804144] D1:camsys_mrv_iomux_cb(90): marvin pinctrl select: isp_mipi_fl
<4>[    4.804162] D1:camsys_extdev_register(268): Extdev(dev_id: 0x2000000  dev_name: OV13850) register success
<4>[    4.809207] D1:camsys_mrv_clkin_cb(350): camsys_marvin clock(f: 210000000 Hz) in turn on
<4>[    4.809217] D1:camsys_rk3288_cfg(267): Isp_SoftRst: 1
<4>[    4.809321] D1:camsys_rk3288_cfg(267): Isp_SoftRst: 0
<4>[    4.809348] D1:camsys_mrv_clkout_cb(392): camsys_marvin clock out(rate: 24000000Hz) turn on
<4>[    4.810418] D1:camsys_sysctl_extdev(360): Sysctl 11 success, gpio(11) set 1
<4>[    4.811475] D1:camsys_sysctl_extdev(364): Sysctl 8 success, gpio(79) set 1
<4>[    4.812539] D1:camsys_sysctl_extdev(364): Sysctl 7 success, gpio(78) set 1
<3>[    4.815760] E:camsys_i2c_write(78): i2c write dev(addr:0x20) failed!
<3>[    4.816981] E:camsys_i2c_write(78): i2c write dev(addr:0x6c) failed!
<4>[    4.817049] D1:camsys_sysctl_extdev(360): Sysctl 7 success, gpio(78) set 0
<4>[    4.817060] D1:camsys_sysctl_extdev(360): Sysctl 8 success, gpio(79) set 0
<4>[    4.817070] D1:camsys_sysctl_extdev(364): Sysctl 11 success, gpio(11) set 0
<4>[    4.818175] D1:camsys_mrv_clkin_cb(374): camsys_marvin clock in turn off
<4>[    4.818208] D1:camsys_mrv_clkout_cb(404): camsys_marvin clock out turn off
<4>[    4.820273] D1:camsys_extdev_deregister(331): Extdev(dev_id: 0x2000000) is deregister success
<4>[    4.820289] D1:camsys_irq_disconnect(664): All thread disconnect camsys_marvin irq success!
<4>[    4.820299] D1:camsys_mipiphy_clkin_cb(36): camsys_marvin mipi phy clk in turn off
<4>[    4.820305] D1:camsys_mipiphy_clkin_cb(36): camsys_marvin mipi phy clk in turn off
<4>[    4.820311] D1:camsys_release(763): camsys_marvin(dde9a310) is closed
<38>[    4.821950] type=1400 audit(1293884873.620:3): avc: denied { execute } for pid=480 comm="mediaserver" name="sh" dev="mmcblk0p10" ino=321 scontext=u:r:mediaserver:s0 tcontext=u:object_r:shell_exec:s0 tclass=file permissive=1
<38>[    4.822140] type=1400 audit(1293884873.620:4): avc: denied { read open } for pid=480 comm="mediaserver" path="/system/bin/sh" dev="mmcblk0p10" ino=321 scontext=u:r:mediaserver:s0 tcontext=u:object_r:shell_exec:s0 tclass=file permissive=1
<38>[    4.822215] type=1400 audit(1293884873.620:5): avc: denied { execute_no_trans } for pid=480 comm="mediaserver" path="/system/bin/sh" dev="mmcblk0p10" ino=321 scontext=u:r:mediaserver:s0 tcontext=u:object_r:shell_exec:s0 tclass=file permissive=1
<38>[    4.823977] type=1400 audit(1293884873.620:6): avc: denied { getattr } for pid=480 comm="sh" path="/system/bin/toolbox" dev="mmcblk0p10" ino=335 scontext=u:r:mediaserver:s0 tcontext=u:object_r:toolbox_exec:s0 tclass=file permissive=1
<38>[    4.824062] type=1400 audit(1293884873.620:7): avc: denied { execute } for pid=480 comm="sh" name="toolbox" dev="mmcblk0p10" ino=335 scontext=u:r:mediaserver:s0 tcontext=u:object_r:toolbox_exec:s0 tclass=file permissive=1
<38>[    4.824127] type=1400 audit(1293884873.620:8): avc: denied { read open } for pid=480 comm="sh" path="/system/bin/toolbox" dev="mmcblk0p10" ino=335 scontext=u:r:mediaserver:s0 tcontext=u:object_r:toolbox_exec:s0 tclass=file permissive=1
<38>[    4.824195] type=1400 audit(1293884873.620:9): avc: denied { execute_no_trans } for pid=480 comm="sh" path="/system/bin/toolbox" dev="mmcblk0p10" ino=335 scontext=u:r:mediaserver:s0 tcontext=u:object_r:toolbox_exec:s0 tclass=file permissive=1
<6>[    8.653413] [otg id chg] last id -1 current id 1
<4>[    8.899681] es8323_mic_state_ctrl read: 0
<4>[    8.899700] mic_state_switch 0
<4>[    8.899707] hp_det = 0,insert hp
<4>[    8.899712] hp mic use intern
<12>[   10.326850] healthd: battery none chg=
<6>[   10.674616] lowmemorykiller: lowmem_shrink: convert oom_adj to oom_score_adj:
<6>[   10.674638] lowmemorykiller: oom_adj 0 => oom_score_adj 0
<6>[   10.674646] lowmemorykiller: oom_adj 1 => oom_score_adj 58
<6>[   10.674653] lowmemorykiller: oom_adj 2 => oom_score_adj 117
<6>[   10.674660] lowmemorykiller: oom_adj 3 => oom_score_adj 176
<6>[   10.674667] lowmemorykiller: oom_adj 9 => oom_score_adj 529
<6>[   10.674674] lowmemorykiller: oom_adj 15 => oom_score_adj 1000
<6>[   11.545167] acc_open
<6>[   11.545197] acc_release
<4>[   11.744112] phy_power_on: enable = 1 
<4>[   11.783514] Read the Ethernet MAC address from IDB:00:00:00:00:00:00
<4>[   11.783552] eth0: device MAC address aa:b7:96:10:1d:8f
<6>[   11.787678] libphy: stmmac: probed
<6>[   11.787688] eth0: PHY ID 001cc915 at 0 IRQ 0 (stmmac-0:00) active
<6>[   11.787695] eth0: PHY ID 001cc915 at 1 IRQ 0 (stmmac-0:01) active
<4>[   12.186220] dwc_otg_hcd_resume, usb device mode
<4>[   12.186398] dwc_otg_hcd_suspend, usb device mode
<4>[   12.186472] ff540000.usb resume, HPRT0:0x1485
<4>[   12.205354] Current WiFi chip is AP6210.
<4>[   12.205427] Current WiFi chip is AP6210.
<4>[   12.224889] Current WiFi chip is AP6210.
<4>[   12.235360] ff540000.usb suspend, HPRT0:0x1485
<4>[   12.658953] FAT-fs (mmcblk0p15): Volume was not properly unmounted. Some data may be corrupt. Please run fsck.
<7>[   12.659022] SELinux: initialized (dev mmcblk0p15, type vfat), uses genfs_contexts
<11>[   12.741175] init: no such service 'fuse_internal_sd'
<6>[   13.601880] pm policy 0 -> 1
<38>[   15.304111] type=1400 audit(1293884884.270:10): avc: denied { write } for pid=984 comm="chip.devicetest" name="force_usb_mode" dev="sysfs" ino=12240 scontext=u:r:system_app:s0 tcontext=u:object_r:sysfs:s0 tclass=file permissive=1
<4>[   15.307653] force_usb_mode_store 2->1
<4>[   15.406147] Using Buffer DMA mode
<4>[   15.406163] Periodic Transfer Interrupt Enhancement - disabled
<4>[   15.406169] Multiprocessor Interrupt Enhancement - disabled
<4>[   15.406176] OTG VER PARAM: 0, OTG VER FLAG: 0
<4>[   15.406181] ^^^^^^^^^^^^^^^^^^Host Mode
<6>[   15.406397] android_work: sent uevent USB_STATE=DISCONNECTED
<4>[   15.442426] D1:camsys_mipiphy_clkin_cb(34): camsys_marvin mipi phy clk in turn on
<4>[   15.442448] D1:camsys_mipiphy_clkin_cb(34): camsys_marvin mipi phy clk in turn on
<4>[   15.442456] D1:camsys_open(739): camsys_marvin(dde9a310) is opened!
<3>[   15.442527] E:camsys_extdev_register(197): register ext flash InternalS failed!
<4>[   15.442547] D1:camsys_irq_disconnect(664): All thread disconnect camsys_marvin irq success!
<4>[   15.442556] D1:camsys_mipiphy_clkin_cb(36): camsys_marvin mipi phy clk in turn off
<4>[   15.442562] D1:camsys_mipiphy_clkin_cb(36): camsys_marvin mipi phy clk in turn off
<4>[   15.442569] D1:camsys_release(763): camsys_marvin(dde9a310) is closed
<4>[   15.449748] D1:camsys_mipiphy_clkin_cb(34): camsys_marvin mipi phy clk in turn on
<4>[   15.449760] D1:camsys_mipiphy_clkin_cb(34): camsys_marvin mipi phy clk in turn on
<4>[   15.449767] D1:camsys_open(739): camsys_marvin(dde9a310) is opened!
<3>[   15.449827] E:camsys_extdev_register(197): register ext flash Internal failed!
<4>[   15.449846] D1:camsys_irq_disconnect(664): All thread disconnect camsys_marvin irq success!
<4>[   15.449854] D1:camsys_mipiphy_clkin_cb(36): camsys_marvin mipi phy clk in turn off
<4>[   15.449860] D1:camsys_mipiphy_clkin_cb(36): camsys_marvin mipi phy clk in turn off
<4>[   15.449866] D1:camsys_release(763): camsys_marvin(dde9a310) is closed
<4>[   15.452918] Init: Power Port (0)
<4>[   15.452931] rk_battery_charger_detect_cb , battery_charger_detect 5
<4>[   15.452970] ff580000.usb resume, HPRT0:0x1000
<4>[   15.454237] ff580000.usb suspend, HPRT0:0x1000
<4>[   15.664727] force_usb_mode_store 1->2
<4>[   15.664749] PortPower off
<4>[   15.664755] rk_battery_charger_detect_cb , battery_charger_detect 6
<4>[   15.862605] Using Buffer DMA mode
<4>[   15.862618] Periodic Transfer Interrupt Enhancement - disabled
<4>[   15.862623] Multiprocessor Interrupt Enhancement - disabled
<4>[   15.862629] OTG VER PARAM: 0, OTG VER FLAG: 0
<4>[   15.862635] ^^^^^^^^^^^^^^^^^Device Mode
<4>[   16.151486] ***************vbus detect*****************
<4>[   16.153681] rk_battery_charger_detect_cb , battery_charger_detect 1
<4>[   16.331268] Using Buffer DMA mode
<4>[   16.331289] Periodic Transfer Interrupt Enhancement - disabled
<4>[   16.331294] Multiprocessor Interrupt Enhancement - disabled
<4>[   16.331300] OTG VER PARAM: 0, OTG VER FLAG: 0
<4>[   16.331305] ^^^^^^^^^^^^^^^^^Device Mode
<4>[   16.331345] *******************soft connect!!!*******************
<4>[   16.457858] USB RESET
<6>[   16.639008] android_work: sent uevent USB_STATE=CONNECTED
<6>[   16.642989] android_usb gadget: high-speed config #1: android
<6>[   16.643095] android_work: sent uevent USB_STATE=CONFIGURED
<4>[   18.476807] force_usb_mode_store 2->1
<4>[   18.575327] Using Buffer DMA mode
<4>[   18.575345] Periodic Transfer Interrupt Enhancement - disabled
<4>[   18.575352] Multiprocessor Interrupt Enhancement - disabled
<4>[   18.575360] OTG VER PARAM: 0, OTG VER FLAG: 0
<4>[   18.575367] ^^^^^^^^^^^^^^^^^^Host Mode
<6>[   18.575619] android_work: sent uevent USB_STATE=DISCONNECTED
<4>[   18.621363] Init: Power Port (0)
<4>[   18.621377] rk_battery_charger_detect_cb , battery_charger_detect 5
<4>[   18.621406] ff580000.usb resume, HPRT0:0x1000
<4>[   18.621456] ff580000.usb suspend, HPRT0:0x1000
<4>[   20.774109] force_usb_mode_store 1->2
<4>[   20.774139] PortPower off
<4>[   20.774149] rk_battery_charger_detect_cb , battery_charger_detect 6
<4>[   20.972005] Using Buffer DMA mode
<4>[   20.972022] Periodic Transfer Interrupt Enhancement - disabled
<4>[   20.972028] Multiprocessor Interrupt Enhancement - disabled
<4>[   20.972034] OTG VER PARAM: 0, OTG VER FLAG: 0
<4>[   20.972038] ^^^^^^^^^^^^^^^^^Device Mode
<4>[   21.258505] ***************vbus detect*****************
<4>[   21.260710] rk_battery_charger_detect_cb , battery_charger_detect 1
<38>[   21.317544] type=1400 audit(1293884890.380:11): avc: denied { setattr } for pid=1294 comm="chmod" name="tmp" dev="mmcblk0p13" ino=8194 scontext=u:r:untrusted_app:s0 tcontext=u:object_r:shell_data_file:s0 tclass=dir permissive=1
<38>[   21.334889] type=1400 audit(1293884890.400:12): avc: denied { setattr } for pid=1297 comm="chmod" name=".udid" dev="mmcblk0p13" ino=8490 scontext=u:r:untrusted_app:s0 tcontext=u:object_r:shell_data_file:s0 tclass=file permissive=1
<4>[   21.437743] Using Buffer DMA mode
<4>[   21.437765] Periodic Transfer Interrupt Enhancement - disabled
<4>[   21.437771] Multiprocessor Interrupt Enhancement - disabled
<4>[   21.437777] OTG VER PARAM: 0, OTG VER FLAG: 0
<4>[   21.437784] ^^^^^^^^^^^^^^^^^Device Mode
<4>[   21.437825] *******************soft connect!!!*******************
<4>[   21.563044] USB RESET
<6>[   21.744189] android_work: sent uevent USB_STATE=CONNECTED
<6>[   21.748605] android_usb gadget: high-speed config #1: android
<6>[   21.748763] android_work: sent uevent USB_STATE=CONFIGURED
<38>[   22.965573] type=1400 audit(1293884892.060:13): avc: denied { getattr } for pid=1448 comm="ls" path="/system/xbin/su" dev="mmcblk0p10" ino=1867 scontext=u:r:untrusted_app:s0 tcontext=u:object_r:su_exec:s0 tclass=file permissive=1
<4>[   31.269528] Current WiFi chip is AP6210.
<4>[  142.236212] dhd_module_init: in Dongle Host Driver, version 1.579.77.41.22 (r-20191105-2)(20191120-1)
<4>[  142.236291] ======== dhd_wlan_init_plat_data ========
<4>[  142.236307] dhd_wlan_init_gpio: WL_REG_ON=-1
<4>[  142.236321] dhd_wifi_platform_load: Enter
<4>[  142.236336] Power-up adapter 'DHD generic adapter'
<4>[  142.236602] wifi_platform_set_power = 1
<4>[  142.236622] ======== PULL WL_REG_ON(-1) HIGH! ========
<4>[  142.536724] wifi_platform_bus_enumerate device present 1
<4>[  142.536855] ======== Card detection to detect SDIO card! ========
<6>[  142.536936] mmc1:mmc host rescan start!
<4>[  142.753013] rk_sdmmc: BOOT dw_mci_setup_bus: argue clk_mmc workaround out 800000Hz for init[mmc1]
<4>[  142.788858] mmc1: queuing unknown CIS tuple 0x80 (2 bytes)
<4>[  142.790448] mmc1: queuing unknown CIS tuple 0x80 (3 bytes)
<4>[  142.792014] mmc1: queuing unknown CIS tuple 0x80 (3 bytes)
<4>[  142.794935] mmc1: queuing unknown CIS tuple 0x80 (7 bytes)
<4>[  142.798377] mmc1: queuing unknown CIS tuple 0x81 (9 bytes)
<6>[  142.853795] mmc_host mmc1: Bus speed (slot 0) = 24000000Hz (slot req 50000000Hz, actual 24000000HZ div = 0)
<4>[  142.853900] rk_sdmmc: BOOT dw_mci_setup_bus: argue clk_mmc workaround out normal clock [mmc1]
<4>[  142.854168] rk_sdmmc: BOOT Bus speed=24000000Hz,Bus width=4bits.[mmc1]
<4>[  142.864530] mmc1: queuing unknown CIS tuple 0x91 (3 bytes)
<6>[  142.864642] mmc1: new high speed SDIO card at address 0001
<4>[  142.884744] bcmsdh_register: register client driver
<4>[  142.885073] bcmsdh_sdmmc_probe: Enter num=1
<4>[  142.885360] bcmsdh_sdmmc_probe: Enter num=2
<4>[  142.885395] bus num (host idx)=1, slot num (rca)=1
<4>[  142.885424] found adapter info 'DHD generic adapter'
<4>[  142.885592] sdioh_attach: set sd_f2_blocksize 256
<4>[  142.885714] sdioh_attach: sd clock rate = 50000000
<4>[  142.886274] dhdsdio_probe : no mutex held. set lock
<4>[  142.886528] F1 signature read @0x18000000=0x15294345
<4>[  142.893619] F1 signature OK, socitype:0x1 chip:0x4345 rev:0x9 pkg:0x2
<4>[  142.894595] DHD: dongle ram size is set to 819200(orig 819200) at 0x198000
<3>[  142.894735] [dhd] dhd_conf_set_chiprev : chip=0x4345, chiprev=9
<6>[  142.896371] [dhd] CFG80211-ERROR) wl_init_prof : wl_init_prof: No profile
<4>[  142.897261] dhd_attach(): thread:dhd_watchdog_thread:631 started
<4>[  142.897443] dhd_attach(): thread:dhd_dpc:632 started
<4>[  142.897594] dhd_attach(): thread:dhd_rxf:633 started
<4>[  142.897626] dhd_deferred_work_init: work queue initialized
<4>[  142.897652] dhd_tcpack_suppress_set: TCP ACK Suppress mode 0 -> mode 2
<4>[  142.897714] dhd_bus_set_default_min_res_mask: Unhandled chip id
<4>[  142.898412] sdioh_cis_read: func_cis_ptr[0]=0x10ac
<4>[  142.915084] Dongle Host Driver, version 1.579.77.41.22 (r-20191105-2)(20191120-1)
<4>[  142.916893] Register interface [wlan0]  MAC: c0:84:7d:20:d4:d2
<4>[  142.916893] 
<4>[  142.916995] dhd_tcpack_suppress_set: TCP ACK Suppress mode 2 -> mode 0
<4>[  142.917021] dhd_wl_ioctl: returning as busstate=0
<4>[  142.917036] dhd_bus_devreset: == Power OFF ==
<4>[  142.917319] dhd_txglom_enable: enable 0
<4>[  142.917336] dhd_bus_devreset:  WLAN OFF DONE
<4>[  142.917513] wifi_platform_set_power = 0
<4>[  142.917530] ======== PULL WL_REG_ON(-1) LOW! ========
<4>[  142.917547] dhdsdio_probe : the lock is released.
<4>[  142.917858] dhd_module_init: Exit err=0
<4>[  147.838808] dhd_open: Enter c5835000
<4>[  147.838854] dhd_open : no mutex held. set lock
<4>[  147.838877] 
<4>[  147.838877] Dongle Host Driver, version 1.579.77.41.22 (r-20191105-2)(20191120-1)
<3>[  147.838911] [dhd-wlan0] wl_android_wifi_on : in g_wifi_on=0
<4>[  147.838928] wifi_platform_set_power = 1
<4>[  147.838944] ======== PULL WL_REG_ON(-1) HIGH! ========
<4>[  148.135648] sdio_reset_comm():
<6>[  148.139038] mmc_host mmc1: Bus speed (slot 0) = 24000000Hz (slot req 300000Hz, actual 300000HZ div = 40)
<4>[  148.139225] rk_sdmmc: BOOT dw_mci_setup_bus: argue clk_mmc workaround out 600000Hz for init[mmc1]
<4>[  148.155805] mmc1: queuing unknown CIS tuple 0x80 (2 bytes)
<4>[  148.158121] mmc1: queuing unknown CIS tuple 0x80 (3 bytes)
<4>[  148.160439] mmc1: queuing unknown CIS tuple 0x80 (3 bytes)
<4>[  148.164535] mmc1: queuing unknown CIS tuple 0x80 (7 bytes)
<4>[  148.169804] mmc1: queuing unknown CIS tuple 0x81 (9 bytes)
<6>[  148.242721] mmc_host mmc1: Bus speed (slot 0) = 24000000Hz (slot req 50000000Hz, actual 24000000HZ div = 0)
<4>[  148.242805] rk_sdmmc: BOOT dw_mci_setup_bus: argue clk_mmc workaround out normal clock [mmc1]
<4>[  148.244058] sdioh_start: set sd_f2_blocksize 256
<4>[  148.245580] 
<4>[  148.245580] 
<4>[  148.245580] dhd_bus_devreset: == WLAN ON ==
<4>[  148.246061] F1 signature read @0x18000000=0x15294345
<4>[  148.257332] F1 signature OK, socitype:0x1 chip:0x4345 rev:0x9 pkg:0x2
<4>[  148.258049] DHD: dongle ram size is set to 819200(orig 819200) at 0x198000
<4>[  148.258130] dhd_bus_set_default_min_res_mask: Unhandled chip id
<4>[  148.258542] dhd_os_open_image: /data/6256/config.txt (20 bytes) open success
<3>[  148.259034] [dhd] dhd_conf_read_log_level : wl_dbg_level = 0xFFFF
<3>[  148.259074] [dhd] dhd_conf_set_path_params : Final fw_path=/data/6256/fw_bcm43456c5_ag.bin
<3>[  148.259093] [dhd] dhd_conf_set_path_params : Final nv_path=/data/6256/nvram_ap6256.txt
<3>[  148.259109] [dhd] dhd_conf_set_path_params : Final clm_path=/data/6256/clm_bcm43456c5_ag.blob
<3>[  148.259126] [dhd] dhd_conf_set_path_params : Final conf_path=/data/6256/config.txt
<4>[  148.259659] dhd_os_open_image: /data/6256/fw_bcm43456c5_ag.bin (579388 bytes) open success
<4>[  148.389412] dhd_os_open_image: /data/6256/nvram_ap6256.txt (2440 bytes) open success
<4>[  148.389780] NVRAM version: AP6256_NVRAM_V1.3_10092019.txt
<4>[  148.390561] dhdsdio_write_vars: Download, Upload and compare of NVRAM succeeded.
<4>[  148.467981] dhd_bus_init: enable 0x06, ready 0x06 (waited 0us)
<4>[  148.469333] Disable tdls_auto_op failed. -1
<4>[  148.469346] dhd_tcpack_suppress_set: TCP ACK Suppress mode 0 -> mode 1
<4>[  148.469691] dhd_apply_default_clm: Ignore clm file /data/6256/clm_bcm43456c5_ag.blob
<4>[  148.471370] Firmware up: op_mode=0x0005, MAC=c0:84:7d:20:d4:d2
<4>[  148.474447] dhd_preinit_ioctls Set scancache failed -23
<4>[  148.483056]   Driver: 1.579.77.41.22 (r-20191105-2)(20191120-1)
<4>[  148.483056]   Firmware: wl0: Sep 27 2019 15:21:10 version 7.45.96.53 (5a84613@shgit) (r745790) FWID 01-54faa385 es7.c5.n4.a3
<4>[  148.483056]   CLM: 9.2.9 (2016-02-03 04:34:31) 
<4>[  148.483291] dhd_txglom_enable: enable 1
<3>[  148.483301] [dhd] dhd_conf_set_txglom_params : txglom_mode=multi-desc
<3>[  148.483311] [dhd] dhd_conf_set_txglom_params : txglomsize=36, deferred_tx_len=0
<3>[  148.483320] [dhd] dhd_conf_set_txglom_params : txinrx_thres=128, dhd_txminmax=-1
<3>[  148.483328] [dhd] dhd_conf_set_txglom_params : tx_max_offset=0, txctl_tmo_fix=300
<3>[  148.483341] [dhd] dhd_conf_get_disable_proptx : fw_proptx=1, disable_proptx=-1
<4>[  148.484254] dhd_wlfc_hostreorder_init(): successful bdcv2 tlv signaling, 64
<4>[  148.485732] dhd_pno_init: Support Android Location Service
<4>[  148.485741] dhd_preinit_ioctls: SensorHub diabled 0
<4>[  148.486283] dhd_preinit_ioctls failed to set ShubHub disable
<4>[  148.487345] dhd_wl_ioctl_get_intiovar: get int iovar wnm_bsstrans_resp failed, ERR -23
<4>[  148.487354] failed to get wnm_bsstrans_resp
<4>[  148.487877] failed to set WNM capabilities
<3>[  148.507301] [dhd] dhd_conf_set_country : set country CN, revision 38
<6>[  148.507311] [dhd] CFG80211-DEBUG) wl_cfg80211_event :event_type (54): WLC_E_IF
<6>[  148.507318] [dhd] CFG80211-ERROR) wl_cfg80211_event : Event handler is not created
<3>[  148.509903] [dhd] dhd_conf_set_country : Country code: CN (CN/38)
<3>[  148.514483] [dhd-wlan0] wl_android_wifi_on : Success
<6>[  148.514495] [dhd] CFG80211-DEBUG) wl_cfg80211_up :In
<6>[  148.514694] [dhd] CFG80211-TRACE) wl_cfg80211_up :WLC_GET_VERSION=2
<6>[  148.514705] [dhd] CFG80211-DEBUG) wl_cfg80211_check_in4way :status=1, action=0x9, in4way=0x9
<6>[  148.514717] [dhd] CFG80211-TRACE) wl_cfg80211_attach_post :In
<6>[  148.515058] CFGP2P-INFO) wl_cfgp2p_supported : p2p is supported
<6>[  148.515072] [dhd] CFG80211-DEBUG) __wl_cfg80211_up :In
<6>[  148.515080] [dhd] CFG80211-DEBUG) wl_create_event_handler :Enter 
<6>[  148.515192] [dhd] CFG80211-TRACE) dhd_config_dongle :In
<6>[  148.533821] [dhd] CFG80211-DEBUG) wl_cfg80211_event :event_type (54): WLC_E_IF
<6>[  148.533861] [dhd] CFG80211-DEBUG) wl_event_handler :event type (54), ifidx: 0 bssidx: 0 
<6>[  148.533889] [dhd] CFG80211-DEBUG) wl_event_handler :Unknown Event (54): ignoring
<6>[  148.534087] [dhd] CFG80211-DEBUG) wl_cfg80211_event :event_type (54): WLC_E_IF
<6>[  148.534124] [dhd] CFG80211-DEBUG) wl_event_handler :event type (54), ifidx: 0 bssidx: 0 
<6>[  148.534151] [dhd] CFG80211-DEBUG) wl_event_handler :Unknown Event (54): ignoring
<6>[  148.555863] [dhd] CFG80211-DEBUG) wl_construct_reginfo :HT80/160/80p80 center channel : 36
<6>[  148.555874] [dhd] CFG80211-DEBUG) wl_construct_reginfo :HT80/160/80p80 center channel : 52
<6>[  148.555884] [dhd] CFG80211-DEBUG) wl_construct_reginfo :HT80/160/80p80 center channel : 149
<6>[  148.555893] [dhd] CFG80211-DEBUG) wl_construct_reginfo :HT80/160/80p80 center channel : 40
<6>[  148.555901] [dhd] CFG80211-DEBUG) wl_construct_reginfo :HT80/160/80p80 center channel : 56
<6>[  148.555910] [dhd] CFG80211-DEBUG) wl_construct_reginfo :HT80/160/80p80 center channel : 153
<6>[  148.555918] [dhd] CFG80211-DEBUG) wl_construct_reginfo :HT80/160/80p80 center channel : 44
<6>[  148.555927] [dhd] CFG80211-DEBUG) wl_construct_reginfo :HT80/160/80p80 center channel : 60
<6>[  148.555935] [dhd] CFG80211-DEBUG) wl_construct_reginfo :HT80/160/80p80 center channel : 157
<6>[  148.555943] [dhd] CFG80211-DEBUG) wl_construct_reginfo :HT80/160/80p80 center channel : 48
<6>[  148.555951] [dhd] CFG80211-DEBUG) wl_construct_reginfo :HT80/160/80p80 center channel : 64
<6>[  148.555960] [dhd] CFG80211-DEBUG) wl_construct_reginfo :HT80/160/80p80 center channel : 161
<6>[  148.555972] [dhd] CFG80211-INFO) __wl_update_wiphybands : __wl_update_wiphybands band[1] vht_enab=1 vht_cap=0f805132 vht_rx_mcs_map=fffe vht_tx_mcs_map=fffe
<6>[  148.556348] [dhd] CFG80211-DEBUG) __wl_cfg80211_up :TDLS supported in fw
<4>[  148.556559] dhd_open : the lock is released.
<4>[  148.556567] dhd_open: Exit ret=0
<6>[  148.556681] [dhd] CFG80211-DEBUG) wl_cfg80211_set_power_mgmt :Enter
<6>[  148.556818] [dhd] CFG80211-DEBUG) wl_cfg80211_netdev_notifier_call :Enter 
<6>[  182.367553] [dhd] CFG80211-DEBUG) wl_cfg80211_mgmt_frame_register :frame_type: d0, reg: 1
<6>[  182.367620] [dhd] CFG80211-DEBUG) wl_cfg80211_mgmt_frame_register :frame_type: d0, reg: 1
<6>[  182.367665] [dhd] CFG80211-DEBUG) wl_cfg80211_mgmt_frame_register :frame_type: d0, reg: 1
<6>[  182.367709] [dhd] CFG80211-DEBUG) wl_cfg80211_mgmt_frame_register :frame_type: d0, reg: 1
<6>[  182.367753] [dhd] CFG80211-DEBUG) wl_cfg80211_mgmt_frame_register :frame_type: d0, reg: 1
<6>[  182.367796] [dhd] CFG80211-DEBUG) wl_cfg80211_mgmt_frame_register :frame_type: d0, reg: 1
<6>[  182.367839] [dhd] CFG80211-DEBUG) wl_cfg80211_mgmt_frame_register :frame_type: d0, reg: 1
<6>[  182.367882] [dhd] CFG80211-DEBUG) wl_cfg80211_mgmt_frame_register :frame_type: d0, reg: 1
<6>[  182.367925] [dhd] CFG80211-DEBUG) wl_cfg80211_mgmt_frame_register :frame_type: d0, reg: 1
<6>[  182.367970] [dhd] CFG80211-DEBUG) wl_cfg80211_mgmt_frame_register :frame_type: d0, reg: 1
<6>[  182.368014] [dhd] CFG80211-DEBUG) wl_cfg80211_mgmt_frame_register :frame_type: d0, reg: 1
<6>[  182.368056] [dhd] CFG80211-DEBUG) wl_cfg80211_mgmt_frame_register :frame_type: d0, reg: 1
<6>[  182.368098] [dhd] CFG80211-DEBUG) wl_cfg80211_mgmt_frame_register :frame_type: d0, reg: 1
<6>[  182.368139] [dhd] CFG80211-DEBUG) wl_cfg80211_mgmt_frame_register :frame_type: d0, reg: 1
<6>[  182.368184] [dhd] CFG80211-DEBUG) wl_cfg80211_mgmt_frame_register :frame_type: d0, reg: 1
<6>[  182.368228] [dhd] CFG80211-DEBUG) wl_cfg80211_mgmt_frame_register :frame_type: d0, reg: 1
<6>[  182.368276] [dhd] CFG80211-DEBUG) wl_cfg80211_mgmt_frame_register :frame_type: d0, reg: 1
<6>[  182.368360] [dhd] CFG80211-DEBUG) wl_cfg80211_netdev_notifier_call :Enter 
<6>[  182.457971] [dhd] CFG80211-DEBUG) wl_update_pmklist :No of elements 0
<6>[  182.623278] [dhd] CFG80211-DEBUG) wl_cfg80211_tdls_config :Enter state:6
<6>[  182.623385] [dhd] CFG80211-DEBUG) wl_cfg80211_tdls_config :Skip tdls config. state:6 update_reqd:0 current_status:1 
<6>[  182.623445] [dhd] CFG80211-DEBUG) wl_cfg80211_add_virtual_iface :if name: p2p-dev-wlan0, type: 10
<6>[  182.623496] [dhd] CFG80211-TRACE) wl_cfgp2p_add_p2p_disc_if :Enter
<6>[  182.628620] [dhd] CFG80211-DEBUG) wl_cfgp2p_generate_bss_mac :P2P Discovery address:c2:84:7d:20:d4:d2
<6>[  182.628673] [dhd] CFG80211-DEBUG) wl_cfgp2p_generate_bss_mac :Primary P2P Interface address:c2:84:7d:20:54:d2
<4>[  182.628707] P2P interface registered
<4>[  182.628737] wl_cfgp2p_add_p2p_disc_if: wdev: dd5f6800, wdev->net:   (null)
<6>[  182.633977] [dhd] CFG80211-DEBUG) wl_cfg80211_mgmt_frame_register :frame_type: d0, reg: 1
<6>[  182.634198] [dhd] CFG80211-DEBUG) wl_cfg80211_mgmt_frame_register :frame_type: d0, reg: 1
<6>[  182.634400] [dhd] CFG80211-DEBUG) wl_cfg80211_mgmt_frame_register :frame_type: d0, reg: 1
<6>[  182.634726] [dhd] CFG80211-DEBUG) wl_cfg80211_mgmt_frame_register :frame_type: d0, reg: 1
<6>[  182.634925] [dhd] CFG80211-DEBUG) wl_cfg80211_mgmt_frame_register :frame_type: d0, reg: 1
<6>[  182.635117] [dhd] CFG80211-DEBUG) wl_cfg80211_mgmt_frame_register :frame_type: d0, reg: 1
<6>[  182.635307] [dhd] CFG80211-DEBUG) wl_cfg80211_mgmt_frame_register :frame_type: d0, reg: 1
<6>[  182.635480] [dhd] CFG80211-DEBUG) wl_cfg80211_mgmt_frame_register :frame_type: d0, reg: 1
<6>[  182.635651] [dhd] CFG80211-DEBUG) wl_cfg80211_mgmt_frame_register :frame_type: d0, reg: 1
<6>[  182.635828] [dhd] CFG80211-DEBUG) wl_cfg80211_mgmt_frame_register :frame_type: d0, reg: 1
<6>[  182.636002] [dhd] CFG80211-DEBUG) wl_cfg80211_mgmt_frame_register :frame_type: d0, reg: 1
<6>[  182.636171] [dhd] CFG80211-DEBUG) wl_cfg80211_mgmt_frame_register :frame_type: d0, reg: 1
<6>[  182.636339] [dhd] CFG80211-DEBUG) wl_cfg80211_mgmt_frame_register :frame_type: d0, reg: 1
<6>[  182.636443] [dhd] CFG80211-DEBUG) wl_cfg80211_mgmt_frame_register :frame_type: d0, reg: 1
<6>[  182.636529] [dhd] CFG80211-DEBUG) wl_cfg80211_mgmt_frame_register :frame_type: d0, reg: 1
<6>[  182.636615] [dhd] CFG80211-DEBUG) wl_cfg80211_mgmt_frame_register :frame_type: d0, reg: 1
<6>[  182.636701] [dhd] CFG80211-DEBUG) wl_cfg80211_mgmt_frame_register :frame_type: d0, reg: 1
<6>[  182.636836] [dhd] CFG80211-TRACE) wl_cfgp2p_start_p2p_device :Enter
<6>[  182.637989] CFGP2P-DEBUG) wl_cfgp2p_enable_discovery :enter
