DDR Version 1.00 20160530
In
Channel a: DDR3 200MHz
Bus Width=32 Col=10 Bank=8 Row=15 CS=1 Die Bus-Width=16 Size=1024MB
Channel b: DDR3 200MHz
Bus Width=32 Col=10 Bank=8 Row=15 CS=1 Die Bus-Width=16 Size=1024MB
Memory OK
Memory OK
OUT


U-Boot 2014.10-RK3288-10 (Oct 08 2016 - 15:45:52)

CPU: rk3288
cpu version = 0
CPU's clock information:
    arm pll = 600000000HZ
    periph pll = 297000000HZ
    ddr pll = 200000000HZ
    codec pll = 384000000HZ
Board:	Rockchip platform Board
DRAM:  Found dram banks: 1
Adding bank:0000000000000000(0000000080000000)
128 MiB
GIC CPU mask = 0x00000001
SdmmcInit = 0 400
SdmmcInit = 2 0
storage init OK!
Using default environment

GetParam
Load FDT from resource image.
power key: bank-0 pin-5
pmic:act8846
can't find dts node for pwm1
DCDC vdd_logic has been used, pwm regulator not init it.
Can't find dts node for fuel guage cw201x
SecureBootEn = 0, SecureBootLock = 0

#Boot ver: 2016-10-08#2.30
empty serial no.
checkKey
vbus = 0
no fuel gauge found
no fuel gauge found
read logo on state from dts [0]
no fuel gauge found
Hit any key to stop autoboot:  0 
load fdt from resouce.
Secure Boot state: 0
kernel   @ 0x02000000 (0x00649ee8)
ramdisk  @ 0x05bf0000 (0x00134c1c)
bootrk: do_bootm_linux...
   Loading Device Tree to 05600000, end 0561b75f ... OK
Add bank:0000000000000000, 0000000080000000

Starting kernel ...

[    0.000000] Booting Linux on physical CPU 0x500
[    0.000000] Initializing cgroup subsys cpu
[    0.000000] Initializing cgroup subsys cpuacct
[    0.000000] Linux version 3.10.0 (ballack@ballack) (gcc version 4.6.x-google 20120106 (prerelease) (GCC) ) #68 SMP PREEMPT Fri Aug 11 18:06:45 CST 2017
[    0.000000] CPU: ARMv7 Processor [410fc0d1] revision 1 (ARMv7), cr=10c5387d
[    0.000000] CPU: PIPT / VIPT nonaliasing data cache, VIPT aliasing instruction cache
[    0.000000] Machine: Rockchip RK3288 (Flattened Device Tree), model: rockchip,rk3288
[    0.000000] rockchip_ion_reserve
[    0.000000] ion heap(drm): base(0) size(0) align(0)
[    0.000000] ion heap(cma): base(0) size(28000000) align(0)
[    0.000000] ion heap(vmalloc): base(0) size(0) align(0)
[    0.000000] cma: CMA: reserved 640 MiB at 58000000
[    0.000000] ion_reserve: cma reserved base 58000000 size 671088640
[    0.000000] cma: CMA: reserved 16 MiB at 1f000000
[    0.000000] Memory policy: ECC disabled, Data cache writealloc
[    0.000000] PERCPU: Embedded 9 pages/cpu @c1e63000 s13376 r8192 d15296 u36864
[    0.000000] Built 1 zonelists in Zone order, mobility grouping on.  Total pages: 523264
[    0.000000] Kernel command line: vmalloc=496M console=ttyS2 androidboot.selinux=permissive androidboot.hardware=rk30board androidboot.console=ttyS2 init=/init  mtdparts=rk29xxnand:0x00002000@0x00002000(uboot),0x00002000@0x00004000(misc),0x00008000@0x00006000(resource),0x00008000@0x0000e000(kernel),0x00010000@0x00016000(boot),0x00010000@0x00026000(recovery),0x0001a000@0x00036000(backup),0x00040000@0x00050000(cache),0x00002000@0x00090000(kpanic),0x00300000@0x00092000(system),0x00008000@0x00392000(metadata),0x00002000@0x0039A000(baseparamer),0x00200000@0x0039C000(userdata),0x00020000@0x0059C000(radical_update),-@0x005BC000(user) storagemedia=emmc loader.timestamp=2016-10-08_15:45:52
[    0.000000] PID hash table entries: 2048 (order: 1, 8192 bytes)
[    0.000000] Dentry cache hash table entries: 65536 (order: 6, 262144 bytes)
[    0.000000] Inode-cache hash table entries: 32768 (order: 5, 131072 bytes)
[    0.000000] allocated 4194304 bytes of page_cgroup
[    0.000000] please try 'cgroup_disable=memory' option if you don't want memory cgroups
[    0.000000] Memory: 2048MB = 2048MB total
[    0.000000] Memory: 1388272k/1388272k available, 708880k reserved, 917504K highmem
[    0.000000] Virtual kernel memory layout:
[    0.000000]     vector  : 0xffff0000 - 0xffff1000   (   4 kB)
[    0.000000]     fixmap  : 0xfff00000 - 0xfffe0000   ( 896 kB)
[    0.000000]     vmalloc : 0xe0800000 - 0xff000000   ( 488 MB)
[    0.000000]     lowmem  : 0xc0000000 - 0xe0000000   ( 512 MB)
[    0.000000]     pkmap   : 0xbfe00000 - 0xc0000000   (   2 MB)
[    0.000000]     modules : 0xbf000000 - 0xbfe00000   (  14 MB)
[    0.000000]       .text : 0xc0008000 - 0xc0b0398c   (11247 kB)
[    0.000000]       .init : 0xc0b04000 - 0xc0b5c440   ( 354 kB)
[    0.000000]       .data : 0xc0b5e000 - 0xc0ced2c0   (1597 kB)
[    0.000000]        .bss : 0xc0ced2c0 - 0xc0e099fc   (1138 kB)
[    0.000000] SLUB: HWalign=64, Order=0-3, MinObjects=0, CPUs=4, Nodes=1
[    0.000000] Preemptible hierarchical RCU implementation.
[    0.000000] 	RCU dyntick-idle grace-period acceleration is enabled.
[    0.000000] NR_IRQS:16 nr_irqs:16 16
[    0.000000] rk_clk_tree_init start!
[    0.000000] rkclk: _rkclk_add_provider: fail to get ehci1phy_12m_div
[    0.000000] rkclk: rkclk_cache_parents: ehci1phy_12m_div clk_get error
[    0.000000] rk_get_uboot_display_flag: uboot_logo_on = 0
[    0.000000] rkclk_init_clks: cnt_parent = 7
[    0.000000] rkclk_init_clks: cnt_rate = 28
[    0.000000] rk3288 set GPLL BW 20 for HDMI!
[    0.000000] Architected cp15 timer(s) running at 24.00MHz (phys).
[    0.000000] Switching to timer-based delay loop
[    0.000000] sched_clock: ARM arch timer >56 bits at 24000kHz, resolution 41ns
[    0.000000] process version: 3
[    0.000000] channel:0, lkg:39
[    0.000000] target-temp:80
[    0.000000] channel:2, lkg:0
[    0.000000] channel:0, lkg:39
[    0.000000] channel:1, lkg:30
[    0.000000] sched_clock: 32 bits at 100 Hz, resolution 10000000ns, wraps every 4294967286ms
[    0.352874] Calibrating delay loop (skipped), value calculated using timer frequency.. 48.00 BogoMIPS (lpj=240000)
[    0.352890] pid_max: default: 32768 minimum: 301
[    0.353004] Security Framework initialized
[    0.353022] SELinux:  Initializing.
[    0.353094] Mount-cache hash table entries: 512
[    0.353733] Initializing cgroup subsys debug
[    0.353748] Initializing cgroup subsys memory
[    0.353774] Initializing cgroup subsys freezer
[    0.353801] CPU: Testing write buffer coherency: ok
[    0.354120] /cpus/cpu@0 missing clock-frequency property
[    0.354134] /cpus/cpu@1 missing clock-frequency property
[    0.354144] /cpus/cpu@2 missing clock-frequency property
[    0.354153] /cpus/cpu@3 missing clock-frequency property
[    0.354201] CPU0: thread -1, cpu 0, socket 5, mpidr 80000500
[    0.354251] Setting up static identity map for 0xc07e9db0 - 0xc07e9e08
[    0.356559] last_log: 0x1e900000 map to 0xe0804000 and copy to 0xe0886000, size 0x80000 early 0x170d (version 3.1)
[    0.431033] CPU1: Booted secondary processor
[    0.431066] CPU1: thread -1, cpu 1, socket 5, mpidr 80000501
[    0.450706] CPU2: Booted secondary processor
[    0.450731] CPU2: thread -1, cpu 2, socket 5, mpidr 80000502
[    0.470414] CPU3: Booted secondary processor
[    0.470438] CPU3: thread -1, cpu 3, socket 5, mpidr 80000503
[    0.470539] Brought up 4 CPUs
[    0.470568] SMP: Total of 4 processors activated (192.00 BogoMIPS).
[    0.470577] CPU: All CPU(s) started in SVC mode.
[    0.471309] devtmpfs: initialized
[    0.475336] VFP support v0.3: implementor 41 architecture 3 part 30 variant d rev 0
[    0.476423] pinctrl core: initialized pinctrl subsystem
[    0.476679] regulator-dummy: no parameters
[    0.500894] NET: Registered protocol family 16
[    0.502644] DMA: preallocated 256 KiB pool for atomic coherent allocations
[    0.503028] ion_snapshot: 0x1eaa0000 map to 0xe0907000 and copy to 0xc0de4d0c (version 0.1)
[    0.503266] Registered FIQ tty driver
[    0.503658] fiq-debugger is disabled in device tree
[    0.504238] rockchip_get_bank_data:name=base start=0xff750000,end=0xff7500ff
[    0.504260] rockchip_get_bank_data:name=mux_bank0 start=0xff730084,end=0xff73008f
[    0.504277] rockchip_get_bank_data:name=pull_bank0 start=0xff730064,end=0xff73006f
[    0.504294] rockchip_get_bank_data:name=drv_bank0 start=0xff730070,end=0xff73007b
[    0.504385] rockchip_get_bank_data:name=/pinctrl@ff770000/gpio1@ff780000 start=0xff780000,end=0xff7800ff
[    0.504449] rockchip_get_bank_data:name=/pinctrl@ff770000/gpio2@ff790000 start=0xff790000,end=0xff7900ff
[    0.504509] rockchip_get_bank_data:name=/pinctrl@ff770000/gpio3@ff7a0000 start=0xff7a0000,end=0xff7a00ff
[    0.504569] rockchip_get_bank_data:name=/pinctrl@ff770000/gpio4@ff7b0000 start=0xff7b0000,end=0xff7b00ff
[    0.504629] rockchip_get_bank_data:name=/pinctrl@ff770000/gpio5@ff7c0000 start=0xff7c0000,end=0xff7c00ff
[    0.504690] rockchip_get_bank_data:name=/pinctrl@ff770000/gpio6@ff7d0000 start=0xff7d0000,end=0xff7d00ff
[    0.504751] rockchip_get_bank_data:name=/pinctrl@ff770000/gpio7@ff7e0000 start=0xff7e0000,end=0xff7e00ff
[    0.504813] rockchip_get_bank_data:name=/pinctrl@ff770000/gpio8@ff7f0000 start=0xff7f0000,end=0xff7f00ff
[    0.504882] rockchip_get_bank_data:name=/pinctrl@ff770000/gpio15@ff7f2000 start=0xff7f2000,end=0xff7f20ff
[    0.504943] rockchip_pinctrl_probe:name=RK3288-GPIO,type=3
[    0.504957] rockchip_pinctrl_probe:name=base start=0xff770000,end=0xff77013f
[    0.504969] rockchip_pinctrl_probe:name=pull start=0xff770140,end=0xff7701bf
[    0.504980] rockchip_pinctrl_probe:name=drv start=0xff7701c0,end=0xff77023f
[    0.505596] rockchip_interrupts_register:bank_num=7
[    0.507520] of_get_gpio_init_config:gpio[0] = 256, value = 0
[    0.507541] of_get_gpio_init_config:gpio[1] = 233, value = 0
[    0.507562] of_get_gpio_init_config:gpio[2] = 136, value = 0
[    0.507623] rockchip_pinctrl_probe:init ok
[    0.513819] rk_iommu ff900800.iep_mmu: (iep) Enter
[    0.513907] rk_iommu ff900800.iep_mmu: IOVMM: Created 0x3ffff000 B IOVMM from 0x10000000.
[    0.513920] rk_iommu ff900800.iep_mmu: (iep) Initialized
[    0.514087] rk_iommu ff950800.vip_mmu: (vip) Enter
[    0.514158] rk_iommu ff950800.vip_mmu: IOVMM: Created 0x3ffff000 B IOVMM from 0x10000000.
[    0.514171] rk_iommu ff950800.vip_mmu: (vip) Initialized
[    0.514343] rk_iommu ff930300.vopb_mmu: (vopb) Enter
[    0.514412] rk_iommu ff930300.vopb_mmu: IOVMM: Created 0x3ffff000 B IOVMM from 0x10000000.
[    0.514425] rk_iommu ff930300.vopb_mmu: (vopb) Initialized
[    0.514595] rk_iommu ff940300.vopl_mmu: (vopl) Enter
[    0.514669] rk_iommu ff940300.vopl_mmu: IOVMM: Created 0x3ffff000 B IOVMM from 0x10000000.
[    0.514682] rk_iommu ff940300.vopl_mmu: (vopl) Initialized
[    0.514863] rk_iommu ff9c0440.hevc_mmu: (hevc) Enter
[    0.514946] rk_iommu ff9c0440.hevc_mmu: IOVMM: Created 0x3ffff000 B IOVMM from 0x10000000.
[    0.514959] rk_iommu ff9c0440.hevc_mmu: (hevc) Initialized
[    0.515129] rk_iommu ff9a0800.vpu_mmu: (vpu) Enter
[    0.515204] rk_iommu ff9a0800.vpu_mmu: IOVMM: Created 0x3ffff000 B IOVMM from 0x10000000.
[    0.515216] rk_iommu ff9a0800.vpu_mmu: (vpu) Initialized
[    0.515384] rk_iommu ff914000.isp_mmu: (isp_mmu) Enter
[    0.515466] rk_iommu ff914000.isp_mmu: IOVMM: Created 0x3ffff000 B IOVMM from 0x10000000.
[    0.515479] rk_iommu ff914000.isp_mmu: (isp_mmu) Initialized
[    0.517218] hw-breakpoint: found 5 (+1 reserved) breakpoint and 4 watchpoint registers.
[    0.517231] hw-breakpoint: maximum watchpoint size is 4 bytes.
[    0.517797] rk3368_init_rockchip_pmu_ops: could not find pmu dt node
[    0.517820] DDR DEBUG: version 1.00 20150126 
[    0.517849] DDR DEBUG: Channel a: 
[    0.517858] DDR DEBUG: DDR3 Device
[    0.517872] DDR DEBUG: Bus Width=32 Col=10 Bank=8 Row=15 CS=1 Total Capability=1024MB
[    0.517880] DDR DEBUG: Channel b: 
[    0.517888] DDR DEBUG: DDR3 Device
[    0.517900] DDR DEBUG: Bus Width=32 Col=10 Bank=8 Row=15 CS=1 Total Capability=1024MB
[    0.517910] DDR DEBUG: addr=0xcf7000
[    0.517919] DDR DEBUG: stride=9, size=256, halfcap=40000000
[    0.517928] DDR DEBUG: socAddr[0]=0xcf7000, socAddr[1]=0xcf7100
[    0.517938] DDR DEBUG: chAddr[0]=0xcf7000, chAddr[1]=0xcf7000
[    0.517950] DDR DEBUG: dtar[0]=0x7019e000, dtar[1]=0x7019e000
[    0.518004] DDR DEBUG: init success!!! freq=200MHz
[    0.518011] DDR DEBUG: Channel a: 
[    0.518024] DDR DEBUG: DTONE=0x1, DTERR=0x0, DTIERR=0x0, DTPASS=4,0, DGSL=1,1 extra clock, DGPS=180,90
[    0.518037] DDR DEBUG: DTONE=0x1, DTERR=0x0, DTIERR=0x0, DTPASS=4,0, DGSL=1,1 extra clock, DGPS=180,90
[    0.518050] DDR DEBUG: DTONE=0x1, DTERR=0x0, DTIERR=0x0, DTPASS=4,0, DGSL=1,1 extra clock, DGPS=180,90
[    0.518063] DDR DEBUG: DTONE=0x1, DTERR=0x0, DTIERR=0x0, DTPASS=4,0, DGSL=1,1 extra clock, DGPS=180,90
[    0.518075] DDR DEBUG: ZERR=0, ZDONE=0, ZPD=0x0, ZPU=0x0, OPD=0x0, OPU=0x0
[    0.518084] DDR DEBUG: DRV Pull-Up=0x19, DRV Pull-Dwn=0x19
[    0.518093] DDR DEBUG: ODT Pull-Up=0x2, ODT Pull-Dwn=0x2
[    0.518101] DDR DEBUG: Channel b: 
[    0.518113] DDR DEBUG: DTONE=0x1, DTERR=0x0, DTIERR=0x0, DTPASS=4,0, DGSL=1,1 extra clock, DGPS=180,90
[    0.518125] DDR DEBUG: DTONE=0x1, DTERR=0x0, DTIERR=0x0, DTPASS=4,0, DGSL=1,1 extra clock, DGPS=180,90
[    0.518138] DDR DEBUG: DTONE=0x1, DTERR=0x0, DTIERR=0x0, DTPASS=4,0, DGSL=1,1 extra clock, DGPS=180,90
[    0.518151] DDR DEBUG: DTONE=0x1, DTERR=0x0, DTIERR=0x0, DTPASS=4,0, DGSL=1,1 extra clock, DGPS=180,90
[    0.518163] DDR DEBUG: ZERR=0, ZDONE=0, ZPD=0x0, ZPU=0x0, OPD=0x0, OPU=0x0
[    0.518171] DDR DEBUG: DRV Pull-Up=0x19, DRV Pull-Dwn=0x19
[    0.518180] DDR DEBUG: ODT Pull-Up=0x2, ODT Pull-Dwn=0x2
[    0.542228] bio: create slab <bio-0> at 0
[    0.542780] Rockchip hdmi driver version 2.0
[    0.542780] .
[    0.543893] SCSI subsystem initialized[    0.544093] usbcore: registered new interface driver hub
[    0.544181] usbcore: registered new device driver usb
[    0.546793] rockchip_i2c ff650000.i2c: i2c-0: Rockchip I2C adapter
[    0.547264] rockchip_i2c ff140000.i2c: i2c-1: Rockchip I2C adapter
[    0.547709] rockchip_i2c ff660000.i2c: i2c-2: Rockchip I2C adapter
[    0.547954] rockchip_i2c ff150000.i2c: i2c-3: Rockchip I2C adapter
[    0.548928] rockchip_i2c ff160000.i2c: i2c-4: Rockchip I2C adapter
[    0.549051] media: Linux media interface: v0.10
[    0.549092] Linux video capture interface: v2.00
[    0.549153] pps_core: LinuxPPS API ver. 1 registered
[    0.549163] pps_core: Software ver. 5.3.6 - Copyright 2005-2007 Rodolfo Giometti <giometti@linux.it>
[    0.549183] PTP clock support registered
[    0.549262] i2c-core: driver [bq24296] using legacy suspend method
[    0.549273] i2c-core: driver [bq24296] using legacy resume method
[    0.549940] ion_drm_heap_create: 0@0
[    0.550084] Rockchip ion module is successfully loaded (v1.1)
[    0.550243] Advanced Linux Sound Architecture Driver Initialized.
[    0.550662] Bluetooth: Core ver 2.16
[    0.550700] NET: Registered protocol family 31
[    0.550710] Bluetooth: HCI device and connection manager initiali  0.550740] Bluetooth: L2CAP socket layer initialized
[    0.550766] Bluetooth: SCO socket layer initialized
[    0.550996] cfg80211: Calling CRDA to update world regulatory domain
[    0.551711] act8846_i2c_probe,line=898
[    0.552718] act8846_parse_dt,line=746
[    0.553188] act8846_i2c_probe: act8846_pmic_hold=1
[    0.553210] act8846_i2c_probe: act8846_pmic_sleep=1
[    0.553225] act8846_i2c_probe: act8846_pmic_cpu_det_gpio=1
[    0.553241] act8846_i2c_probe: act8846_pmic_usb_hub_reset_gpio=1
[    0.555333] act_dcdc1: 1200 mV 
[    0.558302] vccio: 3300 mV 
[    0.560168] vdd_logic: 700 <--> 1500 mV at 1100 mV 
[    0.563147] act_dcdc4: 2000 mV 
[    0.564392] vccio_sd: 1800 <--> 3300 mV at 3300 mV 
[    0.566712] act_ldo2: 1050 mV 
[    0.569108] act_ldo3: 2800 mV 
[    0.571440] act_ldo4: 3300 mV 
[    0.573759] act_ldo5: 3300 mV 
[    0.576107] act_ldo6: 1100 mV 
[    0.578414] vcc_18: 1800 mV 
[    0.580722] act_ldo8: 1850 mV 
[    0.585499] vdd_arm: 712 <--> 1500 mV at 1000 mV 
[    0.590222] vdd_gpu: 712 <--> 1500 mV at 1000 mV 
[    0.590970] rk808_i2c_probe,line=1355
[    0.592310] The device is not rk808 -11
[    0.592399] rk808: probe of 0-001b failed with error -11
[    0.592477] i2c-core: driver [rk818] using legacy suspend method
[    0.592488] i2c-core: driver [rk818] using legacy resume method
[    0.594096] Switching to clocksource arch_sys_counter
[    0.618091] rga: Module initialized.
[    0.618807] rga2 ff920000.rga: rga ion client create success!
[    0.618975] rga: Driver loaded succesfully
[    0.619198] rk-fb rockchip-fb: rk fb ion client create success!
[    0.619212] rk-fb rockchip-fb: rockchip framebuffer driver probe
[    0.619543] rk-screen rk_screen.8: rockchip screen probe success
[    0.619771] rk32-lvds rk32-lvds: rk32 lvds driver probe success
[    0.620115] rk32-edp ff970000.edp: screen is not edp!
[    0.620136] rk32-edp: probe of ff970000.edp failed with error -22
[    0.620608] rk3288-lcdc lcdc0: can't find power_ctr node for lcdc0
[    0.620832] graphics fb0: rockchip framebuffer registerd:fb0
[    0.621139] graphics fb1: rockchip framebuffer registerd:fb1
[    0.621309] graphics fb2: rockchip framebuffer registerd:fb2
[    0.621473] graphics fb3: rockchip framebuffer registerd:fb3
[    0.622207] rk3288-lcdc lcdc0: lcdc0: dclk:74250000>>fps:60 
[    0.622232] rk3288-lcdc lcdc0: wakeup from standby!
[    0.634234] alloc_buffer:ion_phy_addr=0x58000000
[    0.639975] fb0:phy:58000000>>vir:e0991000>>len:0xb00000
[    0.639992] rk3288-lcdc lcdc0: lcdc0 probe ok, iommu disabled
[    0.640824] rockchip_set_mux:warning ignore bank num 15
[    0.640954] rockchip_set_mux:warning ignore bank num 15
[    0.641078] rockchip_set_mux:warning ignore bank num 15
[    0.641195] rockchip_set_mux:warning ignore bank num 15
[    0.641315] rockchip_set_mux:warning ignore bank num 15
[    0.641429] rockchip_set_mux:warning ignore bank num 15
[    0.642002] rockchip_set_mux:warning ignore bank num 15
[    0.642159] rockchip_set_mux:warning ignore bank num 15
[    0.642711] rockchip_set_mux:warning ignore bank num 15
[    0.642864] rockchip_set_mux:warning ignore bank num 15
[    0.643415] rockchip_set_mux:warning ignore bank num 15
[    0.643575] rockchip_set_mux:warning ignore bank num 15
[    0.644107] rockchip_set_mux:warning ignore bank num 15
[    0.644259] rockchip_set_mux:warning ignore bank num 15
[    0.645701] NET: Registered protocol family 2
[    0.646371] TCP established hash table entries: 4096 (order: 3, 32768 bytes)
[    0.646446] TCP bind hash table entries: 4096 (order: 3, 32768 bytes)
[    0.646519] TCP: Hash tables configured (established 4096 bind 4096)
[    0.646579] TCP: reno registered
[    0.646595] UDP hash table entries: 256 (order: 1, 8192 bytes)
[    0.646619] UDP-Lite hash table entries: 256 (order: 1, 8192 bytes)
[    0.646816] NET: Registered protocol family 1
[    0.647403] Unpacking initramfs...
[    0.712858] Freeing initrd memory: 1232K (c5bf0000 - c5d24000)
[    0.713500] hw perfevents: enabled with ARMv7 Cortex-A12 PMU driver, 7 counters available
[    0.714024] vcodec_service: probe device ff9a0000.vpu_service
[    0.714221] vcodec_service: No reset resource define
[    0.714393] vcodec_service: ff9a0000.vpu_service: power on
[    0.714500] vcodec_service: probe device ff9a0000.vpu_service
[    0.714514] vcodec_service: checking hw id 4831
[    0.715522] vcodec_service: ff9a0000.vpu_service: power off...
[    0.715568] vcodec_service: done
[    0.715578] vcodec_service: init success
[    0.715647] vcodec_service: probe device ff9c0000.hevc_service
[    0.716014] vcodec_service: ff9c0000.hevc_service: power on
[    0.716076] vcodec_service: probe device ff9c0000.hevc_service
[    0.716090] vcodec_service: checking hw id 6867
[    0.716348] vcodec_service: ff9c0000.hevc_service: power off...
[    0.716388] vcodec_service: done
[    0.716396] vcodec_service: init success
[    0.716526] rknandbase v1.0 2014-03-31
[    0.716659] rknand: probe of ff400000.nandc failed with error -1
[    0.716768] rknand_driver:ret = 0 
[    0.717906] audit: initializing netlink socket (disabled)
[    0.717949] type=2000 audit(0.360:1): initialized
[    0.718799] bounce pool size: 64 pages
[    0.723424] fuse init (API version 7.22)
[    0.723784] msgmni has been set to 953
[    0.725563] Block layer SCSI generic (bsg) driver version 0.4 loaded (major 246)
[    0.725579] io scheduler noop registered
[    0.725589] io scheduler deadline registered
[    0.725674] io scheduler cfq registered (default)
[    0.726819] rockchip-hdmiv2 ff980000.hdmi: rockchip hdmiv2 probe sucess.
[    0.727487] IEP Driver loaded succesfully
[    0.727576] Module initialized.
[    0.728338] dma-pl330 ffb20000.pdma: Loaded driver for PL330 DMAC-2364208
[    0.728356] dma-pl330 ffb20000.pdma: 	DBUFF-64x8bytes Num_Chans-5 Num_Peri-6 Num_Events-10
[    0.729698] dma-pl330 ff250000.pdma: Loaded driver for PL330 DMAC-2364208
[    0.729714] dma-pl330 ff250000.pdma: 	DBUFF-128x8bytes Num_Chans-8 Num_Peri-20 Num_Events-16
[    0.729995] pwm-voltage-regulator pwm_regulator.22: unable to request PWM, trying legacy API
[    0.730010] pwm-voltage-regulator pwm_regulator.22: unable to request legacy PWM
[    0.730019] pwm_regulator_probe:error
[    0.730042] platform pwm_regulator.22: Driver pwm-voltage-regulator requests probe deferral
[    0.730234] rk_serial.c v1.8 2014-03-04
[    0.730455] ff180000.serial: ttyS0 at MMIO 0xff180000 (irq = 87) is a rk29_serial.0
[    0.730648] serial ff180000.serial: membase e0972000
[    0.730800] ff690000.serial: ttyS2 at MMIO 0xff690000 (irq = 89) is a rk29_serial.2
[    0.732435] console [ttyS2] enabled
[    0.732625] serial ff690000.serial: membase fed60000
[    0.735387] loop: module loaded
[    0.735745] zram: Created 1 device(s) ...
[    0.735832] i2c-core: driver [mpu6050B1] using legacy suspend method
[    0.735845] i2c-core: driver [mpu6050B1] using legacy resume method
[    0.735864] mpu_init: Probe name mpu6050B1
[    0.736015] ak8963_mod_init: Probe name ak8963_mod
[    0.736692] SCSI Media Changer driver v0.25 
[    0.736998] tun: Universal TUN/TAP device driver, 1.6
[    0.737012] tun: (C) 1999-2004 Max Krasnyansky <maxk@qualcomm.com>
[    0.737163] vmac_init.
[    0.737717] stmmac_probe_config_dt: Can not read property: pmu_regulator.
[    0.737734] stmmac_probe_config_dt: clock input/output? (input).
[    0.737747] stmmac_probe_config_dt: TX delay(0x30).
[    0.737759] stmmac_probe_config_dt: RX delay(0x20).
[    0.737809] stmmac_probe_config_dt: is rockchip,rk3288-gmac
[    0.737820] stmmc_pltfr_init:
[    0.737829] stmmc_pltfr_init: ERROR: Get power-gpio failed.
[    0.737853] gmac_phy_reset: ERROR: Request pin stmmc_pltfr_init failed.
[    0.737864] stmmc_pltfr_init: init for RGMII
[    0.737876] tx delay=0x30
[    0.737876] rx delay=0x20
[    0.737893] tx delay=0x30
[    0.737893] rx delay=0x20
[    0.738370] stmmac - user ID: 0x10, Synopsys ID: 0x35
[    0.738381]  Normal descriptors
[    0.738391]  Ring mode enabled
[    0.738402]  DMA HW capability register supported
[    0.738414]  RX Checksum Offload Engine supported (type 2)
[    0.738425]  TX Checksum insertion supported
[    0.738434]  Wake-Up On Lan supported
[    0.738471]  Enable RX Mitigation via HW Watchdog Timer
[    0.738930] PPP generic driver version 2.4.2
[    0.739091] PPP BSD Compression module registered
[    0.739105] PPP Deflate Compression module registered
[    0.739127] PPP MPPE Compression module registered
[    0.739141] NET: Registered protocol family 24
[    0.739177] SLIP: version 0.8.4-NET3.019-NEWTTY (dynamic channels, max=256) (6 bit encapsulation enabled).
[    0.739191] CSLIP: code copyright 1989 Regents of the University of California.
[    0.739205] Rockchip WiFi SYS interface (V1.00) ... 
[    0.739242] esp_mem_init enter date Jul 27 2017 16:57:41
[    0.739253] esp_mem_init VERSION [V2.5]
[    0.739297] esp_mem_init complete 
[    0.739384] usbcore: registered new interface driver catc
[    0.739433] usbcore: registered new interface driver kaweth
[    0.739447] pegasus: v0.9.3 (2013/04/25), Pegasus/Pegasus II USB Ethernet driver
[    0.739489] usbcore: registered new interface driver pegasus
[    0.739530] usbcore: registered new interface driver rtl8150
[    0.739571] usbcore: registered new interface driver r8152
[    0.739583] hso: drivers/net/usb/hso.c: Option Wireless
[    0.739656] usbcore: registered new interface driver hso
[    0.739702] usbcore: registered new interface driver asix
[    0.739749] usbcore: registered new interface driver ax88179_178a
[    0.739790] usbcore: registered new interface driver cdc_ether
[    0.739831] usbcore: registered new interface driver cdc_eem
[    0.739869] usbcore: registered new interface driver dm9601
[    0.739909] usbcore: registered new interface driver dm9620
[    0.739958] usbcore: registered new interface driver smsc75xx
[    0.740012] usbcore: registered new interface driver smsc95xx
[    0.740055] usbcore: registered new interface driver gl620a
[    0.740096] usbcore: registered new interface driver net1080
[    0.740137] usbcore: registered new interface driver plusb
[    0.740179] usbcore: registered new interface driver rndis_host
[    0.740219] usbcore: registered new interface driver cdc_subset
[    0.740258] usbcore: registered new interface driver zaurus
[    0.740304] usbcore: registered new interface driver MOSCHIP usb-ethernet driver
[    0.740373] usbcore: registered new interface driver int51x1
[    0.740416] usbcore: registered new interface driver kalmia
[    0.740457] usbcore: registered new interface driver ipheth
[    0.740502] usbcore: registered new interface driver sierra_net
[    0.740543] usbcore: registered new interface driver cx82310_eth
[    0.740594] usbcore: registered new interface driver cdc_ncm
[    0.740641] usbcore: registered new interface driver qmi_wwan
[    0.740684] usbcore: registered new interface driver cdc_mbim
[    0.740697] ehci_hcd: USB 2.0 'Enhanced' Host Controller (EHCI) Driver
[    0.743127] EHCI: ehci_rk_probe e1540000 e1540010
[    0.743146] rockchip_ehci_host ff500000.usb: EHCI Host Controller
[    0.743177] rockchip_ehci_host ff500000.usb: new USB bus registered, assigned bus number 1
[    0.743532] rockchip_ehci_host ff500000.usb: irq 56, io mem 0xff500000
[    0.761454] rockchip_ehci_host ff500000.usb: USB 2.0 started, EHCI 1.00
[    0.761537] usb usb1: New USB device found, idVendor=1d6b, idProduct=0002
[    0.761556] usb usb1: New USB device strings: Mfr=3, Product=2, SerialNumber=1
[    0.761571] usb usb1: Product: EHCI Host Controller
[    0.761585] usb usb1: Manufacturer: Linux 3.10.0 ehci_hcd
[    0.761598] usb usb1: SerialNumber: ff500000.usb
[    0.762066] hub 1-0:1.0: USB hub found
[    0.762093] hub 1-0:1.0: 1 port detected
[    0.762274] EHCI: ehci_rk_probe ok
[    0.762381] ohci_hcd: USB 1.1 'Open' Host Controller (OHCI) Driver
[    0.762592] usbcore: registered new interface driver cdc_acm
[    0.762605] cdc_acm: USB Abstract Control Model driver for USB modems and ISDN adapters
[    0.762659] usbcore: registered new interface driver usblp
[    0.762702] usbcore: registered new interface driver cdc_wdm
[    0.762762] usbcore: registered new interface driver usb-storage
[    0.762802] usbcore: registered new interface driver ums-alauda
[    0.762841] usbcore: registered new interface driver ums-cypress
[    0.762886] usbcore: registered new interface driver ums-datafab
[    0.762925] usbcore: registered new interface driver ums_eneub6250
[    0.762965] usbcore: registered new interface driver ums-freecom
[    0.763004] usbcore: registered new interface driver ums-isd200
[    0.763042] usbcore: registered new interface driver ums-jumpshot
[    0.763080] usbcore: registered new interface driver ums-karma
[    0.763118] usbcore: registered new interface driver ums-onetouch
[    0.763158] usbcore: registered new interface driver ums-sddr09
[    0.763197] usbcore: registered new interface driver ums-sddr55
[    0.763237] usbcore: registered new interface driver ums-usbat
[    0.763331] usbcore: registered new interface driver usbserial
[    0.763374] usbcore: registered new interface driver usbserial_generic
[    0.763411] usbserial: USB Serial support registered for generic
[    0.763453] usbcore: registered new interface driver option
[    0.763483] usbserial: USB Serial support registered for GSM modem (1-port)
[    0.763558] usbcore: registered new interface driver trancevibrator
[    0.763571] usb20_otg: version 3.10a 21-DEC-2012
[    0.764011] e1580040
[    0.764027] Core Release: 3.10a
[    0.764043] Setting default values for core params
[    0.764169] Using Buffer DMA mode
[    0.764182] Periodic Transfer Interrupt Enhancement - disabled
[    0.764193] Multiprocessor Interrupt Enhancement - disabled
[    0.764206] OTG VER PARAM: 0, OTG VER FLAG: 0
[    0.764217] ^^^^^^^^^^^^^^^^^Device Mode
[    0.764232] Dedicated Tx FIFOs mode
[    0.764251] pcd_init otg_dev = dded1d80
[    0.862992] Using Buffer DMA mode
[    0.863008] Periodic Transfer Interrupt Enhancement - disabled
[    0.863020] Multiprocessor Interrupt Enhancement - disabled
[    0.863033] OTG VER PARAM: 0, OTG VER FLAG: 0
[    0.863044] ^^^^^^^^^^^^^^^^^Device Mode
[    0.863081] usb20_otg ff580000.usb: DWC OTG Controller
[    0.863112] usb20_otg ff580000.usb: new USB bus registered, assigned bus number 2
[    0.863147] usb20_otg ff580000.usb: irq 55, io mem 0x00000000
[    0.863205] usb usb2: New USB device found, idVendor=1d6b, idProduct=0002
[    0.863222] usb usb2: New USB device strings: Mfr=3, Product=2, SerialNumber=1
[    0.863237] usb usb2: Product: DWC OTG Controller
[    0.863250] usb usb2: Manufacturer: Linux 3.10.0 dwc_otg_hcd
[    0.863263] usb usb2: SerialNumber: ff580000.usb
[    0.863712] hub 2-0:1.0: USB hub found
[    0.863736] hub 2-0:1.0: 1 port detected
[    0.864030] usb20_host: version 3.10a 21-DEC-2012
[    0.866560] e1600040
[    0.866573] Core Release: 3.10a
[    0.866585] Setting default values for core params
[    0.866706] Using Buffer DMA mode
[    0.866719] Periodic Transfer Interrupt Enhancement - disabled
[    0.866730] Multiprocessor Interrupt Enhancement - disabled
[    0.866742] OTG VER PARAM: 0, OTG VER FLAG: 0
[    0.866753] ^^^^^^^^^^^^^^^^^^Host Mode
[    0.866782] usb20_host ff540000.usb: DWC OTG Controller
[    0.866808] usb20_host ff540000.usb: new USB bus registered, assigned bus number 3
[    0.866837] usb20_host ff540000.usb: irq 57, io mem 0x00000000
[    0.866930] Init: Power Port (0)
[    0.866986] usb usb3: New USB device found, idVendor=1d6b, idProduct=0002
[    0.867004] usb usb3: New USB device strings: Mfr=3, Product=2, SerialNumber=1
[    0.867019] usb usb3: Product: DWC OTG Controller
[    0.867032] usb usb3: Manufacturer: Linux 3.10.0 dwc_otg_hcd
[    0.867046] usb usb3: SerialNumber: ff540000.usb
[    0.867462] hub 3-0:1.0: USB hub found
[    0.867486] hub 3-0:1.0: 1 port detected
[    0.868215] usbcore: registered new interface driver xpad
[    0.868278] usbcore: registered new interface driver usb_acecad
[    0.868326] usbcore: registered new interface driver aiptek
[    0.868372] usbcore: registered new interface driver gtco
[    0.868418] usbcore: registered new interface driver hanwang
[    0.868464] usbcore: registered new interface driver kbtab
[    0.868524] usbcore: registered new interface driver wacom
[    0.868794] sensor_register_slave:mma8452,id=17
[    0.868809] sensor_register_slave:gs_mc3230,id=23
[    0.868819] gsensor_init
[    0.868829] sensor_register_slave:mpu6880_acc,id=24
[    0.868841] sensor_register_slave:mpu6500_acc,id=25
[    0.868852] sensor_register_slave:cm3217,id=48
[    0.868864] sensor_register_slave:cm3218,id=49
[    0.869081] .. rk pwm remotectl v1.1 init
[    0.869319] input: ff680000.pwm as /devices/ff680000.pwm/input/input0
[    0.871882] rtc_hym8563 0-0051: clock/calendar information is no longer guaranteed
[    0.874879] rtc_hym8563 0-0051: rtc core: registered hym8563 as rtc0
[    0.874938] i2c /dev entries driver
[    0.875642] IR NEC protocol handler initialized
[    0.875657] IR RC5(x) protocol handler initialized
[    0.875667] IR RC6 protocol handler initialized
[    0.875678] IR JVC protocol handler initialized
[    0.875688] IR Sony protocol handler initialized
[    0.875699] IR RC5 (streamzap) protocol handler initialized
[    0.875709] IR SANYO protocol handler initialized
[    0.875720] IR MCE Keyboard/mouse protocol handler initialized
[    0.875878] usbcore: registered new interface driver uvcvideo
[    0.875891] USB Video Class driver (1.1.1)
[    0.875904] CamSys driver version: v0.32.0,  CamSys head file version: v0.11.0
[    0.877347] D1:camsys_platform_probe(1300): 1-gpios-cifpower: gpio=236
[    0.877373] D1:camsys_platform_probe(1303): gpios-cifpower: gpio_request
[    0.877394] D1:camsys_platform_probe(1305): 1-gpios-cifpower: gpio_request=0
[    0.877417] D1:camsys_platform_probe(1314): gpios-cifpower: 236 high
[    0.877458] D1:camsys_mipiphy_probe_cb(115): compatible is rockchip,rk3288
[    0.877458] 
[    0.877532] D1:camsys_mipiphy_probe_cb(186): ff910000.isp mipi phy0 probe success(reg_phy: 0x0  reg_vir: 0x0  size: 0x0)
[    0.877685] D1:camsys_mipiphy_probe_cb(183): ff910000.isp mipi phy1 probe success(reg_phy: 0xff968000  reg_vir: 0xe14b8000  size: 0x4000)
[    0.878341] D1:camsys_platform_probe(1447): ff910000.isp memory:
[    0.878361] D1:camsys_platform_probe(1457):     Register memory (phy: 0xff910000 vir: 0xe1520000 size: 0x10000)
[    0.878379] D1:camsys_platform_probe(1452):     I2c memory (phy: 0x1de5f000 vir: 0xdde5f000 size: 0x1000)
[    0.878394] D1:camsys_init_ext_fsh_module(20): init external flash module
[    0.878408] D1:camsys_platform_probe(1472): Probe ff910000.isp device success 
[    0.878835] not find test_power_init dev node
[    0.878897] i2c-core: driver [bq27320] using legacy suspend method
[    0.878909] i2c-core: driver [bq27320] using legacy resume method
[    0.879229] rockchip_temp_probe,line=362
[    0.938570] tsadc ff280000.tsadc: initialized
[    0.938969] device-mapper: uevent: version 1.0.3
[    0.939250] device-mapper: ioctl: 4.24.0-ioctl (2013-01-15) initialised: dm-devel@redhat.com
[    0.939545] Bluetooth: HCI UART driver ver 2.2
[    0.939561] Bluetooth: HCI H4 protocol initialized
[    0.939572] Bluetooth: HCILL protocol initialized
[    0.939584] rtk_btusb: Realtek Bluetooth USB driver module init, version 2.21
[    0.939598] rtk_btusb: Register usb char device interface for BT driver
[    0.939782] usbcore: registered new interface driver rtk_btusb
[    0.940419] DVFS WARNING:	clk_enable_dvfs: clk(aclk_vio1) freq table all value are smaller than default(594000), use default, just enable dvfs
[    0.944518] cpufreq version 1.0, suspend freq 1200 MHz
[    0.944729] cpuidle: using governor ladder
[    0.944743] cpuidle: using governor menu
[    0.944779] Synopsys Designware Multimedia Card Interface Driver
[    0.944790] MHSC version = Ver 2.00 2015-06-10
[    0.945082] dw cru_regsbase addr 0x1d8.
[    0.945096] dw cru_reset_offset val 3.
[    0.945111] dwmmc_rockchip ff0f0000.rksdmmc: Version ID is 270a
[    0.945155] dwmmc_rockchip ff0f0000.rksdmmc: failed to get hpclk_mmc
[    0.945524] dwmmc_rockchip ff0f0000.rksdmmc: Using internal DMA controller.
[    0.945688] dw_mci_init_slot: fmin=400000, fmax=100000000 [mmc0]
[    0.945813] 1358..dw_mci_set_ios:  no card. [mmc0]
[    0.958287] 1358..dw_mci_set_ios:  no card. [mmc0]
[    0.958338] dwc_otg_hcd_suspend, usb device mode
[    0.977982] rk_sdmmc: BOOT dw_mci_setup_bus: argue clk_mmc workaround out 800000Hz for init[mmc0]
[    0.977998] dwmmc_rockchip ff0f0000.rksdmmc: DW MMC controller at irq 67, 32 bit host data width, 256 deep fifo
[    0.978009] dwmmc_rockchip ff0f0000.rksdmmc: 1 slots initialized
[    0.978311] dw cru_regsbase addr 0x1d8.
[    0.978325] dw cru_reset_offset val 0.
[    0.978339] dwmmc_rockchip ff0c0000.rksdmmc: Version ID is 270a
[    0.978378] dwmmc_rockchip ff0c0000.rksdmmc: failed to get hpclk_mmc
[    0.979150] dwmmc_rockchip ff0c0000.rksdmmc: Using internal DMA controller.
[    0.979312] dw_mci_init_slot: fmin=300000, fmax=50000000 [mmc1]
[    0.979568] 1358..dw_mci_set_ios:  no card. [mmc1]
[    0.997617] 1358..dw_mci_set_ios:  no card. [mmc1]
[    1.010053] mmc0: BKOPS_EN bit is not set
[    1.011934] rk_sdmmc: BOOT Bus speed=0Hz,Bus width=8bits.[mmc0]
[    1.014220] mmc_host mmc0: Bus speed (slot 0) = 100000000Hz (slot req 100000000Hz, actual 100000000HZ div = 0)
[    1.014244] rk_sdmmc: BOOT dw_mci_setup_bus: argue clk_mmc workaround out normal clock [mmc0]
[    1.014266] [mmc0] tuning regsbase addr 0x218.
[    1.014878] [mmc0] Data transmission error !!!!  MINTSTS: [0x00000088]
[    1.014888] [mmc0] host was already tuning, Don't need to retry tune again ignore 0.
[    1.014920] dwmmc_rockchip ff0f0000.rksdmmc: Tuning error: cmd.error:0, data.error:-84
[    1.014945] [mmc0] Data transmission error !!!!  MINTSTS: [0x00002000]
[    1.014954] [mmc0] host was already tuning, Don't need to retry tune again ignore 0.
[    1.014973] dwmmc_rockchip ff0f0000.rksdmmc: data FIFO error (status=00002000)
[    1.014999] dwmmc_rockchip ff0f0000.rksdmmc: Tuning error: cmd.error:0, data.error:-5
[    1.015248] dwmmc_rockchip ff0f0000.rksdmmc: Good phase range 0-180 (17 len)
[    1.015260] dwmmc_rockchip ff0f0000.rksdmmc: Good phase range 214-282 (7 len)
[    1.015271] dwmmc_rockchip ff0f0000.rksdmmc: Best phase range 0-180 (17 len)
[    1.015282] dwmmc_rockchip ff0f0000.rksdmmc: Successfully tuned phase to 90
[    1.015325] mmc0: new HS200 MMC card at address 0001
[    1.015598] mmcblk0: mmc0:0001 AGND3R 14.5 GiB 
[    1.015901]      uboot: 0x000400000 -- 0x000800000 (4 MB)
[    1.015914]       misc: 0x000800000 -- 0x000c00000 (4 MB)
[    1.015923]   resource: 0x000c00000 -- 0x001c00000 (16 MB)
[    1.015932]     kernel: 0x001c00000 -- 0x002c00000 (16 MB)
[    1.015941]       boot: 0x002c00000 -- 0x004c00000 (32 MB)
[    1.015949]   recovery: 0x004c00000 -- 0x006c00000 (32 MB)
[    1.015958]     backup: 0x006c00000 -- 0x00a000000 (52 MB)
[    1.015967]      cache: 0x00a000000 -- 0x012000000 (128 MB)
[    1.015975]     kpanic: 0x012000000 -- 0x012400000 (4 MB)
[    1.015984]     system: 0x012400000 -- 0x072400000 (1536 MB)
[    1.015992]   metadata: 0x072400000 -- 0x073400000 (16 MB)
[    1.016001] baseparamer: 0x073400000 -- 0x073800000 (4 MB)
[    1.016010]   userdata: 0x073800000 -- 0x0b3800000 (1024 MB)
[    1.016018] radical_update: 0x0b3800000 -- 0x0b7800000 (64 MB)
[    1.016027]       user: 0x0b7800000 -- 0x3a3a00000 (11970 MB)
[    1.016052]  mmcblk0: p1 p2 p3 p4 p5 p6 p7 p8 p9 p10 p11 p12 p13 p14 p15[    1.017334] dwmmc_rockchip ff0c0000.rksdmmc: DW MMC controller at irq 64, 32 bit host data width, 256 deep fifo
[    1.017350] dwmmc_rockchip ff0c0000.rksdmmc: 1 slots initialized
1358..dw_mci_set_ios:  no card. [mmc1]
[    1.017656] dw cru_regsbase addr 0x1d8.
[    1.017664] dw cru_reset_offset val 1.
[    1.017675] dwmmc_rockchip ff0d0000.rksdmmc: Version ID is 270a
[    1.017712] dwmmc_rockchip ff0d0000.rksdmmc: failed to get hpclk_mmc
[    1.017797] dwmmc_rockchip ff0d0000.rksdmmc: Platform data must supply bus speed
[    1.017807] ------------[ cut here ]------------
[    1.017828] WARNING: at drivers/clk/clk.c:842 clk_disable+0x18/0x24()
[    1.017836] Modules linked in:
[    1.017850] CPU: 1 PID: 1 Comm: swapper/0 Not tainted 3.10.0 #68
[    1.017883] [<c0013ec4>] (unwind_backtrace+0x0/0xe0) from [<c001176c>] (show_stack+0x10/0x14)
[    1.017902] [<c001176c>] (show_stack+0x10/0x14) from [<c0036988>] (warn_slowpath_common+0x4c/0x68)
[    1.017918] [<c0036988>] (warn_slowpath_common+0x4c/0x68) from [<c00369bc>] (warn_slowpath_null+0x18/0x1c)
[    1.017933] [<c00369bc>] (warn_slowpath_null+0x18/0x1c) from [<c059fdec>] (clk_disable+0x18/0x24)
[    1.017952] [<c059fdec>] (clk_disable+0x18/0x24) from [<c0560520>] (dw_mci_probe+0x55c/0x608)
[    1.017972] [<c0560520>] (dw_mci_probe+0x55c/0x608) from [<c03092fc>] (platform_drv_probe+0x14/0x18)
[    1.017989] [<c03092fc>] (platform_drv_probe+0x14/0x18) from [<c03080b4>] (really_probe+0xa8/0x20c)
[    1.018005] [<c03080b4>] (really_probe+0xa8/0x20c) from [<c0308310>] (driver_probe_device+0x30/0x48)
[    1.018019] [<c0308310>] (driver_probe_device+0x30/0x48) from [<c0308388>] (__driver_attach+0x60/0x84)
[    1.018034] [<c0308388>] (__driver_attach+0x60/0x84) from [<c0306b50>] (bus_for_each_dev+0x50/0x90)
[    1.018048] [<c0306b50>] (bus_for_each_dev+0x50/0x90) from [<c0307904>] (bus_add_driver+0xac/0x20c)
[    1.018061] [<c0307904>] (bus_add_driver+0xac/0x20c) from [<c0308874>] (driver_register+0x9c/0x138)
[    1.018076] [<c0308874>] (driver_register+0x9c/0x138) from [<c00086a4>] (do_one_initcall+0x34/0xc8)
[    1.018094] [<c00086a4>] (do_one_initcall+0x34/0xc8) from [<c0b04b28>] (do_initcalls+0x70/0xa0)
[    1.018107] [<c0b04b28>] (do_initcalls+0x70/0xa0) from [<c0b04be8>] (kernel_init_freeable+0x90/0x130)
[    1.018124] [<c0b04be8>] (kernel_init_freeable+0x90/0x130) from [<c07ca424>] (kernel_init+0x8/0xe4)
[    1.018143] [<c07ca424>] (kernel_init+0x8/0xe4) from [<c000da98>] (ret_from_fork+0x14/0x3c)
[    1.018173] ---[ end trace 3cabbd977b03ff1d ]---
[    1.018181] ------------[ cut here ]------------
[    1.018194] WARNING: at drivers/clk/clk.c:751 clk_unprepare+0x14/0x1c()
[    1.018201] Modules linked in:
[    1.018211] CPU: 1 PID: 1 Comm: swapper/0 Tainted: G        W    3.10.0 #68
[    1.018226] [<c0013ec4>] (unwind_backtrace+0x0/0xe0) from [<c001176c>] (show_stack+0x10/0x14)
[    1.018239] [<c001176c>] (show_stack+0x10/0x14) from [<c0036988>] (warn_slowpath_common+0x4c/0x68)
[    1.018253] [<c0036988>] (warn_slowpath_common+0x4c/0x68) from [<c00369bc>] (warn_slowpath_null+0x18/0x1c)
[    1.018267] [<c00369bc>] (warn_slowpath_null+0x18/0x1c) from [<c05a1110>] (clk_unprepare+0x14/0x1c)
[    1.018283] [<c05a1110>] (clk_unprepare+0x14/0x1c) from [<c0560528>] (dw_mci_probe+0x564/0x608)
[    1.018297] [<c0560528>] (dw_mci_probe+0x564/0x608) from [<c03092fc>] (platform_drv_probe+0x14/0x18)
[    1.018312] [<c03092fc>] (platform_drv_probe+0x14/0x18) from [<c03080b4>] (really_probe+0xa8/0x20c)
[    1.018326] [<c03080b4>] (really_probe+0xa8/0x20c) from [<c0308310>] (driver_probe_device+0x30/0x48)
[    1.018340] [<c0308310>] (driver_probe_device+0x30/0x48) from [<c0308388>] (__driver_attach+0x60/0x84)
[    1.018354] [<c0308388>] (__driver_attach+0x60/0x84) from [<c0306b50>] (bus_for_each_dev+0x50/0x90)
[    1.018368] [<c0306b50>] (bus_for_each_dev+0x50/0x90) from [<c0307904>] (bus_add_driver+0xac/0x20c)
[    1.018381] [<c0307904>] (bus_add_driver+0xac/0x20c) from [<c0308874>] (driver_register+0x9c/0x138)
[    1.018395] [<c0308874>] (driver_register+0x9c/0x138) from [<c00086a4>] (do_one_initcall+0x34/0xc8)
[    1.018407] [<c00086a4>] (do_one_initcall+0x34/0xc8) from [<c0b04b28>] (do_initcalls+0x70/0xa0)
[    1.018420] [<c0b04b28>] (do_initcalls+0x70/0xa0) from [<c0b04be8>] (kernel_init_freeable+0x90/0x130)
[    1.018432] [<c0b04be8>] (kernel_init_freeable+0x90/0x130) from [<c07ca424>] (kernel_init+0x8/0xe4)
[    1.018445] [<c07ca424>] (kernel_init+0x8/0xe4) from [<c000da98>] (ret_from_fork+0x14/0x3c)
[    1.018455] ---[ end trace 3cabbd977b03ff1e ]---
[    1.018743] leds-gpio leds.29: pins are not configured from the driver
[    1.018962] hidraw: raw HID events driver (C) Jiri Kosina
[    1.020441] usbcore: registered new interface driver usbhid
[    1.020452] usbhid: USB HID core driver
[    1.020589] ashmem: initialized
[    1.020711] logger: created 256K log 'log_main'
[    1.020811] logger: created 256K log 'log_events'
[    1.020909] logger: created 256K log 'log_radio'
[    1.021003] logger: created 256K log 'log_system'
[    1.022128] input: rk29-keypad as /devices/ff100000.adc/key.32/input/input1
[    1.022945] rockchip-pinctrl ff770000.pinctrl: pin gpio6-8 already requested by ff890000.rockchip-i2s; cannot claim for 2-0010
[    1.022961] rockchip-pinctrl ff770000.pinctrl: pin-200 (2-0010) status -22
[    1.022972] rockchip-pinctrl ff770000.pinctrl: could not request pin 200 on device rockchip-pinctrl
[    1.022984] ES8323 2-0010: Error applying setting, reverse things back
[    1.023275] es8323 probe i2c recv ok
[    1.024173] rockchip-spdif ff880000.rockchip-spdif: spdif ready.
[    1.024737] es8323_probe
[    1.024833] es8323_probe:register ISR (irq=194)
[    1.657236] ES8323 2-0010: ASoC: no dapm match for LINPUT1 --> NULL --> Left Line Mux
[    1.657248] ES8323 2-0010: ASoC: Failed to add route LINPUT1 -> NULL -> Left Line Mux
[    1.657257] ES8323 2-0010: ASoC: no dapm match for LINPUT2 --> NULL --> Left Line Mux
[    1.657266] ES8323 2-0010: ASoC: Failed to add route LINPUT2 -> NULL -> Left Line Mux
[    1.657274] ES8323 2-0010: ASoC: no dapm match for Left PGA Mux --> NULL --> Left Line Mux
[    1.657282] ES8323 2-0010: ASoC: Failed to add route Left PGA Mux -> NULL -> Left Line Mux
[    1.657291] ES8323 2-0010: ASoC: no dapm match for RINPUT1 --> NULL --> Right Line Mux
[    1.657298] ES8323 2-0010: ASoC: Failed to add route RINPUT1 -> NULL -> Right Line Mux
[    1.657306] ES8323 2-0010: ASoC: no dapm match for RINPUT2 --> NULL --> Right Line Mux
[    1.657313] ES8323 2-0010: ASoC: Failed to add route RINPUT2 -> NULL -> Right Line Mux
[    1.657321] ES8323 2-0010: ASoC: no dapm match for Right PGA Mux --> NULL --> Right Line Mux
[    1.657328] ES8323 2-0010: ASoC: Failed to add route Right PGA Mux -> NULL -> Right Line Mux
[    1.657336] ES8323 2-0010: ASoC: no dapm match for LINPUT1 --> LAMP --> Left PGA Mux
[    1.657343] ES8323 2-0010: ASoC: Failed to add route LINPUT1 -> LAMP -> Left PGA Mux
[    1.657351] ES8323 2-0010: ASoC: no dapm match for LINPUT2 --> LAMP --> Left PGA Mux
[    1.657357] ES8323 2-0010: ASoC: Failed to add route LINPUT2 -> LAMP -> Left PGA Mux
[    1.657365] ES8323 2-0010: ASoC: no dapm match for Differential Mux --> LAMP --> Left PGA Mux
[    1.657373] ES8323 2-0010: ASoC: Failed to add route Differential Mux -> LAMP -> Left PGA Mux
[    1.657381] ES8323 2-0010: ASoC: no dapm match for RINPUT1 --> RAMP --> Right PGA Mux
[    1.657388] ES8323 2-0010: ASoC: Failed to add route RINPUT1 -> RAMP -> Right PGA Mux
[    1.657396] ES8323 2-0010: ASoC: no dapm match for RINPUT2 --> RAMP --> Right PGA Mux
[    1.657403] ES8323 2-0010: ASoC: Failed to add route RINPUT2 -> RAMP -> Right PGA Mux
[    1.657411] ES8323 2-0010: ASoC: no dapm match for Differential Mux --> RAMP --> Right PGA Mux
[    1.657418] ES8323 2-0010: ASoC: Failed to add route Differential Mux -> RAMP -> Right PGA Mux
[    1.657427] ES8323 2-0010: ASoC: no dapm match for LINPUT1 --> LAMP --> Differential Mux
[    1.657434] ES8323 2-0010: ASoC: Failed to add route LINPUT1 -> LAMP -> Differential Mux
[    1.657442] ES8323 2-0010: ASoC: no dapm match for RINPUT1 --> RAMP --> Differential Mux
[    1.657449] ES8323 2-0010: ASoC: Failed to add route RINPUT1 -> RAMP -> Differential Mux
[    1.657457] ES8323 2-0010: ASoC: no dapm match for LINPUT2 --> LAMP --> Differential Mux
[    1.657464] ES8323 2-0010: ASoC: Failed to add route LINPUT2 -> LAMP -> Differential Mux
[    1.657473] ES8323 2-0010: ASoC: no dapm match for RINPUT2 --> RAMP --> Differential Mux
[    1.657479] ES8323 2-0010: ASoC: Failed to add route RINPUT2 -> RAMP -> Differential Mux
[    1.657497] ES8323 2-0010: ASoC: no dapm match for LINPUT1 --> LAMP --> Left Line Mux
[    1.657504] ES8323 2-0010: ASoC: Failed to add route LINPUT1 -> LAMP -> Left Line Mux
[    1.657512] ES8323 2-0010: ASoC: no dapm match for LINPUT2 --> LAMP --> Left Line Mux
[    1.657519] ES8323 2-0010: ASoC: Failed to add route LINPUT2 -> LAMP -> Left Line Mux
[    1.657527] ES8323 2-0010: ASoC: no dapm match for Left PGA Mux --> LAMP --> Left Line Mux
[    1.657534] ES8323 2-0010: ASoC: Failed to add route Left PGA Mux -> LAMP -> Left Line Mux
[    1.657542] ES8323 2-0010: ASoC: no dapm match for RINPUT1 --> RAMP --> Right Line Mux
[    1.657549] ES8323 2-0010: ASoC: Failed to add route RINPUT1 -> RAMP -> Right Line Mux
[    1.657557] ES8323 2-0010: ASoC: no dapm match for RINPUT2 --> RAMP --> Right Line Mux
[    1.657564] ES8323 2-0010: ASoC: Failed to add route RINPUT2 -> RAMP -> Right Line Mux
[    1.657572] ES8323 2-0010: ASoC: no dapm match for Right PGA Mux --> RAMP --> Right Line Mux
[    1.657579] ES8323 2-0010: ASoC: Failed to add route Right PGA Mux -> RAMP -> Right Line Mux
[    1.657715] ES8323 2-0010: ASoC: mux Right Line Mux has no paths
[    1.657726] ES8323 2-0010: ASoC: mux Left Line Mux has no paths
[    1.657736] ES8323 2-0010: ASoC: mux Right PGA Mux has no paths
[    1.657746] ES8323 2-0010: ASoC: mux Left PGA Mux has no paths
[    1.657772] ES8323 2-0010: ASoC: mux Differential Mux has no paths
[    1.663905] rockchip-es8323 rockchip-es8323.27:  ES8323 HiFi <-> ff890000.rockchip-i2s mapping ok
[    1.664533] u32 classifier
[    1.664541]     Actions configured
[    1.664552] Netfilter messages via NETLINK v0.30.
[    1.664602] nf_conntrack version 0.5.0 (16384 buckets, 65536 max)
[    1.664860] ctnetlink v0.93: registering with nfnetlink.
[    1.664922] NF_TPROXY: Transparent proxy support initialized, version 4.1.0
[    1.664929] NF_TPROXY: Copyright (c) 2006-2007 BalaBit IT Ltd.
[    1.665139] xt_time: kernel timezone is -0000
[    1.665296] ip_tables: (C) 2000-2006 Netfilter Core Team
[    1.665397] arp_tables: (C) 2002 David S. Miller
[    1.665432] TCP: cubic registered
[    1.665438] Initializing XFRM netlink socket
[    1.665589] NET: Registered protocol family 10
[    1.666008] mip6: Mobile IPv6
[    1.666029] ip6_tables: (C) 2000-2006 Netfilter Core Team
[    1.666117] sit: IPv6 over IPv4 tunneling driver
[    1.666381] NET: Registered protocol family 17
[    1.666404] NET: Registered protocol family 15
[    1.666444] Bridge firewalling registered
[    1.666454] Ebtables v2.0 registered
[    1.666596] Bluetooth: RFCOMM TTY layer initialized
[    1.666620] Bluetooth: RFCOMM socket layer initialized
[    1.666626] Bluetooth: RFCOMM ver 1.11
[    1.666633] Bluetooth: BNEP (Ethernet Emulation) ver 1.3
[    1.666638] Bluetooth: BNEP filters: protocol multicast
[    1.666647] Bluetooth: BNEP socket layer initialized
[    1.666653] Bluetooth: HIDP (Human Interface Emulation) ver 1.2
[    1.666662] Bluetooth: HIDP socket layer initialized
[    1.666684] l2tp_core: L2TP core driver, V2.0
[    1.666696] l2tp_ppp: PPPoL2TP kernel driver, V2.0
[    1.666724] [WLAN_RFKILL]: Enter rfkill_wlan_init
[    1.666900] [WLAN_RFKILL]: Enter rfkill_wlan_probe
[    1.666909] [WLAN_RFKILL]: can't find rockchip,grf property
[    1.666916] [WLAN_RFKILL]: wlan_platdata_parse_dt: wifi_chip_type = bcmwifi
[    1.666923] [WLAN_RFKILL]: wlan_platdata_parse_dt: enable wifi power control.
[    1.666930] [WLAN_RFKILL]: wlan_platdata_parse_dt: disable wifi io reference voltage control.
[    1.666937] [WLAN_RFKILL]: wlan_platdata_parse_dt: wifi power controled by gpio.
[    1.666954] [WLAN_RFKILL]: wlan_platdata_parse_dt: get property: WIFI,poweren_gpio = 156, flags = 0.
[    1.666972] [WLAN_RFKILL]: wlan_platdata_parse_dt: get property: WIFI,host_wake_irq = 158, flags = 0.
[    1.666978] [WLAN_RFKILL]: rfkill_wlan_probe: init gpio
[    1.667005] [WLAN_RFKILL]: rockchip_wifi_voltage_select: wifi & sdio reference voltage: 1.8V
[    1.667011] [WLAN_RFKILL]: Exit rfkill_wlan_probe
[    1.667051] [BT_RFKILL]: Enter rfkill_rk_init
[    1.667172] [BT_RFKILL]: bluetooth_platdata_parse_dt: get property: uart_rts_gpios = 147.
[    1.667185] [BT_RFKILL]: bluetooth_platdata_parse_dt: get property: BT,power_gpio = 155.
[    1.667197] [BT_RFKILL]: bluetooth_platdata_parse_dt: get property: BT,reset_gpio = 157.
[    1.667209] [BT_RFKILL]: bluetooth_platdata_parse_dt: get property: BT,wake_gpio = 154.
[    1.667220] [BT_RFKILL]: bluetooth_platdata_parse_dt: get property: BT,wake_host_irq = 159.
[    1.667262] [BT_RFKILL]: Request irq for bt wakeup host
[    1.667353] [BT_RFKILL]: ** disable irq
[    1.667421] [BT_RFKILL]: bt_default device registered.
[    1.667982] rk3288_init_suspend
[    1.667993] rk3288_suspend_init enter
[    1.668181] rk3288_suspend_init: pm_ctrbits =200007
[    1.668209] gpio_get_dts_info suspend:4
[    1.668215] gpio_get_dts_info resume:4
[    1.668220] rockchip,pmic-suspend_gpios:14007a10 0 0 0 0 0 0 0 0 0 0 0 0 0 0 0 0 0 0 0 
[    1.668244] rockchip,pmic-resume_gpios:2007a11 0 0 0 0 0 0 0 0 0 0 0 0 0 0 0 0 0 0 0 
[    1.668360] clks_gating_suspend_init:clkgt info ok
[    1.668441] Registering SWP/SWPB emulation handler
[    1.668747] ddrfreq: verion 1.2 20140526
[    1.668757] ddrfreq: normal 456MHz video_1080p 0MHz video_4k 456MHz dualview 0MHz idle 0MHz suspend 200MHz reboot 456MHz
[    1.668764] ddrfreq: auto-freq=0
[    1.668769] ddrfreq: auto-freq-table[0] 240MHz
[    1.668774] ddrfreq: auto-freq-table[1] 324MHz
[    1.668779] ddrfreq: auto-freq-table[2] 456MHz
[    1.668784] ddrfreq: auto-freq-table[3] 528MHz
[    1.683978] act_ldo3: operation not allowed
[    1.683985] vga_edid_probe: turn on ldo3 done.
[    1.684246] act_ldo4: operation not allowed
[    1.684252] vga_edid_probe: turn on ldo done.
[    1.684496] act_ldo2: operation not allowed
[    1.684501] vga_edid_probe: turn on ldo2 done.
[    1.684741] act_ldo8: operation not allowed
[    1.684747] vga_edid_probe: turn on ldo done.
[    1.689795] unable to read EDID block.
[    1.724343] unable to read EDID block.
[    1.758894] unable to read EDID block.
[    1.758903] vga-ddc: read and parse edid failed errno:-5.
[    1.758908] vga_edid_probe: success. 10 
[    1.759012] firefly_vga_get_enable 180, 0
[    1.759019] firefly_vga_get_status 186
[    1.759024] firefly_vga_set_enable 159 enable:1
[    1.759041] firefly_vga_enable 130 start
[    1.759048] firefly_switch_fb 55 
[    1.759056] switch:en=1,lcdc_id=0,screen type=1,cur type=1
[    1.759076] regulator-dummy: disabling
[    1.765334] pcd_pullup, is_on 0
[    1.765366] file system registered
[    1.765833] android_usb gadget: Mass Storage Function, version: 2009/09/11
[    1.765841] android_usb gadget: Number of LUNs=2
[    1.765847]  lun0: LUN: removable file: (no medium)
[    1.765853]  lun1: LUN: removable file: (no medium)
[    1.765983] android_usb gadget: android_usb ready
[    1.766051] sensor_init: Probe name sensors
[    1.766064] sensor-dev.c v1.4 add angle calculation support between two gsensors 2013-09-01
[    1.766583] rtc_hym8563 0-0051: setting system clock to 2011-01-01 12:00:00 UTC (1293883200)
[    1.772096] rockchip-spdif-card rockchip-spdif-card.25:  rk-hdmi-spdif-hifi <-> ff880000.rockchip-spdif mapping ok
[    1.772706] usbcore: registered new interface driver snd-usb-audio
[    1.772714] ALSA device list:
[    1.772719]   #0: RK_ES8323
[    1.772723]   #1: RK-SPDIF-CARD
[    1.773097] Freeing unused kernel memory: 352K (c0b04000 - c0b5c000)
[    1.954870] type=1403 audit(1293883200.680:2): policy loaded auid=4294967295 ses=4294967295
[    1.976458] init: invalid gid 'trace'
[    2.011150] rk_fb_switch_screen: wait update_regs_wait timeout
[    2.011235] rk3288-lcdc lcdc0: lcdc0: dclk:148500000>>fps:60 
[    2.011289] VGA ENABLE
[    2.055334] init: /dev/hw_random not found
[    2.055393] keychord: using input dev ff680000.pwm for fevent
[    2.055406] keychord: using input dev rk29-keypad for fevent
[    2.059445] init: /dev/hw_random not found
[    2.060234] fs_mgr: Running /sbin/resize2fs on /dev/block/platform/ff0f0000.rksdmmc/by-name/system
[    2.061141] resize2fs: resize2fs 1.42.9 (28-Dec-2013)resize2fs: The filesystem is already 393216 blocks long.  Nothing to do!resize2fs: 
[    2.063704] EXT4-fs (mmcblk0p10): Ignoring removed nomblk_io_submit option
[    2.071539] EXT4-fs (mmcblk0p10): mounted filesystem with ordered data mode. Opts: nomblk_io_submit,errors=remount-ro
[    2.071636] fs_mgr: check_fs(): mount(/dev/block/platform/ff0f0000.rksdmmc/by-name/system,/system,ext4)=0
[    2.072355] fs_mgr: Running /sbin/e2fsck on /dev/block/platform/ff0f0000.rksdmmc/by-name/system
[    2.077145] e2fsck: e2fsck 1.42.9 (28-Dec-2013)
[    2.077190] e2fsck: system: clean, 1879/82944 files, 114315/393216 blocks
[    2.080808] EXT4-fs (mmcblk0p10): mounted filesystem with ordered data mode. Opts: noauto_da_alloc
[    2.080876] fs_mgr: __mount(source=/dev/block/platform/ff0f0000.rksdmmc/by-name/system,target=/system,type=ext4)=0
[    2.087427] EXT4-fs (mmcblk0p8): recovery complete
[    2.087757] EXT4-fs (mmcblk0p8): mounted filesystem with ordered data mode. Opts: noauto_da_alloc,discard
[    2.087815] fs_mgr: __mount(source=/dev/block/platform/ff0f0000.rksdmmc/by-name/cache,target=/cache,type=ext4)=0
[    2.088143] EXT4-fs (mmcblk0p11): Ignoring removed nomblk_io_submit option
[    2.091615] EXT4-fs (mmcblk0p11): recovery complete
[    2.091635] EXT4-fs (mmcblk0p11): mounted filesystem with ordered data mode. Opts: nomblk_io_submit,errors=remount-ro
[    2.091697] fs_mgr: check_fs(): mount(/dev/block/platform/ff0f0000.rksdmmc/by-name/metadata,/metadata,ext4)=0
[    2.092334] fs_mgr: Running /sbin/e2fsck on /dev/block/platform/ff0f0000.rksdmmc/by-name/metadata
[    2.096459] e2fsck: e2fsck 1.42.9 (28-Dec-2013)
[    2.096495] e2fsck: /dev/block/platform/ff0f0000.rksdmmc/by-name/metadata: clean, 11/1024 files, 1102/4096 blocks
[    2.100307] EXT4-fs (mmcblk0p11): mounted filesystem with ordered data mode. Opts: noauto_da_alloc,discard
[    2.100375] fs_mgr: __mount(source=/dev/block/platform/ff0f0000.rksdmmc/by-name/metadata,target=/metadata,type=ext4)=0
[    2.100420] fs_mgr: Running /system/bin/fsck.f2fs -f /dev/block/platform/ff0f0000.rksdmmc/by-name/userdata
[    2.101309] fsck.f2fs: executing /system/bin/fsck.f2fs failed: No such file or directory
[    2.101349] fsck.f2fs: fsck.f2fs terminated by exit(255)
[    2.101605] fs_mgr: __mount(source=/dev/block/platform/ff0f0000.rksdmmc/by-name/userdata,target=/data,type=f2fs)=-1
[    2.101962] EXT4-fs (mmcblk0p13): Ignoring removed nomblk_io_submit option
[    2.199834] EXT4-fs (mmcblk0p13): recovery complete
[    2.200144] EXT4-fs (mmcblk0p13): mounted filesystem with ordered data mode. Opts: nomblk_io_submit,errors=remount-ro
[    2.200230] fs_mgr: check_fs(): mount(/dev/block/platform/ff0f0000.rksdmmc/by-name/userdata,/data,ext4)=0
[    2.202328] fs_mgr: Running /sbin/e2fsck on /dev/block/platform/ff0f0000.rksdmmc/by-name/userdata
[    2.206884] e2fsck: e2fsck 1.42.9 (28-Dec-2013)
[    2.206922] e2fsck: /dev/block/platform/ff0f0000.rksdmmc/by-name/userdata: clean, 1708/65536 files, 32759/262144 blocks
[    2.210803] EXT4-fs (mmcblk0p13): mounted filesystem with ordered data mode. Opts: noauto_da_alloc,discard,errors=panic
[    2.210872] fs_mgr: __mount(source=/dev/block/platform/ff0f0000.rksdmmc/by-name/userdata,target=/data,type=ext4)=0
[    2.210904] fs_mgr: mount_with_alternatives(): Mounted /dev/block/platform/ff0f0000.rksdmmc/by-name/userdata on /data with fs_type=ext4 instead of f2fs
[    2.223967] arm_release_ver of this mali_ko is 'r5p0-06rel0', rk_ko_ver is '12', built at '12:02:29', on 'Jul  6 2015'.
[    2.224059] mali ffa30000.gpu: Continuing without Mali clock control
[    2.224147] mali pd enabled
[    2.224163] clk enabled
[    2.224176] MALI_DVFS_STEP=4,div_dvfs=10
[    2.224187] mali_dvfs_infotbl[0].clock=198000,min_threshold=0,max_threshold=70
[    2.224197] mali_dvfs_infotbl[1].clock=297000,min_threshold=70,max_threshold=80
[    2.224207] mali_dvfs_infotbl[2].clock=417000,min_threshold=80,max_threshold=90
[    2.224216] mali_dvfs_infotbl[3].clock=480000,min_threshold=94,max_threshold=100
[    2.224308] turn on mali power
[    2.224322] kbase_platform_rk_init,register_reboot_notifier
[    2.224344] mali ffa30000.gpu: GPU identified as 0x0750 r0p0 status 1
[    2.224755] mali ffa30000.gpu: Probed as mali0
[    2.227343] rk29_ipp: version magic '3.0.8+ SMP preempt mod_unload ARMv7 ' should be '3.10.0 SMP preempt mod_unload ARMv7 p2v8 '
[    2.227984] rk29_ipp: version magic '3.0.36+ SMP preempt mod_unload ARMv7 ' should be '3.10.0 SMP preempt mod_unload ARMv7 p2v8 '
[    2.228590] rk29_ipp: version magic '3.0.101+ SMP preempt mod_unload ARMv7 ' should be '3.10.0 SMP preempt mod_unload ARMv7 p2v8 '
[    2.229356] zram0: detected capacity change from 0 to 533413888
[    2.275822] Adding 520908k swap on /dev/block/zram0.  Priority:-1 extents:1 across:520908k SS
[    2.304856] EXT4-fs (mmcblk0p13): Unrecognized mount option "background_gc=on" or missing value
[    2.313111] bat_cap: oldcap path is /sys/devices/ff100000.adc
[    2.313168] bat_cap: oldcap_path no exist
[    2.313343] binder: 148:148 transaction failed 29189, size 0-0
[    2.313890] init: Warning!  Service displayd needs a SELinux domain defined; please fix!
[    2.317800] init: property 'ro.serialno' doesn't exist while expanding '${ro.serialno}'
[    2.317828] init: cannot expand '${ro.serialno}' while writing to '/sys/class/android_usb/android0/iSerial'
[    2.318046] init: using deprecated syntax for specifying property 'ro.product.usbfactory', use ${name} instead
[    2.318504] rtk_btusb: btchr_open: BT usb char device is opening
[    2.318521] rtk_btusb: btchr_open: Failed to get hci dev[NULL]
[    2.318540] rtk_btusb: btchr_open: BT usb char device is opening
[    2.318550] rtk_btusb: btchr_open: Failed to get hci dev[NULL]
[    2.318572] rtk_btusb: btchr_open: BT usb char device is opening
[    2.318583] rtk_btusb: btchr_open: Failed to get hci dev[NULL]
[    2.318597] rtk_btusb: btchr_open: BT usb char device is opening
[    2.318607] rtk_btusb: btchr_open: Failed to get hci dev[NULL]
[    2.330319] init: cannot find '/system/bin/debuggerd64', disabling 'debuggerd64'
[    2.331884] init: cannot find '/system/bin/install-recovery.sh', disabling 'flash_recovery'
[    2.332394] init: cannot find '/system/bin/bplus_helper', disabling 'bplus_helper'
[    2.332613] init: Warning!  Service drmservice needs a SELinux domain defined; please fix!
[    2.332853] init: cannot find '/system/bin/akmd', disabling 'akmd'
[    2.334456] android_usb: already disabled
[    2.337230] read descriptors
[    2.337247] read strings
[    2.337282] pcd_pullup, is_on 1
[    2.655396] firefly_vga_get_enable 180, 1
[    2.655479] firefly_vga_get_status 186
[    2.661856] logd.auditd: start
[    2.732002] firefly_vga_set_mode 203
[    2.732101] firefly_vga_set_enable 159 enable:1
[    2.739288] EHCI: rk_ehci_hcd_enable, disable host controller
[    2.837689] dwc_otg_hcd_enable, enable host controller
[    2.947084] Using Buffer DMA mode
[    2.947097] Periodic Transfer Interrupt Enhancement - disabled
[    2.947102] Multiprocessor Interrupt Enhancement - disabled
[    2.947108] OTG VER PARAM: 0, OTG VER FLAG: 0
[    2.947113] ^^^^^^^^^^^^^^^^^^Host Mode
[    2.995226] Init: Power Port (0)
[    2.995273] ff540000.usb resume, HPRT0:0x21401
[    3.132943] Indeed it is in host mode hprt0 = 00021501
[    3.182733] rk3288-lcdc lcdc0: blank mode:0
[    3.297941] healthd: No charger supplies found
[    3.297957] healthd: No battery devices found
[    3.310030] usb 3-1: new high-speed USB device number 2 using usb20_host
[    3.310122] Indeed it is in host mode hprt0 = 00001101
[    3.507052] usb 3-1: New USB device found, idVendor=1a40, idProduct=0101
[    3.507065] usb 3-1: New USB device strings: Mfr=0, Product=1, SerialNumber=0
[    3.507072] usb 3-1: Product: USB 2.0 Hub [MTT]
[    3.507564] hub 3-1:1.0: USB hub found
[    3.507636] hub 3-1:1.0: 4 ports detected
[    3.782397] usb 3-1.4: new high-speed USB device number 3 using usb20_host
[    3.911552] usb 3-1.4: New USB device found, idVendor=090c, idProduct=1000
[    3.911566] usb 3-1.4: New USB device strings: Mfr=1, Product=2, SerialNumber=0
[    3.911573] usb 3-1.4: Product: Flash Disk
[    3.911579] usb 3-1.4: Manufacturer: USB
[    3.912164] usb-storage 3-1.4:1.0: USB Mass Storage device detected
[    3.912553] scsi0 : usb-storage 3-1.4:1.0
[    4.351307] warning: `system_server' uses 32-bit capabilities (legacy support in use)
[    5.138164] scsi 0:0:0:0: Direct-Access     USB      Flash Disk       1100 PQ: 0 ANSI: 4
[    5.138962] sd 0:0:0:0: Attached scsi generic sg0 type 0
[    5.140932] sd 0:0:0:0: [sda] 15974400 512-byte logical blocks: (8.17 GB/7.61 GiB)
[    5.141994] sd 0:0:0:0: [sda] Write Protect is off
[    5.143025] sd 0:0:0:0: [sda] Write cache: enabled, read cache: enabled, doesn't support DPO or FUA
[    5.150537]  sda: sda4
[    5.155938] sd 0:0:0:0: [sda] Attached SCSI removable disk
[    5.802911] D1:camsys_mipiphy_clkin_cb(34): camsys_marvin mipi phy clk in turn on
[    5.802923] D1:camsys_mipiphy_clkin_cb(34): camsys_marvin mipi phy clk in turn on
[    5.802931] D1:camsys_open(739): camsys_marvin(ddeb5710) is opened!
[    5.803010] D1:camsys_extdev_register(243): Get RK30_PIN2_PB6(78) gpio(active: 0) for dev_id 0x2000000 success!
[    5.803021] D1:camsys_extdev_register(243): Get RK30_PIN2_PB7(79) gpio(active: 0) for dev_id 0x2000000 success!
[    5.803031] D1:camsys_extdev_register(243): Get RK30_PIN0_PB3(11) gpio(active: 1) for dev_id 0x2000000 success!
[    5.803057] rockchip_gpio_request:GPIO7-13
[    5.803066] rockchip_gpio_set:GPIO7-13 level = 1
[    5.803073] rockchip_gpio_direction_output:set GPIO7-13 level 1
[    5.803081] rk32_iomux_bit_op:GPIO7-13,reg=0x70,data=0xc000000,result=0x0
[    5.803089] rockchip_pmx_gpio_set_direction:gpio_direction for pin 237 as gpio7-13 to output,data=0x7600,result=0x7600
[    5.803096] D1:camsys_mrv_iomux_cb(90): marvin pinctrl select: isp_mipi_fl
[    5.803115] D1:camsys_extdev_register(268): Extdev(dev_id: 0x2000000  dev_name: OV13850) register success
[    5.808151] D1:camsys_mrv_clkin_cb(350): camsys_marvin clock(f: 210000000 Hz) in turn on
[    5.808160] D1:camsys_rk3288_cfg(267): Isp_SoftRst: 1
[    5.808264] D1:camsys_rk3288_cfg(267): Isp_SoftRst: 0
[    5.808289] D1:camsys_mrv_clkout_cb(392): camsys_marvin clock out(rate: 24000000Hz) turn on
[    5.809357] D1:camsys_sysctl_extdev(360): Sysctl 11 success, gpio(11) set 1
[    5.810431] D1:camsys_sysctl_extdev(364): Sysctl 8 success, gpio(79) set 1
[    5.811488] D1:camsys_sysctl_extdev(364): Sysctl 7 success, gpio(78) set 1
[    5.814696] E:camsys_i2c_write(78): i2c write dev(addr:0x20) failed!
[    5.815877] E:camsys_i2c_write(78): i2c write dev(addr:0x6c) failed!
[    5.815938] D1:camsys_sysctl_extdev(360): Sysctl 7 success, gpio(78) set 0
[    5.815949] D1:camsys_sysctl_extdev(360): Sysctl 8 success, gpio(79) set 0
[    5.815959] D1:camsys_sysctl_extdev(364): Sysctl 11 success, gpio(11) set 0
[    5.817030] D1:camsys_mrv_clkin_cb(374): camsys_marvin clock in turn off
[    5.817052] D1:camsys_mrv_clkout_cb(404): camsys_marvin clock out turn off
[    5.819094] D1:camsys_extdev_deregister(331): Extdev(dev_id: 0x2000000) is deregister success
[    5.819105] D1:camsys_irq_disconnect(664): All thread disconnect camsys_marvin irq success!
[    5.819113] D1:camsys_mipiphy_clkin_cb(36): camsys_marvin mipi phy clk in turn off
[    5.819120] D1:camsys_mipiphy_clkin_cb(36): camsys_marvin mipi phy clk in turn off
[    5.819127] D1:camsys_release(763): camsys_marvin(ddeb5710) is closed
[    5.820621] type=1400 audit(1293883204.610:3): avc: denied { execute } for pid=486 comm="mediaserver" name="sh" dev="mmcblk0p10" ino=320 scontext=u:r:mediaserver:s0 tcontext=u:object_r:shell_exec:s0 tclass=file permissive=1
[    5.820803] type=1400 audit(1293883204.610:4): avc: denied { read open } for pid=486 comm="mediaserver" path="/system/bin/sh" dev="mmcblk0p10" ino=320 scontext=u:r:mediaserver:s0 tcontext=u:object_r:shell_exec:s0 tclass=file permissive=1
[    5.820915] type=1400 audit(1293883204.610:5): avc: denied { execute_no_trans } for pid=486 comm="mediaserver" path="/system/bin/sh" dev="mmcblk0p10" ino=320 scontext=u:r:mediaserver:s0 tcontext=u:object_r:shell_exec:s0 tclass=file permissive=1
[    5.822594] type=1400 audit(1293883204.610:6): avc: denied { getattr } for pid=486 comm="sh" path="/system/bin/toolbox" dev="mmcblk0p10" ino=334 scontext=u:r:mediaserver:s0 tcontext=u:object_r:toolbox_exec:s0 tclass=file permissive=1
[    5.822703] type=1400 audit(1293883204.610:7): avc: denied { execute } for pid=486 comm="sh" name="toolbox" dev="mmcblk0p10" ino=334 scontext=u:r:mediaserver:s0 tcontext=u:object_r:toolbox_exec:s0 tclass=file permissive=1
[    5.822778] type=1400 audit(1293883204.610:8): avc: denied { read open } for pid=486 comm="sh" path="/system/bin/toolbox" dev="mmcblk0p10" ino=334 scontext=u:r:mediaserver:s0 tcontext=u:object_r:toolbox_exec:s0 tclass=file permissive=1
[    5.822843] type=1400 audit(1293883204.610:9): avc: denied { execute_no_trans } for pid=486 comm="sh" path="/system/bin/toolbox" dev="mmcblk0p10" ino=334 scontext=u:r:mediaserver:s0 tcontext=u:object_r:toolbox_exec:s0 tclass=file permissive=1
shell@firefly-rk3288:/ $ [    8.662977] [otg id chg] last id -1 current id 1
[    8.899583] es8323_mic_state_ctrl read: 0
[    8.899599] mic_state_switch 0
[    8.899606] hp_det = 0,insert hp
[    8.899610] hp mic use intern
[   10.268445] healthd: battery none chg=
[   10.619824] lowmemorykiller: lowmem_shrink: convert oom_adj to oom_score_adj:
[   10.619844] lowmemorykiller: oom_adj 0 => oom_score_adj 0
[   10.619851] lowmemorykiller: oom_adj 1 => oom_score_adj 58
[   10.619858] lowmemorykiller: oom_adj 2 => oom_score_adj 117
[   10.619864] lowmemorykiller: oom_adj 3 => oom_score_adj 176
[   10.619871] lowmemorykiller: oom_adj 9 => oom_score_adj 529
[   10.619877] lowmemorykiller: oom_adj 15 => oom_score_adj 1000
[   11.426238] acc_open
[   11.426266] acc_release
[   11.625026] phy_power_on: enable = 1 
[   11.664429] Read the Ethernet MAC address from IDB:00:00:00:00:00:00
[   11.664469] eth0: device MAC address 76:8d:5c:b7:50:74
[   11.668523] libphy: stmmac: probed
[   11.668538] eth0: PHY ID 001cc915 at 0 IRQ 0 (stmmac-0:00) active
[   11.668546] eth0: PHY ID 001cc915 at 1 IRQ 0 (stmmac-0:01) active
[   12.065149] dwc_otg_hcd_resume, usb device mode
[   12.065304] dwc_otg_hcd_suspend, usb device mode
[   12.551280] FAT-fs (mmcblk0p15): Volume was not properly unmounted. Some data may be corrupt. Please run fsck.
[   12.584417] init: no such service 'fuse_internal_sd'
[   12.616675] FAT-fs (sda4): Volume was not properly unmounted. Some data may be corrupt. Please run fsck.
[   13.491929] pm policy 0 -> 1
[   14.717287] D1:camsys_mipiphy_clkin_cb(34): camsys_marvin mipi phy clk in turn on
[   14.717309] D1:camsys_mipiphy_clkin_cb(34): camsys_marvin mipi phy clk in turn on
[   14.717317] D1:camsys_open(739): camsys_marvin(ddeb5710) is opened!
[   14.717386] D1:camsys_extdev_register(243): Get RK30_PIN2_PB6(78) gpio(active: 0) for dev_id 0x2000000 success!
[   14.717399] D1:camsys_extdev_register(243): Get RK30_PIN2_PB7(79) gpio(active: 0) for dev_id 0x2000000 success!
[   14.717409] D1:camsys_extdev_register(243): Get RK30_PIN0_PB3(11) gpio(active: 1) for dev_id 0x2000000 success!
[   14.717442] rockchip_gpio_set:GPIO7-13 level = 1
[   14.717448] rockchip_gpio_direction_output:set GPIO7-13 level 1
[   14.717457] rk32_iomux_bit_op:GPIO7-13,reg=0x70,data=0xc000000,result=0x0
[   14.717465] rockchip_pmx_gpio_set_direction:gpio_direction for pin 237 as gpio7-13 to output,data=0x7600,result=0x7600
[   14.717473] D1:camsys_mrv_iomux_cb(90): marvin pinctrl select: isp_mipi_fl
[   14.717486] D1:camsys_extdev_register(268): Extdev(dev_id: 0x2000000  dev_name: OV13850) register success
[   14.722527] D1:camsys_mrv_clkin_cb(350): camsys_marvin clock(f: 210000000 Hz) in turn on
[   14.722537] D1:camsys_rk3288_cfg(267): Isp_SoftRst: 1
[   14.722641] D1:camsys_rk3288_cfg(267): Isp_SoftRst: 0
[   14.722668] D1:camsys_mrv_clkout_cb(392): camsys_marvin clock out(rate: 24000000Hz) turn on
[   14.723731] D1:camsys_sysctl_extdev(360): Sysctl 11 success, gpio(11) set 1
[   14.724791] D1:camsys_sysctl_extdev(364): Sysctl 8 success, gpio(79) set 1
[   14.725849] D1:camsys_sysctl_extdev(364): Sysctl 7 success, gpio(78) set 1
[   14.729062] E:camsys_i2c_write(78): i2c write dev(addr:0x20) failed!
[   14.730239] E:camsys_i2c_write(78): i2c write dev(addr:0x6c) failed!
[   14.730308] D1:camsys_sysctl_extdev(360): Sysctl 7 success, gpio(78) set 0
[   14.730320] D1:camsys_sysctl_extdev(360): Sysctl 8 success, gpio(79) set 0
[   14.730330] D1:camsys_sysctl_extdev(364): Sysctl 11 success, gpio(11) set 0
[   14.731403] D1:camsys_mrv_clkin_cb(374): camsys_marvin clock in turn off
[   14.731431] D1:camsys_mrv_clkout_cb(404): camsys_marvin clock out turn off
[   14.733474] D1:camsys_extdev_deregister(331): Extdev(dev_id: 0x2000000) is deregister success
[   14.733487] D1:camsys_irq_disconnect(664): All thread disconnect camsys_marvin irq success!
[   14.733496] D1:camsys_mipiphy_clkin_cb(36): camsys_marvin mipi phy clk in turn off
[   14.733506] D1:camsys_mipiphy_clkin_cb(36): camsys_marvin mipi phy clk in turn off
[   14.733513] D1:camsys_release(763): camsys_marvin(ddeb5710) is closed
[   14.736512] D1:camsys_mipiphy_clkin_cb(34): camsys_marvin mipi phy clk in turn on
[   14.736523] D1:camsys_mipiphy_clkin_cb(34): camsys_marvin mipi phy clk in turn on
[   14.736530] D1:camsys_open(739): camsys_marvin(ddeb5710) is opened!
[   14.736598] E:camsys_extdev_register(197): register ext flash Internal failed!
[   14.736615] D1:camsys_irq_disconnect(664): All thread disconnect camsys_marvin irq success!
[   14.736624] D1:camsys_mipiphy_clkin_cb(36): camsys_marvin mipi phy clk in turn off
[   14.736629] D1:camsys_mipiphy_clkin_cb(36): camsys_marvin mipi phy clk in turn off
[   14.736636] D1:camsys_release(763): camsys_marvin(ddeb5710) is closed
[   15.188024] type=1400 audit(1293883214.130:10): avc: denied { write } for pid=958 comm="chip.devicetest" name="force_usb_mode" dev="sysfs" ino=12240 scontext=u:r:system_app:s0 tcontext=u:object_r:sysfs:s0 tclass=file permissive=1
[   15.212805] force_usb_mode_store 2->1
[   15.314805] Using Buffer DMA mode
[   15.314822] Periodic Transfer Interrupt Enhancement - disabled
[   15.314828] Multiprocessor Interrupt Enhancement - disabled
[   15.314834] OTG VER PARAM: 0, OTG VER FLAG: 0
[   15.314839] ^^^^^^^^^^^^^^^^^^Host Mode
[   15.324740] Init: Power Port (0)
[   15.324753] rk_battery_charger_detect_cb , battery_charger_detect 5
[   15.324975] ff580000.usb resume, HPRT0:0x1000
[   15.325027] ff580000.usb suspend, HPRT0:0x1000
[   15.425289] rk_battery_charger_detect_cb , battery_charger_detect 1
[   15.469222] type=1400 audit(1293883214.410:11): avc: denied { execute } for pid=1013 comm="chip.devicetest" name="toolbox" dev="mmcblk0p10" ino=334 scontext=u:r:system_app:s0 tcontext=u:object_r:toolbox_exec:s0 tclass=file permissive=1
[   15.469574] type=1400 audit(1293883214.410:12): avc: denied { read open } for pid=1013 comm="chip.devicetest" path="/system/bin/toolbox" dev="mmcblk0p10" ino=334 scontext=u:r:system_app:s0 tcontext=u:object_r:toolbox_exec:s0 tclass=file permissive=1
[   15.469801] type=1400 audit(1293883214.410:13): avc: denied { execute_no_trans } for pid=1013 comm="chip.devicetest" path="/system/bin/toolbox" dev="mmcblk0p10" ino=334 scontext=u:r:system_app:s0 tcontext=u:object_r:toolbox_exec:s0 tclass=file permissive=1
[   15.734327] force_usb_mode_store 1->2
[   15.734350] PortPower off
[   15.734357] rk_battery_charger_detect_cb , battery_charger_detect 6
[   15.932207] Using Buffer DMA mode
[   15.932221] Periodic Transfer Interrupt Enhancement - disabled
[   15.932226] Multiprocessor Interrupt Enhancement - disabled
[   15.932232] OTG VER PARAM: 0, OTG VER FLAG: 0
[   15.932237] ^^^^^^^^^^^^^^^^^Device Mode
[   16.220119] rk_battery_charger_detect_cb , battery_charger_detect 0
[   17.034034] force_usb_mode_store 2->1
[   17.132524] Using Buffer DMA mode
[   17.132549] Periodic Transfer Interrupt Enhancement - disabled
[   17.132558] Multiprocessor Interrupt Enhancement - disabled
[   17.132567] OTG VER PARAM: 0, OTG VER FLAG: 0
[   17.132574] ^^^^^^^^^^^^^^^^^^Host Mode
[   17.174651] Init: Power Port (0)
[   17.174670] rk_battery_charger_detect_cb , battery_charger_detect 5
[   17.174709] ff580000.usb resume, HPRT0:0x1000
[   17.174771] ff580000.usb suspend, HPRT0:0x1000
[   17.275198] rk_battery_charger_detect_cb , battery_charger_detect 1

shell@firefly-rk3288:/ $ 
shell@firefly-rk3288:/ $ 
shell@firefly-rk3288:/ $ 
shell@firefly-rk3288:/ $ su
shell@firefly-rk3288:/ # [   19.851701] type=1400 audit(1293883218.870:14): avc: denied { setattr } for pid=1272 comm="chmod" name="tmp" dev="mmcblk0p13" ino=8194 scontext=u:r:untrusted_app:s0 tcontext=u:object_r:shell_data_file:s0 tclass=dir permissive=1

shell@firefly-rk3288:/ # 
shell@firefly-rk3288:/ # 
shell@firefly-rk3288:/ # [   19.867092] type=1400 audit(1293883218.880:15): avc: denied { setattr } for pid=1274 comm="chmod" name=".udid" dev="mmcblk0p13" ino=8766 scontext=u:r:untrusted_app:s0 tcontext=u:object_r:shell_data_file:s0 tclass=file permissive=1
[   20.226319] force_usb_mode_store 1->2
[   20.226348] PortPower off
[   20.226354] rk_battery_charger_detect_cb , battery_charger_detect 6
[   20.424207] Using Buffer DMA mode
[   20.424229] Periodic Transfer Interrupt Enhancement - disabled
[   20.424235] Multiprocessor Interrupt Enhancement - disabled
[   20.424244] OTG VER PARAM: 0, OTG VER FLAG: 0
[   20.424250] ^^^^^^^^^^^^^^^^^Device Mode
[   20.717023] rk_battery_charger_detect_cb , battery_charger_detect 0
[   21.145697] type=1400 audit(1293883220.180:16): avc: denied { write } for pid=1356 comm="Thread-160" name="USB_DISK2" dev="tmpfs" ino=2572 scontext=u:r:untrusted_app:s0 tcontext=u:object_r:tmpfs:s0 tclass=dir permissive=1
[   21.145937] type=1400 audit(1293883220.180:17): avc: denied { add_name } for pid=1356 comm="Thread-160" name=".1293883220193" scontext=u:r:untrusted_app:s0 tcontext=u:object_r:tmpfs:s0 tclass=dir permissive=1
[   21.146019] type=1400 audit(1293883220.180:18): avc: denied { create } for pid=1356 comm="Thread-160" name=".1293883220193" scontext=u:r:untrusted_app:s0 tcontext=u:object_r:tmpfs:s0 tclass=dir permissive=1
[   21.152946] type=1400 audit(1293883220.180:19): avc: denied { remove_name } for pid=1356 comm="Thread-160" name=".1293883220193" dev="tmpfs" ino=12180 scontext=u:r:untrusted_app:s0 tcontext=u:object_r:tmpfs:s0 tclass=dir permissive=1
[   21.153124] type=1400 audit(1293883220.190:20): avc: denied { rmdir } for pid=1356 comm="Thread-160" name=".1293883220193" dev="tmpfs" ino=12180 scontext=u:r:untrusted_app:s0 tcontext=u:object_r:tmpfs:s0 tclass=dir permissive=1

shell@firefly-rk3288:/ # 
shell@firefly-rk3288:/ # 
shell@firefly-rk3288:/ # 
shell@firefly-rk3288:/ # insmod /system/lib/modules/bcmdhd.ko firmware_path=/dnsmod /system/lib/modules/bcmdhd.ko firmware_path=/d                          <ata/6212/fw_bcm43438a0.bin/bcmdhd.ko firmware_path=/data/6212/fw_bcm43438a0.bin                         < nvram_path=/data/6212/nv/data/6212/fw_bcm43438a0.bin nvram_path=/data/6212/nv                         <ram_ap6212.txt
[   23.824536] dhd_module_init: in Dongle Host Driver, version 1.579.77.41.7 (r)
[   23.824582] ======== dhd_wlan_init_plat_data ========
[   23.824589] [WLAN_RFKILL]: rockchip_wifi_get_oob_irq: Enter
[   23.824614] dhd_wlan_init_gpio: host_oob_irq: 196
[   23.824621] dhd_wlan_init_gpio: WL_REG_ON=-1, WL_HOST_WAKE=-1
[   23.824627] dhd_wlan_init_gpio: oob_irq=196, oob_irq_flags=0x4
[   23.824632] dhd_wifi_platform_load: Enter
[   23.824652] Power-up adapter 'DHD generic adapter'
[   23.825014] wifi_platform_set_power = 1
[   23.825024] ======== PULL WL_REG_ON(-1) HIGH! ========
[   24.121637] wifi_platform_bus_enumerate device present 1
[   24.121663] ======== Card detection to detect SDIO card! ========
[   24.121671] mmc1:mmc host rescan start!
[   24.338113] rk_sdmmc: BOOT dw_mci_setup_bus: argue clk_mmc workaround out 800000Hz for init[mmc1]
[   24.387325] mmc_host mmc1: Bus speed (slot 0) = 24000000Hz (slot req 300000Hz, actual 300000HZ div = 40)
[   24.387355] rk_sdmmc: BOOT dw_mci_setup_bus: argue clk_mmc workaround out 600000Hz for init[mmc1]
[   26.089861] failed to power up DHD generic adapter, 3 retry left
[   26.106713] wifi_platform_set_power = 0
[   26.106843] ======== PULL WL_REG_ON(-1) LOW! ========
[   26.106925] wifi_platform_bus_enumerate device present 0
[   26.106994] ======== Card detection to remove SDIO card! ========
[   26.107068] mmc1:mmc host rescan start!
[   26.107915] wifi_platform_set_power = 1
[   26.107997] ======== PULL WL_REG_ON(-1) HIGH! ========
[   26.404745] wifi_platform_bus_enumerate device present 1
[   26.404886] ======== Card detection to detect SDIO card! ========
[   26.404965] mmc1:mmc host rescan start!
[   26.621261] mmc_host mmc1: Bus speed (slot 0) = 24000000Hz (slot req 400000Hz, actual 400000HZ div = 30)
[   26.621444] rk_sdmmc: BOOT dw_mci_setup_bus: argue clk_mmc workaround out 800000Hz for init[mmc1]
[   26.670513] mmc_host mmc1: Bus speed (slot 0) = 24000000Hz (slot req 300000Hz, actual 300000HZ div = 40)
[   26.670726] rk_sdmmc: BOOT dw_mci_setup_bus: argue clk_mmc workaround out 600000Hz for init[mmc1]
[   28.372657] failed to power up DHD generic adapter, 2 retry left
[   28.389540] wifi_platform_set_power = 0
[   28.389671] ======== PULL WL_REG_ON(-1) LOW! ========
[   28.389749] wifi_platform_bus_enumerate device present 0
[   28.389816] ======== Card detection to remove SDIO card! ========
[   28.389887] mmc1:mmc host rescan start!
[   28.390696] wifi_platform_set_power = 1
[   28.390777] ======== PULL WL_REG_ON(-1) HIGH! ========
[   28.687640] wifi_platform_bus_enumerate device present 1
[   28.687776] ======== Card detection to detect SDIO card! ========
[   28.687851] mmc1:mmc host rescan start!
[   28.904187] mmc_host mmc1: Bus speed (slot 0) = 24000000Hz (slot req 400000Hz, actual 400000HZ div = 30)
[   28.904375] rk_sdmmc: BOOT dw_mci_setup_bus: argue clk_mmc workaround out 800000Hz for init[mmc1]
[   28.953371] mmc_host mmc1: Bus speed (slot 0) = 24000000Hz (slot req 300000Hz, actual 300000HZ div = 40)
[   28.953577] rk_sdmmc: BOOT dw_mci_setup_bus: argue clk_mmc workaround out 600000Hz for init[mmc1]
[   30.655599] failed to power up DHD generic adapter, 1 retry left
[   30.672410] wifi_platform_set_power = 0
[   30.672533] ======== PULL WL_REG_ON(-1) LOW! ========
[   30.672609] wifi_platform_bus_enumerate device present 0
[   30.672677] ======== Card detection to remove SDIO card! ========
[   30.672747] mmc1:mmc host rescan start!
[   30.673539] wifi_platform_set_power = 1
[   30.673621] ======== PULL WL_REG_ON(-1) HIGH! ========
[   30.970497] wifi_platform_bus_enumerate device present 1
[   30.970635] ======== Card detection to detect SDIO card! ========
[   30.970715] mmc1:mmc host rescan start!
[   31.186997] mmc_host mmc1: Bus speed (slot 0) = 24000000Hz (slot req 400000Hz, actual 400000HZ div = 30)
[   31.187177] rk_sdmmc: BOOT dw_mci_setup_bus: argue clk_mmc workaround out 800000Hz for init[mmc1]
[   31.224559] mmc1: queuing unknown CIS tuple 0x80 (2 bytes)
[   31.226210] mmc1: queuing unknown CIS tuple 0x80 (3 bytes)
[   31.227820] mmc1: queuing unknown CIS tuple 0x80 (3 bytes)
[   31.230713] mmc1: queuing unknown CIS tuple 0x80 (7 bytes)
[   31.319676] mmc_host mmc1: Bus speed (slot 0) = 24000000Hz (slot req 50000000Hz, actual 24000000HZ div = 0)
[   31.319729] rk_sdmmc: BOOT dw_mci_setup_bus: argue clk_mmc workaround out normal clock [mmc1]
[   31.319848] rk_sdmmc: BOOT Bus speed=24000000Hz,Bus width=4bits.[mmc1]
[   31.322828] mmc1: new high speed SDIO card at address 0001
[   31.340111] bcmsdh_register: register client driver
[   31.340263] bcmsdh_sdmmc_probe: Enter num=1
[   31.340395] bcmsdh_sdmmc_probe: Enter num=2
[   31.340411] bus num (host idx)=1, slot num (rca)=1
[   31.340424] found adapter info 'DHD generic adapter'
[   31.340492] sdioh_attach: set sd_f2_blocksize 256
[   31.340550] sdioh_attach: sd clock rate = 50000000
[   31.340852] dhdsdio_probe : no mutex held. set lock
[   31.340984] F1 signature read @0x18000000=0x1530a9a6
[   31.344098] F1 signature OK, socitype:0x1 chip:0xa9a6 rev:0x0 pkg:0x3
[   31.345152] DHD: dongle ram size is set to 524288(orig 524288) at 0x0
[   31.345316] dhd_conf_set_chiprev: chip=0xa9a6, chiprev=0
[   31.346753] wl_escan_attach: Enter
[   31.346797] wl_escan_init: Enter
[   31.346919] wl_create_event_handler(): thread:wl_escan_handler:5c7 started
[   31.346929] tsk Enter, tsk = 0xdb030164
[   31.347056] dhd_attach(): thread:dhd_watchdog_thread:5c8 started
[   31.347151] dhd_attach(): thread:dhd_dpc:5c9 started
[   31.347248] dhd_attach(): thread:dhd_rxf:5ca started
[   31.347268] dhd_deferred_work_init: work queue initialized
[   31.347307] dhd_bus_set_default_min_res_mask: Unhandled chip id
[   31.347582] sdioh_cis_read: func_cis_ptr[0]=0x1070
[   31.359679] Dongle Host Driver, version 1.579.77.41.7 (r)
[   31.361073] wl_ext_iapsta_attach_netdev: bssidx=0
[   31.361092] Register interface [wlan0]  MAC: 94:a1:a2:89:84:30
[   31.361092] 
[   31.361165] dhd_wl_ioctl: returning as busstate=0
[   31.361176] dhd_bus_devreset: == Power OFF ==
[   31.361424] bcmsdh_oob_intr_unregister: Enter
[   31.361435] bcmsdh_oob_intr_unregister: irq is not registered
[   31.361447] dhd_txglom_enable: enable 0
[   31.361456] dhd_conf_set_txglom_params: txglom_mode=multi-desc, use_rxchain=0
[   31.361467] dhd_conf_set_txglom_params: txglomsize=0, deferred_tx_len=0
[   31.361477] dhd_conf_set_txglom_params: tx_in_rx=1, txinrx_thres=-1, dhd_txminmax=1
[   31.361487] dhd_conf_set_txglom_params: tx_max_offset=0, txctl_tmo_fix=300
[   31.361497] dhd_bus_devreset:  WLAN OFF DONE
[   31.361549] wifi_platform_set_power = 0
[   31.361559] ======== PULL WL_REG_ON(-1) LOW! ========
[   31.361569] dhdsdio_probe : the lock is released.
[   31.361963] dhd_module_init: Exit err=0
shell@firefly-rk3288:/ # 
shell@firefly-rk3288:/ # 
shell@firefly-rk3288:/ # ifconfig        svc wifi enable
[   42.433102] Current WiFi chip is AP6210.
[   42.433238] Current WiFi chip is AP6210.
[   42.461778] Current WiFi chip is AP6210.
shell@firefly-rk3288:/ # [   42.662253] dhd_open: Enter dd5f7000
[   42.662282] dhd_open : no mutex held. set lock
[   42.662296] 
[   42.662296] Dongle Host Driver, version 1.579.77.41.7 (r)
[   42.662310] wl_ext_iapsta_attach_netdev: bssidx=0
[   42.662319] wl_android_wifi_on in 1
[   42.662328] wl_android_wifi_on in 2: g_wifi_on=0
[   42.662337] wifi_platform_set_power = 1
[   42.662346] ======== PULL WL_REG_ON(-1) HIGH! ========
[   42.965236] sdio_reset_comm():
[   42.968282] mmc_host mmc1: Bus speed (slot 0) = 24000000Hz (slot req 300000Hz, actual 300000HZ div = 40)
[   42.968320] rk_sdmmc: BOOT dw_mci_setup_bus: argue clk_mmc workaround out 600000Hz for init[mmc1]
[   42.980974] mmc1: queuing unknown CIS tuple 0x80 (2 bytes)
[   42.983025] mmc1: queuing unknown CIS tuple 0x80 (3 bytes)
[   42.985081] mmc1: queuing unknown CIS tuple 0x80 (3 bytes)
[   42.988747] mmc1: queuing unknown CIS tuple 0x80 (7 bytes)
[   43.111229] mmc_host mmc1: Bus speed (slot 0) = 24000000Hz (slot req 50000000Hz, actual 24000000HZ div = 0)
[   43.111435] rk_sdmmc: BOOT dw_mci_setup_bus: argue clk_mmc workaround out normal clock [mmc1]
[   43.112065] sdioh_start: set sd_f2_blocksize 256
[   43.113821] 
[   43.113821] 
[   43.113821] dhd_bus_devreset: == WLAN ON ==
[   43.114402] F1 signature read @0x18000000=0x1530a9a6
[   43.124966] F1 signature OK, socitype:0x1 chip:0xa9a6 rev:0x0 pkg:0x3
[   43.128620] DHD: dongle ram size is set to 524288(orig 524288) at 0x0
[   43.129152] dhd_bus_set_default_min_res_mask: Unhandled chip id
[   43.131765] dhd_conf_read_config: Ignore config file /data/6212/config.txt
[   43.131909] Final fw_path=/system/etc/firmware/fw_bcm43438a0.bin
[   43.131982] Final nv_path=/data/6212/nvram_ap6212.txt
[   43.132045] Final clm_path=/system/etc/firmware/clm.blob
[   43.132108] Final conf_path=/data/6212/config.txt
[   43.136004] dhd_os_open_image: /system/etc/firmware/fw_bcm43438a0.bin (439425 bytes) open success
[   43.253287] dhd_os_open_image: /data/6212/nvram_ap6212.txt (979 bytes) open success
[   43.253434] type=1400 audit(1293883242.650:21): avc: denied { open } for pid=1506 comm="wpa_supplicant" path="/data/6212/nvram_ap6212.txt" dev="mmcblk0p13" ino=24590 scontext=u:r:wpa:s0 tcontext=u:object_r:system_data_file:s0 tclass=file permissive=1
[   43.253755] NVRAM version: AP6212_NVRAM_V1.0.1_20160606
[   43.254539] dhdsdio_write_vars: Download, Upload and compare of NVRAM succeeded.
[   43.330564] dhd_bus_init: enable 0x06, ready 0x06 (waited 0us)
[   43.330687] bcmsdh_oob_intr_register: HW_OOB irq=196 flags=0x4
[   43.331894] Disable tdls_auto_op failed. -1
[   43.331907] dhd_preinit_ioctls: Set tcpack_sup_mode 0
[   43.331917] dhd_tcpack_suppress_set 352: already set to 0
[   43.332295] dhd_apply_default_clm: Ignore clm file /system/etc/firmware/clm.blob
[   43.334812] Firmware up: op_mode=0x0005, MAC=94:a1:a2:89:84:30
[   43.337715] dhd_preinit_ioctls Set scancache failed -23
[   43.349155]   Driver: 1.579.77.41.7 (r)
[   43.349155]   Firmware: wl0: Sep  7 2018 14:42:33 version 7.45.96.27 (42b546f@shgit) (r) FWID 01-8a1725b3 es7.c5.n4.a3
[   43.349155]   CLM: 7.10.15 
[   43.349421] dhd_txglom_enable: enable 1
[   43.349435] dhd_conf_set_txglom_params: txglom_mode=multi-desc, use_rxchain=0
[   43.349446] dhd_conf_set_txglom_params: txglomsize=36, deferred_tx_len=0
[   43.349461] dhd_conf_set_txglom_params: tx_in_rx=1, txinrx_thres=-1, dhd_txminmax=1
[   43.349472] dhd_conf_set_txglom_params: tx_max_offset=0, txctl_tmo_fix=300
[   43.349486] dhd_conf_get_disable_proptx: fw_proptx=1, disable_proptx=-1
[   43.350623] dhd_wlfc_hostreorder_init(): successful bdcv2 tlv signaling, 64
[   43.352295] dhd_pno_init: Support Android Location Service
[   43.352308] dhd_preinit_ioctls: SensorHub diabled 0
[   43.352939] dhd_preinit_ioctls failed to set ShubHub disable
[   43.354166] dhd_wl_ioctl_get_intiovar: get int iovar wnm_bsstrans_resp failed, ERR -23
[   43.354178] failed to get wnm_bsstrans_resp
[   43.354803] failed to set WNM capabilities
[   43.379257] RX DUMP[wlan0] - BRCM
[   43.379266] dhd_conf_set_country: set country CN, revision 0
[   43.379293] CFG80211-ERROR) wl_cfg80211_event : Event handler is not created
[   43.382198] Country code: CN (CN/0)
[   43.384436] wl_android_wifi_on: Success
[   43.385691] RX DUMP[wlan0] - BRCM
[   43.385939] RX DUMP[wlan0] - BRCM
[   43.387647] CFG80211-ERROR) __wl_update_wiphybands : error reading vhtmode (-23)
[   43.398257] dhd_open : the lock is released.
[   43.398268] dhd_open: Exit ret=0
[   43.521074] P2P interface registered
[   43.521099] wl_cfgp2p_add_p2p_disc_if: wdev: dcb5ea00, wdev->net:   (null)
[   43.524854] RX DUMP[wlan0] - BRCM
[   43.524868] WLC_E_IF: NO_IF set, event Ignored
[   43.526631] P2P interface started
[   43.538711] wl_run_escan: LEGACY_SCAN sync ID: 0, bssidx: 0
[   43.539888] RX DUMP[wlan0] - BRCM
[   43.544915] RX DUMP[wlan0] - BRCM
[   43.548149] RX DUMP[wlan0] - BRCM
[   43.552140] RX DUMP[wlan0] - BRCM
[   43.561963] RX DUMP[wlan0] - BRCM
[   43.586366] RX DUMP[wlan0] - BRCM
[   43.591611] RX DUMP[wlan0] - BRCM
[   43.596275] RX DUMP[wlan0] - BRCM
[   43.599077] RX DUMP[wlan0] - BRCM
[   43.601379] RX DUMP[wlan0] - BRCM
[   43.615698] RX DUMP[wlan0] - BRCM
[   43.630222] RX DUMP[wlan0] - BRCM
[   43.633758] RX DUMP[wlan0] - BRCM
[   43.638525] RX DUMP[wlan0] - BRCM
[   43.643755] Current WiFi chip is AP6210.
[   43.647202] net_os_enable_packet_filter: val = 0
[   43.650044] net_os_rxfilter_add_remove: add_remove = 0, num = 3
[   43.652391] net_os_enable_packet_filter: val = 1
[   43.653731] net_os_enable_packet_filter: val = 0
[   43.655060] net_os_rxfilter_add_remove: add_remove = 1, num = 2
[   43.657015] net_os_enable_packet_filter: val = 1
[   43.667214] RX DUMP[wlan0] - BRCM
[   43.679623] RX DUMP[wlan0] - BRCM
[   43.716171] RX DUMP[wlan0] - BRCM
[   43.718247] wl_handle_private_cmd: Band is fixed in config.txt
[   43.724230] RX DUMP[wlan0] - BRCM
[   43.730671] RX DUMP[wlan0] - BRCM
[   43.734297] RX DUMP[wlan0] - BRCM
[   43.787615] dhd_set_suspend: Remove extra suspend setting 
[   43.787630] dhd_enable_packet_filter: enter, value = 0
[   43.803471] RX DUMP[wlan0] - BRCM
[   43.860054] RX DUMP[wlan0] - BRCM
[   43.932765] RX DUMP[wlan0] - BRCM
[   43.954983] RX DUMP[wlan0] - BRCM
[   43.972844] RX DUMP[wlan0] - BRCM
[   43.975014] RX DUMP[wlan0] - BRCM
[   44.002599] RX DUMP[wlan0] - BRCM
[   44.004819] RX DUMP[wlan0] - BRCM
[   44.007317] RX DUMP[wlan0] - BRCM
[   44.037374] RX DUMP[wlan0] - BRCM
[   44.105536] RX DUMP[wlan0] - BRCM
[   44.178370] RX DUMP[wlan0] - BRCM
[   44.202268] RX DUMP[wlan0] - BRCM
[   44.290694] RX DUMP[wlan0] - BRCM
[   44.303651] RX DUMP[wlan0] - BRCM
[   44.350974] RX DUMP[wlan0] - BRCM
[   44.386515] RX DUMP[wlan0] - BRCM
[   44.413824] RX DUMP[wlan0] - BRCM
[   44.417149] RX DUMP[wlan0] - BRCM
[   44.423332] RX DUMP[wlan0] - BRCM
[   44.468319] RX DUMP[wlan0] - BRCM
[   44.483953] RX DUMP[wlan0] - BRCM
[   44.487336] RX DUMP[wlan0] - BRCM
[   44.501545] RX DUMP[wlan0] - BRCM
[   44.538861] RX DUMP[wlan0] - BRCM
[   44.546054] RX DUMP[wlan0] - BRCM
[   44.549631] RX DUMP[wlan0] - BRCM
[   44.553090] RX DUMP[wlan0] - BRCM
[   44.556695] RX DUMP[wlan0] - BRCM
[   44.582788] RX DUMP[wlan0] - BRCM
[   44.588571] RX DUMP[wlan0] - BRCM
[   44.592053] RX DUMP[wlan0] - BRCM
[   44.595392] RX DUMP[wlan0] - BRCM
[   44.598115] RX DUMP[wlan0] - BRCM
[   44.601632] RX DUMP[wlan0] - BRCM
[   44.615946] RX DUMP[wlan0] - BRCM
[   44.822326] Connecting with ac:9e:17:7c:af:d8 ssid "ASUS_68U_2.4G", len (13) channel=6
[   44.822326] 
[   44.866027] RX DUMP[wlan0] - BRCM
[   44.866153] RX DUMP[wlan0] - BRCM
[   44.895464] RX DUMP[wlan0] - BRCM
[   44.895658] RX DUMP[wlan0] - BRCM
[   44.895686] RX DUMP[wlan0] - BRCM
[   44.895702] wl_iw_event: Link UP with ac:9e:00:00:af:d8
[   44.895874] wl_bss_connect_done succeeded with ac:9e:17:7c:af:d8 
[   45.142155] RX DUMP[wlan0] - BRCM
[   45.142264] RX DUMP[wlan0] - BRCM
[   45.142329] wl_bss_connect_done succeeded with ac:9e:17:7c:af:d8 vndr_oui: 00-10-18 
[   45.281646] dhd_set_suspend: Remove extra suspend setting 
[   45.281687] dhd_enable_packet_filter: enter, value = 0
[   45.299344] dhd_pno_get_for_batch: Batching SCAN mode is not enabled
[   45.303032] dhd_pno_stop_for_batch : PNO BATCH MODE is not enabled
[   45.303069] NULL POINTER (_dhd_pno_clear_all_batch_results) : head->next is NULL
[   45.303086] NULL POINTER (_dhd_pno_clear_all_batch_results) : head->next is NULL
[   45.731371] RX DUMP[wlan0] - IP
[   45.731544] 94 A1 A2 89 84 30 AC 9E 17 7C AF D8 08 00 45 00 
[   45.731849] 01 48 0E 68 00 00 40 11 E5 87 C0 A8 02 01 C0 A8 
[   45.732151] 02 64 00 43 00 44 01 34 1D D9 02 01 06 00 D9 25 
[   45.732438] EB 1F 00 01 00 00 00 00 00 00 C0 A8 02 64 C0 A8 
[   45.732716] 02 01 00 00 00 00 94 A1 A2 89 84 30 00 00 00 00 
[   45.733014] 00 00 00 00 00 00 00 00 00 00 00 00 00 00 00 00 
[   45.733289] 00 00 00 00 00 00 00 00 00 00 00 00 00 00 00 00 
[   45.733565] 00 00 00 00 00 00 00 00 00 00 00 00 00 00 00 00 
[   45.733859] 00 00 00 00 00 00 00 00 00 00 00 00 00 00 00 00 
[   45.734135] 00 00 00 00 00 00 00 00 00 00 00 00 00 00 00 00 
[   45.734409] 00 00 00 00 00 00 00 00 00 00 00 00 00 00 00 00 
[   45.734684] 00 00 00 00 00 00 00 00 00 00 00 00 00 00 00 00 
[   45.734977] 00 00 00 00 00 00 00 00 00 00 00 00 00 00 00 00 
[   45.735252] 00 00 00 00 00 00 00 00 00 00 00 00 00 00 00 00 
[   45.735527] 00 00 00 00 00 00 00 00 00 00 00 00 00 00 00 00 
[   45.735832] 00 00 00 00 00 00 00 00 00 00 00 00 00 00 00 00 
[   45.736109] 00 00 00 00 00 00 00 00 00 00 00 00 00 00 00 00 
[   45.736384] 00 00 00 00 00 00 63 82 53 63 35 01 05 36 04 C0 
[   45.736683] A8 02 01 33 04 00 01 51 80 3A 04 00 00 A8 C0 3B 
[   45.736963] 04 00 01 27 50 01 04 FF FF FF 00 1C 04 C0 A8 02 
[   45.737241] FF 06 04 C0 A8 02 01 03 04 C0 A8 02 01 FF 00 00 
[   45.737518] 00 00 00 00 00 00 
[   46.322683] RX DUMP[wlan0] - ARP
[   46.322705] 94 A1 A2 89 84 30 AC 9E 17 7C AF D8 08 06 00 01 
[   46.322729] 08 00 06 04 00 02 AC 9E 17 7C AF D8 C0 A8 02 01 
[   46.322752] 94 A1 A2 89 84 30 C0 A8 02 64 

shell@firefly-rk3288:/ # 
shell@firefly-rk3288:/ # netcfg
wlan0    UP                               192.168.2.100/24  0x00001043 94:a1:a2:89:84:30
eth0     UP                                     0.0.0.0/0   0x00001003 76:8d:5c:b7:50:74
sit0     DOWN                                   0.0.0.0/0   0x00000080 00:00:00:00:00:00
lo       UP                                   127.0.0.1/8   0x00000049 00:00:00:00:00:00
shell@firefly-rk3288:/ # [   49.286423] ICMP [wlan0] [RX] : TYPE=3, CODE=0
[   49.286462] RX DUMP[wlan0] - IP
[   49.286476] 94 A1 A2 89 84 30 AC 9E 17 7C AF D8 08 00 45 C0 
[   49.286530] 00 58 0E 69 00 00 40 01 E5 C6 C0 A8 02 01 C0 A8 
[   49.286581] 02 64 03 00 82 72 00 00 00 00 45 00 00 3C 37 B8 
[   49.286632] 40 00 40 06 7D C0 C0 A8 02 64 C0 A8 01 8F CE 4C 
[   49.286683] 08 FC 04 74 A9 83 00 00 00 00 A0 02 FF FF 9F 41 
[   49.286733] 00 00 02 04 05 B4 04 02 08 0A FF FF 9E 3B 00 00 
[   49.286783] 00 00 01 03 03 06 
[   51.253392] RX DUMP[wlan0] - IP
[   51.253534] 94 A1 A2 89 84 30 AC 9E 17 7C AF D8 08 00 45 00 
[   51.253793] 00 54 00 00 40 00 40 11 B4 E3 C0 A8 02 01 C0 A8 
[   51.254041] 02 64 00 35 76 00 00 40 CC 5B FF F5 85 80 00 01 
[   51.254282] 00 01 00 00 00 00 01 32 07 61 6E 64 72 6F 69 64 
[   51.254522] 04 70 6F 6F 6C 03 6E 74 70 03 6F 72 67 00 00 01 
[   51.254760] 00 01 C0 0C 00 01 00 01 00 00 00 00 00 04 0A 00 
[   51.254994] 00 01 
[   51.260695] RX DUMP[wlan0] - IP
[   51.260780] 94 A1 A2 89 84 30 AC 9E 17 7C AF D8 08 00 45 00 
[   51.261034] 00 54 00 00 40 00 40 11 B4 E3 C0 A8 02 01 C0 A8 
[   51.261276] 02 64 00 35 41 97 00 40 91 24 6F 96 85 80 00 01 
[   51.261515] 00 01 00 00 00 00 01 32 07 61 6E 64 72 6F 69 64 
[   51.261756] 04 70 6F 6F 6C 03 6E 74 70 03 6F 72 67 00 00 01 
[   51.261994] 00 01 C0 0C 00 01 00 01 00 00 00 00 00 04 0A 00 
[   51.262231] 00 01 
[   51.263066] RX DUMP[wlan0] - IP
[   51.263143] 94 A1 A2 89 84 30 AC 9E 17 7C AF D8 08 00 45 00 
[   51.263393] 00 54 00 00 40 00 40 11 B4 E3 C0 A8 02 01 C0 A8 
[   51.263632] 02 64 00 35 99 66 00 40 C8 1E E0 CC 85 80 00 01 
[   51.263875] 00 01 00 00 00 00 01 32 07 61 6E 64 72 6F 69 64 
[   51.264112] 04 70 6F 6F 6C 03 6E 74 70 03 6F 72 67 00 00 01 
[   51.264352] 00 01 C0 0C 00 01 00 01 00 00 00 00 00 04 0A 00 
[   51.264590] 00 01 
[   51.265063] ICMP [wlan0] [RX] : TYPE=3, CODE=0
[   51.265142] RX DUMP[wlan0] - IP
[   51.265200] 94 A1 A2 89 84 30 AC 9E 17 7C AF D8 08 00 45 C0 
[   51.265450] 00 68 0E 6A 00 00 40 01 E5 B5 C0 A8 02 01 C0 A8 
[   51.265693] 02 64 03 00 CA 56 00 00 00 00 45 00 00 4C 79 9F 
[   51.265933] 40 00 40 11 F3 F4 C0 A8 02 64 0A 00 00 01 DB D6 
[   51.266173] 00 7B 00 38 C4 4F 1B 00 00 00 00 00 00 00 00 00 
[   51.266411] 00 00 00 00 00 00 00 00 00 00 00 00 00 00 00 00 
[   51.266649] 00 00 00 00 00 00 00 00 00 00 00 00 00 00 D0 C9 
[   51.266886] 95 F2 CC 8B 43 87 
[   51.279640] ICMP [wlan0] [RX] : TYPE=3, CODE=0
[   51.279663] RX DUMP[wlan0] - IP
[   51.279676] 94 A1 A2 89 84 30 AC 9E 17 7C AF D8 08 00 45 C0 
[   51.279729] 00 68 0E 6B 00 00 40 01 E5 B4 C0 A8 02 01 C0 A8 
[   51.279780] 02 64 03 00 CA 56 00 00 00 00 45 00 00 4C 79 A0 
[   51.279831] 40 00 40 11 F3 F3 C0 A8 02 64 0A 00 00 01 AC 0D 
[   51.279881] 00 7B 00 38 31 B0 1B 00 00 00 00 00 00 00 00 00 
[   51.279931] 00 00 00 00 00 00 00 00 00 00 00 00 00 00 00 00 
[   51.279997] 00 00 00 00 00 00 00 00 00 00 00 00 00 00 D0 C9 
[   51.280049] 95 F2 CE 56 04 25 
[   51.285374] ICMP [wlan0] [RX] : TYPE=3, CODE=0
[   51.285395] RX DUMP[wlan0] - IP
[   51.285410] 94 A1 A2 89 84 30 AC 9E 17 7C AF D8 08 00 45 C0 
[   51.285462] 00 68 0E 6C 00 00 40 01 E5 B3 C0 A8 02 01 C0 A8 
[   51.285514] 02 64 03 00 CA 56 00 00 00 00 45 00 00 4C 79 A1 
[   51.285565] 40 00 40 11 F3 F2 C0 A8 02 64 0A 00 00 01 92 C2 
[   51.285615] 00 7B 00 38 C1 5F 1B 00 00 00 00 00 00 00 00 00 
[   51.285665] 00 00 00 00 00 00 00 00 00 00 00 00 00 00 00 00 
[   51.285715] 00 00 00 00 00 00 00 00 00 00 00 00 00 00 D0 C9 
[   51.285765] 95 F2 CE 97 8D 7F 
[   51.680855] RX DUMP[wlan0] - IP
[   51.680878] 94 A1 A2 89 84 30 AC 9E 17 7C AF D8 08 00 45 00 
[   51.680906] 00 52 00 00 40 00 40 11 B4 E5 C0 A8 02 01 C0 A8 
